#
# There is insufficient memory for the Java Runtime Environment to continue.
# Native memory allocation (malloc) failed to allocate 469936 bytes. Error detail: Chunk::new
# Possible reasons:
#   The system is out of physical RAM or swap space
#   This process is running with CompressedOops enabled, and the Java Heap may be blocking the growth of the native heap
# Possible solutions:
#   Reduce memory load on the system
#   Increase physical memory or swap space
#   Check if swap backing store is full
#   Decrease Java heap size (-Xmx/-Xms)
#   Decrease number of Java threads
#   Decrease Java thread stack sizes (-Xss)
#   Set larger code cache with -XX:ReservedCodeCacheSize=
#   JVM is running with Unscaled Compressed Oops mode in which the Java heap is
#     placed in the first 4GB address space. The Java Heap base address is the
#     maximum limit for the native heap growth. Please use -XX:HeapBaseMinAddress
#     to set the Java Heap base and to place the Java Heap above 4GB virtual address.
# This output file may be truncated or incomplete.
#
#  Out of Memory Error (arena.cpp:191), pid=4032, tid=8356
#
# JRE version: OpenJDK Runtime Environment Temurin-17.0.18+8 (17.0.18+8) (build 17.0.18+8)
# Java VM: OpenJDK 64-Bit Server VM Temurin-17.0.18+8 (17.0.18+8, mixed mode, sharing, tiered, compressed oops, compressed class ptrs, g1 gc, windows-amd64)
# No core dump will be written. Minidumps are not enabled by default on client versions of Windows
#

---------------  S U M M A R Y ------------

Command Line: --module-path=C:\Users\STAR\.m2\repository\org\openjfx\javafx-base\21.0.2\javafx-base-21.0.2-win.jar;C:\Users\STAR\.m2\repository\org\openjfx\javafx-base\21.0.2\javafx-base-21.0.2.jar;C:\Users\STAR\.m2\repository\org\openjfx\javafx-controls\21.0.2\javafx-controls-21.0.2-win.jar;C:\Users\STAR\.m2\repository\org\openjfx\javafx-controls\21.0.2\javafx-controls-21.0.2.jar;C:\Users\STAR\.m2\repository\org\openjfx\javafx-fxml\21.0.2\javafx-fxml-21.0.2-win.jar;C:\Users\STAR\.m2\repository\org\openjfx\javafx-fxml\21.0.2\javafx-fxml-21.0.2.jar;C:\Users\STAR\.m2\repository\org\openjfx\javafx-graphics\21.0.2\javafx-graphics-21.0.2-win.jar;C:\Users\STAR\.m2\repository\org\openjfx\javafx-graphics\21.0.2\javafx-graphics-21.0.2.jar;C:\Users\STAR\.m2\repository\org\openjfx\javafx-swing\21.0.2\javafx-swing-21.0.2-win.jar;C:\Users\STAR\.m2\repository\org\openjfx\javafx-swing\21.0.2\javafx-swing-21.0.2.jar --add-modules=javafx.base,javafx.controls,javafx.fxml,javafx.graphics,javafx.swing rehla.MainFx

Host: 11th Gen Intel(R) Core(TM) i5-1135G7 @ 2.40GHz, 8 cores, 7G,  Windows 10 , 64 bit Build 19041 (10.0.19041.5915)
Time: Mon May 11 23:08:58 2026 Europe de l , 64 bit Build 19041 (10.0.19041.5915) elapsed time: 29.744878 seconds (0d 0h 0m 29s)

---------------  T H R E A D  ---------------

Current thread (0x000001ff72a69ed0):  JavaThread "C2 CompilerThread0" daemon [_thread_in_native, id=8356, stack(0x0000003c35900000,0x0000003c35a00000)]


Current CompileTask:
C2:29745 6310       4       javafx.scene.Parent::updateBounds (44 bytes)

Stack: [0x0000003c35900000,0x0000003c35a00000]
Native frames: (J=compiled Java code, j=interpreted, Vv=VM code, C=native code)
V  [jvm.dll+0x6846f9]
V  [jvm.dll+0x839ea5]
V  [jvm.dll+0x83b91e]
V  [jvm.dll+0x83bfa3]
V  [jvm.dll+0x248eff]
V  [jvm.dll+0xad496]
V  [jvm.dll+0xadb3c]
V  [jvm.dll+0x368bcf]
V  [jvm.dll+0x333055]
V  [jvm.dll+0x3324ba]
V  [jvm.dll+0x219db9]
V  [jvm.dll+0x219200]
V  [jvm.dll+0x1a4920]
V  [jvm.dll+0x22989a]
V  [jvm.dll+0x227a4b]
V  [jvm.dll+0x7f0658]
V  [jvm.dll+0x7eaaec]
V  [jvm.dll+0x6835c7]
C  [ucrtbase.dll+0x21bb2]
C  [KERNEL32.DLL+0x17374]
C  [ntdll.dll+0x4cc91]


---------------  P R O C E S S  ---------------

Threads class SMR info:
_java_thread_list=0x000001ff7e803b90, length=21, elements={
0x000001ff54759aa0, 0x000001ff72a4f7c0, 0x000001ff72a50380, 0x000001ff72a631d0,
0x000001ff72a63d90, 0x000001ff72a66760, 0x000001ff72a67120, 0x000001ff72a69ed0,
0x000001ff72a77b00, 0x000001ff72aa0520, 0x000001ff72cd0370, 0x000001ff72e91470,
0x000001ff773a9d20, 0x000001ff773ef020, 0x000001ff772ddb40, 0x000001ff775d3f60,
0x000001ff7767ee80, 0x000001ff7cf99070, 0x000001ff7cf9b3e0, 0x000001ff7cf98b60,
0x000001ff7cf9a9c0
}

Java Threads: ( => current thread )
  0x000001ff54759aa0 JavaThread "main" [_thread_blocked, id=15632, stack(0x0000003c34c00000,0x0000003c34d00000)]
  0x000001ff72a4f7c0 JavaThread "Reference Handler" daemon [_thread_blocked, id=19348, stack(0x0000003c35300000,0x0000003c35400000)]
  0x000001ff72a50380 JavaThread "Finalizer" daemon [_thread_blocked, id=20204, stack(0x0000003c35400000,0x0000003c35500000)]
  0x000001ff72a631d0 JavaThread "Signal Dispatcher" daemon [_thread_blocked, id=20948, stack(0x0000003c35500000,0x0000003c35600000)]
  0x000001ff72a63d90 JavaThread "Attach Listener" daemon [_thread_blocked, id=20608, stack(0x0000003c35600000,0x0000003c35700000)]
  0x000001ff72a66760 JavaThread "Service Thread" daemon [_thread_blocked, id=19968, stack(0x0000003c35700000,0x0000003c35800000)]
  0x000001ff72a67120 JavaThread "Monitor Deflation Thread" daemon [_thread_blocked, id=17532, stack(0x0000003c35800000,0x0000003c35900000)]
=>0x000001ff72a69ed0 JavaThread "C2 CompilerThread0" daemon [_thread_in_native, id=8356, stack(0x0000003c35900000,0x0000003c35a00000)]
  0x000001ff72a77b00 JavaThread "C1 CompilerThread0" daemon [_thread_blocked, id=3224, stack(0x0000003c35a00000,0x0000003c35b00000)]
  0x000001ff72aa0520 JavaThread "Sweeper thread" daemon [_thread_blocked, id=16192, stack(0x0000003c35b00000,0x0000003c35c00000)]
  0x000001ff72cd0370 JavaThread "Common-Cleaner" daemon [_thread_blocked, id=17132, stack(0x0000003c35c00000,0x0000003c35d00000)]
  0x000001ff72e91470 JavaThread "Notification Thread" daemon [_thread_blocked, id=17896, stack(0x0000003c35e00000,0x0000003c35f00000)]
  0x000001ff773a9d20 JavaThread "QuantumRenderer-0" daemon [_thread_blocked, id=10184, stack(0x0000003c36000000,0x0000003c36100000)]
  0x000001ff773ef020 JavaThread "InvokeLaterDispatcher" daemon [_thread_blocked, id=10644, stack(0x0000003c35d00000,0x0000003c35e00000)]
  0x000001ff772ddb40 JavaThread "JavaFX Application Thread" [_thread_in_native, id=11508, stack(0x0000003c36100000,0x0000003c36200000)]
  0x000001ff775d3f60 JavaThread "JavaFX-Launcher" [_thread_blocked, id=13272, stack(0x0000003c36600000,0x0000003c36700000)]
  0x000001ff7767ee80 JavaThread "Thread-2" daemon [_thread_in_native, id=17140, stack(0x0000003c36500000,0x0000003c36600000)]
  0x000001ff7cf99070 JavaThread "mysql-cj-abandoned-connection-cleanup" daemon [_thread_blocked, id=21164, stack(0x0000003c36c00000,0x0000003c36d00000)]
  0x000001ff7cf9b3e0 JavaThread "pool-2-thread-1" [_thread_blocked, id=12712, stack(0x0000003c36e00000,0x0000003c36f00000)]
  0x000001ff7cf98b60 JavaThread "Prism Font Disposer" daemon [_thread_blocked, id=15400, stack(0x0000003c37600000,0x0000003c37700000)]
  0x000001ff7cf9a9c0 JavaThread "Cleaner-0" daemon [_thread_blocked, id=15848, stack(0x0000003c36d00000,0x0000003c36e00000)]

Other Threads:
  0x000001ff72a4ac70 VMThread "VM Thread" [stack: 0x0000003c35200000,0x0000003c35300000] [id=7328]
  0x000001ff72ea1170 WatcherThread [stack: 0x0000003c35f00000,0x0000003c36000000] [id=17716]
  0x000001ff547b2030 GCTaskThread "GC Thread#0" [stack: 0x0000003c34d00000,0x0000003c34e00000] [id=9144]
  0x000001ff775e8e00 GCTaskThread "GC Thread#1" [stack: 0x0000003c36700000,0x0000003c36800000] [id=1516]
  0x000001ff7763d430 GCTaskThread "GC Thread#2" [stack: 0x0000003c36800000,0x0000003c36900000] [id=20884]
  0x000001ff7763d6f0 GCTaskThread "GC Thread#3" [stack: 0x0000003c36900000,0x0000003c36a00000] [id=14448]
  0x000001ff7773f1c0 GCTaskThread "GC Thread#4" [stack: 0x0000003c36a00000,0x0000003c36b00000] [id=20488]
  0x000001ff7773f480 GCTaskThread "GC Thread#5" [stack: 0x0000003c36b00000,0x0000003c36c00000] [id=20676]
  0x000001ff7d3a6010 GCTaskThread "GC Thread#6" [stack: 0x0000003c36f00000,0x0000003c37000000] [id=18624]
  0x000001ff7d7d3570 GCTaskThread "GC Thread#7" [stack: 0x0000003c37000000,0x0000003c37100000] [id=13596]
  0x000001ff547c27e0 ConcurrentGCThread "G1 Main Marker" [stack: 0x0000003c34e00000,0x0000003c34f00000] [id=13772]
  0x000001ff547c30a0 ConcurrentGCThread "G1 Conc#0" [stack: 0x0000003c34f00000,0x0000003c35000000] [id=13152]
  0x000001ff7d734ed0 ConcurrentGCThread "G1 Conc#1" [stack: 0x0000003c37200000,0x0000003c37300000] [id=16992]
  0x000001ff5480dd30 ConcurrentGCThread "G1 Refine#0" [stack: 0x0000003c35000000,0x0000003c35100000] [id=13260]
  0x000001ff5480e600 ConcurrentGCThread "G1 Service" [stack: 0x0000003c35100000,0x0000003c35200000] [id=21084]

Threads with active compile tasks:
C2 CompilerThread0  29770 6310       4       javafx.scene.Parent::updateBounds (44 bytes)

VM state: not at safepoint (normal execution)

VM Mutex/Monitor currently owned by a thread: None

Heap address: 0x0000000083200000, size: 1998 MB, Compressed Oops mode: 32-bit

CDS archive(s) mapped at: [0x000001ff00000000-0x000001ff00bb0000-0x000001ff00bb0000), size 12255232, SharedBaseAddress: 0x000001ff00000000, ArchiveRelocationMode: 1.
Compressed class space mapped at: 0x000001ff01000000-0x000001ff41000000, reserved size: 1073741824
Narrow klass base: 0x000001ff00000000, Narrow klass shift: 0, Narrow klass range: 0x100000000

GC Precious Log:
 CPUs: 8 total, 8 available
 Memory: 7991M
 Large Page Support: Disabled
 NUMA Support: Disabled
 Compressed Oops: Enabled (32-bit)
 Heap Region Size: 1M
 Heap Min Capacity: 8M
 Heap Initial Capacity: 126M
 Heap Max Capacity: 1998M
 Pre-touch: Disabled
 Parallel Workers: 8
 Concurrent Workers: 2
 Concurrent Refinement Workers: 8
 Periodic GC: Disabled

Heap:
 garbage-first heap   total 315392K, used 169923K [0x0000000083200000, 0x0000000100000000)
  region size 1024K, 15 young (15360K), 4 survivors (4096K)
 Metaspace       used 30023K, committed 30336K, reserved 1114112K
  class space    used 3915K, committed 4032K, reserved 1048576K

Heap Regions: E=young(eden), S=young(survivor), O=old, HS=humongous(starts), HC=humongous(continues), CS=collection set, F=free, OA=open archive, CA=closed archive, TAMS=top-at-mark-start (previous, next)
|   0|0x0000000083200000, 0x0000000083300000, 0x0000000083300000|100%|HS|  |TAMS 0x0000000083300000, 0x0000000083200000| Complete 
|   1|0x0000000083300000, 0x0000000083400000, 0x0000000083400000|100%| O|  |TAMS 0x0000000083400000, 0x0000000083300000| Untracked 
|   2|0x0000000083400000, 0x0000000083500000, 0x0000000083500000|100%| O|  |TAMS 0x0000000083500000, 0x0000000083400000| Untracked 
|   3|0x0000000083500000, 0x0000000083600000, 0x0000000083600000|100%| O|  |TAMS 0x0000000083600000, 0x0000000083500000| Untracked 
|   4|0x0000000083600000, 0x0000000083700000, 0x0000000083700000|100%| O|  |TAMS 0x0000000083700000, 0x0000000083600000| Untracked 
|   5|0x0000000083700000, 0x0000000083800000, 0x0000000083800000|100%| O|  |TAMS 0x0000000083800000, 0x0000000083700000| Untracked 
|   6|0x0000000083800000, 0x0000000083900000, 0x0000000083900000|100%| O|  |TAMS 0x0000000083900000, 0x0000000083800000| Untracked 
|   7|0x0000000083900000, 0x0000000083a00000, 0x0000000083a00000|100%| O|  |TAMS 0x0000000083a00000, 0x0000000083900000| Untracked 
|   8|0x0000000083a00000, 0x0000000083b00000, 0x0000000083b00000|100%|HS|  |TAMS 0x0000000083b00000, 0x0000000083a00000| Complete 
|   9|0x0000000083b00000, 0x0000000083c00000, 0x0000000083c00000|100%|HC|  |TAMS 0x0000000083c00000, 0x0000000083b00000| Complete 
|  10|0x0000000083c00000, 0x0000000083d00000, 0x0000000083d00000|100%|HC|  |TAMS 0x0000000083d00000, 0x0000000083c00000| Complete 
|  11|0x0000000083d00000, 0x0000000083e00000, 0x0000000083e00000|100%|HS|  |TAMS 0x0000000083e00000, 0x0000000083d00000| Complete 
|  12|0x0000000083e00000, 0x0000000083f00000, 0x0000000083f00000|100%|HC|  |TAMS 0x0000000083f00000, 0x0000000083e00000| Complete 
|  13|0x0000000083f00000, 0x0000000084000000, 0x0000000084000000|100%|HC|  |TAMS 0x0000000084000000, 0x0000000083f00000| Complete 
|  14|0x0000000084000000, 0x0000000084100000, 0x0000000084100000|100%|HS|  |TAMS 0x0000000084100000, 0x0000000084000000| Complete 
|  15|0x0000000084100000, 0x0000000084200000, 0x0000000084200000|100%|HC|  |TAMS 0x0000000084200000, 0x0000000084100000| Complete 
|  16|0x0000000084200000, 0x0000000084300000, 0x0000000084300000|100%|HS|  |TAMS 0x0000000084300000, 0x0000000084200000| Complete 
|  17|0x0000000084300000, 0x0000000084400000, 0x0000000084400000|100%|HC|  |TAMS 0x0000000084400000, 0x0000000084300000| Complete 
|  18|0x0000000084400000, 0x0000000084500000, 0x0000000084500000|100%|HC|  |TAMS 0x0000000084500000, 0x0000000084400000| Complete 
|  19|0x0000000084500000, 0x0000000084600000, 0x0000000084600000|100%|HS|  |TAMS 0x0000000084600000, 0x0000000084500000| Complete 
|  20|0x0000000084600000, 0x0000000084700000, 0x0000000084700000|100%|HC|  |TAMS 0x0000000084700000, 0x0000000084600000| Complete 
|  21|0x0000000084700000, 0x0000000084800000, 0x0000000084800000|100%|HC|  |TAMS 0x0000000084800000, 0x0000000084700000| Complete 
|  22|0x0000000084800000, 0x0000000084900000, 0x0000000084900000|100%|HS|  |TAMS 0x0000000084900000, 0x0000000084800000| Complete 
|  23|0x0000000084900000, 0x0000000084a00000, 0x0000000084a00000|100%|HC|  |TAMS 0x0000000084a00000, 0x0000000084900000| Complete 
|  24|0x0000000084a00000, 0x0000000084b00000, 0x0000000084b00000|100%|HC|  |TAMS 0x0000000084b00000, 0x0000000084a00000| Complete 
|  25|0x0000000084b00000, 0x0000000084c00000, 0x0000000084c00000|100%|HS|  |TAMS 0x0000000084c00000, 0x0000000084b00000| Complete 
|  26|0x0000000084c00000, 0x0000000084d00000, 0x0000000084d00000|100%|HC|  |TAMS 0x0000000084d00000, 0x0000000084c00000| Complete 
|  27|0x0000000084d00000, 0x0000000084e00000, 0x0000000084e00000|100%|HS|  |TAMS 0x0000000084e00000, 0x0000000084d00000| Complete 
|  28|0x0000000084e00000, 0x0000000084f00000, 0x0000000084f00000|100%|HC|  |TAMS 0x0000000084f00000, 0x0000000084e00000| Complete 
|  29|0x0000000084f00000, 0x0000000085000000, 0x0000000085000000|100%|HS|  |TAMS 0x0000000085000000, 0x0000000084f00000| Complete 
|  30|0x0000000085000000, 0x0000000085100000, 0x0000000085100000|100%|HC|  |TAMS 0x0000000085100000, 0x0000000085000000| Complete 
|  31|0x0000000085100000, 0x0000000085200000, 0x0000000085200000|100%|HS|  |TAMS 0x0000000085200000, 0x0000000085100000| Complete 
|  32|0x0000000085200000, 0x0000000085300000, 0x0000000085300000|100%|HC|  |TAMS 0x0000000085300000, 0x0000000085200000| Complete 
|  33|0x0000000085300000, 0x0000000085400000, 0x0000000085400000|100%|HS|  |TAMS 0x0000000085400000, 0x0000000085300000| Complete 
|  34|0x0000000085400000, 0x0000000085500000, 0x0000000085500000|100%|HC|  |TAMS 0x0000000085500000, 0x0000000085400000| Complete 
|  35|0x0000000085500000, 0x0000000085600000, 0x0000000085600000|100%|HS|  |TAMS 0x0000000085600000, 0x0000000085500000| Complete 
|  36|0x0000000085600000, 0x0000000085700000, 0x0000000085700000|100%|HC|  |TAMS 0x0000000085700000, 0x0000000085600000| Complete 
|  37|0x0000000085700000, 0x0000000085800000, 0x0000000085800000|100%|HS|  |TAMS 0x0000000085800000, 0x0000000085700000| Complete 
|  38|0x0000000085800000, 0x0000000085900000, 0x0000000085900000|100%|HC|  |TAMS 0x0000000085900000, 0x0000000085800000| Complete 
|  39|0x0000000085900000, 0x0000000085a00000, 0x0000000085a00000|100%|HS|  |TAMS 0x0000000085a00000, 0x0000000085900000| Complete 
|  40|0x0000000085a00000, 0x0000000085b00000, 0x0000000085b00000|100%|HC|  |TAMS 0x0000000085b00000, 0x0000000085a00000| Complete 
|  41|0x0000000085b00000, 0x0000000085c00000, 0x0000000085c00000|100%|HS|  |TAMS 0x0000000085c00000, 0x0000000085b00000| Complete 
|  42|0x0000000085c00000, 0x0000000085d00000, 0x0000000085d00000|100%|HC|  |TAMS 0x0000000085d00000, 0x0000000085c00000| Complete 
|  43|0x0000000085d00000, 0x0000000085e00000, 0x0000000085e00000|100%|HC|  |TAMS 0x0000000085e00000, 0x0000000085d00000| Complete 
|  44|0x0000000085e00000, 0x0000000085f00000, 0x0000000085f00000|100%|HS|  |TAMS 0x0000000085f00000, 0x0000000085e00000| Complete 
|  45|0x0000000085f00000, 0x0000000086000000, 0x0000000086000000|100%|HC|  |TAMS 0x0000000086000000, 0x0000000085f00000| Complete 
|  46|0x0000000086000000, 0x0000000086100000, 0x0000000086100000|100%|HC|  |TAMS 0x0000000086100000, 0x0000000086000000| Complete 
|  47|0x0000000086100000, 0x0000000086200000, 0x0000000086200000|100%|HS|  |TAMS 0x0000000086200000, 0x0000000086100000| Complete 
|  48|0x0000000086200000, 0x0000000086300000, 0x0000000086300000|100%|HC|  |TAMS 0x0000000086300000, 0x0000000086200000| Complete 
|  49|0x0000000086300000, 0x0000000086400000, 0x0000000086400000|100%|HC|  |TAMS 0x0000000086400000, 0x0000000086300000| Complete 
|  50|0x0000000086400000, 0x0000000086500000, 0x0000000086500000|100%|HS|  |TAMS 0x0000000086500000, 0x0000000086400000| Complete 
|  51|0x0000000086500000, 0x0000000086600000, 0x0000000086600000|100%|HC|  |TAMS 0x0000000086600000, 0x0000000086500000| Complete 
|  52|0x0000000086600000, 0x0000000086700000, 0x0000000086700000|100%|HS|  |TAMS 0x0000000086700000, 0x0000000086600000| Complete 
|  53|0x0000000086700000, 0x0000000086800000, 0x0000000086800000|100%|HC|  |TAMS 0x0000000086800000, 0x0000000086700000| Complete 
|  54|0x0000000086800000, 0x0000000086900000, 0x0000000086900000|100%|HS|  |TAMS 0x0000000086900000, 0x0000000086800000| Complete 
|  55|0x0000000086900000, 0x0000000086a00000, 0x0000000086a00000|100%|HC|  |TAMS 0x0000000086a00000, 0x0000000086900000| Complete 
|  56|0x0000000086a00000, 0x0000000086b00000, 0x0000000086b00000|100%|HC|  |TAMS 0x0000000086b00000, 0x0000000086a00000| Complete 
|  57|0x0000000086b00000, 0x0000000086c00000, 0x0000000086c00000|100%|HC|  |TAMS 0x0000000086c00000, 0x0000000086b00000| Complete 
|  58|0x0000000086c00000, 0x0000000086d00000, 0x0000000086d00000|100%|HC|  |TAMS 0x0000000086d00000, 0x0000000086c00000| Complete 
|  59|0x0000000086d00000, 0x0000000086e00000, 0x0000000086e00000|100%|HC|  |TAMS 0x0000000086e00000, 0x0000000086d00000| Complete 
|  60|0x0000000086e00000, 0x0000000086f00000, 0x0000000086f00000|100%|HC|  |TAMS 0x0000000086f00000, 0x0000000086e00000| Complete 
|  61|0x0000000086f00000, 0x0000000087000000, 0x0000000087000000|100%|HC|  |TAMS 0x0000000087000000, 0x0000000086f00000| Complete 
|  62|0x0000000087000000, 0x0000000087100000, 0x0000000087100000|100%|HC|  |TAMS 0x0000000087100000, 0x0000000087000000| Complete 
|  63|0x0000000087100000, 0x0000000087200000, 0x0000000087200000|100%|HC|  |TAMS 0x0000000087200000, 0x0000000087100000| Complete 
|  64|0x0000000087200000, 0x0000000087300000, 0x0000000087300000|100%|HC|  |TAMS 0x0000000087300000, 0x0000000087200000| Complete 
|  65|0x0000000087300000, 0x0000000087400000, 0x0000000087400000|100%|HC|  |TAMS 0x0000000087400000, 0x0000000087300000| Complete 
|  66|0x0000000087400000, 0x0000000087500000, 0x0000000087500000|100%|HC|  |TAMS 0x0000000087500000, 0x0000000087400000| Complete 
|  67|0x0000000087500000, 0x0000000087600000, 0x0000000087600000|100%|HC|  |TAMS 0x0000000087600000, 0x0000000087500000| Complete 
|  68|0x0000000087600000, 0x0000000087700000, 0x0000000087700000|100%|HC|  |TAMS 0x0000000087700000, 0x0000000087600000| Complete 
|  69|0x0000000087700000, 0x0000000087800000, 0x0000000087800000|100%|HC|  |TAMS 0x0000000087800000, 0x0000000087700000| Complete 
|  70|0x0000000087800000, 0x0000000087900000, 0x0000000087900000|100%|HC|  |TAMS 0x0000000087900000, 0x0000000087800000| Complete 
|  71|0x0000000087900000, 0x0000000087a00000, 0x0000000087a00000|100%|HC|  |TAMS 0x0000000087a00000, 0x0000000087900000| Complete 
|  72|0x0000000087a00000, 0x0000000087b00000, 0x0000000087b00000|100%|HC|  |TAMS 0x0000000087b00000, 0x0000000087a00000| Complete 
|  73|0x0000000087b00000, 0x0000000087c00000, 0x0000000087c00000|100%|HC|  |TAMS 0x0000000087c00000, 0x0000000087b00000| Complete 
|  74|0x0000000087c00000, 0x0000000087d00000, 0x0000000087d00000|100%|HC|  |TAMS 0x0000000087d00000, 0x0000000087c00000| Complete 
|  75|0x0000000087d00000, 0x0000000087e00000, 0x0000000087e00000|100%|HC|  |TAMS 0x0000000087e00000, 0x0000000087d00000| Complete 
|  76|0x0000000087e00000, 0x0000000087f00000, 0x0000000087f00000|100%|HC|  |TAMS 0x0000000087f00000, 0x0000000087e00000| Complete 
|  77|0x0000000087f00000, 0x0000000088000000, 0x0000000088000000|100%|HS|  |TAMS 0x0000000088000000, 0x0000000087f00000| Complete 
|  78|0x0000000088000000, 0x0000000088100000, 0x0000000088100000|100%|HC|  |TAMS 0x0000000088100000, 0x0000000088000000| Complete 
|  79|0x0000000088100000, 0x0000000088200000, 0x0000000088200000|100%| O|  |TAMS 0x0000000088200000, 0x0000000088100000| Untracked 
|  80|0x0000000088200000, 0x0000000088300000, 0x0000000088300000|100%| O|  |TAMS 0x0000000088300000, 0x0000000088200000| Untracked 
|  81|0x0000000088300000, 0x0000000088400000, 0x0000000088400000|100%| O|  |TAMS 0x0000000088400000, 0x0000000088300000| Untracked 
|  82|0x0000000088400000, 0x0000000088500000, 0x0000000088500000|100%| O|  |TAMS 0x0000000088500000, 0x0000000088400000| Untracked 
|  83|0x0000000088500000, 0x0000000088600000, 0x0000000088600000|100%| O|  |TAMS 0x0000000088600000, 0x0000000088500000| Untracked 
|  84|0x0000000088600000, 0x0000000088700000, 0x0000000088700000|100%| O|  |TAMS 0x0000000088700000, 0x0000000088600000| Untracked 
|  85|0x0000000088700000, 0x0000000088800000, 0x0000000088800000|100%| O|  |TAMS 0x0000000088800000, 0x0000000088700000| Untracked 
|  86|0x0000000088800000, 0x00000000888f0e00, 0x0000000088900000| 94%| O|  |TAMS 0x00000000888f0e00, 0x0000000088800000| Untracked 
|  87|0x0000000088900000, 0x0000000088a00000, 0x0000000088a00000|100%|HS|  |TAMS 0x0000000088a00000, 0x0000000088900000| Complete 
|  88|0x0000000088a00000, 0x0000000088b00000, 0x0000000088b00000|100%|HC|  |TAMS 0x0000000088b00000, 0x0000000088a00000| Complete 
|  89|0x0000000088b00000, 0x0000000088c00000, 0x0000000088c00000|100%|HS|  |TAMS 0x0000000088c00000, 0x0000000088b00000| Complete 
|  90|0x0000000088c00000, 0x0000000088d00000, 0x0000000088d00000|100%|HC|  |TAMS 0x0000000088d00000, 0x0000000088c00000| Complete 
|  91|0x0000000088d00000, 0x0000000088e00000, 0x0000000088e00000|100%|HC|  |TAMS 0x0000000088e00000, 0x0000000088d00000| Complete 
|  92|0x0000000088e00000, 0x0000000088f00000, 0x0000000088f00000|100%|HS|  |TAMS 0x0000000088f00000, 0x0000000088e00000| Complete 
|  93|0x0000000088f00000, 0x0000000089000000, 0x0000000089000000|100%|HC|  |TAMS 0x0000000089000000, 0x0000000088f00000| Complete 
|  94|0x0000000089000000, 0x0000000089100000, 0x0000000089100000|100%|HC|  |TAMS 0x0000000089100000, 0x0000000089000000| Complete 
|  95|0x0000000089100000, 0x0000000089200000, 0x0000000089200000|100%|HS|  |TAMS 0x0000000089200000, 0x0000000089100000| Complete 
|  96|0x0000000089200000, 0x0000000089300000, 0x0000000089300000|100%|HC|  |TAMS 0x0000000089300000, 0x0000000089200000| Complete 
|  97|0x0000000089300000, 0x0000000089400000, 0x0000000089400000|100%|HC|  |TAMS 0x0000000089400000, 0x0000000089300000| Complete 
|  98|0x0000000089400000, 0x0000000089500000, 0x0000000089500000|100%|HS|  |TAMS 0x0000000089400000, 0x0000000089400000| Complete 
|  99|0x0000000089500000, 0x0000000089600000, 0x0000000089600000|100%|HC|  |TAMS 0x0000000089500000, 0x0000000089500000| Complete 
| 100|0x0000000089600000, 0x0000000089700000, 0x0000000089700000|100%| O|  |TAMS 0x0000000089700000, 0x0000000089600000| Untracked 
| 101|0x0000000089700000, 0x0000000089800000, 0x0000000089800000|100%| O|  |TAMS 0x0000000089800000, 0x0000000089700000| Untracked 
| 102|0x0000000089800000, 0x0000000089900000, 0x0000000089900000|100%| O|  |TAMS 0x0000000089900000, 0x0000000089800000| Untracked 
| 103|0x0000000089900000, 0x0000000089a00000, 0x0000000089a00000|100%| O|  |TAMS 0x0000000089a00000, 0x0000000089900000| Untracked 
| 104|0x0000000089a00000, 0x0000000089b00000, 0x0000000089b00000|100%|HS|  |TAMS 0x0000000089b00000, 0x0000000089a00000| Complete 
| 105|0x0000000089b00000, 0x0000000089c00000, 0x0000000089c00000|100%|HC|  |TAMS 0x0000000089c00000, 0x0000000089b00000| Complete 
| 106|0x0000000089c00000, 0x0000000089d00000, 0x0000000089d00000|100%|HC|  |TAMS 0x0000000089d00000, 0x0000000089c00000| Complete 
| 107|0x0000000089d00000, 0x0000000089e00000, 0x0000000089e00000|100%|HC|  |TAMS 0x0000000089e00000, 0x0000000089d00000| Complete 
| 108|0x0000000089e00000, 0x0000000089f00000, 0x0000000089f00000|100%|HC|  |TAMS 0x0000000089f00000, 0x0000000089e00000| Complete 
| 109|0x0000000089f00000, 0x000000008a000000, 0x000000008a000000|100%|HC|  |TAMS 0x000000008a000000, 0x0000000089f00000| Complete 
| 110|0x000000008a000000, 0x000000008a100000, 0x000000008a100000|100%|HC|  |TAMS 0x000000008a100000, 0x000000008a000000| Complete 
| 111|0x000000008a100000, 0x000000008a200000, 0x000000008a200000|100%|HC|  |TAMS 0x000000008a200000, 0x000000008a100000| Complete 
| 112|0x000000008a200000, 0x000000008a300000, 0x000000008a300000|100%|HC|  |TAMS 0x000000008a300000, 0x000000008a200000| Complete 
| 113|0x000000008a300000, 0x000000008a400000, 0x000000008a400000|100%|HC|  |TAMS 0x000000008a400000, 0x000000008a300000| Complete 
| 114|0x000000008a400000, 0x000000008a500000, 0x000000008a500000|100%|HC|  |TAMS 0x000000008a500000, 0x000000008a400000| Complete 
| 115|0x000000008a500000, 0x000000008a600000, 0x000000008a600000|100%|HC|  |TAMS 0x000000008a600000, 0x000000008a500000| Complete 
| 116|0x000000008a600000, 0x000000008a700000, 0x000000008a700000|100%|HC|  |TAMS 0x000000008a700000, 0x000000008a600000| Complete 
| 117|0x000000008a700000, 0x000000008a800000, 0x000000008a800000|100%|HC|  |TAMS 0x000000008a800000, 0x000000008a700000| Complete 
| 118|0x000000008a800000, 0x000000008a900000, 0x000000008a900000|100%|HC|  |TAMS 0x000000008a900000, 0x000000008a800000| Complete 
| 119|0x000000008a900000, 0x000000008aa00000, 0x000000008aa00000|100%|HC|  |TAMS 0x000000008aa00000, 0x000000008a900000| Complete 
| 120|0x000000008aa00000, 0x000000008ab00000, 0x000000008ab00000|100%|HC|  |TAMS 0x000000008ab00000, 0x000000008aa00000| Complete 
| 121|0x000000008ab00000, 0x000000008ac00000, 0x000000008ac00000|100%|HC|  |TAMS 0x000000008ac00000, 0x000000008ab00000| Complete 
| 122|0x000000008ac00000, 0x000000008ad00000, 0x000000008ad00000|100%|HC|  |TAMS 0x000000008ad00000, 0x000000008ac00000| Complete 
| 123|0x000000008ad00000, 0x000000008ae00000, 0x000000008ae00000|100%|HC|  |TAMS 0x000000008ae00000, 0x000000008ad00000| Complete 
| 124|0x000000008ae00000, 0x000000008af00000, 0x000000008af00000|100%|HC|  |TAMS 0x000000008af00000, 0x000000008ae00000| Complete 
| 125|0x000000008af00000, 0x000000008b000000, 0x000000008b000000|100%|HC|  |TAMS 0x000000008b000000, 0x000000008af00000| Complete 
| 126|0x000000008b000000, 0x000000008b100000, 0x000000008b100000|100%|HC|  |TAMS 0x000000008b100000, 0x000000008b000000| Complete 
| 127|0x000000008b100000, 0x000000008b200000, 0x000000008b200000|100%|HC|  |TAMS 0x000000008b200000, 0x000000008b100000| Complete 
| 128|0x000000008b200000, 0x000000008b300000, 0x000000008b300000|100%|HC|  |TAMS 0x000000008b300000, 0x000000008b200000| Complete 
| 129|0x000000008b300000, 0x000000008b400000, 0x000000008b400000|100%|HC|  |TAMS 0x000000008b400000, 0x000000008b300000| Complete 
| 130|0x000000008b400000, 0x000000008b500000, 0x000000008b500000|100%|HC|  |TAMS 0x000000008b500000, 0x000000008b400000| Complete 
| 131|0x000000008b500000, 0x000000008b600000, 0x000000008b600000|100%|HC|  |TAMS 0x000000008b600000, 0x000000008b500000| Complete 
| 132|0x000000008b600000, 0x000000008b700000, 0x000000008b700000|100%|HC|  |TAMS 0x000000008b700000, 0x000000008b600000| Complete 
| 133|0x000000008b700000, 0x000000008b800000, 0x000000008b800000|100%|HC|  |TAMS 0x000000008b800000, 0x000000008b700000| Complete 
| 134|0x000000008b800000, 0x000000008b900000, 0x000000008b900000|100%|HC|  |TAMS 0x000000008b900000, 0x000000008b800000| Complete 
| 135|0x000000008b900000, 0x000000008ba00000, 0x000000008ba00000|100%|HC|  |TAMS 0x000000008ba00000, 0x000000008b900000| Complete 
| 136|0x000000008ba00000, 0x000000008bb00000, 0x000000008bb00000|100%|HC|  |TAMS 0x000000008bb00000, 0x000000008ba00000| Complete 
| 137|0x000000008bb00000, 0x000000008bc00000, 0x000000008bc00000|100%|HC|  |TAMS 0x000000008bc00000, 0x000000008bb00000| Complete 
| 138|0x000000008bc00000, 0x000000008bd00000, 0x000000008bd00000|100%|HC|  |TAMS 0x000000008bd00000, 0x000000008bc00000| Complete 
| 139|0x000000008bd00000, 0x000000008be00000, 0x000000008be00000|100%|HC|  |TAMS 0x000000008be00000, 0x000000008bd00000| Complete 
| 140|0x000000008be00000, 0x000000008bf00000, 0x000000008bf00000|100%|HC|  |TAMS 0x000000008bf00000, 0x000000008be00000| Complete 
| 141|0x000000008bf00000, 0x000000008c000000, 0x000000008c000000|100%|HC|  |TAMS 0x000000008c000000, 0x000000008bf00000| Complete 
| 142|0x000000008c000000, 0x000000008c100000, 0x000000008c100000|100%|HC|  |TAMS 0x000000008c100000, 0x000000008c000000| Complete 
| 143|0x000000008c100000, 0x000000008c200000, 0x000000008c200000|100%|HC|  |TAMS 0x000000008c200000, 0x000000008c100000| Complete 
| 144|0x000000008c200000, 0x000000008c300000, 0x000000008c300000|100%|HC|  |TAMS 0x000000008c300000, 0x000000008c200000| Complete 
| 145|0x000000008c300000, 0x000000008c400000, 0x000000008c400000|100%|HC|  |TAMS 0x000000008c400000, 0x000000008c300000| Complete 
| 146|0x000000008c400000, 0x000000008c500000, 0x000000008c500000|100%|HC|  |TAMS 0x000000008c500000, 0x000000008c400000| Complete 
| 147|0x000000008c500000, 0x000000008c600000, 0x000000008c600000|100%|HC|  |TAMS 0x000000008c600000, 0x000000008c500000| Complete 
| 148|0x000000008c600000, 0x000000008c700000, 0x000000008c700000|100%|HC|  |TAMS 0x000000008c700000, 0x000000008c600000| Complete 
| 149|0x000000008c700000, 0x000000008c800000, 0x000000008c800000|100%|HC|  |TAMS 0x000000008c800000, 0x000000008c700000| Complete 
| 150|0x000000008c800000, 0x000000008c900000, 0x000000008c900000|100%|HS|  |TAMS 0x000000008c800000, 0x000000008c800000| Complete 
| 151|0x000000008c900000, 0x000000008ca00000, 0x000000008ca00000|100%|HC|  |TAMS 0x000000008c900000, 0x000000008c900000| Complete 
| 152|0x000000008ca00000, 0x000000008ca00000, 0x000000008cb00000|  0%| F|  |TAMS 0x000000008ca00000, 0x000000008ca00000| Untracked 
| 153|0x000000008cb00000, 0x000000008cb00000, 0x000000008cc00000|  0%| F|  |TAMS 0x000000008cb00000, 0x000000008cb00000| Untracked 
| 154|0x000000008cc00000, 0x000000008cc00000, 0x000000008cd00000|  0%| F|  |TAMS 0x000000008cc00000, 0x000000008cc00000| Untracked 
| 155|0x000000008cd00000, 0x000000008cd00000, 0x000000008ce00000|  0%| F|  |TAMS 0x000000008cd00000, 0x000000008cd00000| Untracked 
| 156|0x000000008ce00000, 0x000000008ce00000, 0x000000008cf00000|  0%| F|  |TAMS 0x000000008ce00000, 0x000000008ce00000| Untracked 
| 157|0x000000008cf00000, 0x000000008cf00000, 0x000000008d000000|  0%| F|  |TAMS 0x000000008cf00000, 0x000000008cf00000| Untracked 
| 158|0x000000008d000000, 0x000000008d000000, 0x000000008d100000|  0%| F|  |TAMS 0x000000008d000000, 0x000000008d000000| Untracked 
| 159|0x000000008d100000, 0x000000008d100000, 0x000000008d200000|  0%| F|  |TAMS 0x000000008d100000, 0x000000008d100000| Untracked 
| 160|0x000000008d200000, 0x000000008d200000, 0x000000008d300000|  0%| F|  |TAMS 0x000000008d200000, 0x000000008d200000| Untracked 
| 161|0x000000008d300000, 0x000000008d300000, 0x000000008d400000|  0%| F|  |TAMS 0x000000008d300000, 0x000000008d300000| Untracked 
| 162|0x000000008d400000, 0x000000008d400000, 0x000000008d500000|  0%| F|  |TAMS 0x000000008d400000, 0x000000008d400000| Untracked 
| 163|0x000000008d500000, 0x000000008d500000, 0x000000008d600000|  0%| F|  |TAMS 0x000000008d500000, 0x000000008d500000| Untracked 
| 164|0x000000008d600000, 0x000000008d600000, 0x000000008d700000|  0%| F|  |TAMS 0x000000008d600000, 0x000000008d600000| Untracked 
| 165|0x000000008d700000, 0x000000008d700000, 0x000000008d800000|  0%| F|  |TAMS 0x000000008d700000, 0x000000008d700000| Untracked 
| 166|0x000000008d800000, 0x000000008d800000, 0x000000008d900000|  0%| F|  |TAMS 0x000000008d800000, 0x000000008d800000| Untracked 
| 167|0x000000008d900000, 0x000000008d900000, 0x000000008da00000|  0%| F|  |TAMS 0x000000008d900000, 0x000000008d900000| Untracked 
| 168|0x000000008da00000, 0x000000008da00000, 0x000000008db00000|  0%| F|  |TAMS 0x000000008da00000, 0x000000008da00000| Untracked 
| 169|0x000000008db00000, 0x000000008db00000, 0x000000008dc00000|  0%| F|  |TAMS 0x000000008db00000, 0x000000008db00000| Untracked 
| 170|0x000000008dc00000, 0x000000008dc00000, 0x000000008dd00000|  0%| F|  |TAMS 0x000000008dc00000, 0x000000008dc00000| Untracked 
| 171|0x000000008dd00000, 0x000000008dd00000, 0x000000008de00000|  0%| F|  |TAMS 0x000000008dd00000, 0x000000008dd00000| Untracked 
| 172|0x000000008de00000, 0x000000008de00000, 0x000000008df00000|  0%| F|  |TAMS 0x000000008de00000, 0x000000008de00000| Untracked 
| 173|0x000000008df00000, 0x000000008df00000, 0x000000008e000000|  0%| F|  |TAMS 0x000000008df00000, 0x000000008df00000| Untracked 
| 174|0x000000008e000000, 0x000000008e000000, 0x000000008e100000|  0%| F|  |TAMS 0x000000008e000000, 0x000000008e000000| Untracked 
| 175|0x000000008e100000, 0x000000008e100000, 0x000000008e200000|  0%| F|  |TAMS 0x000000008e100000, 0x000000008e100000| Untracked 
| 176|0x000000008e200000, 0x000000008e200000, 0x000000008e300000|  0%| F|  |TAMS 0x000000008e200000, 0x000000008e200000| Untracked 
| 177|0x000000008e300000, 0x000000008e300000, 0x000000008e400000|  0%| F|  |TAMS 0x000000008e300000, 0x000000008e300000| Untracked 
| 178|0x000000008e400000, 0x000000008e400000, 0x000000008e500000|  0%| F|  |TAMS 0x000000008e400000, 0x000000008e400000| Untracked 
| 179|0x000000008e500000, 0x000000008e500000, 0x000000008e600000|  0%| F|  |TAMS 0x000000008e500000, 0x000000008e500000| Untracked 
| 180|0x000000008e600000, 0x000000008e600000, 0x000000008e700000|  0%| F|  |TAMS 0x000000008e600000, 0x000000008e600000| Untracked 
| 181|0x000000008e700000, 0x000000008e700000, 0x000000008e800000|  0%| F|  |TAMS 0x000000008e700000, 0x000000008e700000| Untracked 
| 182|0x000000008e800000, 0x000000008e800000, 0x000000008e900000|  0%| F|  |TAMS 0x000000008e800000, 0x000000008e800000| Untracked 
| 183|0x000000008e900000, 0x000000008e900000, 0x000000008ea00000|  0%| F|  |TAMS 0x000000008e900000, 0x000000008e900000| Untracked 
| 184|0x000000008ea00000, 0x000000008ea00000, 0x000000008eb00000|  0%| F|  |TAMS 0x000000008ea00000, 0x000000008ea00000| Untracked 
| 185|0x000000008eb00000, 0x000000008eb00000, 0x000000008ec00000|  0%| F|  |TAMS 0x000000008eb00000, 0x000000008eb00000| Untracked 
| 186|0x000000008ec00000, 0x000000008ec00000, 0x000000008ed00000|  0%| F|  |TAMS 0x000000008ec00000, 0x000000008ec00000| Untracked 
| 187|0x000000008ed00000, 0x000000008ed00000, 0x000000008ee00000|  0%| F|  |TAMS 0x000000008ed00000, 0x000000008ed00000| Untracked 
| 188|0x000000008ee00000, 0x000000008ee00000, 0x000000008ef00000|  0%| F|  |TAMS 0x000000008ee00000, 0x000000008ee00000| Untracked 
| 189|0x000000008ef00000, 0x000000008ef00000, 0x000000008f000000|  0%| F|  |TAMS 0x000000008ef00000, 0x000000008ef00000| Untracked 
| 190|0x000000008f000000, 0x000000008f000000, 0x000000008f100000|  0%| F|  |TAMS 0x000000008f000000, 0x000000008f000000| Untracked 
| 191|0x000000008f100000, 0x000000008f100000, 0x000000008f200000|  0%| F|  |TAMS 0x000000008f100000, 0x000000008f100000| Untracked 
| 192|0x000000008f200000, 0x000000008f200000, 0x000000008f300000|  0%| F|  |TAMS 0x000000008f200000, 0x000000008f200000| Untracked 
| 193|0x000000008f300000, 0x000000008f300000, 0x000000008f400000|  0%| F|  |TAMS 0x000000008f300000, 0x000000008f300000| Untracked 
| 194|0x000000008f400000, 0x000000008f400000, 0x000000008f500000|  0%| F|  |TAMS 0x000000008f400000, 0x000000008f400000| Untracked 
| 195|0x000000008f500000, 0x000000008f500000, 0x000000008f600000|  0%| F|  |TAMS 0x000000008f500000, 0x000000008f500000| Untracked 
| 196|0x000000008f600000, 0x000000008f600000, 0x000000008f700000|  0%| F|  |TAMS 0x000000008f600000, 0x000000008f600000| Untracked 
| 197|0x000000008f700000, 0x000000008f700000, 0x000000008f800000|  0%| F|  |TAMS 0x000000008f700000, 0x000000008f700000| Untracked 
| 198|0x000000008f800000, 0x000000008f800000, 0x000000008f900000|  0%| F|  |TAMS 0x000000008f800000, 0x000000008f800000| Untracked 
| 199|0x000000008f900000, 0x000000008f900000, 0x000000008fa00000|  0%| F|  |TAMS 0x000000008f900000, 0x000000008f900000| Untracked 
| 200|0x000000008fa00000, 0x000000008fa00000, 0x000000008fb00000|  0%| F|  |TAMS 0x000000008fa00000, 0x000000008fa00000| Untracked 
| 201|0x000000008fb00000, 0x000000008fb00000, 0x000000008fc00000|  0%| F|  |TAMS 0x000000008fb00000, 0x000000008fb00000| Untracked 
| 202|0x000000008fc00000, 0x000000008fc00000, 0x000000008fd00000|  0%| F|  |TAMS 0x000000008fc00000, 0x000000008fc00000| Untracked 
| 203|0x000000008fd00000, 0x000000008fd00000, 0x000000008fe00000|  0%| F|  |TAMS 0x000000008fd00000, 0x000000008fd00000| Untracked 
| 204|0x000000008fe00000, 0x000000008fe00000, 0x000000008ff00000|  0%| F|  |TAMS 0x000000008fe00000, 0x000000008fe00000| Untracked 
| 205|0x000000008ff00000, 0x000000008ff00000, 0x0000000090000000|  0%| F|  |TAMS 0x000000008ff00000, 0x000000008ff00000| Untracked 
| 206|0x0000000090000000, 0x0000000090000000, 0x0000000090100000|  0%| F|  |TAMS 0x0000000090000000, 0x0000000090000000| Untracked 
| 207|0x0000000090100000, 0x0000000090100000, 0x0000000090200000|  0%| F|  |TAMS 0x0000000090100000, 0x0000000090100000| Untracked 
| 208|0x0000000090200000, 0x0000000090200000, 0x0000000090300000|  0%| F|  |TAMS 0x0000000090200000, 0x0000000090200000| Untracked 
| 209|0x0000000090300000, 0x0000000090300000, 0x0000000090400000|  0%| F|  |TAMS 0x0000000090300000, 0x0000000090300000| Untracked 
| 210|0x0000000090400000, 0x0000000090400000, 0x0000000090500000|  0%| F|  |TAMS 0x0000000090400000, 0x0000000090400000| Untracked 
| 211|0x0000000090500000, 0x0000000090500000, 0x0000000090600000|  0%| F|  |TAMS 0x0000000090500000, 0x0000000090500000| Untracked 
| 212|0x0000000090600000, 0x0000000090600000, 0x0000000090700000|  0%| F|  |TAMS 0x0000000090600000, 0x0000000090600000| Untracked 
| 213|0x0000000090700000, 0x0000000090700000, 0x0000000090800000|  0%| F|  |TAMS 0x0000000090700000, 0x0000000090700000| Untracked 
| 214|0x0000000090800000, 0x0000000090800000, 0x0000000090900000|  0%| F|  |TAMS 0x0000000090800000, 0x0000000090800000| Untracked 
| 215|0x0000000090900000, 0x0000000090900000, 0x0000000090a00000|  0%| F|  |TAMS 0x0000000090900000, 0x0000000090900000| Untracked 
| 216|0x0000000090a00000, 0x0000000090a00000, 0x0000000090b00000|  0%| F|  |TAMS 0x0000000090a00000, 0x0000000090a00000| Untracked 
| 217|0x0000000090b00000, 0x0000000090b00000, 0x0000000090c00000|  0%| F|  |TAMS 0x0000000090b00000, 0x0000000090b00000| Untracked 
| 218|0x0000000090c00000, 0x0000000090c00000, 0x0000000090d00000|  0%| F|  |TAMS 0x0000000090c00000, 0x0000000090c00000| Untracked 
| 219|0x0000000090d00000, 0x0000000090d00000, 0x0000000090e00000|  0%| F|  |TAMS 0x0000000090d00000, 0x0000000090d00000| Untracked 
| 220|0x0000000090e00000, 0x0000000090e00000, 0x0000000090f00000|  0%| F|  |TAMS 0x0000000090e00000, 0x0000000090e00000| Untracked 
| 221|0x0000000090f00000, 0x0000000090f00000, 0x0000000091000000|  0%| F|  |TAMS 0x0000000090f00000, 0x0000000090f00000| Untracked 
| 222|0x0000000091000000, 0x0000000091000000, 0x0000000091100000|  0%| F|  |TAMS 0x0000000091000000, 0x0000000091000000| Untracked 
| 223|0x0000000091100000, 0x0000000091100000, 0x0000000091200000|  0%| F|  |TAMS 0x0000000091100000, 0x0000000091100000| Untracked 
| 224|0x0000000091200000, 0x0000000091200000, 0x0000000091300000|  0%| F|  |TAMS 0x0000000091200000, 0x0000000091200000| Untracked 
| 225|0x0000000091300000, 0x0000000091300000, 0x0000000091400000|  0%| F|  |TAMS 0x0000000091300000, 0x0000000091300000| Untracked 
| 226|0x0000000091400000, 0x0000000091400000, 0x0000000091500000|  0%| F|  |TAMS 0x0000000091400000, 0x0000000091400000| Untracked 
| 227|0x0000000091500000, 0x0000000091500000, 0x0000000091600000|  0%| F|  |TAMS 0x0000000091500000, 0x0000000091500000| Untracked 
| 228|0x0000000091600000, 0x0000000091600000, 0x0000000091700000|  0%| F|  |TAMS 0x0000000091600000, 0x0000000091600000| Untracked 
| 229|0x0000000091700000, 0x0000000091700000, 0x0000000091800000|  0%| F|  |TAMS 0x0000000091700000, 0x0000000091700000| Untracked 
| 230|0x0000000091800000, 0x0000000091800000, 0x0000000091900000|  0%| F|  |TAMS 0x0000000091800000, 0x0000000091800000| Untracked 
| 231|0x0000000091900000, 0x0000000091900000, 0x0000000091a00000|  0%| F|  |TAMS 0x0000000091900000, 0x0000000091900000| Untracked 
| 232|0x0000000091a00000, 0x0000000091a00000, 0x0000000091b00000|  0%| F|  |TAMS 0x0000000091a00000, 0x0000000091a00000| Untracked 
| 233|0x0000000091b00000, 0x0000000091b00000, 0x0000000091c00000|  0%| F|  |TAMS 0x0000000091b00000, 0x0000000091b00000| Untracked 
| 234|0x0000000091c00000, 0x0000000091c00000, 0x0000000091d00000|  0%| F|  |TAMS 0x0000000091c00000, 0x0000000091c00000| Untracked 
| 235|0x0000000091d00000, 0x0000000091d00000, 0x0000000091e00000|  0%| F|  |TAMS 0x0000000091d00000, 0x0000000091d00000| Untracked 
| 236|0x0000000091e00000, 0x0000000091e00000, 0x0000000091f00000|  0%| F|  |TAMS 0x0000000091e00000, 0x0000000091e00000| Untracked 
| 237|0x0000000091f00000, 0x0000000091f00000, 0x0000000092000000|  0%| F|  |TAMS 0x0000000091f00000, 0x0000000091f00000| Untracked 
| 238|0x0000000092000000, 0x0000000092000000, 0x0000000092100000|  0%| F|  |TAMS 0x0000000092000000, 0x0000000092000000| Untracked 
| 239|0x0000000092100000, 0x0000000092100000, 0x0000000092200000|  0%| F|  |TAMS 0x0000000092100000, 0x0000000092100000| Untracked 
| 240|0x0000000092200000, 0x0000000092200000, 0x0000000092300000|  0%| F|  |TAMS 0x0000000092200000, 0x0000000092200000| Untracked 
| 241|0x0000000092300000, 0x0000000092300000, 0x0000000092400000|  0%| F|  |TAMS 0x0000000092300000, 0x0000000092300000| Untracked 
| 242|0x0000000092400000, 0x0000000092400000, 0x0000000092500000|  0%| F|  |TAMS 0x0000000092400000, 0x0000000092400000| Untracked 
| 243|0x0000000092500000, 0x0000000092500000, 0x0000000092600000|  0%| F|  |TAMS 0x0000000092500000, 0x0000000092500000| Untracked 
| 244|0x0000000092600000, 0x0000000092600000, 0x0000000092700000|  0%| F|  |TAMS 0x0000000092600000, 0x0000000092600000| Untracked 
| 245|0x0000000092700000, 0x0000000092700000, 0x0000000092800000|  0%| F|  |TAMS 0x0000000092700000, 0x0000000092700000| Untracked 
| 246|0x0000000092800000, 0x0000000092800000, 0x0000000092900000|  0%| F|  |TAMS 0x0000000092800000, 0x0000000092800000| Untracked 
| 247|0x0000000092900000, 0x0000000092900000, 0x0000000092a00000|  0%| F|  |TAMS 0x0000000092900000, 0x0000000092900000| Untracked 
| 248|0x0000000092a00000, 0x0000000092a00000, 0x0000000092b00000|  0%| F|  |TAMS 0x0000000092a00000, 0x0000000092a00000| Untracked 
| 249|0x0000000092b00000, 0x0000000092b00000, 0x0000000092c00000|  0%| F|  |TAMS 0x0000000092b00000, 0x0000000092b00000| Untracked 
| 250|0x0000000092c00000, 0x0000000092c00000, 0x0000000092d00000|  0%| F|  |TAMS 0x0000000092c00000, 0x0000000092c00000| Untracked 
| 251|0x0000000092d00000, 0x0000000092d00000, 0x0000000092e00000|  0%| F|  |TAMS 0x0000000092d00000, 0x0000000092d00000| Untracked 
| 252|0x0000000092e00000, 0x0000000092e00000, 0x0000000092f00000|  0%| F|  |TAMS 0x0000000092e00000, 0x0000000092e00000| Untracked 
| 253|0x0000000092f00000, 0x0000000092f00000, 0x0000000093000000|  0%| F|  |TAMS 0x0000000092f00000, 0x0000000092f00000| Untracked 
| 254|0x0000000093000000, 0x0000000093000000, 0x0000000093100000|  0%| F|  |TAMS 0x0000000093000000, 0x0000000093000000| Untracked 
| 255|0x0000000093100000, 0x0000000093100000, 0x0000000093200000|  0%| F|  |TAMS 0x0000000093100000, 0x0000000093100000| Untracked 
| 256|0x0000000093200000, 0x0000000093200000, 0x0000000093300000|  0%| F|  |TAMS 0x0000000093200000, 0x0000000093200000| Untracked 
| 257|0x0000000093300000, 0x0000000093300000, 0x0000000093400000|  0%| F|  |TAMS 0x0000000093300000, 0x0000000093300000| Untracked 
| 258|0x0000000093400000, 0x0000000093400000, 0x0000000093500000|  0%| F|  |TAMS 0x0000000093400000, 0x0000000093400000| Untracked 
| 259|0x0000000093500000, 0x0000000093500000, 0x0000000093600000|  0%| F|  |TAMS 0x0000000093500000, 0x0000000093500000| Untracked 
| 260|0x0000000093600000, 0x0000000093600000, 0x0000000093700000|  0%| F|  |TAMS 0x0000000093600000, 0x0000000093600000| Untracked 
| 261|0x0000000093700000, 0x0000000093700000, 0x0000000093800000|  0%| F|  |TAMS 0x0000000093700000, 0x0000000093700000| Untracked 
| 262|0x0000000093800000, 0x0000000093800000, 0x0000000093900000|  0%| F|  |TAMS 0x0000000093800000, 0x0000000093800000| Untracked 
| 263|0x0000000093900000, 0x0000000093900000, 0x0000000093a00000|  0%| F|  |TAMS 0x0000000093900000, 0x0000000093900000| Untracked 
| 264|0x0000000093a00000, 0x0000000093a00000, 0x0000000093b00000|  0%| F|  |TAMS 0x0000000093a00000, 0x0000000093a00000| Untracked 
| 265|0x0000000093b00000, 0x0000000093b00000, 0x0000000093c00000|  0%| F|  |TAMS 0x0000000093b00000, 0x0000000093b00000| Untracked 
| 266|0x0000000093c00000, 0x0000000093c00000, 0x0000000093d00000|  0%| F|  |TAMS 0x0000000093c00000, 0x0000000093c00000| Untracked 
| 267|0x0000000093d00000, 0x0000000093d00000, 0x0000000093e00000|  0%| F|  |TAMS 0x0000000093d00000, 0x0000000093d00000| Untracked 
| 268|0x0000000093e00000, 0x0000000093e00000, 0x0000000093f00000|  0%| F|  |TAMS 0x0000000093e00000, 0x0000000093e00000| Untracked 
| 269|0x0000000093f00000, 0x0000000093f00000, 0x0000000094000000|  0%| F|  |TAMS 0x0000000093f00000, 0x0000000093f00000| Untracked 
| 270|0x0000000094000000, 0x0000000094000000, 0x0000000094100000|  0%| F|  |TAMS 0x0000000094000000, 0x0000000094000000| Untracked 
| 271|0x0000000094100000, 0x0000000094100000, 0x0000000094200000|  0%| F|  |TAMS 0x0000000094100000, 0x0000000094100000| Untracked 
| 272|0x0000000094200000, 0x0000000094200000, 0x0000000094300000|  0%| F|  |TAMS 0x0000000094200000, 0x0000000094200000| Untracked 
| 273|0x0000000094300000, 0x0000000094300000, 0x0000000094400000|  0%| F|  |TAMS 0x0000000094300000, 0x0000000094300000| Untracked 
| 274|0x0000000094400000, 0x0000000094400000, 0x0000000094500000|  0%| F|  |TAMS 0x0000000094400000, 0x0000000094400000| Untracked 
| 275|0x0000000094500000, 0x0000000094500000, 0x0000000094600000|  0%| F|  |TAMS 0x0000000094500000, 0x0000000094500000| Untracked 
| 276|0x0000000094600000, 0x0000000094600000, 0x0000000094700000|  0%| F|  |TAMS 0x0000000094600000, 0x0000000094600000| Untracked 
| 277|0x0000000094700000, 0x0000000094700000, 0x0000000094800000|  0%| F|  |TAMS 0x0000000094700000, 0x0000000094700000| Untracked 
| 278|0x0000000094800000, 0x0000000094800000, 0x0000000094900000|  0%| F|  |TAMS 0x0000000094800000, 0x0000000094800000| Untracked 
| 279|0x0000000094900000, 0x0000000094900000, 0x0000000094a00000|  0%| F|  |TAMS 0x0000000094900000, 0x0000000094900000| Untracked 
| 280|0x0000000094a00000, 0x0000000094a00000, 0x0000000094b00000|  0%| F|  |TAMS 0x0000000094a00000, 0x0000000094a00000| Untracked 
| 281|0x0000000094b00000, 0x0000000094b00000, 0x0000000094c00000|  0%| F|  |TAMS 0x0000000094b00000, 0x0000000094b00000| Untracked 
| 282|0x0000000094c00000, 0x0000000094c00000, 0x0000000094d00000|  0%| F|  |TAMS 0x0000000094c00000, 0x0000000094c00000| Untracked 
| 283|0x0000000094d00000, 0x0000000094d00000, 0x0000000094e00000|  0%| F|  |TAMS 0x0000000094d00000, 0x0000000094d00000| Untracked 
| 284|0x0000000094e00000, 0x0000000094e00000, 0x0000000094f00000|  0%| F|  |TAMS 0x0000000094e00000, 0x0000000094e00000| Untracked 
| 285|0x0000000094f00000, 0x0000000094f00000, 0x0000000095000000|  0%| F|  |TAMS 0x0000000094f00000, 0x0000000094f00000| Untracked 
| 286|0x0000000095000000, 0x0000000095000000, 0x0000000095100000|  0%| F|  |TAMS 0x0000000095000000, 0x0000000095000000| Untracked 
| 287|0x0000000095100000, 0x0000000095100000, 0x0000000095200000|  0%| F|  |TAMS 0x0000000095100000, 0x0000000095100000| Untracked 
| 288|0x0000000095200000, 0x0000000095200000, 0x0000000095300000|  0%| F|  |TAMS 0x0000000095200000, 0x0000000095200000| Untracked 
| 289|0x0000000095300000, 0x0000000095300000, 0x0000000095400000|  0%| F|  |TAMS 0x0000000095300000, 0x0000000095300000| Untracked 
| 290|0x0000000095400000, 0x0000000095400000, 0x0000000095500000|  0%| F|  |TAMS 0x0000000095400000, 0x0000000095400000| Untracked 
| 291|0x0000000095500000, 0x0000000095500000, 0x0000000095600000|  0%| F|  |TAMS 0x0000000095500000, 0x0000000095500000| Untracked 
| 292|0x0000000095600000, 0x0000000095600000, 0x0000000095700000|  0%| F|  |TAMS 0x0000000095600000, 0x0000000095600000| Untracked 
| 293|0x0000000095700000, 0x0000000095780000, 0x0000000095800000| 50%| E|  |TAMS 0x0000000095700000, 0x0000000095700000| Complete 
| 294|0x0000000095800000, 0x0000000095900000, 0x0000000095900000|100%| E|CS|TAMS 0x0000000095800000, 0x0000000095800000| Complete 
| 295|0x0000000095900000, 0x0000000095a00000, 0x0000000095a00000|100%| E|CS|TAMS 0x0000000095900000, 0x0000000095900000| Complete 
| 296|0x0000000095a00000, 0x0000000095b00000, 0x0000000095b00000|100%| E|CS|TAMS 0x0000000095a00000, 0x0000000095a00000| Complete 
| 297|0x0000000095b00000, 0x0000000095c00000, 0x0000000095c00000|100%| E|CS|TAMS 0x0000000095b00000, 0x0000000095b00000| Complete 
| 298|0x0000000095c00000, 0x0000000095d00000, 0x0000000095d00000|100%| E|CS|TAMS 0x0000000095c00000, 0x0000000095c00000| Complete 
| 299|0x0000000095d00000, 0x0000000095e00000, 0x0000000095e00000|100%| S|CS|TAMS 0x0000000095d00000, 0x0000000095d00000| Complete 
| 300|0x0000000095e00000, 0x0000000095f00000, 0x0000000095f00000|100%| S|CS|TAMS 0x0000000095e00000, 0x0000000095e00000| Complete 
| 301|0x0000000095f00000, 0x0000000096000000, 0x0000000096000000|100%| S|CS|TAMS 0x0000000095f00000, 0x0000000095f00000| Complete 
| 302|0x0000000096000000, 0x0000000096100000, 0x0000000096100000|100%| S|CS|TAMS 0x0000000096000000, 0x0000000096000000| Complete 
| 303|0x0000000096100000, 0x0000000096200000, 0x0000000096200000|100%| E|CS|TAMS 0x0000000096100000, 0x0000000096100000| Complete 
| 304|0x0000000096200000, 0x0000000096300000, 0x0000000096300000|100%| E|CS|TAMS 0x0000000096200000, 0x0000000096200000| Complete 
| 305|0x0000000096300000, 0x0000000096400000, 0x0000000096400000|100%| E|CS|TAMS 0x0000000096300000, 0x0000000096300000| Complete 
| 306|0x0000000096400000, 0x0000000096500000, 0x0000000096500000|100%| E|CS|TAMS 0x0000000096400000, 0x0000000096400000| Complete 
| 307|0x0000000096500000, 0x0000000096600000, 0x0000000096600000|100%| E|CS|TAMS 0x0000000096500000, 0x0000000096500000| Complete 

Card table byte_map: [0x000001ff6b9e0000,0x000001ff6bdd0000] _byte_map_base: 0x000001ff6b5c7000

Marking Bits (Prev, Next): (CMBitMap*) 0x000001ff547b2530, (CMBitMap*) 0x000001ff547b24f0
 Prev Bits: [0x000001ff6e100000, 0x000001ff70038000)
 Next Bits: [0x000001ff6c1c0000, 0x000001ff6e0f8000)

Polling page: 0x000001ff526d0000

Metaspace:

Usage:
  Non-class:     25.50 MB used.
      Class:      3.82 MB used.
       Both:     29.32 MB used.

Virtual space:
  Non-class space:       64.00 MB reserved,      25.69 MB ( 40%) committed,  1 nodes.
      Class space:        1.00 GB reserved,       3.94 MB ( <1%) committed,  1 nodes.
             Both:        1.06 GB reserved,      29.62 MB (  3%) committed. 

Chunk freelists:
   Non-Class:  6.17 MB
       Class:  11.97 MB
        Both:  18.14 MB

MaxMetaspaceSize: unlimited
CompressedClassSpaceSize: 1.00 GB
Initial GC threshold: 21.00 MB
Current GC threshold: 48.69 MB
CDS: on
MetaspaceReclaimPolicy: balanced
 - commit_granule_bytes: 65536.
 - commit_granule_words: 8192.
 - virtual_space_node_default_size: 8388608.
 - enlarge_chunks_in_place: 1.
 - new_chunks_are_fully_committed: 0.
 - uncommit_free_chunks: 1.
 - use_allocation_guard: 0.
 - handle_deallocations: 1.


Internal statistics:

num_allocs_failed_limit: 0.
num_arena_births: 304.
num_arena_deaths: 0.
num_vsnodes_births: 2.
num_vsnodes_deaths: 0.
num_space_committed: 474.
num_space_uncommitted: 0.
num_chunks_returned_to_freelist: 0.
num_chunks_taken_from_freelist: 1187.
num_chunk_merges: 0.
num_chunk_splits: 793.
num_chunks_enlarged: 600.
num_inconsistent_stats: 0.

CodeHeap 'non-profiled nmethods': size=120000Kb used=2905Kb max_used=2905Kb free=117094Kb
 bounds [0x000001ff63d90000, 0x000001ff64070000, 0x000001ff6b2c0000]
CodeHeap 'profiled nmethods': size=120000Kb used=13891Kb max_used=13891Kb free=106108Kb
 bounds [0x000001ff5c2c0000, 0x000001ff5d060000, 0x000001ff637f0000]
CodeHeap 'non-nmethods': size=5760Kb used=1558Kb max_used=1585Kb free=4201Kb
 bounds [0x000001ff637f0000, 0x000001ff63a60000, 0x000001ff63d90000]
 total_blobs=7242 nmethods=6312 adapters=842
 compilation: enabled
              stopped_count=0, restarted_count=0
 full_count=0

Compilation events (20 events):
Event: 29.712 Thread 0x000001ff72a69ed0 6309       4       java.lang.StringCoding::implEncodeAsciiArray (47 bytes)
Event: 29.712 Thread 0x000001ff72a77b00 nmethod 6304 0x000001ff5d04a210 code [0x000001ff5d04a880, 0x000001ff5d04d618]
Event: 29.712 Thread 0x000001ff72a77b00 6308       3       com.sun.javafx.geom.transform.Affine3D::setTransform (101 bytes)
Event: 29.713 Thread 0x000001ff72a77b00 nmethod 6308 0x000001ff5d04e490 code [0x000001ff5d04e700, 0x000001ff5d04f208]
Event: 29.713 Thread 0x000001ff72a77b00 6305       3       java.lang.StackTraceElement::dropClassLoaderName (16 bytes)
Event: 29.713 Thread 0x000001ff72a77b00 nmethod 6305 0x000001ff5d04f410 code [0x000001ff5d04f5a0, 0x000001ff5d04f718]
Event: 29.713 Thread 0x000001ff72a77b00 6306       3       java.lang.StackTraceElement::dropModuleVersion (16 bytes)
Event: 29.713 Thread 0x000001ff72a77b00 nmethod 6306 0x000001ff5d04f790 code [0x000001ff5d04f920, 0x000001ff5d04fa98]
Event: 29.713 Thread 0x000001ff72a77b00 6307       3       java.lang.StackTraceElement::isNativeMethod (15 bytes)
Event: 29.713 Thread 0x000001ff72a77b00 nmethod 6307 0x000001ff5d04fb10 code [0x000001ff5d04fca0, 0x000001ff5d04fdf8]
Event: 29.716 Thread 0x000001ff72a69ed0 nmethod 6309 0x000001ff64065e10 code [0x000001ff64065fa0, 0x000001ff64066358]
Event: 29.725 Thread 0x000001ff72a69ed0 6310       4       javafx.scene.Parent::updateBounds (44 bytes)
Event: 29.725 Thread 0x000001ff72a77b00 6312       3       com.sun.prism.impl.BaseGraphics::getAssociatedScreen (8 bytes)
Event: 29.726 Thread 0x000001ff72a77b00 nmethod 6312 0x000001ff5d04fe90 code [0x000001ff5d050020, 0x000001ff5d0501d8]
Event: 29.726 Thread 0x000001ff72a77b00 6313       3       com.sun.javafx.sg.prism.NGNode::renderEffect (9 bytes)
Event: 29.726 Thread 0x000001ff72a77b00 nmethod 6313 0x000001ff5d050290 code [0x000001ff5d050440, 0x000001ff5d0505a8]
Event: 29.738 Thread 0x000001ff72a77b00 6314       3       javafx.scene.input.ScrollEvent::getEventType (5 bytes)
Event: 29.738 Thread 0x000001ff72a77b00 nmethod 6314 0x000001ff5d050690 code [0x000001ff5d050840, 0x000001ff5d050a18]
Event: 29.738 Thread 0x000001ff72a77b00 6315       3       javafx.scene.input.GestureEvent::getEventType (5 bytes)
Event: 29.738 Thread 0x000001ff72a77b00 nmethod 6315 0x000001ff5d050b10 code [0x000001ff5d050cc0, 0x000001ff5d050e38]

GC Heap History (20 events):
Event: 25.412 GC heap before
{Heap before GC invocations=9 (full 0):
 garbage-first heap   total 235520K, used 150467K [0x0000000083200000, 0x0000000100000000)
  region size 1024K, 11 young (11264K), 0 survivors (0K)
 Metaspace       used 29178K, committed 29440K, reserved 1114112K
  class space    used 3853K, committed 3968K, reserved 1048576K
}
Event: 25.417 GC heap after
{Heap after GC invocations=10 (full 0):
 garbage-first heap   total 235520K, used 142548K [0x0000000083200000, 0x0000000100000000)
  region size 1024K, 3 young (3072K), 3 survivors (3072K)
 Metaspace       used 29178K, committed 29440K, reserved 1114112K
  class space    used 3853K, committed 3968K, reserved 1048576K
}
Event: 27.786 GC heap before
{Heap before GC invocations=11 (full 0):
 garbage-first heap   total 240640K, used 149716K [0x0000000083200000, 0x0000000100000000)
  region size 1024K, 11 young (11264K), 3 survivors (3072K)
 Metaspace       used 29555K, committed 29888K, reserved 1114112K
  class space    used 3878K, committed 4032K, reserved 1048576K
}
Event: 27.789 GC heap after
{Heap after GC invocations=12 (full 0):
 garbage-first heap   total 240640K, used 143576K [0x0000000083200000, 0x0000000100000000)
  region size 1024K, 4 young (4096K), 4 survivors (4096K)
 Metaspace       used 29555K, committed 29888K, reserved 1114112K
  class space    used 3878K, committed 4032K, reserved 1048576K
}
Event: 27.935 GC heap before
{Heap before GC invocations=13 (full 0):
 garbage-first heap   total 240640K, used 110808K [0x0000000083200000, 0x0000000100000000)
  region size 1024K, 5 young (5120K), 4 survivors (4096K)
 Metaspace       used 29609K, committed 29888K, reserved 1114112K
  class space    used 3883K, committed 4032K, reserved 1048576K
}
Event: 27.943 GC heap after
{Heap after GC invocations=14 (full 0):
 garbage-first heap   total 240640K, used 111038K [0x0000000083200000, 0x0000000100000000)
  region size 1024K, 4 young (4096K), 4 survivors (4096K)
 Metaspace       used 29609K, committed 29888K, reserved 1114112K
  class space    used 3883K, committed 4032K, reserved 1048576K
}
Event: 27.987 GC heap before
{Heap before GC invocations=14 (full 0):
 garbage-first heap   total 240640K, used 114110K [0x0000000083200000, 0x0000000100000000)
  region size 1024K, 5 young (5120K), 4 survivors (4096K)
 Metaspace       used 29613K, committed 29888K, reserved 1114112K
  class space    used 3883K, committed 4032K, reserved 1048576K
}
Event: 27.999 GC heap after
{Heap after GC invocations=15 (full 0):
 garbage-first heap   total 240640K, used 114093K [0x0000000083200000, 0x0000000100000000)
  region size 1024K, 4 young (4096K), 4 survivors (4096K)
 Metaspace       used 29613K, committed 29888K, reserved 1114112K
  class space    used 3883K, committed 4032K, reserved 1048576K
}
Event: 28.060 GC heap before
{Heap before GC invocations=16 (full 0):
 garbage-first heap   total 240640K, used 117165K [0x0000000083200000, 0x0000000100000000)
  region size 1024K, 5 young (5120K), 4 survivors (4096K)
 Metaspace       used 29615K, committed 29888K, reserved 1114112K
  class space    used 3883K, committed 4032K, reserved 1048576K
}
Event: 28.072 GC heap after
{Heap after GC invocations=17 (full 0):
 garbage-first heap   total 240640K, used 117472K [0x0000000083200000, 0x0000000100000000)
  region size 1024K, 4 young (4096K), 4 survivors (4096K)
 Metaspace       used 29615K, committed 29888K, reserved 1114112K
  class space    used 3883K, committed 4032K, reserved 1048576K
}
Event: 28.118 GC heap before
{Heap before GC invocations=18 (full 0):
 garbage-first heap   total 240640K, used 119520K [0x0000000083200000, 0x0000000100000000)
  region size 1024K, 5 young (5120K), 4 survivors (4096K)
 Metaspace       used 29616K, committed 29888K, reserved 1114112K
  class space    used 3883K, committed 4032K, reserved 1048576K
}
Event: 28.124 GC heap after
{Heap after GC invocations=19 (full 0):
 garbage-first heap   total 315392K, used 119555K [0x0000000083200000, 0x0000000100000000)
  region size 1024K, 4 young (4096K), 4 survivors (4096K)
 Metaspace       used 29616K, committed 29888K, reserved 1114112K
  class space    used 3883K, committed 4032K, reserved 1048576K
}
Event: 28.497 GC heap before
{Heap before GC invocations=19 (full 0):
 garbage-first heap   total 315392K, used 145155K [0x0000000083200000, 0x0000000100000000)
  region size 1024K, 5 young (5120K), 4 survivors (4096K)
 Metaspace       used 29675K, committed 29952K, reserved 1114112K
  class space    used 3883K, committed 4032K, reserved 1048576K
}
Event: 28.505 GC heap after
{Heap after GC invocations=20 (full 0):
 garbage-first heap   total 315392K, used 145202K [0x0000000083200000, 0x0000000100000000)
  region size 1024K, 4 young (4096K), 4 survivors (4096K)
 Metaspace       used 29675K, committed 29952K, reserved 1114112K
  class space    used 3883K, committed 4032K, reserved 1048576K
}
Event: 28.525 GC heap before
{Heap before GC invocations=20 (full 0):
 garbage-first heap   total 315392K, used 148274K [0x0000000083200000, 0x0000000100000000)
  region size 1024K, 5 young (5120K), 4 survivors (4096K)
 Metaspace       used 29678K, committed 29952K, reserved 1114112K
  class space    used 3883K, committed 4032K, reserved 1048576K
}
Event: 28.530 GC heap after
{Heap after GC invocations=21 (full 0):
 garbage-first heap   total 315392K, used 148246K [0x0000000083200000, 0x0000000100000000)
  region size 1024K, 4 young (4096K), 4 survivors (4096K)
 Metaspace       used 29678K, committed 29952K, reserved 1114112K
  class space    used 3883K, committed 4032K, reserved 1048576K
}
Event: 28.601 GC heap before
{Heap before GC invocations=22 (full 0):
 garbage-first heap   total 315392K, used 153366K [0x0000000083200000, 0x0000000100000000)
  region size 1024K, 5 young (5120K), 4 survivors (4096K)
 Metaspace       used 29679K, committed 29952K, reserved 1114112K
  class space    used 3883K, committed 4032K, reserved 1048576K
}
Event: 28.606 GC heap after
{Heap after GC invocations=23 (full 0):
 garbage-first heap   total 315392K, used 153486K [0x0000000083200000, 0x0000000100000000)
  region size 1024K, 4 young (4096K), 4 survivors (4096K)
 Metaspace       used 29679K, committed 29952K, reserved 1114112K
  class space    used 3883K, committed 4032K, reserved 1048576K
}
Event: 28.647 GC heap before
{Heap before GC invocations=24 (full 0):
 garbage-first heap   total 315392K, used 155534K [0x0000000083200000, 0x0000000100000000)
  region size 1024K, 5 young (5120K), 4 survivors (4096K)
 Metaspace       used 29686K, committed 29952K, reserved 1114112K
  class space    used 3883K, committed 4032K, reserved 1048576K
}
Event: 28.651 GC heap after
{Heap after GC invocations=25 (full 0):
 garbage-first heap   total 315392K, used 155587K [0x0000000083200000, 0x0000000100000000)
  region size 1024K, 4 young (4096K), 4 survivors (4096K)
 Metaspace       used 29686K, committed 29952K, reserved 1114112K
  class space    used 3883K, committed 4032K, reserved 1048576K
}

Dll operation events (20 events):
Event: 0.247 Loaded shared library C:\Users\STAR\.openjfx\cache\21.0.2+5\amd64\api-ms-win-crt-private-l1-1-0.dll
Event: 0.249 Loaded shared library C:\Users\STAR\.openjfx\cache\21.0.2+5\amd64\api-ms-win-crt-process-l1-1-0.dll
Event: 0.250 Loaded shared library C:\Users\STAR\.openjfx\cache\21.0.2+5\amd64\api-ms-win-crt-runtime-l1-1-0.dll
Event: 0.252 Loaded shared library C:\Users\STAR\.openjfx\cache\21.0.2+5\amd64\api-ms-win-crt-stdio-l1-1-0.dll
Event: 0.254 Loaded shared library C:\Users\STAR\.openjfx\cache\21.0.2+5\amd64\api-ms-win-crt-string-l1-1-0.dll
Event: 0.256 Loaded shared library C:\Users\STAR\.openjfx\cache\21.0.2+5\amd64\api-ms-win-crt-time-l1-1-0.dll
Event: 0.257 Loaded shared library C:\Users\STAR\.openjfx\cache\21.0.2+5\amd64\api-ms-win-crt-utility-l1-1-0.dll
Event: 0.269 Loaded shared library C:\Users\STAR\.openjfx\cache\21.0.2+5\amd64\ucrtbase.dll
Event: 0.272 Loaded shared library C:\Users\STAR\.openjfx\cache\21.0.2+5\amd64\vcruntime140.dll
Event: 0.275 Loaded shared library C:\Users\STAR\.openjfx\cache\21.0.2+5\amd64\vcruntime140_1.dll
Event: 0.281 Loaded shared library C:\Users\STAR\.openjfx\cache\21.0.2+5\amd64\msvcp140.dll
Event: 0.283 Loaded shared library C:\Users\STAR\.openjfx\cache\21.0.2+5\amd64\msvcp140_1.dll
Event: 0.288 Loaded shared library C:\Users\STAR\.openjfx\cache\21.0.2+5\amd64\msvcp140_2.dll
Event: 0.325 Loaded shared library C:\Users\STAR\.openjfx\cache\21.0.2+5\amd64\prism_d3d.dll
Event: 0.390 Loaded shared library C:\Users\STAR\.openjfx\cache\21.0.2+5\amd64\glass.dll
Event: 0.484 Loaded shared library C:\Program Files\Eclipse Adoptium\jdk-17.0.18.8-hotspot\bin\jimage.dll
Event: 0.639 Loaded shared library C:\Program Files\Eclipse Adoptium\jdk-17.0.18.8-hotspot\bin\extnet.dll
Event: 0.832 Loaded shared library C:\Program Files\Eclipse Adoptium\jdk-17.0.18.8-hotspot\bin\sunmscapi.dll
Event: 1.138 Loaded shared library C:\Users\STAR\.openjfx\cache\21.0.2+5\amd64\javafx_font.dll
Event: 1.224 Loaded shared library C:\Users\STAR\.openjfx\cache\21.0.2+5\amd64\javafx_iio.dll

Deoptimization events (20 events):
Event: 28.697 Thread 0x000001ff772ddb40 DEOPT PACKING pc=0x000001ff64006440 sp=0x0000003c361fa470
Event: 28.698 Thread 0x000001ff772ddb40 DEOPT UNPACKING pc=0x000001ff6384a1a3 sp=0x0000003c361fa3a8 mode 2
Event: 28.708 Thread 0x000001ff772ddb40 Uncommon trap: trap_request=0xffffff45 fr.pc=0x000001ff63fbc484 relative=0x0000000000002a64
Event: 28.708 Thread 0x000001ff772ddb40 Uncommon trap: reason=unstable_if action=reinterpret pc=0x000001ff63fbc484 method=javafx.css.CssLexer.getToken()Lcom/sun/javafx/css/parser/Token; @ 205 c2
Event: 28.708 Thread 0x000001ff772ddb40 DEOPT PACKING pc=0x000001ff63fbc484 sp=0x0000003c361fa980
Event: 28.708 Thread 0x000001ff772ddb40 DEOPT UNPACKING pc=0x000001ff6384a1a3 sp=0x0000003c361fa958 mode 2
Event: 28.717 Thread 0x000001ff772ddb40 Uncommon trap: trap_request=0xffffff6e fr.pc=0x000001ff63fde1e4 relative=0x0000000000000804
Event: 28.717 Thread 0x000001ff772ddb40 Uncommon trap: reason=loop_limit_check action=maybe_recompile pc=0x000001ff63fde1e4 method=com.sun.javafx.css.StyleManager$RefList.add(Ljava/lang/Object;)V @ 14 c2
Event: 28.717 Thread 0x000001ff772ddb40 DEOPT PACKING pc=0x000001ff63fde1e4 sp=0x0000003c361fac30
Event: 28.717 Thread 0x000001ff772ddb40 DEOPT UNPACKING pc=0x000001ff6384a1a3 sp=0x0000003c361fabf0 mode 2
Event: 29.662 Thread 0x000001ff773a9d20 Uncommon trap: trap_request=0xffffff45 fr.pc=0x000001ff63f248ac relative=0x000000000000052c
Event: 29.662 Thread 0x000001ff773a9d20 Uncommon trap: reason=unstable_if action=reinterpret pc=0x000001ff63f248ac method=com.sun.javafx.geom.transform.AffineBase.updateState2D()V @ 51 c2
Event: 29.662 Thread 0x000001ff773a9d20 DEOPT PACKING pc=0x000001ff63f248ac sp=0x0000003c360fe1a0
Event: 29.663 Thread 0x000001ff773a9d20 DEOPT UNPACKING pc=0x000001ff6384a1a3 sp=0x0000003c360fe078 mode 2
Event: 29.663 Thread 0x000001ff773a9d20 Uncommon trap: trap_request=0xffffff45 fr.pc=0x000001ff64003600 relative=0x0000000000000800
Event: 29.663 Thread 0x000001ff773a9d20 Uncommon trap: reason=unstable_if action=reinterpret pc=0x000001ff64003600 method=com.sun.javafx.geom.transform.AffineBase.updateState2D()V @ 51 c2
Event: 29.663 Thread 0x000001ff773a9d20 DEOPT PACKING pc=0x000001ff64003600 sp=0x0000003c360fe1d0
Event: 29.663 Thread 0x000001ff773a9d20 DEOPT UNPACKING pc=0x000001ff6384a1a3 sp=0x0000003c360fe050 mode 2
Event: 29.712 Thread 0x000001ff773a9d20 DEOPT PACKING pc=0x000001ff5cf481f7 sp=0x0000003c360fe5d0
Event: 29.712 Thread 0x000001ff773a9d20 DEOPT UNPACKING pc=0x000001ff6384ace3 sp=0x0000003c360fda40 mode 0

Classes loaded (20 events):
Event: 25.250 Loading class sun/text/SupplementaryCharacterData
Event: 25.250 Loading class sun/text/SupplementaryCharacterData done
Event: 25.250 Loading class java/text/BreakIterator$BreakIteratorCache
Event: 25.250 Loading class java/text/BreakIterator$BreakIteratorCache done
Event: 25.250 Loading class java/text/StringCharacterIterator
Event: 25.250 Loading class java/text/StringCharacterIterator done
Event: 25.421 Loading class java/lang/FdLibm$Cbrt
Event: 25.423 Loading class java/lang/FdLibm$Cbrt done
Event: 27.765 Loading class jdk/internal/access/foreign/MemorySegmentProxy
Event: 27.766 Loading class jdk/internal/access/foreign/MemorySegmentProxy done
Event: 27.798 Loading class java/util/stream/ReduceOps$5
Event: 27.798 Loading class java/util/stream/ReduceOps$5 done
Event: 27.799 Loading class java/util/stream/ReduceOps$CountingSink$OfRef
Event: 27.799 Loading class java/util/stream/ReduceOps$CountingSink
Event: 27.799 Loading class java/util/stream/ReduceOps$CountingSink done
Event: 27.799 Loading class java/util/stream/ReduceOps$CountingSink$OfRef done
Event: 29.087 Loading class java/lang/Throwable$WrappedPrintStream
Event: 29.088 Loading class java/lang/Throwable$PrintStreamOrWriter
Event: 29.088 Loading class java/lang/Throwable$PrintStreamOrWriter done
Event: 29.088 Loading class java/lang/Throwable$WrappedPrintStream done

Classes unloaded (0 events):
No events

Classes redefined (0 events):
No events

Internal exceptions (20 events):
Event: 3.841 Thread 0x000001ff772ddb40 Exception <a 'java/lang/NoSuchMethodError'{0x000000008bcc1be0}: 'java.lang.Object java.lang.invoke.Invokers$Holder.linkToTargetMethod(java.lang.Object, long, java.lang.Object)'> (0x000000008bcc1be0) 
thrown [s\src\hotspot\share\interpreter\linkResolver.cpp, line 759]
Event: 20.383 Thread 0x000001ff773a9d20 Implicit null exception at 0x000001ff63f2051b to 0x000001ff63f20c60
Event: 24.662 Thread 0x000001ff772ddb40 Exception <a 'java/lang/ClassNotFoundException'{0x000000008ae03a10}: sun/util/logging/resources/spi/loggingProvider> (0x000000008ae03a10) 
thrown [s\src\hotspot\share\classfile\systemDictionary.cpp, line 256]
Event: 24.697 Thread 0x000001ff772ddb40 Implicit null exception at 0x000001ff63f0f750 to 0x000001ff63f0f7b4
Event: 24.735 Thread 0x000001ff772ddb40 Exception <a 'java/lang/NoSuchMethodError'{0x000000008ab666c0}: 'int java.lang.invoke.DirectMethodHandle$Holder.invokeVirtual(java.lang.Object, java.lang.Object)'> (0x000000008ab666c0) 
thrown [s\src\hotspot\share\interpreter\linkResolver.cpp, line 759]
Event: 24.736 Thread 0x000001ff772ddb40 Exception <a 'java/lang/NoSuchMethodError'{0x000000008ab7dea0}: 'java.lang.Object java.lang.invoke.Invokers$Holder.invokeExact_MT(java.lang.Object, java.lang.Object, java.lang.Object, java.lang.Object, java.lang.Object, java.lang.Object)'> (0x000000008ab7dea0) 
thrown [s\src\hotspot\share\interpreter\linkResolver.cpp, line 759]
Event: 24.831 Thread 0x000001ff772ddb40 Exception <a 'java/io/FileNotFoundException'{0x000000008a936398}> (0x000000008a936398) 
thrown [s\src\hotspot\share\prims\jni.cpp, line 516]
Event: 24.835 Thread 0x000001ff772ddb40 Exception <a 'java/io/FileNotFoundException'{0x000000008a971ac8}> (0x000000008a971ac8) 
thrown [s\src\hotspot\share\prims\jni.cpp, line 516]
Event: 24.858 Thread 0x000001ff772ddb40 Exception <a 'java/lang/ClassNotFoundException'{0x000000008a8e7138}: com/sun/javafx/scene/control/skin/resources/controls-nt> (0x000000008a8e7138) 
thrown [s\src\hotspot\share\prims\jni.cpp, line 535]
Event: 24.858 Thread 0x000001ff772ddb40 Exception <a 'java/lang/ClassNotFoundException'{0x000000008a8f0180}: com/sun/javafx/scene/control/skin/resources/controls-nt_fr> (0x000000008a8f0180) 
thrown [s\src\hotspot\share\prims\jni.cpp, line 535]
Event: 24.859 Thread 0x000001ff772ddb40 Exception <a 'java/lang/ClassNotFoundException'{0x000000008a8f29f8}: com/sun/javafx/scene/control/skin/resources/controls-nt_fr_FR> (0x000000008a8f29f8) 
thrown [s\src\hotspot\share\prims\jni.cpp, line 535]
Event: 25.233 Thread 0x000001ff772ddb40 Exception <a 'java/io/FileNotFoundException'{0x00000000910c3340}> (0x00000000910c3340) 
thrown [s\src\hotspot\share\prims\jni.cpp, line 516]
Event: 25.233 Thread 0x000001ff772ddb40 Exception <a 'java/io/FileNotFoundException'{0x00000000910c5910}> (0x00000000910c5910) 
thrown [s\src\hotspot\share\prims\jni.cpp, line 516]
Event: 25.233 Thread 0x000001ff772ddb40 Exception <a 'java/io/FileNotFoundException'{0x00000000910c7ef8}> (0x00000000910c7ef8) 
thrown [s\src\hotspot\share\prims\jni.cpp, line 516]
Event: 25.233 Thread 0x000001ff772ddb40 Exception <a 'java/io/FileNotFoundException'{0x00000000910ca4c0}> (0x00000000910ca4c0) 
thrown [s\src\hotspot\share\prims\jni.cpp, line 516]
Event: 28.705 Thread 0x000001ff772ddb40 Exception <a 'java/io/FileNotFoundException'{0x000000009652bb80}> (0x000000009652bb80) 
thrown [s\src\hotspot\share\prims\jni.cpp, line 516]
Event: 28.707 Thread 0x000001ff772ddb40 Exception <a 'java/io/FileNotFoundException'{0x0000000096567618}> (0x0000000096567618) 
thrown [s\src\hotspot\share\prims\jni.cpp, line 516]
Event: 29.087 Thread 0x000001ff773a9d20 Implicit null exception at 0x000001ff5cb21c00 to 0x000001ff5cb225b3
Event: 29.087 Thread 0x000001ff773a9d20 Exception <a 'java/lang/NullPointerException'{0x0000000095853868}> (0x0000000095853868) 
thrown [s\src\hotspot\share\runtime\sharedRuntime.cpp, line 631]
Event: 29.646 Thread 0x000001ff772ddb40 Exception <a 'java/lang/NoSuchMethodError'{0x000000009592f770}: 'java.lang.Object java.lang.invoke.DirectMethodHandle$Holder.newInvokeSpecial(java.lang.Object, java.lang.Object, java.lang.Object, double, double, double, double, int, int, int, int, int, int, int, int, int)'> (0x000000009592f770) 
thrown [s\src\hotspot\share\interpreter\linkResolver.cpp, line 759]

VM Operations (20 events):
Event: 28.567 Executing VM operation: G1PauseRemark
Event: 28.572 Executing VM operation: G1PauseRemark done
Event: 28.585 Executing VM operation: G1PauseCleanup
Event: 28.585 Executing VM operation: G1PauseCleanup done
Event: 28.601 Executing VM operation: G1TryInitiateConcMark
Event: 28.606 Executing VM operation: G1TryInitiateConcMark done
Event: 28.629 Executing VM operation: G1PauseRemark
Event: 28.632 Executing VM operation: G1PauseRemark done
Event: 28.643 Executing VM operation: G1PauseCleanup
Event: 28.643 Executing VM operation: G1PauseCleanup done
Event: 28.646 Executing VM operation: G1TryInitiateConcMark
Event: 28.653 Executing VM operation: G1TryInitiateConcMark done
Event: 28.674 Executing VM operation: G1PauseRemark
Event: 28.676 Executing VM operation: G1PauseRemark done
Event: 28.687 Executing VM operation: G1PauseCleanup
Event: 28.687 Executing VM operation: G1PauseCleanup done
Event: 28.732 Executing VM operation: HandshakeAllThreads
Event: 28.732 Executing VM operation: HandshakeAllThreads done
Event: 29.732 Executing VM operation: Cleanup
Event: 29.732 Executing VM operation: Cleanup done

Memory protections (0 events):
No events

Nmethod flushes (0 events):
No events

Events (20 events):
Event: 0.316 Thread 0x000001ff54759aa0 Thread added: 0x000001ff773a9d20
Event: 0.374 Thread 0x000001ff72dc6550 Thread exited: 0x000001ff72dc6550
Event: 0.392 Thread 0x000001ff54759aa0 Thread added: 0x000001ff773ef020
Event: 0.394 Thread 0x000001ff54759aa0 Thread added: 0x000001ff772ddb40
Event: 0.465 Thread 0x000001ff54759aa0 Thread added: 0x000001ff775d3f60
Event: 0.477 Thread 0x000001ff7767ee80 Thread added: 0x000001ff7767ee80
Event: 0.529 Thread 0x000001ff772ddb40 Thread added: 0x000001ff7cf99070
Event: 0.561 Thread 0x000001ff72a77b00 Thread added: 0x000001ff72dc5ab0
Event: 0.946 Thread 0x000001ff772ddb40 Thread added: 0x000001ff7cf9b3e0
Event: 1.208 Thread 0x000001ff772ddb40 Thread added: 0x000001ff7cf9a4b0
Event: 1.510 Thread 0x000001ff772ddb40 Thread added: 0x000001ff7cf98b60
Event: 2.055 Thread 0x000001ff72dc5ab0 Thread exited: 0x000001ff72dc5ab0
Event: 2.059 Thread 0x000001ff773a9d20 Thread added: 0x000001ff7cf9a9c0
Event: 2.580 Thread 0x000001ff7cf9a4b0 Thread exited: 0x000001ff7cf9a4b0
Event: 24.278 Thread 0x000001ff72a69ed0 Thread added: 0x000001ff7d721410
Event: 24.560 Thread 0x000001ff772ddb40 Thread added: 0x000001ff7cf98140
Event: 24.560 Thread 0x000001ff7cf98140 Thread exited: 0x000001ff7cf98140
Event: 25.095 Thread 0x000001ff7d721410 Thread exited: 0x000001ff7d721410
Event: 25.172 Thread 0x000001ff72a77b00 Thread added: 0x000001ff7d71eee0
Event: 25.406 Thread 0x000001ff7d71eee0 Thread exited: 0x000001ff7d71eee0


Dynamic libraries:
0x00007ff6df9d0000 - 0x00007ff6df9de000 	C:\Program Files\Eclipse Adoptium\jdk-17.0.18.8-hotspot\bin\java.exe
0x00007fffda470000 - 0x00007fffda668000 	C:\WINDOWS\SYSTEM32\ntdll.dll
0x00007fffd8660000 - 0x00007fffd8722000 	C:\WINDOWS\System32\KERNEL32.DLL
0x00007fffd7e50000 - 0x00007fffd8146000 	C:\WINDOWS\System32\KERNELBASE.dll
0x00007fffd81d0000 - 0x00007fffd82d0000 	C:\WINDOWS\System32\ucrtbase.dll
0x00007fffc5180000 - 0x00007fffc519e000 	C:\Program Files\Eclipse Adoptium\jdk-17.0.18.8-hotspot\bin\VCRUNTIME140.dll
0x00007fffc3680000 - 0x00007fffc3698000 	C:\Program Files\Eclipse Adoptium\jdk-17.0.18.8-hotspot\bin\jli.dll
0x00007fffd8490000 - 0x00007fffd8631000 	C:\WINDOWS\System32\USER32.dll
0x00007fffd7b00000 - 0x00007fffd7b22000 	C:\WINDOWS\System32\win32u.dll
0x00007fffc3890000 - 0x00007fffc3b2b000 	C:\WINDOWS\WinSxS\amd64_microsoft.windows.common-controls_6595b64144ccf1df_6.0.19041.6456_none_60b8a6cb71f64256\COMCTL32.dll
0x00007fffd9fe0000 - 0x00007fffda00b000 	C:\WINDOWS\System32\GDI32.dll
0x00007fffd95c0000 - 0x00007fffd965e000 	C:\WINDOWS\System32\msvcrt.dll
0x00007fffd7b30000 - 0x00007fffd7c49000 	C:\WINDOWS\System32\gdi32full.dll
0x00007fffd7db0000 - 0x00007fffd7e4d000 	C:\WINDOWS\System32\msvcp_win.dll
0x00007fffd96f0000 - 0x00007fffd971f000 	C:\WINDOWS\System32\IMM32.DLL
0x00007fffcc260000 - 0x00007fffcc26c000 	C:\Program Files\Eclipse Adoptium\jdk-17.0.18.8-hotspot\bin\vcruntime140_1.dll
0x00007fffc35b0000 - 0x00007fffc363d000 	C:\Program Files\Eclipse Adoptium\jdk-17.0.18.8-hotspot\bin\msvcp140.dll
0x00007fff600c0000 - 0x00007fff60d2b000 	C:\Program Files\Eclipse Adoptium\jdk-17.0.18.8-hotspot\bin\server\jvm.dll
0x00007fffd9840000 - 0x00007fffd98f1000 	C:\WINDOWS\System32\ADVAPI32.dll
0x00007fffd8f80000 - 0x00007fffd901f000 	C:\WINDOWS\System32\sechost.dll
0x00007fffda310000 - 0x00007fffda430000 	C:\WINDOWS\System32\RPCRT4.dll
0x00007fffd8320000 - 0x00007fffd8347000 	C:\WINDOWS\System32\bcrypt.dll
0x00007fffd9720000 - 0x00007fffd978b000 	C:\WINDOWS\System32\WS2_32.dll
0x00007fffd7090000 - 0x00007fffd70db000 	C:\WINDOWS\SYSTEM32\POWRPROF.dll
0x00007fffcc230000 - 0x00007fffcc257000 	C:\WINDOWS\SYSTEM32\WINMM.dll
0x00007fffcf3b0000 - 0x00007fffcf3ba000 	C:\WINDOWS\SYSTEM32\VERSION.dll
0x00007fffd6f00000 - 0x00007fffd6f12000 	C:\WINDOWS\SYSTEM32\UMPDC.dll
0x00007fffd6310000 - 0x00007fffd6322000 	C:\WINDOWS\SYSTEM32\kernel.appcore.dll
0x00007fffc5230000 - 0x00007fffc523a000 	C:\Program Files\Eclipse Adoptium\jdk-17.0.18.8-hotspot\bin\jimage.dll
0x00007fffd5ff0000 - 0x00007fffd61f1000 	C:\WINDOWS\SYSTEM32\DBGHELP.DLL
0x00007fffc5130000 - 0x00007fffc5164000 	C:\WINDOWS\SYSTEM32\dbgcore.DLL
0x00007fffd8350000 - 0x00007fffd83d2000 	C:\WINDOWS\System32\bcryptPrimitives.dll
0x00007fffc3580000 - 0x00007fffc35a5000 	C:\Program Files\Eclipse Adoptium\jdk-17.0.18.8-hotspot\bin\java.dll
0x00007fffa8b40000 - 0x00007fffa8c17000 	C:\Program Files\Eclipse Adoptium\jdk-17.0.18.8-hotspot\bin\jsvml.dll
0x00007fffd8790000 - 0x00007fffd8f00000 	C:\WINDOWS\System32\SHELL32.dll
0x00007fffd5840000 - 0x00007fffd5fe5000 	C:\WINDOWS\SYSTEM32\windows.storage.dll
0x00007fffd91b0000 - 0x00007fffd9504000 	C:\WINDOWS\System32\combase.dll
0x00007fffd7530000 - 0x00007fffd755b000 	C:\WINDOWS\SYSTEM32\Wldp.dll
0x00007fffda080000 - 0x00007fffda14d000 	C:\WINDOWS\System32\OLEAUT32.dll
0x00007fffd9790000 - 0x00007fffd983d000 	C:\WINDOWS\System32\SHCORE.dll
0x00007fffd9900000 - 0x00007fffd995b000 	C:\WINDOWS\System32\shlwapi.dll
0x00007fffd7a30000 - 0x00007fffd7a54000 	C:\WINDOWS\SYSTEM32\profapi.dll
0x00007fffc3660000 - 0x00007fffc367a000 	C:\Program Files\Eclipse Adoptium\jdk-17.0.18.8-hotspot\bin\net.dll
0x00007fffd42e0000 - 0x00007fffd43ea000 	C:\WINDOWS\SYSTEM32\WINHTTP.dll
0x00007fffd7290000 - 0x00007fffd72fa000 	C:\WINDOWS\system32\mswsock.dll
0x00007fffc3560000 - 0x00007fffc3576000 	C:\Program Files\Eclipse Adoptium\jdk-17.0.18.8-hotspot\bin\nio.dll
0x00007fffc3540000 - 0x00007fffc3558000 	C:\Program Files\Eclipse Adoptium\jdk-17.0.18.8-hotspot\bin\zip.dll
0x000001ff52710000 - 0x000001ff52713000 	C:\Users\STAR\.openjfx\cache\21.0.2+5\amd64\api-ms-win-core-console-l1-1-0.dll
0x000001ff52720000 - 0x000001ff52723000 	C:\Users\STAR\.openjfx\cache\21.0.2+5\amd64\api-ms-win-core-console-l1-2-0.dll
0x000001ff52730000 - 0x000001ff52733000 	C:\Users\STAR\.openjfx\cache\21.0.2+5\amd64\api-ms-win-core-datetime-l1-1-0.dll
0x000001ff52740000 - 0x000001ff52743000 	C:\Users\STAR\.openjfx\cache\21.0.2+5\amd64\api-ms-win-core-debug-l1-1-0.dll
0x000001ff52750000 - 0x000001ff52753000 	C:\Users\STAR\.openjfx\cache\21.0.2+5\amd64\api-ms-win-core-errorhandling-l1-1-0.dll
0x000001ff546e0000 - 0x000001ff546e4000 	C:\Users\STAR\.openjfx\cache\21.0.2+5\amd64\api-ms-win-core-file-l1-1-0.dll
0x000001ff546f0000 - 0x000001ff546f3000 	C:\Users\STAR\.openjfx\cache\21.0.2+5\amd64\api-ms-win-core-file-l1-2-0.dll
0x000001ff54700000 - 0x000001ff54703000 	C:\Users\STAR\.openjfx\cache\21.0.2+5\amd64\api-ms-win-core-file-l2-1-0.dll
0x000001ff72ff0000 - 0x000001ff72ff3000 	C:\Users\STAR\.openjfx\cache\21.0.2+5\amd64\api-ms-win-core-handle-l1-1-0.dll
0x000001ff77800000 - 0x000001ff77803000 	C:\Users\STAR\.openjfx\cache\21.0.2+5\amd64\api-ms-win-core-heap-l1-1-0.dll
0x000001ff77810000 - 0x000001ff77813000 	C:\Users\STAR\.openjfx\cache\21.0.2+5\amd64\api-ms-win-core-interlocked-l1-1-0.dll
0x000001ff77820000 - 0x000001ff77823000 	C:\Users\STAR\.openjfx\cache\21.0.2+5\amd64\api-ms-win-core-libraryloader-l1-1-0.dll
0x000001ff77830000 - 0x000001ff77833000 	C:\Users\STAR\.openjfx\cache\21.0.2+5\amd64\api-ms-win-core-localization-l1-2-0.dll
0x000001ff77840000 - 0x000001ff77843000 	C:\Users\STAR\.openjfx\cache\21.0.2+5\amd64\api-ms-win-core-memory-l1-1-0.dll
0x000001ff77850000 - 0x000001ff77853000 	C:\Users\STAR\.openjfx\cache\21.0.2+5\amd64\api-ms-win-core-namedpipe-l1-1-0.dll
0x000001ff77860000 - 0x000001ff77863000 	C:\Users\STAR\.openjfx\cache\21.0.2+5\amd64\api-ms-win-core-processenvironment-l1-1-0.dll
0x000001ff77870000 - 0x000001ff77873000 	C:\Users\STAR\.openjfx\cache\21.0.2+5\amd64\api-ms-win-core-processthreads-l1-1-0.dll
0x000001ff77880000 - 0x000001ff77883000 	C:\Users\STAR\.openjfx\cache\21.0.2+5\amd64\api-ms-win-core-processthreads-l1-1-1.dll
0x000001ff77890000 - 0x000001ff77893000 	C:\Users\STAR\.openjfx\cache\21.0.2+5\amd64\api-ms-win-core-profile-l1-1-0.dll
0x000001ff778a0000 - 0x000001ff778a3000 	C:\Users\STAR\.openjfx\cache\21.0.2+5\amd64\api-ms-win-core-rtlsupport-l1-1-0.dll
0x000001ff778b0000 - 0x000001ff778b3000 	C:\Users\STAR\.openjfx\cache\21.0.2+5\amd64\api-ms-win-core-string-l1-1-0.dll
0x000001ff778c0000 - 0x000001ff778c3000 	C:\Users\STAR\.openjfx\cache\21.0.2+5\amd64\api-ms-win-core-synch-l1-1-0.dll
0x000001ff778d0000 - 0x000001ff778d3000 	C:\Users\STAR\.openjfx\cache\21.0.2+5\amd64\api-ms-win-core-synch-l1-2-0.dll
0x000001ff778e0000 - 0x000001ff778e3000 	C:\Users\STAR\.openjfx\cache\21.0.2+5\amd64\api-ms-win-core-sysinfo-l1-1-0.dll
0x000001ff778f0000 - 0x000001ff778f3000 	C:\Users\STAR\.openjfx\cache\21.0.2+5\amd64\api-ms-win-core-timezone-l1-1-0.dll
0x000001ff77900000 - 0x000001ff77903000 	C:\Users\STAR\.openjfx\cache\21.0.2+5\amd64\api-ms-win-core-util-l1-1-0.dll
0x000001ff77910000 - 0x000001ff77913000 	C:\Users\STAR\.openjfx\cache\21.0.2+5\amd64\api-ms-win-crt-conio-l1-1-0.dll
0x000001ff77920000 - 0x000001ff77924000 	C:\Users\STAR\.openjfx\cache\21.0.2+5\amd64\api-ms-win-crt-convert-l1-1-0.dll
0x000001ff77930000 - 0x000001ff77933000 	C:\Users\STAR\.openjfx\cache\21.0.2+5\amd64\api-ms-win-crt-environment-l1-1-0.dll
0x000001ff77940000 - 0x000001ff77943000 	C:\Users\STAR\.openjfx\cache\21.0.2+5\amd64\api-ms-win-crt-filesystem-l1-1-0.dll
0x000001ff77950000 - 0x000001ff77953000 	C:\Users\STAR\.openjfx\cache\21.0.2+5\amd64\api-ms-win-crt-heap-l1-1-0.dll
0x000001ff77960000 - 0x000001ff77963000 	C:\Users\STAR\.openjfx\cache\21.0.2+5\amd64\api-ms-win-crt-locale-l1-1-0.dll
0x000001ff77970000 - 0x000001ff77975000 	C:\Users\STAR\.openjfx\cache\21.0.2+5\amd64\api-ms-win-crt-math-l1-1-0.dll
0x000001ff77980000 - 0x000001ff77985000 	C:\Users\STAR\.openjfx\cache\21.0.2+5\amd64\api-ms-win-crt-multibyte-l1-1-0.dll
0x000001ff77990000 - 0x000001ff779a0000 	C:\Users\STAR\.openjfx\cache\21.0.2+5\amd64\api-ms-win-crt-private-l1-1-0.dll
0x000001ff779a0000 - 0x000001ff779a3000 	C:\Users\STAR\.openjfx\cache\21.0.2+5\amd64\api-ms-win-crt-process-l1-1-0.dll
0x000001ff779b0000 - 0x000001ff779b4000 	C:\Users\STAR\.openjfx\cache\21.0.2+5\amd64\api-ms-win-crt-runtime-l1-1-0.dll
0x000001ff779c0000 - 0x000001ff779c4000 	C:\Users\STAR\.openjfx\cache\21.0.2+5\amd64\api-ms-win-crt-stdio-l1-1-0.dll
0x000001ff779d0000 - 0x000001ff779d4000 	C:\Users\STAR\.openjfx\cache\21.0.2+5\amd64\api-ms-win-crt-string-l1-1-0.dll
0x000001ff779e0000 - 0x000001ff779e3000 	C:\Users\STAR\.openjfx\cache\21.0.2+5\amd64\api-ms-win-crt-time-l1-1-0.dll
0x000001ff779f0000 - 0x000001ff779f3000 	C:\Users\STAR\.openjfx\cache\21.0.2+5\amd64\api-ms-win-crt-utility-l1-1-0.dll
0x00007fff93af0000 - 0x00007fff93bec000 	C:\Users\STAR\.openjfx\cache\21.0.2+5\amd64\ucrtbase.dll
0x00007fffc34e0000 - 0x00007fffc34fb000 	C:\Users\STAR\.openjfx\cache\21.0.2+5\amd64\vcruntime140.dll
0x00007fffc34d0000 - 0x00007fffc34dc000 	C:\Users\STAR\.openjfx\cache\21.0.2+5\amd64\vcruntime140_1.dll
0x00007fffa51b0000 - 0x00007fffa523e000 	C:\Users\STAR\.openjfx\cache\21.0.2+5\amd64\msvcp140.dll
0x00007fffc2e50000 - 0x00007fffc2e59000 	C:\Users\STAR\.openjfx\cache\21.0.2+5\amd64\msvcp140_1.dll
0x00007fffc2a40000 - 0x00007fffc2a81000 	C:\Users\STAR\.openjfx\cache\21.0.2+5\amd64\msvcp140_2.dll
0x00007fffbe3f0000 - 0x00007fffbe420000 	C:\Users\STAR\.openjfx\cache\21.0.2+5\amd64\prism_d3d.dll
0x00007fff935a0000 - 0x00007fff93771000 	C:\WINDOWS\system32\d3d9.dll
0x00007fffd5180000 - 0x00007fffd51ae000 	C:\WINDOWS\SYSTEM32\dwmapi.dll
0x00007fffd5040000 - 0x00007fffd50de000 	C:\WINDOWS\system32\uxtheme.dll
0x00007fff8fa60000 - 0x00007fff8fc0b000 	C:\WINDOWS\System32\DriverStore\FileRepository\iigd_dch.inf_amd64_9b41cef4891594fc\igdumdim64.dll
0x00007fffd9eb0000 - 0x00007fffd9fdb000 	C:\WINDOWS\System32\ole32.dll
0x00007fff76e90000 - 0x00007fff7ab05000 	C:\WINDOWS\System32\DriverStore\FileRepository\iigd_dch.inf_amd64_9b41cef4891594fc\igd9dxva64.dll
0x00007fffd9a40000 - 0x00007fffd9eb0000 	C:\WINDOWS\System32\SETUPAPI.dll
0x00007fffd82d0000 - 0x00007fffd831e000 	C:\WINDOWS\System32\cfgmgr32.dll
0x00007fffcad20000 - 0x00007fffcb109000 	C:\WINDOWS\System32\DriverStore\FileRepository\iigd_dch.inf_amd64_9b41cef4891594fc\igdgmm64.dll
0x00007fffa85d0000 - 0x00007fffa8612000 	C:\Users\STAR\.openjfx\cache\21.0.2+5\amd64\glass.dll
0x00007fffd9960000 - 0x00007fffd9a3a000 	C:\WINDOWS\System32\COMDLG32.dll
0x00007fffd9020000 - 0x00007fffd9135000 	C:\WINDOWS\System32\MSCTF.dll
0x00007fff8a010000 - 0x00007fff8a037000 	C:\WINDOWS\System32\DriverStore\FileRepository\iigd_dch.inf_amd64_9b41cef4891594fc\igdinfo64.dll
0x00007fffd7480000 - 0x00007fffd7498000 	C:\WINDOWS\SYSTEM32\CRYPTSP.dll
0x00007fffd6b40000 - 0x00007fffd6b78000 	C:\WINDOWS\system32\rsaenh.dll
0x00007fffd74a0000 - 0x00007fffd74ac000 	C:\WINDOWS\SYSTEM32\CRYPTBASE.dll
0x00007fffc75e0000 - 0x00007fffcad17000 	C:\WINDOWS\System32\DriverStore\FileRepository\iigd_dch.inf_amd64_9b41cef4891594fc\igc64.dll
0x00007fffccd80000 - 0x00007fffccdbb000 	C:\WINDOWS\SYSTEM32\dxcore.dll
0x00007fffc2a20000 - 0x00007fffc2a29000 	C:\Program Files\Eclipse Adoptium\jdk-17.0.18.8-hotspot\bin\extnet.dll
0x00007fffd79f0000 - 0x00007fffd7a1e000 	C:\WINDOWS\SYSTEM32\USERENV.dll
0x00007fffd6f20000 - 0x00007fffd6f5b000 	C:\WINDOWS\SYSTEM32\IPHLPAPI.DLL
0x00007fffd9140000 - 0x00007fffd9148000 	C:\WINDOWS\System32\NSI.dll
0x00007fffd2fb0000 - 0x00007fffd2fc7000 	C:\WINDOWS\SYSTEM32\dhcpcsvc6.DLL
0x00007fffd0350000 - 0x00007fffd036d000 	C:\WINDOWS\SYSTEM32\dhcpcsvc.DLL
0x00007fffd6f60000 - 0x00007fffd702a000 	C:\WINDOWS\SYSTEM32\DNSAPI.dll
0x00007fffc1380000 - 0x00007fffc138e000 	C:\Program Files\Eclipse Adoptium\jdk-17.0.18.8-hotspot\bin\sunmscapi.dll
0x00007fffd7c50000 - 0x00007fffd7dad000 	C:\WINDOWS\System32\CRYPT32.dll
0x00007fffd75a0000 - 0x00007fffd75c7000 	C:\WINDOWS\SYSTEM32\ncrypt.dll
0x00007fffd7560000 - 0x00007fffd759b000 	C:\WINDOWS\SYSTEM32\NTASN1.dll
0x00007fffbe3c0000 - 0x00007fffbe3d4000 	C:\Users\STAR\.openjfx\cache\21.0.2+5\amd64\javafx_font.dll
0x00007fffa07a0000 - 0x00007fffa07cd000 	C:\Users\STAR\.openjfx\cache\21.0.2+5\amd64\javafx_iio.dll
0x00007fffab8c0000 - 0x00007fffabb3f000 	C:\WINDOWS\SYSTEM32\dwrite.dll
0x00007fffd9510000 - 0x00007fffd95b9000 	C:\WINDOWS\System32\clbcatq.dll

dbghelp: loaded successfully - version: 4.0.5 - missing functions: none
symbol engine: initialized successfully - sym options: 0x614 - pdb path: .;C:\Program Files\Eclipse Adoptium\jdk-17.0.18.8-hotspot\bin;C:\WINDOWS\SYSTEM32;C:\WINDOWS\WinSxS\amd64_microsoft.windows.common-controls_6595b64144ccf1df_6.0.19041.6456_none_60b8a6cb71f64256;C:\Program Files\Eclipse Adoptium\jdk-17.0.18.8-hotspot\bin\server;C:\Users\STAR\.openjfx\cache\21.0.2+5\amd64;C:\WINDOWS\System32\DriverStore\FileRepository\iigd_dch.inf_amd64_9b41cef4891594fc;C:\Program Files\Common Files\Microsoft Shared\Ink;C:\Program Files\Bonjour

VM Arguments:
jvm_args: --module-path=C:\Users\STAR\.m2\repository\org\openjfx\javafx-base\21.0.2\javafx-base-21.0.2-win.jar;C:\Users\STAR\.m2\repository\org\openjfx\javafx-base\21.0.2\javafx-base-21.0.2.jar;C:\Users\STAR\.m2\repository\org\openjfx\javafx-controls\21.0.2\javafx-controls-21.0.2-win.jar;C:\Users\STAR\.m2\repository\org\openjfx\javafx-controls\21.0.2\javafx-controls-21.0.2.jar;C:\Users\STAR\.m2\repository\org\openjfx\javafx-fxml\21.0.2\javafx-fxml-21.0.2-win.jar;C:\Users\STAR\.m2\repository\org\openjfx\javafx-fxml\21.0.2\javafx-fxml-21.0.2.jar;C:\Users\STAR\.m2\repository\org\openjfx\javafx-graphics\21.0.2\javafx-graphics-21.0.2-win.jar;C:\Users\STAR\.m2\repository\org\openjfx\javafx-graphics\21.0.2\javafx-graphics-21.0.2.jar;C:\Users\STAR\.m2\repository\org\openjfx\javafx-swing\21.0.2\javafx-swing-21.0.2-win.jar;C:\Users\STAR\.m2\repository\org\openjfx\javafx-swing\21.0.2\javafx-swing-21.0.2.jar --add-modules=javafx.base,javafx.controls,javafx.fxml,javafx.graphics,javafx.swing 
java_command: rehla.MainFx
java_class_path (initial): C:\Users\STAR\Desktop\Esprit-PIDEV-3A26-2526-Rehla\target\classes;C:\Users\STAR\.m2\repository\com\beust\jcommander\1.82\jcommander-1.82.jar;C:\Users\STAR\.m2\repository\com\fasterxml\jackson\core\jackson-annotations\2.14.0\jackson-annotations-2.14.0.jar;C:\Users\STAR\.m2\repository\com\fasterxml\jackson\core\jackson-core\2.14.0\jackson-core-2.14.0.jar;C:\Users\STAR\.m2\repository\com\fasterxml\jackson\core\jackson-databind\2.14.0\jackson-databind-2.14.0.jar;C:\Users\STAR\.m2\repository\com\fasterxml\jackson\dataformat\jackson-dataformat-xml\2.14.0\jackson-dataformat-xml-2.14.0.jar;C:\Users\STAR\.m2\repository\com\fasterxml\jackson\datatype\jackson-datatype-jsr310\2.14.0\jackson-datatype-jsr310-2.14.0.jar;C:\Users\STAR\.m2\repository\com\fasterxml\woodstox\woodstox-core\6.4.0\woodstox-core-6.4.0.jar;C:\Users\STAR\.m2\repository\com\github\jai-imageio\jai-imageio-core\1.4.0\jai-imageio-core-1.4.0.jar;C:\Users\STAR\.m2\repository\com\github\sarxos\webcam-capture\0.3.12\webcam-capture-0.3.12.jar;C:\Users\STAR\.m2\repository\com\google\code\gson\gson\2.11.0\gson-2.11.0.jar;C:\Users\STAR\.m2\repository\com\google\errorprone\error_prone_annotations\2.27.0\error_prone_annotations-2.27.0.jar;C:\Users\STAR\.m2\repository\com\google\protobuf\protobuf-java\3.21.9\protobuf-java-3.21.9.jar;C:\Users\STAR\.m2\repository\com\google\zxing\core\3.5.1\core-3.5.1.jar;C:\Users\STAR\.m2\repository\com\google\zxing\javase\3.5.1\javase-3.5.1.jar;C:\Users\STAR\.m2\repository\com\itextpdf\barcodes\7.2.5\barcodes-7.2.5.jar;C:\Users\STAR\.m2\repository\com\itextpdf\commons\7.2.5\commons-7.2.5.jar;C:\Users\STAR\.m2\repository\com\itextpdf\font-asian\7.2.5\font-asian-7.2.5.jar;C:\Users\STAR\.m2\repository\com\itextpdf\forms\7.2.5\forms-7.2.5.jar;C:\Users\STAR\.m2\repository\com\itextpdf\hyph\7.2.5\hyph-7.2.5.jar;C:\Users\STAR\.m2\repository\com\itextpdf\io\7.2.5\io-7.2.5.jar;C:\Users\STAR\.m2\repository\com\itextpdf\kernel\7.2.5\kernel-7.2.5.jar;C:\Users\STAR\.m2\rep
Launcher Type: SUN_STANDARD

[Global flags]
     intx CICompilerCount                          = 4                                         {product} {ergonomic}
     uint ConcGCThreads                            = 2                                         {product} {ergonomic}
     uint G1ConcRefinementThreads                  = 8                                         {product} {ergonomic}
   size_t G1HeapRegionSize                         = 1048576                                   {product} {ergonomic}
    uintx GCDrainStackTargetSize                   = 64                                        {product} {ergonomic}
   size_t InitialHeapSize                          = 132120576                                 {product} {ergonomic}
   size_t MarkStackSize                            = 4194304                                   {product} {ergonomic}
   size_t MaxHeapSize                              = 2095054848                                {product} {ergonomic}
   size_t MaxNewSize                               = 1256194048                                {product} {ergonomic}
   size_t MinHeapDeltaBytes                        = 1048576                                   {product} {ergonomic}
   size_t MinHeapSize                              = 8388608                                   {product} {ergonomic}
    uintx NonNMethodCodeHeapSize                   = 5839372                                {pd product} {ergonomic}
    uintx NonProfiledCodeHeapSize                  = 122909434                              {pd product} {ergonomic}
    uintx ProfiledCodeHeapSize                     = 122909434                              {pd product} {ergonomic}
    uintx ReservedCodeCacheSize                    = 251658240                              {pd product} {ergonomic}
     bool SegmentedCodeCache                       = true                                      {product} {ergonomic}
   size_t SoftMaxHeapSize                          = 2095054848                             {manageable} {ergonomic}
     bool UseCompressedClassPointers               = true                           {product lp64_product} {ergonomic}
     bool UseCompressedOops                        = true                           {product lp64_product} {ergonomic}
     bool UseG1GC                                  = true                                      {product} {ergonomic}
     bool UseLargePagesIndividualAllocation        = false                                  {pd product} {ergonomic}

Logging:
Log output configuration:
 #0: stdout all=warning uptime,level,tags
 #1: stderr all=off uptime,level,tags

Environment Variables:
JAVA_HOME=C:\Program Files\Eclipse Adoptium\jdk-17.0.18.8-hotspot
PATH=C:\Program Files\Eclipse Adoptium\jdk-17.0.18.8-hotspot\bin;C:\Program Files\Eclipse Adoptium\jdk-21.0.8.9-hotspot\bin;c:\Users\STAR\AppData\Local\Programs\cursor\resources\app\bin;C:\Program Files\Google\Chrome\Application;C:\oraclexe\app\oracle\product\11.2.0\server\bin;;C:\WINDOWS\system32;C:\WINDOWS;C:\WINDOWS\System32\Wbem;C:\WINDOWS\System32\WindowsPowerShell\v1.0\;C:\WINDOWS\System32\OpenSSH\;C:\Program Files\Git\cmd;C:\Program Files\dotnet\;C:\Program Files (x86)\NVIDIA Corporation\PhysX\Common;C:\Program Files\NVIDIA Corporation\NVIDIA NvDLISR;C:\Program Files\Calibre2\;C:\Users\STAR\AppData\Local\Programs\Python\Python313\;C:\Users\STAR\AppData\Local\Programs\Python\Launcher\;C:\Users\STAR\AppData\Local\Programs\Python\Python313\Scripts\;C:\Users\STAR\AppData\Local\Microsoft\WindowsApps;C:\Users\STAR\AppData\Local\GitHubDesktop\bin;C:\Users\STAR\AppData\Local\Programs\Windsurf\bin;c:\Users\STAR\AppData\Local\Programs\cursor\resources\app\bin;C:\Program Files\MySQL\MySQL Shell 8.0\bin\;C:\composer;C:\xampp\php;C:\Users\STAR\AppData\Local\Microsoft\WindowsApps;C:\Users\STAR\AppData\Local\Programs\Microsoft VS Code\bin;C:\Users\STAR\AppData\Local\GitHubDesktop\bin;C:\Program Files\JetBrains\IntelliJ IDEA 2025.2.2\bin;C:\Users\STAR\AppData\Local\Programs\Windsurf\bin
USERNAME=STAR
OS=Windows_NT
PROCESSOR_IDENTIFIER=Intel64 Family 6 Model 140 Stepping 1, GenuineIntel
TMP=C:\Users\STAR\AppData\Local\Temp
TEMP=C:\Users\STAR\AppData\Local\Temp



Periodic native trim disabled


---------------  S Y S T E M  ---------------

OS:
 Windows 10 , 64 bit Build 19041 (10.0.19041.5915)
OS uptime: 0 days 9:50 hours

CPU: total 8 (initial active 8) (4 cores per cpu, 2 threads per core) family 6 model 140 stepping 1 microcode 0x9a, cx8, cmov, fxsr, ht, mmx, 3dnowpref, sse, sse2, sse3, ssse3, sse4.1, sse4.2, popcnt, lzcnt, tsc, tscinvbit, avx, avx2, aes, erms, clmul, bmi1, bmi2, adx, avx512f, avx512dq, avx512cd, avx512bw, avx512vl, sha, fma, vzeroupper, avx512_vpopcntdq, avx512_vpclmulqdq, avx512_vaes, avx512_vnni, clflush, clflushopt, clwb, avx512_vbmi2, avx512_vbmi
Processor Information for all 8 processors :
  Max Mhz: 2419, Current Mhz: 2419, Mhz Limit: 2419

Memory: 4k page, system-wide physical 7991M (398M free)
TotalPageFile size 32567M (AvailPageFile size 2M)
current process WorkingSet (physical memory assigned to process): 409M, peak: 532M
current process commit charge ("private bytes"): 950M, peak: 951M

vm_info: OpenJDK 64-Bit Server VM (17.0.18+8) for windows-amd64 JRE (17.0.18+8), built on Jan 20 2026 22:28:22 by "admin" with MS VC++ 17.12 (VS2022)

END.
