#
# There is insufficient memory for the Java Runtime Environment to continue.
# Native memory allocation (malloc) failed to allocate 1625776 bytes. Error detail: Chunk::new
# Possible reasons:
#   The system is out of physical RAM or swap space
#   This process is running with CompressedOops enabled, and the Java Heap may be blocking the growth of the native heap
# Possible solutions:
#   Reduce memory load on the system
#   Increase physical memory or swap space
#   Check if swap backing store is full
#   Decrease Java heap size (-Xmx/-Xms)
#   Decrease number of Java threads
#   Decrease Java thread stack sizes (-Xss)
#   Set larger code cache with -XX:ReservedCodeCacheSize=
#   JVM is running with Unscaled Compressed Oops mode in which the Java heap is
#     placed in the first 4GB address space. The Java Heap base address is the
#     maximum limit for the native heap growth. Please use -XX:HeapBaseMinAddress
#     to set the Java Heap base and to place the Java Heap above 4GB virtual address.
# This output file may be truncated or incomplete.
#
#  Out of Memory Error (arena.cpp:191), pid=20028, tid=14568
#
# JRE version: OpenJDK Runtime Environment Temurin-17.0.18+8 (17.0.18+8) (build 17.0.18+8)
# Java VM: OpenJDK 64-Bit Server VM Temurin-17.0.18+8 (17.0.18+8, mixed mode, sharing, tiered, compressed oops, compressed class ptrs, g1 gc, windows-amd64)
# No core dump will be written. Minidumps are not enabled by default on client versions of Windows
#

---------------  S U M M A R Y ------------

Command Line: -Dclassworlds.conf=C:\Program Files\JetBrains\IntelliJ IDEA 2025.2.2\plugins\maven\lib\maven3\bin\m2.conf -Dmaven.home=C:\Program Files\JetBrains\IntelliJ IDEA 2025.2.2\plugins\maven\lib\maven3 -Dlibrary.jansi.path=C:\Program Files\JetBrains\IntelliJ IDEA 2025.2.2\plugins\maven\lib\maven3\lib\jansi-native -Dmaven.multiModuleProjectDirectory=C:\Users\STAR\Desktop\Esprit-PIDEV-3A26-2526-Rehla org.codehaus.plexus.classworlds.launcher.Launcher -Didea.version=2025.2.2 -Dmaven.ext.class.path=C:\Program Files\JetBrains\IntelliJ IDEA 2025.2.2\plugins\maven\lib\maven-event-listener.jar -Djansi.passthrough=true -Dstyle.color=always -Dmaven.repo.local=C:\Users\STAR\.m2\repository org.openjfx:javafx-maven-plugin:0.0.8:run -f pom.xml

Host: 11th Gen Intel(R) Core(TM) i5-1135G7 @ 2.40GHz, 8 cores, 7G,  Windows 10 , 64 bit Build 19041 (10.0.19041.5915)
Time: Tue May 12 17:25:38 2026 Europe de l , 64 bit Build 19041 (10.0.19041.5915) elapsed time: 16.805504 seconds (0d 0h 0m 16s)

---------------  T H R E A D  ---------------

Current thread (0x000001a200b5caa0):  JavaThread "C2 CompilerThread1" daemon [_thread_in_native, id=14568, stack(0x0000006efec00000,0x0000006efed00000)]


Current CompileTask:
C2:16806 8599       4       com.sun.tools.javac.code.Types::union (134 bytes)

Stack: [0x0000006efec00000,0x0000006efed00000]
Native frames: (J=compiled Java code, j=interpreted, Vv=VM code, C=native code)
V  [jvm.dll+0x6846f9]
V  [jvm.dll+0x839ea5]
V  [jvm.dll+0x83b91e]
V  [jvm.dll+0x83bfa3]
V  [jvm.dll+0x248eff]
V  [jvm.dll+0xad496]
V  [jvm.dll+0xadb3c]
V  [jvm.dll+0x368bcf]
V  [jvm.dll+0x333055]
V  [jvm.dll+0x3324ba]
V  [jvm.dll+0x219db9]
V  [jvm.dll+0x219200]
V  [jvm.dll+0x1a4920]
V  [jvm.dll+0x22989a]
V  [jvm.dll+0x227a4b]
V  [jvm.dll+0x7f0658]
V  [jvm.dll+0x7eaaec]
V  [jvm.dll+0x6835c7]
C  [ucrtbase.dll+0x21bb2]
C  [KERNEL32.DLL+0x17374]
C  [ntdll.dll+0x4cc91]


---------------  P R O C E S S  ---------------

Threads class SMR info:
_java_thread_list=0x000001a20003db50, length=14, elements={
0x000001a219940c40, 0x000001a239be90a0, 0x000001a239be9b70, 0x000001a239c00c40,
0x000001a239c03620, 0x000001a239c05f00, 0x000001a239c087e0, 0x000001a239c093e0,
0x000001a239c15610, 0x000001a239c1ff20, 0x000001a27f0e2190, 0x000001a27f0e76f0,
0x000001a20047e590, 0x000001a200b5caa0
}

Java Threads: ( => current thread )
  0x000001a219940c40 JavaThread "main" [_thread_in_Java, id=8700, stack(0x0000006efd000000,0x0000006efd100000)]
  0x000001a239be90a0 JavaThread "Reference Handler" daemon [_thread_blocked, id=19416, stack(0x0000006efd700000,0x0000006efd800000)]
  0x000001a239be9b70 JavaThread "Finalizer" daemon [_thread_blocked, id=17168, stack(0x0000006efd800000,0x0000006efd900000)]
  0x000001a239c00c40 JavaThread "Signal Dispatcher" daemon [_thread_blocked, id=14816, stack(0x0000006efd900000,0x0000006efda00000)]
  0x000001a239c03620 JavaThread "Attach Listener" daemon [_thread_blocked, id=18800, stack(0x0000006efda00000,0x0000006efdb00000)]
  0x000001a239c05f00 JavaThread "Service Thread" daemon [_thread_blocked, id=18392, stack(0x0000006efdb00000,0x0000006efdc00000)]
  0x000001a239c087e0 JavaThread "Monitor Deflation Thread" daemon [_thread_blocked, id=7920, stack(0x0000006efdc00000,0x0000006efdd00000)]
  0x000001a239c093e0 JavaThread "C2 CompilerThread0" daemon [_thread_in_native, id=3524, stack(0x0000006efdd00000,0x0000006efde00000)]
  0x000001a239c15610 JavaThread "C1 CompilerThread0" daemon [_thread_in_native, id=6636, stack(0x0000006efde00000,0x0000006efdf00000)]
  0x000001a239c1ff20 JavaThread "Sweeper thread" daemon [_thread_blocked, id=14352, stack(0x0000006efdf00000,0x0000006efe000000)]
  0x000001a27f0e2190 JavaThread "Notification Thread" daemon [_thread_blocked, id=20048, stack(0x0000006efe000000,0x0000006efe100000)]
  0x000001a27f0e76f0 JavaThread "Common-Cleaner" daemon [_thread_blocked, id=19724, stack(0x0000006efe200000,0x0000006efe300000)]
  0x000001a20047e590 JavaThread "Thread-1" daemon [_thread_blocked, id=17180, stack(0x0000006efeb00000,0x0000006efec00000)]
=>0x000001a200b5caa0 JavaThread "C2 CompilerThread1" daemon [_thread_in_native, id=14568, stack(0x0000006efec00000,0x0000006efed00000)]

Other Threads:
  0x000001a239be3e00 VMThread "VM Thread" [stack: 0x0000006efd600000,0x0000006efd700000] [id=10444]
  0x000001a27f0e2670 WatcherThread [stack: 0x0000006efe100000,0x0000006efe200000] [id=4344]
  0x000001a21999b560 GCTaskThread "GC Thread#0" [stack: 0x0000006efd100000,0x0000006efd200000] [id=16328]
  0x000001a27f6c68b0 GCTaskThread "GC Thread#1" [stack: 0x0000006efe300000,0x0000006efe400000] [id=21284]
  0x000001a27fa42b10 GCTaskThread "GC Thread#2" [stack: 0x0000006efe400000,0x0000006efe500000] [id=6676]
  0x000001a27f6cf3e0 GCTaskThread "GC Thread#3" [stack: 0x0000006efe500000,0x0000006efe600000] [id=13404]
  0x000001a27f9b4d50 GCTaskThread "GC Thread#4" [stack: 0x0000006efe600000,0x0000006efe700000] [id=3152]
  0x000001a200072750 GCTaskThread "GC Thread#5" [stack: 0x0000006efe700000,0x0000006efe800000] [id=4316]
  0x000001a200072a10 GCTaskThread "GC Thread#6" [stack: 0x0000006efe800000,0x0000006efe900000] [id=12156]
  0x000001a2000f5d00 GCTaskThread "GC Thread#7" [stack: 0x0000006efe900000,0x0000006efea00000] [id=21348]
  0x000001a2199acd90 ConcurrentGCThread "G1 Main Marker" [stack: 0x0000006efd200000,0x0000006efd300000] [id=10360]
  0x000001a2199ad6c0 ConcurrentGCThread "G1 Conc#0" [stack: 0x0000006efd300000,0x0000006efd400000] [id=18744]
  0x000001a20074aca0 ConcurrentGCThread "G1 Conc#1" [stack: 0x0000006efea00000,0x0000006efeb00000] [id=20336]
  0x000001a2199fd240 ConcurrentGCThread "G1 Refine#0" [stack: 0x0000006efd400000,0x0000006efd500000] [id=3816]
  0x000001a27f4fdc40 ConcurrentGCThread "G1 Refine#1" [stack: 0x0000006efed00000,0x0000006efee00000] [id=21480]
  0x000001a27f4feaf0 ConcurrentGCThread "G1 Refine#2" [stack: 0x0000006efee00000,0x0000006efef00000] [id=15280]
  0x000001a27f4fd080 ConcurrentGCThread "G1 Refine#3" [stack: 0x0000006efef00000,0x0000006eff000000] [id=8740]
  0x000001a27f4fd660 ConcurrentGCThread "G1 Refine#4" [stack: 0x0000006eff000000,0x0000006eff100000] [id=21432]
  0x000001a27f4fdf30 ConcurrentGCThread "G1 Refine#5" [stack: 0x0000006eff100000,0x0000006eff200000] [id=21100]
  0x000001a2199fdb80 ConcurrentGCThread "G1 Service" [stack: 0x0000006efd500000,0x0000006efd600000] [id=2768]

Threads with active compile tasks:
C2 CompilerThread0  16872 8610   !   4       com.sun.tools.javac.code.Types$MembersClosureCache::visitClassType (216 bytes)
C1 CompilerThread0  16872 8702       2       com.sun.tools.javac.comp.TransTypes::visitIf (58 bytes)
C2 CompilerThread1  16873 8599       4       com.sun.tools.javac.code.Types::union (134 bytes)

VM state: not at safepoint (normal execution)

VM Mutex/Monitor currently owned by a thread: None

Heap address: 0x0000000083200000, size: 1998 MB, Compressed Oops mode: 32-bit

CDS archive(s) mapped at: [0x000001a23a000000-0x000001a23abb0000-0x000001a23abb0000), size 12255232, SharedBaseAddress: 0x000001a23a000000, ArchiveRelocationMode: 1.
Compressed class space mapped at: 0x000001a23b000000-0x000001a27b000000, reserved size: 1073741824
Narrow klass base: 0x000001a23a000000, Narrow klass shift: 0, Narrow klass range: 0x100000000

GC Precious Log:
 CPUs: 8 total, 8 available
 Memory: 7991M
 Large Page Support: Disabled
 NUMA Support: Disabled
 Compressed Oops: Enabled (32-bit)
 Heap Region Size: 1M
 Heap Min Capacity: 8M
 Heap Initial Capacity: 126M
 Heap Max Capacity: 1998M
 Pre-touch: Disabled
 Parallel Workers: 8
 Concurrent Workers: 2
 Concurrent Refinement Workers: 8
 Periodic GC: Disabled

Heap:
 garbage-first heap   total 152576K, used 101970K [0x0000000083200000, 0x0000000100000000)
  region size 1024K, 44 young (45056K), 1 survivors (1024K)
 Metaspace       used 29240K, committed 29504K, reserved 1114112K
  class space    used 3289K, committed 3392K, reserved 1048576K

Heap Regions: E=young(eden), S=young(survivor), O=old, HS=humongous(starts), HC=humongous(continues), CS=collection set, F=free, OA=open archive, CA=closed archive, TAMS=top-at-mark-start (previous, next)
|   0|0x0000000083200000, 0x0000000083300000, 0x0000000083300000|100%| O|  |TAMS 0x0000000083300000, 0x0000000083200000| Untracked 
|   1|0x0000000083300000, 0x0000000083400000, 0x0000000083400000|100%| O|  |TAMS 0x0000000083400000, 0x0000000083300000| Untracked 
|   2|0x0000000083400000, 0x0000000083500000, 0x0000000083500000|100%| O|  |TAMS 0x0000000083500000, 0x0000000083400000| Untracked 
|   3|0x0000000083500000, 0x0000000083600000, 0x0000000083600000|100%| O|  |TAMS 0x0000000083600000, 0x0000000083500000| Untracked 
|   4|0x0000000083600000, 0x0000000083700000, 0x0000000083700000|100%|HS|  |TAMS 0x0000000083700000, 0x0000000083600000| Complete 
|   5|0x0000000083700000, 0x0000000083800000, 0x0000000083800000|100%| O|  |TAMS 0x0000000083800000, 0x0000000083700000| Untracked 
|   6|0x0000000083800000, 0x00000000838e4000, 0x0000000083900000| 89%| O|  |TAMS 0x00000000838e4000, 0x0000000083800000| Untracked 
|   7|0x0000000083900000, 0x0000000083a00000, 0x0000000083a00000|100%| O|  |TAMS 0x0000000083a00000, 0x0000000083900000| Untracked 
|   8|0x0000000083a00000, 0x0000000083b00000, 0x0000000083b00000|100%| O|  |TAMS 0x0000000083b00000, 0x0000000083a00000| Untracked 
|   9|0x0000000083b00000, 0x0000000083c00000, 0x0000000083c00000|100%| O|  |TAMS 0x0000000083c00000, 0x0000000083b00000| Untracked 
|  10|0x0000000083c00000, 0x0000000083d00000, 0x0000000083d00000|100%| O|  |TAMS 0x0000000083d00000, 0x0000000083c00000| Untracked 
|  11|0x0000000083d00000, 0x0000000083e00000, 0x0000000083e00000|100%| O|  |TAMS 0x0000000083e00000, 0x0000000083d00000| Untracked 
|  12|0x0000000083e00000, 0x0000000083f00000, 0x0000000083f00000|100%| O|  |TAMS 0x0000000083f00000, 0x0000000083e00000| Untracked 
|  13|0x0000000083f00000, 0x0000000084000000, 0x0000000084000000|100%|HS|  |TAMS 0x0000000084000000, 0x0000000083f00000| Complete 
|  14|0x0000000084000000, 0x0000000084100000, 0x0000000084100000|100%| O|  |TAMS 0x0000000084100000, 0x0000000084000000| Untracked 
|  15|0x0000000084100000, 0x0000000084200000, 0x0000000084200000|100%| O|  |TAMS 0x0000000084200000, 0x0000000084100000| Untracked 
|  16|0x0000000084200000, 0x0000000084300000, 0x0000000084300000|100%| O|  |TAMS 0x0000000084300000, 0x0000000084200000| Untracked 
|  17|0x0000000084300000, 0x0000000084400000, 0x0000000084400000|100%| O|  |TAMS 0x0000000084400000, 0x0000000084300000| Untracked 
|  18|0x0000000084400000, 0x0000000084500000, 0x0000000084500000|100%| O|  |TAMS 0x0000000084500000, 0x0000000084400000| Untracked 
|  19|0x0000000084500000, 0x0000000084600000, 0x0000000084600000|100%| O|  |TAMS 0x0000000084600000, 0x0000000084500000| Untracked 
|  20|0x0000000084600000, 0x0000000084700000, 0x0000000084700000|100%| O|  |TAMS 0x0000000084700000, 0x0000000084600000| Untracked 
|  21|0x0000000084700000, 0x0000000084800000, 0x0000000084800000|100%| O|  |TAMS 0x0000000084800000, 0x0000000084700000| Untracked 
|  22|0x0000000084800000, 0x0000000084900000, 0x0000000084900000|100%| O|  |TAMS 0x0000000084900000, 0x0000000084800000| Untracked 
|  23|0x0000000084900000, 0x0000000084a00000, 0x0000000084a00000|100%| O|  |TAMS 0x0000000084a00000, 0x0000000084900000| Untracked 
|  24|0x0000000084a00000, 0x0000000084b00000, 0x0000000084b00000|100%| O|  |TAMS 0x0000000084b00000, 0x0000000084a00000| Untracked 
|  25|0x0000000084b00000, 0x0000000084c00000, 0x0000000084c00000|100%| O|  |TAMS 0x0000000084c00000, 0x0000000084b00000| Untracked 
|  26|0x0000000084c00000, 0x0000000084d00000, 0x0000000084d00000|100%| O|  |TAMS 0x0000000084d00000, 0x0000000084c00000| Untracked 
|  27|0x0000000084d00000, 0x0000000084e00000, 0x0000000084e00000|100%| O|  |TAMS 0x0000000084e00000, 0x0000000084d00000| Untracked 
|  28|0x0000000084e00000, 0x0000000084f00000, 0x0000000084f00000|100%| O|  |TAMS 0x0000000084f00000, 0x0000000084e00000| Untracked 
|  29|0x0000000084f00000, 0x0000000085000000, 0x0000000085000000|100%| O|  |TAMS 0x0000000085000000, 0x0000000084f00000| Untracked 
|  30|0x0000000085000000, 0x0000000085100000, 0x0000000085100000|100%| O|  |TAMS 0x0000000085100000, 0x0000000085000000| Untracked 
|  31|0x0000000085100000, 0x0000000085200000, 0x0000000085200000|100%| O|  |TAMS 0x0000000085200000, 0x0000000085100000| Untracked 
|  32|0x0000000085200000, 0x0000000085300000, 0x0000000085300000|100%| O|  |TAMS 0x0000000085300000, 0x0000000085200000| Untracked 
|  33|0x0000000085300000, 0x0000000085400000, 0x0000000085400000|100%| O|  |TAMS 0x0000000085400000, 0x0000000085300000| Untracked 
|  34|0x0000000085400000, 0x0000000085500000, 0x0000000085500000|100%| O|  |TAMS 0x0000000085500000, 0x0000000085400000| Untracked 
|  35|0x0000000085500000, 0x0000000085600000, 0x0000000085600000|100%| O|  |TAMS 0x0000000085600000, 0x0000000085500000| Untracked 
|  36|0x0000000085600000, 0x0000000085600000, 0x0000000085700000|  0%| F|  |TAMS 0x0000000085600000, 0x0000000085600000| Untracked 
|  37|0x0000000085700000, 0x0000000085800000, 0x0000000085800000|100%| O|  |TAMS 0x0000000085800000, 0x0000000085700000| Untracked 
|  38|0x0000000085800000, 0x0000000085900000, 0x0000000085900000|100%| O|  |TAMS 0x0000000085900000, 0x0000000085800000| Untracked 
|  39|0x0000000085900000, 0x0000000085a00000, 0x0000000085a00000|100%| O|  |TAMS 0x0000000085a00000, 0x0000000085900000| Untracked 
|  40|0x0000000085a00000, 0x0000000085b00000, 0x0000000085b00000|100%| O|  |TAMS 0x0000000085a4c800, 0x0000000085a00000| Untracked 
|  41|0x0000000085b00000, 0x0000000085c00000, 0x0000000085c00000|100%| O|  |TAMS 0x0000000085b00000, 0x0000000085b00000| Untracked 
|  42|0x0000000085c00000, 0x0000000085d00000, 0x0000000085d00000|100%| O|  |TAMS 0x0000000085c00000, 0x0000000085c00000| Untracked 
|  43|0x0000000085d00000, 0x0000000085e00000, 0x0000000085e00000|100%| O|  |TAMS 0x0000000085d00000, 0x0000000085d00000| Untracked 
|  44|0x0000000085e00000, 0x0000000085f00000, 0x0000000085f00000|100%| O|  |TAMS 0x0000000085e00000, 0x0000000085e00000| Untracked 
|  45|0x0000000085f00000, 0x0000000086000000, 0x0000000086000000|100%| O|  |TAMS 0x0000000085f00000, 0x0000000085f00000| Untracked 
|  46|0x0000000086000000, 0x0000000086100000, 0x0000000086100000|100%| O|  |TAMS 0x0000000086000000, 0x0000000086000000| Untracked 
|  47|0x0000000086100000, 0x0000000086200000, 0x0000000086200000|100%| O|  |TAMS 0x0000000086100000, 0x0000000086100000| Untracked 
|  48|0x0000000086200000, 0x0000000086300000, 0x0000000086300000|100%| O|  |TAMS 0x0000000086200000, 0x0000000086200000| Untracked 
|  49|0x0000000086300000, 0x0000000086400000, 0x0000000086400000|100%| O|  |TAMS 0x0000000086300000, 0x0000000086300000| Untracked 
|  50|0x0000000086400000, 0x0000000086500000, 0x0000000086500000|100%| O|  |TAMS 0x0000000086400000, 0x0000000086400000| Untracked 
|  51|0x0000000086500000, 0x0000000086600000, 0x0000000086600000|100%| O|  |TAMS 0x0000000086500000, 0x0000000086500000| Untracked 
|  52|0x0000000086600000, 0x0000000086700000, 0x0000000086700000|100%| O|  |TAMS 0x0000000086600000, 0x0000000086600000| Untracked 
|  53|0x0000000086700000, 0x0000000086800000, 0x0000000086800000|100%| O|  |TAMS 0x0000000086700000, 0x0000000086700000| Untracked 
|  54|0x0000000086800000, 0x00000000868b0a00, 0x0000000086900000| 68%| O|  |TAMS 0x0000000086800000, 0x0000000086800000| Untracked 
|  55|0x0000000086900000, 0x0000000086900000, 0x0000000086a00000|  0%| F|  |TAMS 0x0000000086900000, 0x0000000086900000| Untracked 
|  56|0x0000000086a00000, 0x0000000086a00000, 0x0000000086b00000|  0%| F|  |TAMS 0x0000000086a00000, 0x0000000086a00000| Untracked 
|  57|0x0000000086b00000, 0x0000000086b00000, 0x0000000086c00000|  0%| F|  |TAMS 0x0000000086b00000, 0x0000000086b00000| Untracked 
|  58|0x0000000086c00000, 0x0000000086c00000, 0x0000000086d00000|  0%| F|  |TAMS 0x0000000086c00000, 0x0000000086c00000| Untracked 
|  59|0x0000000086d00000, 0x0000000086d00000, 0x0000000086e00000|  0%| F|  |TAMS 0x0000000086d00000, 0x0000000086d00000| Untracked 
|  60|0x0000000086e00000, 0x0000000086e00000, 0x0000000086f00000|  0%| F|  |TAMS 0x0000000086e00000, 0x0000000086e00000| Untracked 
|  61|0x0000000086f00000, 0x0000000086f00000, 0x0000000087000000|  0%| F|  |TAMS 0x0000000086f00000, 0x0000000086f00000| Untracked 
|  62|0x0000000087000000, 0x0000000087000000, 0x0000000087100000|  0%| F|  |TAMS 0x0000000087000000, 0x0000000087000000| Untracked 
|  63|0x0000000087100000, 0x0000000087100000, 0x0000000087200000|  0%| F|  |TAMS 0x0000000087100000, 0x0000000087100000| Untracked 
|  64|0x0000000087200000, 0x0000000087200000, 0x0000000087300000|  0%| F|  |TAMS 0x0000000087200000, 0x0000000087200000| Untracked 
|  65|0x0000000087300000, 0x0000000087300000, 0x0000000087400000|  0%| F|  |TAMS 0x0000000087300000, 0x0000000087300000| Untracked 
|  66|0x0000000087400000, 0x0000000087400000, 0x0000000087500000|  0%| F|  |TAMS 0x0000000087400000, 0x0000000087400000| Untracked 
|  67|0x0000000087500000, 0x0000000087500000, 0x0000000087600000|  0%| F|  |TAMS 0x0000000087500000, 0x0000000087500000| Untracked 
|  68|0x0000000087600000, 0x0000000087600000, 0x0000000087700000|  0%| F|  |TAMS 0x0000000087600000, 0x0000000087600000| Untracked 
|  69|0x0000000087700000, 0x0000000087700000, 0x0000000087800000|  0%| F|  |TAMS 0x0000000087700000, 0x0000000087700000| Untracked 
|  70|0x0000000087800000, 0x0000000087800000, 0x0000000087900000|  0%| F|  |TAMS 0x0000000087800000, 0x0000000087800000| Untracked 
|  71|0x0000000087900000, 0x0000000087900000, 0x0000000087a00000|  0%| F|  |TAMS 0x0000000087900000, 0x0000000087900000| Untracked 
|  72|0x0000000087a00000, 0x0000000087a00000, 0x0000000087b00000|  0%| F|  |TAMS 0x0000000087a00000, 0x0000000087a00000| Untracked 
|  73|0x0000000087b00000, 0x0000000087b00000, 0x0000000087c00000|  0%| F|  |TAMS 0x0000000087b00000, 0x0000000087b00000| Untracked 
|  74|0x0000000087c00000, 0x0000000087c00000, 0x0000000087d00000|  0%| F|  |TAMS 0x0000000087c00000, 0x0000000087c00000| Untracked 
|  75|0x0000000087d00000, 0x0000000087d00000, 0x0000000087e00000|  0%| F|  |TAMS 0x0000000087d00000, 0x0000000087d00000| Untracked 
|  76|0x0000000087e00000, 0x0000000087e00000, 0x0000000087f00000|  0%| F|  |TAMS 0x0000000087e00000, 0x0000000087e00000| Untracked 
|  77|0x0000000087f00000, 0x0000000087f00000, 0x0000000088000000|  0%| F|  |TAMS 0x0000000087f00000, 0x0000000087f00000| Untracked 
|  78|0x0000000088000000, 0x0000000088000000, 0x0000000088100000|  0%| F|  |TAMS 0x0000000088000000, 0x0000000088000000| Untracked 
|  79|0x0000000088100000, 0x0000000088100000, 0x0000000088200000|  0%| F|  |TAMS 0x0000000088100000, 0x0000000088100000| Untracked 
|  80|0x0000000088200000, 0x0000000088200000, 0x0000000088300000|  0%| F|  |TAMS 0x0000000088200000, 0x0000000088200000| Untracked 
|  81|0x0000000088300000, 0x0000000088300000, 0x0000000088400000|  0%| F|  |TAMS 0x0000000088300000, 0x0000000088300000| Untracked 
|  82|0x0000000088400000, 0x0000000088400000, 0x0000000088500000|  0%| F|  |TAMS 0x0000000088400000, 0x0000000088400000| Untracked 
|  83|0x0000000088500000, 0x0000000088500000, 0x0000000088600000|  0%| F|  |TAMS 0x0000000088500000, 0x0000000088500000| Untracked 
|  84|0x0000000088600000, 0x0000000088600000, 0x0000000088700000|  0%| F|  |TAMS 0x0000000088600000, 0x0000000088600000| Untracked 
|  85|0x0000000088700000, 0x0000000088700000, 0x0000000088800000|  0%| F|  |TAMS 0x0000000088700000, 0x0000000088700000| Untracked 
|  86|0x0000000088800000, 0x0000000088800000, 0x0000000088900000|  0%| F|  |TAMS 0x0000000088800000, 0x0000000088800000| Untracked 
|  87|0x0000000088900000, 0x0000000088900000, 0x0000000088a00000|  0%| F|  |TAMS 0x0000000088900000, 0x0000000088900000| Untracked 
|  88|0x0000000088a00000, 0x0000000088a00000, 0x0000000088b00000|  0%| F|  |TAMS 0x0000000088a00000, 0x0000000088a00000| Untracked 
|  89|0x0000000088b00000, 0x0000000088b00000, 0x0000000088c00000|  0%| F|  |TAMS 0x0000000088b00000, 0x0000000088b00000| Untracked 
|  90|0x0000000088c00000, 0x0000000088c00000, 0x0000000088d00000|  0%| F|  |TAMS 0x0000000088c00000, 0x0000000088c00000| Untracked 
|  91|0x0000000088d00000, 0x0000000088d00000, 0x0000000088e00000|  0%| F|  |TAMS 0x0000000088d00000, 0x0000000088d00000| Untracked 
|  92|0x0000000088e00000, 0x0000000088e00000, 0x0000000088f00000|  0%| F|  |TAMS 0x0000000088e00000, 0x0000000088e00000| Untracked 
|  93|0x0000000088f00000, 0x0000000088f00000, 0x0000000089000000|  0%| F|  |TAMS 0x0000000088f00000, 0x0000000088f00000| Untracked 
|  94|0x0000000089000000, 0x0000000089000000, 0x0000000089100000|  0%| F|  |TAMS 0x0000000089000000, 0x0000000089000000| Untracked 
|  95|0x0000000089100000, 0x0000000089100000, 0x0000000089200000|  0%| F|  |TAMS 0x0000000089100000, 0x0000000089100000| Untracked 
|  96|0x0000000089200000, 0x0000000089200000, 0x0000000089300000|  0%| F|  |TAMS 0x0000000089200000, 0x0000000089200000| Untracked 
|  97|0x0000000089300000, 0x0000000089300000, 0x0000000089400000|  0%| F|  |TAMS 0x0000000089300000, 0x0000000089300000| Untracked 
|  98|0x0000000089400000, 0x0000000089400000, 0x0000000089500000|  0%| F|  |TAMS 0x0000000089400000, 0x0000000089400000| Untracked 
|  99|0x0000000089500000, 0x0000000089500000, 0x0000000089600000|  0%| F|  |TAMS 0x0000000089500000, 0x0000000089500000| Untracked 
| 100|0x0000000089600000, 0x0000000089600000, 0x0000000089700000|  0%| F|  |TAMS 0x0000000089600000, 0x0000000089600000| Untracked 
| 101|0x0000000089700000, 0x0000000089700000, 0x0000000089800000|  0%| F|  |TAMS 0x0000000089700000, 0x0000000089700000| Untracked 
| 102|0x0000000089800000, 0x0000000089880000, 0x0000000089900000| 50%| E|  |TAMS 0x0000000089800000, 0x0000000089800000| Complete 
| 103|0x0000000089900000, 0x0000000089a00000, 0x0000000089a00000|100%| E|CS|TAMS 0x0000000089900000, 0x0000000089900000| Complete 
| 104|0x0000000089a00000, 0x0000000089b00000, 0x0000000089b00000|100%| E|CS|TAMS 0x0000000089a00000, 0x0000000089a00000| Complete 
| 105|0x0000000089b00000, 0x0000000089c00000, 0x0000000089c00000|100%| E|CS|TAMS 0x0000000089b00000, 0x0000000089b00000| Complete 
| 106|0x0000000089c00000, 0x0000000089d00000, 0x0000000089d00000|100%| E|CS|TAMS 0x0000000089c00000, 0x0000000089c00000| Complete 
| 107|0x0000000089d00000, 0x0000000089e00000, 0x0000000089e00000|100%| E|CS|TAMS 0x0000000089d00000, 0x0000000089d00000| Complete 
| 108|0x0000000089e00000, 0x0000000089f00000, 0x0000000089f00000|100%| E|CS|TAMS 0x0000000089e00000, 0x0000000089e00000| Complete 
| 109|0x0000000089f00000, 0x000000008a000000, 0x000000008a000000|100%| E|CS|TAMS 0x0000000089f00000, 0x0000000089f00000| Complete 
| 110|0x000000008a000000, 0x000000008a100000, 0x000000008a100000|100%| E|CS|TAMS 0x000000008a000000, 0x000000008a000000| Complete 
| 111|0x000000008a100000, 0x000000008a200000, 0x000000008a200000|100%| E|CS|TAMS 0x000000008a100000, 0x000000008a100000| Complete 
| 112|0x000000008a200000, 0x000000008a300000, 0x000000008a300000|100%| E|CS|TAMS 0x000000008a200000, 0x000000008a200000| Complete 
| 113|0x000000008a300000, 0x000000008a400000, 0x000000008a400000|100%| E|CS|TAMS 0x000000008a300000, 0x000000008a300000| Complete 
| 114|0x000000008a400000, 0x000000008a500000, 0x000000008a500000|100%| E|CS|TAMS 0x000000008a400000, 0x000000008a400000| Complete 
| 115|0x000000008a500000, 0x000000008a600000, 0x000000008a600000|100%| E|CS|TAMS 0x000000008a500000, 0x000000008a500000| Complete 
| 116|0x000000008a600000, 0x000000008a700000, 0x000000008a700000|100%| E|CS|TAMS 0x000000008a600000, 0x000000008a600000| Complete 
| 117|0x000000008a700000, 0x000000008a800000, 0x000000008a800000|100%| E|CS|TAMS 0x000000008a700000, 0x000000008a700000| Complete 
| 118|0x000000008a800000, 0x000000008a900000, 0x000000008a900000|100%| E|CS|TAMS 0x000000008a800000, 0x000000008a800000| Complete 
| 119|0x000000008a900000, 0x000000008aa00000, 0x000000008aa00000|100%| E|CS|TAMS 0x000000008a900000, 0x000000008a900000| Complete 
| 120|0x000000008aa00000, 0x000000008ab00000, 0x000000008ab00000|100%| E|CS|TAMS 0x000000008aa00000, 0x000000008aa00000| Complete 
| 121|0x000000008ab00000, 0x000000008ac00000, 0x000000008ac00000|100%| E|CS|TAMS 0x000000008ab00000, 0x000000008ab00000| Complete 
| 122|0x000000008ac00000, 0x000000008ad00000, 0x000000008ad00000|100%| E|CS|TAMS 0x000000008ac00000, 0x000000008ac00000| Complete 
| 123|0x000000008ad00000, 0x000000008ae00000, 0x000000008ae00000|100%| E|CS|TAMS 0x000000008ad00000, 0x000000008ad00000| Complete 
| 124|0x000000008ae00000, 0x000000008af00000, 0x000000008af00000|100%| E|CS|TAMS 0x000000008ae00000, 0x000000008ae00000| Complete 
| 125|0x000000008af00000, 0x000000008b000000, 0x000000008b000000|100%| E|CS|TAMS 0x000000008af00000, 0x000000008af00000| Complete 
| 126|0x000000008b000000, 0x000000008b100000, 0x000000008b100000|100%| E|CS|TAMS 0x000000008b000000, 0x000000008b000000| Complete 
| 127|0x000000008b100000, 0x000000008b200000, 0x000000008b200000|100%| E|CS|TAMS 0x000000008b100000, 0x000000008b100000| Complete 
| 128|0x000000008b200000, 0x000000008b300000, 0x000000008b300000|100%| E|CS|TAMS 0x000000008b200000, 0x000000008b200000| Complete 
| 129|0x000000008b300000, 0x000000008b400000, 0x000000008b400000|100%| E|CS|TAMS 0x000000008b300000, 0x000000008b300000| Complete 
| 130|0x000000008b400000, 0x000000008b500000, 0x000000008b500000|100%| E|CS|TAMS 0x000000008b400000, 0x000000008b400000| Complete 
| 131|0x000000008b500000, 0x000000008b600000, 0x000000008b600000|100%| E|CS|TAMS 0x000000008b500000, 0x000000008b500000| Complete 
| 132|0x000000008b600000, 0x000000008b700000, 0x000000008b700000|100%| E|CS|TAMS 0x000000008b600000, 0x000000008b600000| Complete 
| 133|0x000000008b700000, 0x000000008b800000, 0x000000008b800000|100%| E|CS|TAMS 0x000000008b700000, 0x000000008b700000| Complete 
| 134|0x000000008b800000, 0x000000008b900000, 0x000000008b900000|100%| E|CS|TAMS 0x000000008b800000, 0x000000008b800000| Complete 
| 135|0x000000008b900000, 0x000000008ba00000, 0x000000008ba00000|100%| E|CS|TAMS 0x000000008b900000, 0x000000008b900000| Complete 
| 136|0x000000008ba00000, 0x000000008bb00000, 0x000000008bb00000|100%| E|CS|TAMS 0x000000008ba00000, 0x000000008ba00000| Complete 
| 137|0x000000008bb00000, 0x000000008bc00000, 0x000000008bc00000|100%| E|CS|TAMS 0x000000008bb00000, 0x000000008bb00000| Complete 
| 138|0x000000008bc00000, 0x000000008bd00000, 0x000000008bd00000|100%| E|CS|TAMS 0x000000008bc00000, 0x000000008bc00000| Complete 
| 139|0x000000008bd00000, 0x000000008be00000, 0x000000008be00000|100%| E|CS|TAMS 0x000000008bd00000, 0x000000008bd00000| Complete 
| 140|0x000000008be00000, 0x000000008bf00000, 0x000000008bf00000|100%| E|CS|TAMS 0x000000008be00000, 0x000000008be00000| Complete 
| 141|0x000000008bf00000, 0x000000008c000000, 0x000000008c000000|100%| E|CS|TAMS 0x000000008bf00000, 0x000000008bf00000| Complete 
| 142|0x000000008c000000, 0x000000008c100000, 0x000000008c100000|100%| E|CS|TAMS 0x000000008c000000, 0x000000008c000000| Complete 
| 143|0x000000008c100000, 0x000000008c200000, 0x000000008c200000|100%| E|CS|TAMS 0x000000008c100000, 0x000000008c100000| Complete 
| 144|0x000000008c200000, 0x000000008c300000, 0x000000008c300000|100%| S|CS|TAMS 0x000000008c200000, 0x000000008c200000| Complete 
| 145|0x000000008c300000, 0x000000008c400000, 0x000000008c400000|100%| E|CS|TAMS 0x000000008c300000, 0x000000008c300000| Complete 
|1995|0x00000000ffd00000, 0x00000000ffe00000, 0x00000000ffe00000|100%| O|  |TAMS 0x00000000ffe00000, 0x00000000ffd00000| Untracked 
|1996|0x00000000ffe00000, 0x00000000fff00000, 0x00000000fff00000|100%| O|  |TAMS 0x00000000fff00000, 0x00000000ffe00000| Untracked 
|1997|0x00000000fff00000, 0x0000000100000000, 0x0000000100000000|100%| O|  |TAMS 0x0000000100000000, 0x00000000fff00000| Untracked 

Card table byte_map: [0x000001a232af0000,0x000001a232ee0000] _byte_map_base: 0x000001a2326d7000

Marking Bits (Prev, Next): (CMBitMap*) 0x000001a21999cae0, (CMBitMap*) 0x000001a21999caa0
 Prev Bits: [0x000001a235210000, 0x000001a237148000)
 Next Bits: [0x000001a2332d0000, 0x000001a235208000)

Polling page: 0x000001a222c60000

Metaspace:

Usage:
  Non-class:     25.35 MB used.
      Class:      3.21 MB used.
       Both:     28.56 MB used.

Virtual space:
  Non-class space:       64.00 MB reserved,      25.50 MB ( 40%) committed,  1 nodes.
      Class space:        1.00 GB reserved,       3.31 MB ( <1%) committed,  1 nodes.
             Both:        1.06 GB reserved,      28.81 MB (  3%) committed. 

Chunk freelists:
   Non-Class:  6.34 MB
       Class:  12.62 MB
        Both:  18.97 MB

MaxMetaspaceSize: unlimited
CompressedClassSpaceSize: 1.00 GB
Initial GC threshold: 21.00 MB
Current GC threshold: 43.44 MB
CDS: on
MetaspaceReclaimPolicy: balanced
 - commit_granule_bytes: 65536.
 - commit_granule_words: 8192.
 - virtual_space_node_default_size: 8388608.
 - enlarge_chunks_in_place: 1.
 - new_chunks_are_fully_committed: 0.
 - uncommit_free_chunks: 1.
 - use_allocation_guard: 0.
 - handle_deallocations: 1.


Internal statistics:

num_allocs_failed_limit: 3.
num_arena_births: 186.
num_arena_deaths: 0.
num_vsnodes_births: 2.
num_vsnodes_deaths: 0.
num_space_committed: 461.
num_space_uncommitted: 0.
num_chunks_returned_to_freelist: 3.
num_chunks_taken_from_freelist: 1229.
num_chunk_merges: 3.
num_chunk_splits: 860.
num_chunks_enlarged: 693.
num_inconsistent_stats: 0.

CodeHeap 'non-profiled nmethods': size=120000Kb used=3358Kb max_used=3358Kb free=116641Kb
 bounds [0x000001a22a750000, 0x000001a22aaa0000, 0x000001a231c80000]
CodeHeap 'profiled nmethods': size=120000Kb used=16336Kb max_used=16336Kb free=103663Kb
 bounds [0x000001a222c80000, 0x000001a223c80000, 0x000001a22a1b0000]
CodeHeap 'non-nmethods': size=5760Kb used=1219Kb max_used=1271Kb free=4540Kb
 bounds [0x000001a22a1b0000, 0x000001a22a420000, 0x000001a22a750000]
 total_blobs=8341 nmethods=7834 adapters=419
 compilation: enabled
              stopped_count=0, restarted_count=0
 full_count=0

Compilation events (20 events):
Event: 16.747 Thread 0x000001a239c15610 8673       3       com.sun.tools.javac.tree.TreeInfo::isDiamond (79 bytes)
Event: 16.748 Thread 0x000001a239c15610 nmethod 8673 0x000001a223c62090 code [0x000001a223c622c0, 0x000001a223c62a18]
Event: 16.749 Thread 0x000001a239c15610 8674       2       com.sun.tools.javac.comp.Resolve$AbstractMethodCheck::argumentsAcceptable (288 bytes)
Event: 16.753 Thread 0x000001a239c15610 nmethod 8674 0x000001a223c62c90 code [0x000001a223c62f00, 0x000001a223c63958]
Event: 16.754 Thread 0x000001a239c15610 8675       3       com.sun.tools.javac.comp.Check$DefaultMethodClashFilter::test (9 bytes)
Event: 16.754 Thread 0x000001a239c15610 nmethod 8675 0x000001a223c64090 code [0x000001a223c64240, 0x000001a223c64488]
Event: 16.754 Thread 0x000001a239c15610 8676       3       com.sun.tools.javac.comp.Check$DefaultMethodClashFilter::test (57 bytes)
Event: 16.755 Thread 0x000001a239c15610 nmethod 8676 0x000001a223c64590 code [0x000001a223c64760, 0x000001a223c64c78]
Event: 16.755 Thread 0x000001a239c15610 8677       2       com.sun.tools.javac.comp.Check::unhandled (56 bytes)
Event: 16.757 Thread 0x000001a239c15610 nmethod 8677 0x000001a223c64e10 code [0x000001a223c64fe0, 0x000001a223c65418]
Event: 16.758 Thread 0x000001a239c15610 8678       2       com.sun.tools.javac.comp.Check::protection (48 bytes)
Event: 16.759 Thread 0x000001a239c15610 nmethod 8678 0x000001a223c65610 code [0x000001a223c657c0, 0x000001a223c65958]
Event: 16.759 Thread 0x000001a239c15610 8679       3       com.sun.tools.javac.code.DeferredLintHandler::flush (65 bytes)
Event: 16.761 Thread 0x000001a239c15610 nmethod 8679 0x000001a223c65a10 code [0x000001a223c65c60, 0x000001a223c66668]
Event: 16.762 Thread 0x000001a239c15610 8680       3       com.sun.tools.javac.comp.Check::checkDeprecatedAnnotation (146 bytes)
Event: 16.764 Thread 0x000001a239c15610 nmethod 8680 0x000001a223c66990 code [0x000001a223c66c40, 0x000001a223c67a08]
Event: 16.764 Thread 0x000001a239c15610 8681       3       com.sun.tools.javac.code.Symbol::isDeprecatableViaAnnotation (48 bytes)
Event: 16.765 Thread 0x000001a239c15610 nmethod 8681 0x000001a223c67e90 code [0x000001a223c68040, 0x000001a223c68328]
Event: 16.779 Thread 0x000001a239c15610 8682       2       com.sun.tools.javac.code.Symbol::outermostClass (29 bytes)
Event: 16.779 Thread 0x000001a239c15610 nmethod 8682 0x000001a223c68410 code [0x000001a223c685c0, 0x000001a223c68778]

GC Heap History (20 events):
Event: 10.369 GC heap before
{Heap before GC invocations=5 (full 0):
 garbage-first heap   total 48128K, used 35040K [0x0000000083200000, 0x0000000100000000)
  region size 1024K, 30 young (30720K), 8 survivors (8192K)
 Metaspace       used 24743K, committed 25088K, reserved 1114112K
  class space    used 2889K, committed 3072K, reserved 1048576K
}
Event: 10.405 GC heap after
{Heap after GC invocations=6 (full 0):
 garbage-first heap   total 53248K, used 20630K [0x0000000083200000, 0x0000000100000000)
  region size 1024K, 10 young (10240K), 10 survivors (10240K)
 Metaspace       used 24743K, committed 25088K, reserved 1114112K
  class space    used 2889K, committed 3072K, reserved 1048576K
}
Event: 10.765 GC heap before
{Heap before GC invocations=6 (full 0):
 garbage-first heap   total 53248K, used 34966K [0x0000000083200000, 0x0000000100000000)
  region size 1024K, 25 young (25600K), 10 survivors (10240K)
 Metaspace       used 24800K, committed 25088K, reserved 1114112K
  class space    used 2893K, committed 3072K, reserved 1048576K
}
Event: 10.799 GC heap after
{Heap after GC invocations=7 (full 0):
 garbage-first heap   total 53248K, used 24836K [0x0000000083200000, 0x0000000100000000)
  region size 1024K, 4 young (4096K), 4 survivors (4096K)
 Metaspace       used 24800K, committed 25088K, reserved 1114112K
  class space    used 2893K, committed 3072K, reserved 1048576K
}
Event: 11.332 GC heap before
{Heap before GC invocations=7 (full 0):
 garbage-first heap   total 53248K, used 39172K [0x0000000083200000, 0x0000000100000000)
  region size 1024K, 18 young (18432K), 4 survivors (4096K)
 Metaspace       used 25449K, committed 25664K, reserved 1114112K
  class space    used 2964K, committed 3072K, reserved 1048576K
}
Event: 11.364 GC heap after
{Heap after GC invocations=8 (full 0):
 garbage-first heap   total 73728K, used 28560K [0x0000000083200000, 0x0000000100000000)
  region size 1024K, 3 young (3072K), 3 survivors (3072K)
 Metaspace       used 25449K, committed 25664K, reserved 1114112K
  class space    used 2964K, committed 3072K, reserved 1048576K
}
Event: 11.954 GC heap before
{Heap before GC invocations=8 (full 0):
 garbage-first heap   total 73728K, used 52112K [0x0000000083200000, 0x0000000100000000)
  region size 1024K, 25 young (25600K), 3 survivors (3072K)
 Metaspace       used 25516K, committed 25792K, reserved 1114112K
  class space    used 2965K, committed 3072K, reserved 1048576K
}
Event: 11.972 GC heap after
{Heap after GC invocations=9 (full 0):
 garbage-first heap   total 73728K, used 36752K [0x0000000083200000, 0x0000000100000000)
  region size 1024K, 4 young (4096K), 4 survivors (4096K)
 Metaspace       used 25516K, committed 25792K, reserved 1114112K
  class space    used 2965K, committed 3072K, reserved 1048576K
}
Event: 12.244 GC heap before
{Heap before GC invocations=9 (full 0):
 garbage-first heap   total 73728K, used 52112K [0x0000000083200000, 0x0000000100000000)
  region size 1024K, 20 young (20480K), 4 survivors (4096K)
 Metaspace       used 25873K, committed 26176K, reserved 1114112K
  class space    used 3006K, committed 3136K, reserved 1048576K
}
Event: 12.269 GC heap after
{Heap after GC invocations=10 (full 0):
 garbage-first heap   total 73728K, used 40336K [0x0000000083200000, 0x0000000100000000)
  region size 1024K, 3 young (3072K), 3 survivors (3072K)
 Metaspace       used 25873K, committed 26176K, reserved 1114112K
  class space    used 3006K, committed 3136K, reserved 1048576K
}
Event: 12.499 GC heap before
{Heap before GC invocations=10 (full 0):
 garbage-first heap   total 73728K, used 54672K [0x0000000083200000, 0x0000000100000000)
  region size 1024K, 17 young (17408K), 3 survivors (3072K)
 Metaspace       used 26072K, committed 26304K, reserved 1114112K
  class space    used 3018K, committed 3136K, reserved 1048576K
}
Event: 12.518 GC heap after
{Heap after GC invocations=11 (full 0):
 garbage-first heap   total 73728K, used 43439K [0x0000000083200000, 0x0000000100000000)
  region size 1024K, 3 young (3072K), 3 survivors (3072K)
 Metaspace       used 26072K, committed 26304K, reserved 1114112K
  class space    used 3018K, committed 3136K, reserved 1048576K
}
Event: 12.763 GC heap before
{Heap before GC invocations=12 (full 0):
 garbage-first heap   total 81920K, used 55727K [0x0000000083200000, 0x0000000100000000)
  region size 1024K, 15 young (15360K), 3 survivors (3072K)
 Metaspace       used 26281K, committed 26560K, reserved 1114112K
  class space    used 3025K, committed 3136K, reserved 1048576K
}
Event: 12.784 GC heap after
{Heap after GC invocations=13 (full 0):
 garbage-first heap   total 81920K, used 46274K [0x0000000083200000, 0x0000000100000000)
  region size 1024K, 2 young (2048K), 2 survivors (2048K)
 Metaspace       used 26281K, committed 26560K, reserved 1114112K
  class space    used 3025K, committed 3136K, reserved 1048576K
}
Event: 13.127 GC heap before
{Heap before GC invocations=13 (full 0):
 garbage-first heap   total 81920K, used 62658K [0x0000000083200000, 0x0000000100000000)
  region size 1024K, 18 young (18432K), 2 survivors (2048K)
 Metaspace       used 26409K, committed 26624K, reserved 1114112K
  class space    used 3033K, committed 3136K, reserved 1048576K
}
Event: 13.163 GC heap after
{Heap after GC invocations=14 (full 0):
 garbage-first heap   total 152576K, used 49693K [0x0000000083200000, 0x0000000100000000)
  region size 1024K, 3 young (3072K), 3 survivors (3072K)
 Metaspace       used 26409K, committed 26624K, reserved 1114112K
  class space    used 3033K, committed 3136K, reserved 1048576K
}
Event: 14.461 GC heap before
{Heap before GC invocations=15 (full 0):
 garbage-first heap   total 152576K, used 100893K [0x0000000083200000, 0x0000000100000000)
  region size 1024K, 53 young (54272K), 3 survivors (3072K)
 Metaspace       used 27691K, committed 27968K, reserved 1114112K
  class space    used 3189K, committed 3328K, reserved 1048576K
}
Event: 14.497 GC heap after
{Heap after GC invocations=16 (full 0):
 garbage-first heap   total 152576K, used 58169K [0x0000000083200000, 0x0000000100000000)
  region size 1024K, 7 young (7168K), 7 survivors (7168K)
 Metaspace       used 27691K, committed 27968K, reserved 1114112K
  class space    used 3189K, committed 3328K, reserved 1048576K
}
Event: 14.535 GC heap before
{Heap before GC invocations=16 (full 0):
 garbage-first heap   total 152576K, used 59193K [0x0000000083200000, 0x0000000100000000)
  region size 1024K, 8 young (8192K), 7 survivors (7168K)
 Metaspace       used 27705K, committed 27968K, reserved 1114112K
  class space    used 3189K, committed 3328K, reserved 1048576K
}
Event: 14.558 GC heap after
{Heap after GC invocations=17 (full 0):
 garbage-first heap   total 152576K, used 58962K [0x0000000083200000, 0x0000000100000000)
  region size 1024K, 1 young (1024K), 1 survivors (1024K)
 Metaspace       used 27705K, committed 27968K, reserved 1114112K
  class space    used 3189K, committed 3328K, reserved 1048576K
}

Dll operation events (8 events):
Event: 0.011 Loaded shared library C:\Program Files\Eclipse Adoptium\jdk-17.0.18.8-hotspot\bin\java.dll
Event: 0.028 Loaded shared library C:\Program Files\Eclipse Adoptium\jdk-17.0.18.8-hotspot\bin\jsvml.dll
Event: 0.059 Loaded shared library C:\Program Files\Eclipse Adoptium\jdk-17.0.18.8-hotspot\bin\net.dll
Event: 0.060 Loaded shared library C:\Program Files\Eclipse Adoptium\jdk-17.0.18.8-hotspot\bin\nio.dll
Event: 0.063 Loaded shared library C:\Program Files\Eclipse Adoptium\jdk-17.0.18.8-hotspot\bin\zip.dll
Event: 0.151 Loaded shared library C:\Program Files\Eclipse Adoptium\jdk-17.0.18.8-hotspot\bin\jimage.dll
Event: 0.152 Loaded shared library C:\Program Files\JetBrains\IntelliJ IDEA 2025.2.2\plugins\maven\lib\maven3\lib\jansi-native\Windows\x86_64\jansi.dll
Event: 0.162 Loaded shared library C:\Program Files\Eclipse Adoptium\jdk-17.0.18.8-hotspot\bin\verify.dll

Deoptimization events (20 events):
Event: 16.196 Thread 0x000001a219940c40 DEOPT PACKING pc=0x000001a22aa77ff8 sp=0x0000006efd0fd250
Event: 16.196 Thread 0x000001a219940c40 DEOPT UNPACKING pc=0x000001a22a20a1a3 sp=0x0000006efd0fd1e8 mode 2
Event: 16.441 Thread 0x000001a219940c40 Uncommon trap: trap_request=0xffffff66 fr.pc=0x000001a22aa69c98 relative=0x0000000000003478
Event: 16.441 Thread 0x000001a219940c40 Uncommon trap: reason=speculate_class_check action=maybe_recompile pc=0x000001a22aa69c98 method=com.sun.tools.javac.code.Type.hasTag(Lcom/sun/tools/javac/code/TypeTag;)Z @ 2 c2
Event: 16.441 Thread 0x000001a219940c40 DEOPT PACKING pc=0x000001a22aa69c98 sp=0x0000006efd0fa610
Event: 16.441 Thread 0x000001a219940c40 DEOPT UNPACKING pc=0x000001a22a20a1a3 sp=0x0000006efd0fa560 mode 2
Event: 16.613 Thread 0x000001a219940c40 Uncommon trap: trap_request=0xffffffc6 fr.pc=0x000001a22aa6a00c relative=0x00000000000037ec
Event: 16.613 Thread 0x000001a219940c40 Uncommon trap: reason=bimorphic_or_optimized_type_check action=maybe_recompile pc=0x000001a22aa6a00c method=com.sun.tools.javac.code.Types.capture(Lcom/sun/tools/javac/code/Type;)Lcom/sun/tools/javac/code/Type; @ 537 c2
Event: 16.613 Thread 0x000001a219940c40 DEOPT PACKING pc=0x000001a22aa6a00c sp=0x0000006efd0faee0
Event: 16.613 Thread 0x000001a219940c40 DEOPT UNPACKING pc=0x000001a22a20a1a3 sp=0x0000006efd0fae90 mode 2
Event: 16.615 Thread 0x000001a219940c40 Uncommon trap: trap_request=0xffffffc6 fr.pc=0x000001a22aa6a00c relative=0x00000000000037ec
Event: 16.615 Thread 0x000001a219940c40 Uncommon trap: reason=bimorphic_or_optimized_type_check action=maybe_recompile pc=0x000001a22aa6a00c method=com.sun.tools.javac.code.Types.capture(Lcom/sun/tools/javac/code/Type;)Lcom/sun/tools/javac/code/Type; @ 537 c2
Event: 16.615 Thread 0x000001a219940c40 DEOPT PACKING pc=0x000001a22aa6a00c sp=0x0000006efd0faee0
Event: 16.615 Thread 0x000001a219940c40 DEOPT UNPACKING pc=0x000001a22a20a1a3 sp=0x0000006efd0fae90 mode 2
Event: 16.616 Thread 0x000001a219940c40 Uncommon trap: trap_request=0xffffffc6 fr.pc=0x000001a22aa6a00c relative=0x00000000000037ec
Event: 16.616 Thread 0x000001a219940c40 Uncommon trap: reason=bimorphic_or_optimized_type_check action=maybe_recompile pc=0x000001a22aa6a00c method=com.sun.tools.javac.code.Types.capture(Lcom/sun/tools/javac/code/Type;)Lcom/sun/tools/javac/code/Type; @ 537 c2
Event: 16.617 Thread 0x000001a219940c40 DEOPT PACKING pc=0x000001a22aa6a00c sp=0x0000006efd0faee0
Event: 16.617 Thread 0x000001a219940c40 DEOPT UNPACKING pc=0x000001a22a20a1a3 sp=0x0000006efd0fae90 mode 2
Event: 16.749 Thread 0x000001a219940c40 DEOPT PACKING pc=0x000001a22392e926 sp=0x0000006efd0fb4d0
Event: 16.749 Thread 0x000001a219940c40 DEOPT UNPACKING pc=0x000001a22a20ace3 sp=0x0000006efd0fa900 mode 0

Classes loaded (20 events):
Event: 13.664 Loading class java/util/stream/ReduceOps$1
Event: 13.665 Loading class java/util/stream/ReduceOps$1 done
Event: 13.666 Loading class java/util/stream/ReduceOps$1ReducingSink
Event: 13.666 Loading class java/util/stream/ReduceOps$1ReducingSink done
Event: 13.771 Loading class java/util/EnumMap$EntrySet
Event: 13.772 Loading class java/util/EnumMap$EntrySet done
Event: 13.772 Loading class java/util/EnumMap$EntryIterator
Event: 13.772 Loading class java/util/EnumMap$EnumMapIterator
Event: 13.772 Loading class java/util/EnumMap$EnumMapIterator done
Event: 13.772 Loading class java/util/EnumMap$EntryIterator done
Event: 13.773 Loading class java/util/EnumMap$EntryIterator$Entry
Event: 13.773 Loading class java/util/EnumMap$EntryIterator$Entry done
Event: 14.123 Loading class java/util/stream/ReduceOps$2
Event: 14.123 Loading class java/util/stream/ReduceOps$2 done
Event: 14.123 Loading class java/util/stream/ReduceOps$2ReducingSink
Event: 14.124 Loading class java/util/stream/ReduceOps$2ReducingSink done
Event: 14.816 Loading class java/util/function/ToIntBiFunction
Event: 14.817 Loading class java/util/function/ToIntBiFunction done
Event: 14.824 Loading class java/io/DataOutputStream
Event: 14.825 Loading class java/io/DataOutputStream done

Classes unloaded (0 events):
No events

Classes redefined (0 events):
No events

Internal exceptions (20 events):
Event: 15.178 Thread 0x000001a219940c40 Exception <a 'sun/nio/fs/WindowsException'{0x000000008b46b8b0}> (0x000000008b46b8b0) 
thrown [s\src\hotspot\share\prims\jni.cpp, line 516]
Event: 15.317 Thread 0x000001a219940c40 Exception <a 'sun/nio/fs/WindowsException'{0x000000008b00e5f0}> (0x000000008b00e5f0) 
thrown [s\src\hotspot\share\prims\jni.cpp, line 516]
Event: 15.351 Thread 0x000001a219940c40 Exception <a 'sun/nio/fs/WindowsException'{0x000000008b05d298}> (0x000000008b05d298) 
thrown [s\src\hotspot\share\prims\jni.cpp, line 516]
Event: 15.454 Thread 0x000001a219940c40 Exception <a 'sun/nio/fs/WindowsException'{0x000000008ad676e0}> (0x000000008ad676e0) 
thrown [s\src\hotspot\share\prims\jni.cpp, line 516]
Event: 15.469 Thread 0x000001a219940c40 Exception <a 'sun/nio/fs/WindowsException'{0x000000008adb0cb8}> (0x000000008adb0cb8) 
thrown [s\src\hotspot\share\prims\jni.cpp, line 516]
Event: 15.541 Thread 0x000001a219940c40 Exception <a 'sun/nio/fs/WindowsException'{0x000000008ab97f90}> (0x000000008ab97f90) 
thrown [s\src\hotspot\share\prims\jni.cpp, line 516]
Event: 15.545 Thread 0x000001a219940c40 Exception <a 'sun/nio/fs/WindowsException'{0x000000008ab9c138}> (0x000000008ab9c138) 
thrown [s\src\hotspot\share\prims\jni.cpp, line 516]
Event: 15.548 Thread 0x000001a219940c40 Exception <a 'sun/nio/fs/WindowsException'{0x000000008aba0328}> (0x000000008aba0328) 
thrown [s\src\hotspot\share\prims\jni.cpp, line 516]
Event: 15.550 Thread 0x000001a219940c40 Exception <a 'sun/nio/fs/WindowsException'{0x000000008aba4670}> (0x000000008aba4670) 
thrown [s\src\hotspot\share\prims\jni.cpp, line 516]
Event: 15.563 Thread 0x000001a219940c40 Exception <a 'sun/nio/fs/WindowsException'{0x000000008abda010}> (0x000000008abda010) 
thrown [s\src\hotspot\share\prims\jni.cpp, line 516]
Event: 15.607 Thread 0x000001a219940c40 Exception <a 'sun/nio/fs/WindowsException'{0x000000008a9329e8}> (0x000000008a9329e8) 
thrown [s\src\hotspot\share\prims\jni.cpp, line 516]
Event: 15.615 Thread 0x000001a219940c40 Exception <a 'sun/nio/fs/WindowsException'{0x000000008a956b78}> (0x000000008a956b78) 
thrown [s\src\hotspot\share\prims\jni.cpp, line 516]
Event: 15.709 Thread 0x000001a219940c40 Exception <a 'sun/nio/fs/WindowsException'{0x000000008a7e53b8}> (0x000000008a7e53b8) 
thrown [s\src\hotspot\share\prims\jni.cpp, line 516]
Event: 15.879 Thread 0x000001a219940c40 Exception <a 'sun/nio/fs/WindowsException'{0x000000008a4a0108}> (0x000000008a4a0108) 
thrown [s\src\hotspot\share\prims\jni.cpp, line 516]
Event: 16.049 Thread 0x000001a219940c40 Exception <a 'sun/nio/fs/WindowsException'{0x000000008a1bd710}> (0x000000008a1bd710) 
thrown [s\src\hotspot\share\prims\jni.cpp, line 516]
Event: 16.069 Thread 0x000001a219940c40 Exception <a 'sun/nio/fs/WindowsException'{0x000000008a1fb868}> (0x000000008a1fb868) 
thrown [s\src\hotspot\share\prims\jni.cpp, line 516]
Event: 16.085 Thread 0x000001a219940c40 Exception <a 'sun/nio/fs/WindowsException'{0x000000008a01d178}> (0x000000008a01d178) 
thrown [s\src\hotspot\share\prims\jni.cpp, line 516]
Event: 16.159 Thread 0x000001a219940c40 Exception <a 'sun/nio/fs/WindowsException'{0x000000008a03ef00}> (0x000000008a03ef00) 
thrown [s\src\hotspot\share\prims\jni.cpp, line 516]
Event: 16.199 Thread 0x000001a219940c40 Exception <a 'sun/nio/fs/WindowsException'{0x000000008a0667c8}> (0x000000008a0667c8) 
thrown [s\src\hotspot\share\prims\jni.cpp, line 516]
Event: 16.224 Thread 0x000001a219940c40 Exception <a 'sun/nio/fs/WindowsException'{0x000000008a098578}> (0x000000008a098578) 
thrown [s\src\hotspot\share\prims\jni.cpp, line 516]

VM Operations (20 events):
Event: 14.604 Executing VM operation: ICBufferFull
Event: 14.604 Executing VM operation: ICBufferFull done
Event: 14.711 Executing VM operation: ICBufferFull
Event: 14.711 Executing VM operation: ICBufferFull done
Event: 14.715 Executing VM operation: HandshakeAllThreads
Event: 14.715 Executing VM operation: HandshakeAllThreads done
Event: 14.846 Executing VM operation: ICBufferFull
Event: 14.847 Executing VM operation: ICBufferFull done
Event: 14.984 Executing VM operation: ICBufferFull
Event: 14.984 Executing VM operation: ICBufferFull done
Event: 15.199 Executing VM operation: ICBufferFull
Event: 15.199 Executing VM operation: ICBufferFull done
Event: 15.480 Executing VM operation: ICBufferFull
Event: 15.481 Executing VM operation: ICBufferFull done
Event: 15.598 Executing VM operation: ICBufferFull
Event: 15.599 Executing VM operation: ICBufferFull done
Event: 15.862 Executing VM operation: ICBufferFull
Event: 15.862 Executing VM operation: ICBufferFull done
Event: 16.314 Executing VM operation: ICBufferFull
Event: 16.314 Executing VM operation: ICBufferFull done

Memory protections (0 events):
No events

Nmethod flushes (20 events):
Event: 11.729 Thread 0x000001a239c1ff20 flushing  nmethod 0x000001a22375a490
Event: 11.729 Thread 0x000001a239c1ff20 flushing  nmethod 0x000001a22375ab10
Event: 11.729 Thread 0x000001a239c1ff20 flushing  nmethod 0x000001a22375c910
Event: 11.729 Thread 0x000001a239c1ff20 flushing  nmethod 0x000001a22375d290
Event: 11.729 Thread 0x000001a239c1ff20 flushing  nmethod 0x000001a22375d890
Event: 11.729 Thread 0x000001a239c1ff20 flushing  nmethod 0x000001a22375dd10
Event: 11.729 Thread 0x000001a239c1ff20 flushing  nmethod 0x000001a22375e990
Event: 11.729 Thread 0x000001a239c1ff20 flushing  nmethod 0x000001a223761610
Event: 11.729 Thread 0x000001a239c1ff20 flushing  nmethod 0x000001a223761990
Event: 11.729 Thread 0x000001a239c1ff20 flushing  nmethod 0x000001a223762110
Event: 11.729 Thread 0x000001a239c1ff20 flushing  nmethod 0x000001a223762690
Event: 11.729 Thread 0x000001a239c1ff20 flushing  nmethod 0x000001a223763790
Event: 11.729 Thread 0x000001a239c1ff20 flushing  nmethod 0x000001a223765010
Event: 11.729 Thread 0x000001a239c1ff20 flushing  nmethod 0x000001a223765410
Event: 11.729 Thread 0x000001a239c1ff20 flushing  nmethod 0x000001a223769d90
Event: 11.729 Thread 0x000001a239c1ff20 flushing  nmethod 0x000001a22376ac10
Event: 11.729 Thread 0x000001a239c1ff20 flushing  nmethod 0x000001a22376b410
Event: 11.729 Thread 0x000001a239c1ff20 flushing  nmethod 0x000001a22376bb10
Event: 11.730 Thread 0x000001a239c1ff20 flushing  nmethod 0x000001a2237ab690
Event: 14.602 Thread 0x000001a239c1ff20 flushing  nmethod 0x000001a22372f510

Events (20 events):
Event: 0.028 Thread 0x000001a219940c40 Thread added: 0x000001a219940c40
Event: 0.030 Thread 0x000001a219940c40 Thread added: 0x000001a239be90a0
Event: 0.031 Thread 0x000001a219940c40 Thread added: 0x000001a239be9b70
Event: 0.037 Thread 0x000001a219940c40 Thread added: 0x000001a239c00c40
Event: 0.038 Thread 0x000001a219940c40 Thread added: 0x000001a239c03620
Event: 0.038 Thread 0x000001a219940c40 Thread added: 0x000001a239c05f00
Event: 0.038 Thread 0x000001a219940c40 Thread added: 0x000001a239c087e0
Event: 0.038 Thread 0x000001a219940c40 Thread added: 0x000001a239c093e0
Event: 0.039 Thread 0x000001a219940c40 Thread added: 0x000001a239c15610
Event: 0.039 Thread 0x000001a219940c40 Thread added: 0x000001a239c1ff20
Event: 0.052 Thread 0x000001a219940c40 Thread added: 0x000001a27f0e2190
Event: 0.056 Thread 0x000001a219940c40 Thread added: 0x000001a27f0e76f0
Event: 0.150 Thread 0x000001a219940c40 Thread added: 0x000001a27f3094a0
Event: 0.157 Thread 0x000001a27f3094a0 Thread exited: 0x000001a27f3094a0
Event: 1.543 Thread 0x000001a239c15610 Thread added: 0x000001a27fb9d390
Event: 2.118 Thread 0x000001a219940c40 Thread added: 0x000001a20047e590
Event: 4.176 Thread 0x000001a27fb9d390 Thread exited: 0x000001a27fb9d390
Event: 6.669 Thread 0x000001a239c15610 Thread added: 0x000001a200aa8880
Event: 8.650 Thread 0x000001a200aa8880 Thread exited: 0x000001a200aa8880
Event: 9.967 Thread 0x000001a239c15610 Thread added: 0x000001a200b5caa0


Dynamic libraries:
0x00007ff680280000 - 0x00007ff68028e000 	C:\Program Files\Eclipse Adoptium\jdk-17.0.18.8-hotspot\bin\java.exe
0x00007fff3d830000 - 0x00007fff3da28000 	C:\WINDOWS\SYSTEM32\ntdll.dll
0x00007fff3cf90000 - 0x00007fff3d052000 	C:\WINDOWS\System32\KERNEL32.DLL
0x00007fff3b370000 - 0x00007fff3b666000 	C:\WINDOWS\System32\KERNELBASE.dll
0x00007fff3aec0000 - 0x00007fff3afc0000 	C:\WINDOWS\System32\ucrtbase.dll
0x00007fff36b60000 - 0x00007fff36b7e000 	C:\Program Files\Eclipse Adoptium\jdk-17.0.18.8-hotspot\bin\VCRUNTIME140.dll
0x00007fff36b40000 - 0x00007fff36b58000 	C:\Program Files\Eclipse Adoptium\jdk-17.0.18.8-hotspot\bin\jli.dll
0x00007fff3d2e0000 - 0x00007fff3d481000 	C:\WINDOWS\System32\USER32.dll
0x00007fff25c50000 - 0x00007fff25eeb000 	C:\WINDOWS\WinSxS\amd64_microsoft.windows.common-controls_6595b64144ccf1df_6.0.19041.6456_none_60b8a6cb71f64256\COMCTL32.dll
0x00007fff3b050000 - 0x00007fff3b072000 	C:\WINDOWS\System32\win32u.dll
0x00007fff3d240000 - 0x00007fff3d2de000 	C:\WINDOWS\System32\msvcrt.dll
0x00007fff3cf60000 - 0x00007fff3cf8b000 	C:\WINDOWS\System32\GDI32.dll
0x00007fff3b080000 - 0x00007fff3b199000 	C:\WINDOWS\System32\gdi32full.dll
0x00007fff3b2d0000 - 0x00007fff3b36d000 	C:\WINDOWS\System32\msvcp_win.dll
0x00007fff3d060000 - 0x00007fff3d08f000 	C:\WINDOWS\System32\IMM32.DLL
0x00007fff36b30000 - 0x00007fff36b3c000 	C:\Program Files\Eclipse Adoptium\jdk-17.0.18.8-hotspot\bin\vcruntime140_1.dll
0x00007fff25f00000 - 0x00007fff25f8d000 	C:\Program Files\Eclipse Adoptium\jdk-17.0.18.8-hotspot\bin\msvcp140.dll
0x00007ffeea320000 - 0x00007ffeeaf8b000 	C:\Program Files\Eclipse Adoptium\jdk-17.0.18.8-hotspot\bin\server\jvm.dll
0x00007fff3cd50000 - 0x00007fff3ce01000 	C:\WINDOWS\System32\ADVAPI32.dll
0x00007fff3c290000 - 0x00007fff3c32f000 	C:\WINDOWS\System32\sechost.dll
0x00007fff3c170000 - 0x00007fff3c290000 	C:\WINDOWS\System32\RPCRT4.dll
0x00007fff3b670000 - 0x00007fff3b697000 	C:\WINDOWS\System32\bcrypt.dll
0x00007fff3c100000 - 0x00007fff3c16b000 	C:\WINDOWS\System32\WS2_32.dll
0x00007fff3a450000 - 0x00007fff3a49b000 	C:\WINDOWS\SYSTEM32\POWRPROF.dll
0x00007fff32b80000 - 0x00007fff32b8a000 	C:\WINDOWS\SYSTEM32\VERSION.dll
0x00007fff26f80000 - 0x00007fff26fa7000 	C:\WINDOWS\SYSTEM32\WINMM.dll
0x00007fff3a2c0000 - 0x00007fff3a2d2000 	C:\WINDOWS\SYSTEM32\UMPDC.dll
0x00007fff38ef0000 - 0x00007fff38f02000 	C:\WINDOWS\SYSTEM32\kernel.appcore.dll
0x00007fff36b20000 - 0x00007fff36b2a000 	C:\Program Files\Eclipse Adoptium\jdk-17.0.18.8-hotspot\bin\jimage.dll
0x00007fff38a90000 - 0x00007fff38c91000 	C:\WINDOWS\SYSTEM32\DBGHELP.DLL
0x00007fff22e70000 - 0x00007fff22ea4000 	C:\WINDOWS\SYSTEM32\dbgcore.DLL
0x00007fff3afc0000 - 0x00007fff3b042000 	C:\WINDOWS\System32\bcryptPrimitives.dll
0x00007fff30010000 - 0x00007fff30035000 	C:\Program Files\Eclipse Adoptium\jdk-17.0.18.8-hotspot\bin\java.dll
0x00007fff1e350000 - 0x00007fff1e427000 	C:\Program Files\Eclipse Adoptium\jdk-17.0.18.8-hotspot\bin\jsvml.dll
0x00007fff3c4b0000 - 0x00007fff3cc20000 	C:\WINDOWS\System32\SHELL32.dll
0x00007fff38f30000 - 0x00007fff396d5000 	C:\WINDOWS\SYSTEM32\windows.storage.dll
0x00007fff3d490000 - 0x00007fff3d7e4000 	C:\WINDOWS\System32\combase.dll
0x00007fff3a8f0000 - 0x00007fff3a91b000 	C:\WINDOWS\SYSTEM32\Wldp.dll
0x00007fff3cc80000 - 0x00007fff3cd4d000 	C:\WINDOWS\System32\OLEAUT32.dll
0x00007fff3bf10000 - 0x00007fff3bfbd000 	C:\WINDOWS\System32\SHCORE.dll
0x00007fff3cc20000 - 0x00007fff3cc7b000 	C:\WINDOWS\System32\shlwapi.dll
0x00007fff3adf0000 - 0x00007fff3ae14000 	C:\WINDOWS\SYSTEM32\profapi.dll
0x00007fff36b00000 - 0x00007fff36b1a000 	C:\Program Files\Eclipse Adoptium\jdk-17.0.18.8-hotspot\bin\net.dll
0x00007fff37160000 - 0x00007fff3726a000 	C:\WINDOWS\SYSTEM32\WINHTTP.dll
0x00007fff3a650000 - 0x00007fff3a6ba000 	C:\WINDOWS\system32\mswsock.dll
0x00007fff320b0000 - 0x00007fff320c6000 	C:\Program Files\Eclipse Adoptium\jdk-17.0.18.8-hotspot\bin\nio.dll
0x00007fff2fff0000 - 0x00007fff30008000 	C:\Program Files\Eclipse Adoptium\jdk-17.0.18.8-hotspot\bin\zip.dll
0x00007fff250f0000 - 0x00007fff25114000 	C:\Program Files\JetBrains\IntelliJ IDEA 2025.2.2\plugins\maven\lib\maven3\lib\jansi-native\Windows\x86_64\jansi.dll
0x00007fff212e0000 - 0x00007fff212f0000 	C:\Program Files\Eclipse Adoptium\jdk-17.0.18.8-hotspot\bin\verify.dll
0x00007fff3a150000 - 0x00007fff3a183000 	C:\WINDOWS\SYSTEM32\ntmarta.dll

dbghelp: loaded successfully - version: 4.0.5 - missing functions: none
symbol engine: initialized successfully - sym options: 0x614 - pdb path: .;C:\Program Files\Eclipse Adoptium\jdk-17.0.18.8-hotspot\bin;C:\WINDOWS\SYSTEM32;C:\WINDOWS\WinSxS\amd64_microsoft.windows.common-controls_6595b64144ccf1df_6.0.19041.6456_none_60b8a6cb71f64256;C:\Program Files\Eclipse Adoptium\jdk-17.0.18.8-hotspot\bin\server;C:\Program Files\JetBrains\IntelliJ IDEA 2025.2.2\plugins\maven\lib\maven3\lib\jansi-native\Windows\x86_64

VM Arguments:
jvm_args: -Dclassworlds.conf=C:\Program Files\JetBrains\IntelliJ IDEA 2025.2.2\plugins\maven\lib\maven3\bin\m2.conf -Dmaven.home=C:\Program Files\JetBrains\IntelliJ IDEA 2025.2.2\plugins\maven\lib\maven3 -Dlibrary.jansi.path=C:\Program Files\JetBrains\IntelliJ IDEA 2025.2.2\plugins\maven\lib\maven3\lib\jansi-native -Dmaven.multiModuleProjectDirectory=C:\Users\STAR\Desktop\Esprit-PIDEV-3A26-2526-Rehla 
java_command: org.codehaus.plexus.classworlds.launcher.Launcher -Didea.version=2025.2.2 -Dmaven.ext.class.path=C:\Program Files\JetBrains\IntelliJ IDEA 2025.2.2\plugins\maven\lib\maven-event-listener.jar -Djansi.passthrough=true -Dstyle.color=always -Dmaven.repo.local=C:\Users\STAR\.m2\repository org.openjfx:javafx-maven-plugin:0.0.8:run -f pom.xml
java_class_path (initial): C:\Program Files\JetBrains\IntelliJ IDEA 2025.2.2\plugins\maven\lib\maven3\boot\plexus-classworlds-2.8.0.jar
Launcher Type: SUN_STANDARD

[Global flags]
     intx CICompilerCount                          = 4                                         {product} {ergonomic}
     uint ConcGCThreads                            = 2                                         {product} {ergonomic}
     uint G1ConcRefinementThreads                  = 8                                         {product} {ergonomic}
   size_t G1HeapRegionSize                         = 1048576                                   {product} {ergonomic}
    uintx GCDrainStackTargetSize                   = 64                                        {product} {ergonomic}
   size_t InitialHeapSize                          = 132120576                                 {product} {ergonomic}
   size_t MarkStackSize                            = 4194304                                   {product} {ergonomic}
   size_t MaxHeapSize                              = 2095054848                                {product} {ergonomic}
   size_t MaxNewSize                               = 1256194048                                {product} {ergonomic}
   size_t MinHeapDeltaBytes                        = 1048576                                   {product} {ergonomic}
   size_t MinHeapSize                              = 8388608                                   {product} {ergonomic}
    uintx NonNMethodCodeHeapSize                   = 5839372                                {pd product} {ergonomic}
    uintx NonProfiledCodeHeapSize                  = 122909434                              {pd product} {ergonomic}
    uintx ProfiledCodeHeapSize                     = 122909434                              {pd product} {ergonomic}
    uintx ReservedCodeCacheSize                    = 251658240                              {pd product} {ergonomic}
     bool SegmentedCodeCache                       = true                                      {product} {ergonomic}
   size_t SoftMaxHeapSize                          = 2095054848                             {manageable} {ergonomic}
     bool UseCompressedClassPointers               = true                           {product lp64_product} {ergonomic}
     bool UseCompressedOops                        = true                           {product lp64_product} {ergonomic}
     bool UseG1GC                                  = true                                      {product} {ergonomic}
     bool UseLargePagesIndividualAllocation        = false                                  {pd product} {ergonomic}

Logging:
Log output configuration:
 #0: stdout all=warning uptime,level,tags
 #1: stderr all=off uptime,level,tags

Environment Variables:
JAVA_HOME=C:\Program Files\Eclipse Adoptium\jdk-17.0.18.8-hotspot
PATH=C:\Program Files\Eclipse Adoptium\jdk-17.0.18.8-hotspot\bin;C:\Program Files\Eclipse Adoptium\jdk-21.0.8.9-hotspot\bin;c:\Users\STAR\AppData\Local\Programs\cursor\resources\app\bin;C:\Program Files\Google\Chrome\Application;C:\oraclexe\app\oracle\product\11.2.0\server\bin;;C:\WINDOWS\system32;C:\WINDOWS;C:\WINDOWS\System32\Wbem;C:\WINDOWS\System32\WindowsPowerShell\v1.0\;C:\WINDOWS\System32\OpenSSH\;C:\Program Files\Git\cmd;C:\Program Files\dotnet\;C:\Program Files (x86)\NVIDIA Corporation\PhysX\Common;C:\Program Files\NVIDIA Corporation\NVIDIA NvDLISR;C:\Program Files\Calibre2\;C:\Users\STAR\AppData\Local\Programs\Python\Python313\;C:\Users\STAR\AppData\Local\Programs\Python\Launcher\;C:\Users\STAR\AppData\Local\Programs\Python\Python313\Scripts\;C:\Users\STAR\AppData\Local\Microsoft\WindowsApps;C:\Users\STAR\AppData\Local\GitHubDesktop\bin;C:\Users\STAR\AppData\Local\Programs\Windsurf\bin;c:\Users\STAR\AppData\Local\Programs\cursor\resources\app\bin;C:\Program Files\MySQL\MySQL Shell 8.0\bin\;C:\composer;C:\xampp\php;C:\Users\STAR\AppData\Local\Microsoft\WindowsApps;C:\Users\STAR\AppData\Local\Programs\Microsoft VS Code\bin;C:\Users\STAR\AppData\Local\GitHubDesktop\bin;C:\Program Files\JetBrains\IntelliJ IDEA 2025.2.2\bin;C:\Users\STAR\AppData\Local\Programs\Windsurf\bin
USERNAME=STAR
OS=Windows_NT
PROCESSOR_IDENTIFIER=Intel64 Family 6 Model 140 Stepping 1, GenuineIntel
TMP=C:\Users\STAR\AppData\Local\Temp
TEMP=C:\Users\STAR\AppData\Local\Temp



Periodic native trim disabled


---------------  S Y S T E M  ---------------

OS:
 Windows 10 , 64 bit Build 19041 (10.0.19041.5915)
OS uptime: 0 days 17:47 hours

CPU: total 8 (initial active 8) (4 cores per cpu, 2 threads per core) family 6 model 140 stepping 1 microcode 0x9a, cx8, cmov, fxsr, ht, mmx, 3dnowpref, sse, sse2, sse3, ssse3, sse4.1, sse4.2, popcnt, lzcnt, tsc, tscinvbit, avx, avx2, aes, erms, clmul, bmi1, bmi2, adx, avx512f, avx512dq, avx512cd, avx512bw, avx512vl, sha, fma, vzeroupper, avx512_vpopcntdq, avx512_vpclmulqdq, avx512_vaes, avx512_vnni, clflush, clflushopt, clwb, avx512_vbmi2, avx512_vbmi
Processor Information for all 8 processors :
  Max Mhz: 2419, Current Mhz: 2419, Mhz Limit: 2419

Memory: 4k page, system-wide physical 7991M (330M free)
TotalPageFile size 31991M (AvailPageFile size 3M)
current process WorkingSet (physical memory assigned to process): 272M, peak: 281M
current process commit charge ("private bytes"): 323M, peak: 333M

vm_info: OpenJDK 64-Bit Server VM (17.0.18+8) for windows-amd64 JRE (17.0.18+8), built on Jan 20 2026 22:28:22 by "admin" with MS VC++ 17.12 (VS2022)

END.
