#
# There is insufficient memory for the Java Runtime Environment to continue.
# Native memory allocation (malloc) failed to allocate 382816 bytes. Error detail: Chunk::new
# Possible reasons:
#   The system is out of physical RAM or swap space
#   This process is running with CompressedOops enabled, and the Java Heap may be blocking the growth of the native heap
# Possible solutions:
#   Reduce memory load on the system
#   Increase physical memory or swap space
#   Check if swap backing store is full
#   Decrease Java heap size (-Xmx/-Xms)
#   Decrease number of Java threads
#   Decrease Java thread stack sizes (-Xss)
#   Set larger code cache with -XX:ReservedCodeCacheSize=
#   JVM is running with Unscaled Compressed Oops mode in which the Java heap is
#     placed in the first 4GB address space. The Java Heap base address is the
#     maximum limit for the native heap growth. Please use -XX:HeapBaseMinAddress
#     to set the Java Heap base and to place the Java Heap above 4GB virtual address.
# This output file may be truncated or incomplete.
#
#  Out of Memory Error (arena.cpp:191), pid=11976, tid=12892
#
# JRE version: OpenJDK Runtime Environment Temurin-17.0.18+8 (17.0.18+8) (build 17.0.18+8)
# Java VM: OpenJDK 64-Bit Server VM Temurin-17.0.18+8 (17.0.18+8, mixed mode, sharing, tiered, compressed oops, compressed class ptrs, g1 gc, windows-amd64)
# No core dump will be written. Minidumps are not enabled by default on client versions of Windows
#

---------------  S U M M A R Y ------------

Command Line: -Dclassworlds.conf=C:\Program Files\JetBrains\IntelliJ IDEA 2025.2.2\plugins\maven\lib\maven3\bin\m2.conf -Dmaven.home=C:\Program Files\JetBrains\IntelliJ IDEA 2025.2.2\plugins\maven\lib\maven3 -Dlibrary.jansi.path=C:\Program Files\JetBrains\IntelliJ IDEA 2025.2.2\plugins\maven\lib\maven3\lib\jansi-native -Dmaven.multiModuleProjectDirectory=C:\Users\STAR\Desktop\Esprit-PIDEV-3A26-2526-Rehla org.codehaus.plexus.classworlds.launcher.Launcher -Didea.version=2025.2.2 -Dmaven.ext.class.path=C:\Program Files\JetBrains\IntelliJ IDEA 2025.2.2\plugins\maven\lib\maven-event-listener.jar -Djansi.passthrough=true -Dstyle.color=always -Dmaven.repo.local=C:\Users\STAR\.m2\repository org.apache.maven.plugins:maven-clean-plugin:3.2.0:clean -f pom.xml

Host: 11th Gen Intel(R) Core(TM) i5-1135G7 @ 2.40GHz, 8 cores, 7G,  Windows 10 , 64 bit Build 19041 (10.0.19041.5915)
Time: Tue May 12 18:05:48 2026 Europe de l , 64 bit Build 19041 (10.0.19041.5915) elapsed time: 0.942598 seconds (0d 0h 0m 0s)

---------------  T H R E A D  ---------------

Current thread (0x0000021c672560e0):  JavaThread "C2 CompilerThread0" daemon [_thread_in_native, id=12892, stack(0x000000855fe00000,0x000000855ff00000)]


Current CompileTask:
C2:942 1442 % !   4       java.util.concurrent.ConcurrentHashMap::transfer @ 372 (849 bytes)

Stack: [0x000000855fe00000,0x000000855ff00000]
Native frames: (J=compiled Java code, j=interpreted, Vv=VM code, C=native code)
V  [jvm.dll+0x6846f9]
V  [jvm.dll+0x839ea5]
V  [jvm.dll+0x83b91e]
V  [jvm.dll+0x83bfa3]
V  [jvm.dll+0x248eff]
V  [jvm.dll+0xad496]
V  [jvm.dll+0xadb3c]
V  [jvm.dll+0x368c1e]
V  [jvm.dll+0x333055]
V  [jvm.dll+0x3324ba]
V  [jvm.dll+0x219db9]
V  [jvm.dll+0x219200]
V  [jvm.dll+0x1a4920]
V  [jvm.dll+0x22989a]
V  [jvm.dll+0x227a4b]
V  [jvm.dll+0x7f0658]
V  [jvm.dll+0x7eaaec]
V  [jvm.dll+0x6835c7]
C  [ucrtbase.dll+0x21bb2]
C  [KERNEL32.DLL+0x17374]
C  [ntdll.dll+0x4cc91]


---------------  P R O C E S S  ---------------

Threads class SMR info:
_java_thread_list=0x0000021c6723d910, length=12, elements={
0x0000021c48ef0fe0, 0x0000021c67238460, 0x0000021c67238f30, 0x0000021c6724d790,
0x0000021c67250270, 0x0000021c67252b50, 0x0000021c67255430, 0x0000021c672560e0,
0x0000021c67257cc0, 0x0000021c6725d850, 0x0000021c674c8870, 0x0000021c674c9290
}

Java Threads: ( => current thread )
  0x0000021c48ef0fe0 JavaThread "main" [_thread_in_native, id=4820, stack(0x000000855f100000,0x000000855f200000)]
  0x0000021c67238460 JavaThread "Reference Handler" daemon [_thread_blocked, id=20364, stack(0x000000855f800000,0x000000855f900000)]
  0x0000021c67238f30 JavaThread "Finalizer" daemon [_thread_blocked, id=6864, stack(0x000000855f900000,0x000000855fa00000)]
  0x0000021c6724d790 JavaThread "Signal Dispatcher" daemon [_thread_blocked, id=4236, stack(0x000000855fa00000,0x000000855fb00000)]
  0x0000021c67250270 JavaThread "Attach Listener" daemon [_thread_blocked, id=1832, stack(0x000000855fb00000,0x000000855fc00000)]
  0x0000021c67252b50 JavaThread "Service Thread" daemon [_thread_blocked, id=5928, stack(0x000000855fc00000,0x000000855fd00000)]
  0x0000021c67255430 JavaThread "Monitor Deflation Thread" daemon [_thread_blocked, id=12604, stack(0x000000855fd00000,0x000000855fe00000)]
=>0x0000021c672560e0 JavaThread "C2 CompilerThread0" daemon [_thread_in_native, id=12892, stack(0x000000855fe00000,0x000000855ff00000)]
  0x0000021c67257cc0 JavaThread "C1 CompilerThread0" daemon [_thread_blocked, id=1116, stack(0x000000855ff00000,0x0000008560000000)]
  0x0000021c6725d850 JavaThread "Sweeper thread" daemon [_thread_blocked, id=16720, stack(0x0000008560000000,0x0000008560100000)]
  0x0000021c674c8870 JavaThread "Notification Thread" daemon [_thread_blocked, id=20660, stack(0x0000008560100000,0x0000008560200000)]
  0x0000021c674c9290 JavaThread "Common-Cleaner" daemon [_thread_blocked, id=19868, stack(0x0000008560300000,0x0000008560400000)]

Other Threads:
  0x0000021c67234010 VMThread "VM Thread" [stack: 0x000000855f700000,0x000000855f800000] [id=20780]
  0x0000021c674c9aa0 WatcherThread [stack: 0x0000008560200000,0x0000008560300000] [id=15788]
  0x0000021c48f4b9a0 GCTaskThread "GC Thread#0" [stack: 0x000000855f200000,0x000000855f300000] [id=3816]
  0x0000021c67ae09f0 GCTaskThread "GC Thread#1" [stack: 0x0000008560400000,0x0000008560500000] [id=15560]
  0x0000021c67ae0cb0 GCTaskThread "GC Thread#2" [stack: 0x0000008560500000,0x0000008560600000] [id=20900]
  0x0000021c67e56160 GCTaskThread "GC Thread#3" [stack: 0x0000008560600000,0x0000008560700000] [id=6880]
  0x0000021c67e58430 GCTaskThread "GC Thread#4" [stack: 0x0000008560700000,0x0000008560800000] [id=15400]
  0x0000021c67e586f0 GCTaskThread "GC Thread#5" [stack: 0x0000008560800000,0x0000008560900000] [id=6716]
  0x0000021c67e58dc0 GCTaskThread "GC Thread#6" [stack: 0x0000008560900000,0x0000008560a00000] [id=18896]
  0x0000021c48f5d1d0 ConcurrentGCThread "G1 Main Marker" [stack: 0x000000855f300000,0x000000855f400000] [id=11460]
  0x0000021c48f5db00 ConcurrentGCThread "G1 Conc#0" [stack: 0x000000855f400000,0x000000855f500000] [id=17032]
  0x0000021c670b20d0 ConcurrentGCThread "G1 Refine#0" [stack: 0x000000855f500000,0x000000855f600000] [id=15736]
  0x0000021c670b2a10 ConcurrentGCThread "G1 Service" [stack: 0x000000855f600000,0x000000855f700000] [id=2116]

Threads with active compile tasks:
C2 CompilerThread0  970 1442 % !   4       java.util.concurrent.ConcurrentHashMap::transfer @ 372 (849 bytes)
C1 CompilerThread0  970 1484       3       com.google.inject.internal.AbstractBindingBuilder::<init> (56 bytes)

VM state: not at safepoint (normal execution)

VM Mutex/Monitor currently owned by a thread: None

Heap address: 0x0000000083200000, size: 1998 MB, Compressed Oops mode: 32-bit

CDS archive(s) mapped at: [0x0000021c00000000-0x0000021c00bb0000-0x0000021c00bb0000), size 12255232, SharedBaseAddress: 0x0000021c00000000, ArchiveRelocationMode: 1.
Compressed class space mapped at: 0x0000021c01000000-0x0000021c41000000, reserved size: 1073741824
Narrow klass base: 0x0000021c00000000, Narrow klass shift: 0, Narrow klass range: 0x100000000

GC Precious Log:
 CPUs: 8 total, 8 available
 Memory: 7991M
 Large Page Support: Disabled
 NUMA Support: Disabled
 Compressed Oops: Enabled (32-bit)
 Heap Region Size: 1M
 Heap Min Capacity: 8M
 Heap Initial Capacity: 126M
 Heap Max Capacity: 1998M
 Pre-touch: Disabled
 Parallel Workers: 8
 Concurrent Workers: 2
 Concurrent Refinement Workers: 8
 Periodic GC: Disabled

Heap:
 garbage-first heap   total 129024K, used 23119K [0x0000000083200000, 0x0000000100000000)
  region size 1024K, 23 young (23552K), 3 survivors (3072K)
 Metaspace       used 7138K, committed 7360K, reserved 1114112K
  class space    used 855K, committed 960K, reserved 1048576K

Heap Regions: E=young(eden), S=young(survivor), O=old, HS=humongous(starts), HC=humongous(continues), CS=collection set, F=free, OA=open archive, CA=closed archive, TAMS=top-at-mark-start (previous, next)
|   0|0x0000000083200000, 0x0000000083293c00, 0x0000000083300000| 57%| O|  |TAMS 0x0000000083200000, 0x0000000083200000| Untracked 
|   1|0x0000000083300000, 0x0000000083300000, 0x0000000083400000|  0%| F|  |TAMS 0x0000000083300000, 0x0000000083300000| Untracked 
|   2|0x0000000083400000, 0x0000000083400000, 0x0000000083500000|  0%| F|  |TAMS 0x0000000083400000, 0x0000000083400000| Untracked 
|   3|0x0000000083500000, 0x0000000083500000, 0x0000000083600000|  0%| F|  |TAMS 0x0000000083500000, 0x0000000083500000| Untracked 
|   4|0x0000000083600000, 0x0000000083600000, 0x0000000083700000|  0%| F|  |TAMS 0x0000000083600000, 0x0000000083600000| Untracked 
|   5|0x0000000083700000, 0x0000000083700000, 0x0000000083800000|  0%| F|  |TAMS 0x0000000083700000, 0x0000000083700000| Untracked 
|   6|0x0000000083800000, 0x0000000083800000, 0x0000000083900000|  0%| F|  |TAMS 0x0000000083800000, 0x0000000083800000| Untracked 
|   7|0x0000000083900000, 0x0000000083900000, 0x0000000083a00000|  0%| F|  |TAMS 0x0000000083900000, 0x0000000083900000| Untracked 
|   8|0x0000000083a00000, 0x0000000083a00000, 0x0000000083b00000|  0%| F|  |TAMS 0x0000000083a00000, 0x0000000083a00000| Untracked 
|   9|0x0000000083b00000, 0x0000000083b00000, 0x0000000083c00000|  0%| F|  |TAMS 0x0000000083b00000, 0x0000000083b00000| Untracked 
|  10|0x0000000083c00000, 0x0000000083c00000, 0x0000000083d00000|  0%| F|  |TAMS 0x0000000083c00000, 0x0000000083c00000| Untracked 
|  11|0x0000000083d00000, 0x0000000083d00000, 0x0000000083e00000|  0%| F|  |TAMS 0x0000000083d00000, 0x0000000083d00000| Untracked 
|  12|0x0000000083e00000, 0x0000000083e00000, 0x0000000083f00000|  0%| F|  |TAMS 0x0000000083e00000, 0x0000000083e00000| Untracked 
|  13|0x0000000083f00000, 0x0000000083f00000, 0x0000000084000000|  0%| F|  |TAMS 0x0000000083f00000, 0x0000000083f00000| Untracked 
|  14|0x0000000084000000, 0x0000000084000000, 0x0000000084100000|  0%| F|  |TAMS 0x0000000084000000, 0x0000000084000000| Untracked 
|  15|0x0000000084100000, 0x0000000084100000, 0x0000000084200000|  0%| F|  |TAMS 0x0000000084100000, 0x0000000084100000| Untracked 
|  16|0x0000000084200000, 0x0000000084200000, 0x0000000084300000|  0%| F|  |TAMS 0x0000000084200000, 0x0000000084200000| Untracked 
|  17|0x0000000084300000, 0x0000000084300000, 0x0000000084400000|  0%| F|  |TAMS 0x0000000084300000, 0x0000000084300000| Untracked 
|  18|0x0000000084400000, 0x0000000084400000, 0x0000000084500000|  0%| F|  |TAMS 0x0000000084400000, 0x0000000084400000| Untracked 
|  19|0x0000000084500000, 0x0000000084500000, 0x0000000084600000|  0%| F|  |TAMS 0x0000000084500000, 0x0000000084500000| Untracked 
|  20|0x0000000084600000, 0x0000000084600000, 0x0000000084700000|  0%| F|  |TAMS 0x0000000084600000, 0x0000000084600000| Untracked 
|  21|0x0000000084700000, 0x0000000084700000, 0x0000000084800000|  0%| F|  |TAMS 0x0000000084700000, 0x0000000084700000| Untracked 
|  22|0x0000000084800000, 0x0000000084800000, 0x0000000084900000|  0%| F|  |TAMS 0x0000000084800000, 0x0000000084800000| Untracked 
|  23|0x0000000084900000, 0x0000000084900000, 0x0000000084a00000|  0%| F|  |TAMS 0x0000000084900000, 0x0000000084900000| Untracked 
|  24|0x0000000084a00000, 0x0000000084a00000, 0x0000000084b00000|  0%| F|  |TAMS 0x0000000084a00000, 0x0000000084a00000| Untracked 
|  25|0x0000000084b00000, 0x0000000084b00000, 0x0000000084c00000|  0%| F|  |TAMS 0x0000000084b00000, 0x0000000084b00000| Untracked 
|  26|0x0000000084c00000, 0x0000000084c00000, 0x0000000084d00000|  0%| F|  |TAMS 0x0000000084c00000, 0x0000000084c00000| Untracked 
|  27|0x0000000084d00000, 0x0000000084d00000, 0x0000000084e00000|  0%| F|  |TAMS 0x0000000084d00000, 0x0000000084d00000| Untracked 
|  28|0x0000000084e00000, 0x0000000084e00000, 0x0000000084f00000|  0%| F|  |TAMS 0x0000000084e00000, 0x0000000084e00000| Untracked 
|  29|0x0000000084f00000, 0x0000000084f00000, 0x0000000085000000|  0%| F|  |TAMS 0x0000000084f00000, 0x0000000084f00000| Untracked 
|  30|0x0000000085000000, 0x0000000085000000, 0x0000000085100000|  0%| F|  |TAMS 0x0000000085000000, 0x0000000085000000| Untracked 
|  31|0x0000000085100000, 0x0000000085100000, 0x0000000085200000|  0%| F|  |TAMS 0x0000000085100000, 0x0000000085100000| Untracked 
|  32|0x0000000085200000, 0x0000000085200000, 0x0000000085300000|  0%| F|  |TAMS 0x0000000085200000, 0x0000000085200000| Untracked 
|  33|0x0000000085300000, 0x0000000085300000, 0x0000000085400000|  0%| F|  |TAMS 0x0000000085300000, 0x0000000085300000| Untracked 
|  34|0x0000000085400000, 0x0000000085400000, 0x0000000085500000|  0%| F|  |TAMS 0x0000000085400000, 0x0000000085400000| Untracked 
|  35|0x0000000085500000, 0x0000000085500000, 0x0000000085600000|  0%| F|  |TAMS 0x0000000085500000, 0x0000000085500000| Untracked 
|  36|0x0000000085600000, 0x0000000085600000, 0x0000000085700000|  0%| F|  |TAMS 0x0000000085600000, 0x0000000085600000| Untracked 
|  37|0x0000000085700000, 0x0000000085700000, 0x0000000085800000|  0%| F|  |TAMS 0x0000000085700000, 0x0000000085700000| Untracked 
|  38|0x0000000085800000, 0x0000000085800000, 0x0000000085900000|  0%| F|  |TAMS 0x0000000085800000, 0x0000000085800000| Untracked 
|  39|0x0000000085900000, 0x0000000085900000, 0x0000000085a00000|  0%| F|  |TAMS 0x0000000085900000, 0x0000000085900000| Untracked 
|  40|0x0000000085a00000, 0x0000000085a00000, 0x0000000085b00000|  0%| F|  |TAMS 0x0000000085a00000, 0x0000000085a00000| Untracked 
|  41|0x0000000085b00000, 0x0000000085b00000, 0x0000000085c00000|  0%| F|  |TAMS 0x0000000085b00000, 0x0000000085b00000| Untracked 
|  42|0x0000000085c00000, 0x0000000085c00000, 0x0000000085d00000|  0%| F|  |TAMS 0x0000000085c00000, 0x0000000085c00000| Untracked 
|  43|0x0000000085d00000, 0x0000000085d00000, 0x0000000085e00000|  0%| F|  |TAMS 0x0000000085d00000, 0x0000000085d00000| Untracked 
|  44|0x0000000085e00000, 0x0000000085e00000, 0x0000000085f00000|  0%| F|  |TAMS 0x0000000085e00000, 0x0000000085e00000| Untracked 
|  45|0x0000000085f00000, 0x0000000085f00000, 0x0000000086000000|  0%| F|  |TAMS 0x0000000085f00000, 0x0000000085f00000| Untracked 
|  46|0x0000000086000000, 0x0000000086000000, 0x0000000086100000|  0%| F|  |TAMS 0x0000000086000000, 0x0000000086000000| Untracked 
|  47|0x0000000086100000, 0x0000000086100000, 0x0000000086200000|  0%| F|  |TAMS 0x0000000086100000, 0x0000000086100000| Untracked 
|  48|0x0000000086200000, 0x0000000086200000, 0x0000000086300000|  0%| F|  |TAMS 0x0000000086200000, 0x0000000086200000| Untracked 
|  49|0x0000000086300000, 0x0000000086300000, 0x0000000086400000|  0%| F|  |TAMS 0x0000000086300000, 0x0000000086300000| Untracked 
|  50|0x0000000086400000, 0x0000000086400000, 0x0000000086500000|  0%| F|  |TAMS 0x0000000086400000, 0x0000000086400000| Untracked 
|  51|0x0000000086500000, 0x0000000086500000, 0x0000000086600000|  0%| F|  |TAMS 0x0000000086500000, 0x0000000086500000| Untracked 
|  52|0x0000000086600000, 0x0000000086600000, 0x0000000086700000|  0%| F|  |TAMS 0x0000000086600000, 0x0000000086600000| Untracked 
|  53|0x0000000086700000, 0x0000000086700000, 0x0000000086800000|  0%| F|  |TAMS 0x0000000086700000, 0x0000000086700000| Untracked 
|  54|0x0000000086800000, 0x0000000086800000, 0x0000000086900000|  0%| F|  |TAMS 0x0000000086800000, 0x0000000086800000| Untracked 
|  55|0x0000000086900000, 0x0000000086900000, 0x0000000086a00000|  0%| F|  |TAMS 0x0000000086900000, 0x0000000086900000| Untracked 
|  56|0x0000000086a00000, 0x0000000086a00000, 0x0000000086b00000|  0%| F|  |TAMS 0x0000000086a00000, 0x0000000086a00000| Untracked 
|  57|0x0000000086b00000, 0x0000000086b00000, 0x0000000086c00000|  0%| F|  |TAMS 0x0000000086b00000, 0x0000000086b00000| Untracked 
|  58|0x0000000086c00000, 0x0000000086c00000, 0x0000000086d00000|  0%| F|  |TAMS 0x0000000086c00000, 0x0000000086c00000| Untracked 
|  59|0x0000000086d00000, 0x0000000086d00000, 0x0000000086e00000|  0%| F|  |TAMS 0x0000000086d00000, 0x0000000086d00000| Untracked 
|  60|0x0000000086e00000, 0x0000000086e00000, 0x0000000086f00000|  0%| F|  |TAMS 0x0000000086e00000, 0x0000000086e00000| Untracked 
|  61|0x0000000086f00000, 0x0000000086f00000, 0x0000000087000000|  0%| F|  |TAMS 0x0000000086f00000, 0x0000000086f00000| Untracked 
|  62|0x0000000087000000, 0x0000000087000000, 0x0000000087100000|  0%| F|  |TAMS 0x0000000087000000, 0x0000000087000000| Untracked 
|  63|0x0000000087100000, 0x0000000087100000, 0x0000000087200000|  0%| F|  |TAMS 0x0000000087100000, 0x0000000087100000| Untracked 
|  64|0x0000000087200000, 0x0000000087200000, 0x0000000087300000|  0%| F|  |TAMS 0x0000000087200000, 0x0000000087200000| Untracked 
|  65|0x0000000087300000, 0x0000000087300000, 0x0000000087400000|  0%| F|  |TAMS 0x0000000087300000, 0x0000000087300000| Untracked 
|  66|0x0000000087400000, 0x0000000087400000, 0x0000000087500000|  0%| F|  |TAMS 0x0000000087400000, 0x0000000087400000| Untracked 
|  67|0x0000000087500000, 0x0000000087500000, 0x0000000087600000|  0%| F|  |TAMS 0x0000000087500000, 0x0000000087500000| Untracked 
|  68|0x0000000087600000, 0x0000000087600000, 0x0000000087700000|  0%| F|  |TAMS 0x0000000087600000, 0x0000000087600000| Untracked 
|  69|0x0000000087700000, 0x0000000087700000, 0x0000000087800000|  0%| F|  |TAMS 0x0000000087700000, 0x0000000087700000| Untracked 
|  70|0x0000000087800000, 0x0000000087800000, 0x0000000087900000|  0%| F|  |TAMS 0x0000000087800000, 0x0000000087800000| Untracked 
|  71|0x0000000087900000, 0x0000000087900000, 0x0000000087a00000|  0%| F|  |TAMS 0x0000000087900000, 0x0000000087900000| Untracked 
|  72|0x0000000087a00000, 0x0000000087a00000, 0x0000000087b00000|  0%| F|  |TAMS 0x0000000087a00000, 0x0000000087a00000| Untracked 
|  73|0x0000000087b00000, 0x0000000087b00000, 0x0000000087c00000|  0%| F|  |TAMS 0x0000000087b00000, 0x0000000087b00000| Untracked 
|  74|0x0000000087c00000, 0x0000000087c00000, 0x0000000087d00000|  0%| F|  |TAMS 0x0000000087c00000, 0x0000000087c00000| Untracked 
|  75|0x0000000087d00000, 0x0000000087d00000, 0x0000000087e00000|  0%| F|  |TAMS 0x0000000087d00000, 0x0000000087d00000| Untracked 
|  76|0x0000000087e00000, 0x0000000087e00000, 0x0000000087f00000|  0%| F|  |TAMS 0x0000000087e00000, 0x0000000087e00000| Untracked 
|  77|0x0000000087f00000, 0x0000000087f00000, 0x0000000088000000|  0%| F|  |TAMS 0x0000000087f00000, 0x0000000087f00000| Untracked 
|  78|0x0000000088000000, 0x0000000088000000, 0x0000000088100000|  0%| F|  |TAMS 0x0000000088000000, 0x0000000088000000| Untracked 
|  79|0x0000000088100000, 0x0000000088100000, 0x0000000088200000|  0%| F|  |TAMS 0x0000000088100000, 0x0000000088100000| Untracked 
|  80|0x0000000088200000, 0x0000000088200000, 0x0000000088300000|  0%| F|  |TAMS 0x0000000088200000, 0x0000000088200000| Untracked 
|  81|0x0000000088300000, 0x0000000088300000, 0x0000000088400000|  0%| F|  |TAMS 0x0000000088300000, 0x0000000088300000| Untracked 
|  82|0x0000000088400000, 0x0000000088400000, 0x0000000088500000|  0%| F|  |TAMS 0x0000000088400000, 0x0000000088400000| Untracked 
|  83|0x0000000088500000, 0x0000000088500000, 0x0000000088600000|  0%| F|  |TAMS 0x0000000088500000, 0x0000000088500000| Untracked 
|  84|0x0000000088600000, 0x0000000088600000, 0x0000000088700000|  0%| F|  |TAMS 0x0000000088600000, 0x0000000088600000| Untracked 
|  85|0x0000000088700000, 0x0000000088700000, 0x0000000088800000|  0%| F|  |TAMS 0x0000000088700000, 0x0000000088700000| Untracked 
|  86|0x0000000088800000, 0x0000000088800000, 0x0000000088900000|  0%| F|  |TAMS 0x0000000088800000, 0x0000000088800000| Untracked 
|  87|0x0000000088900000, 0x0000000088900000, 0x0000000088a00000|  0%| F|  |TAMS 0x0000000088900000, 0x0000000088900000| Untracked 
|  88|0x0000000088a00000, 0x0000000088a00000, 0x0000000088b00000|  0%| F|  |TAMS 0x0000000088a00000, 0x0000000088a00000| Untracked 
|  89|0x0000000088b00000, 0x0000000088b00000, 0x0000000088c00000|  0%| F|  |TAMS 0x0000000088b00000, 0x0000000088b00000| Untracked 
|  90|0x0000000088c00000, 0x0000000088c00000, 0x0000000088d00000|  0%| F|  |TAMS 0x0000000088c00000, 0x0000000088c00000| Untracked 
|  91|0x0000000088d00000, 0x0000000088d00000, 0x0000000088e00000|  0%| F|  |TAMS 0x0000000088d00000, 0x0000000088d00000| Untracked 
|  92|0x0000000088e00000, 0x0000000088e00000, 0x0000000088f00000|  0%| F|  |TAMS 0x0000000088e00000, 0x0000000088e00000| Untracked 
|  93|0x0000000088f00000, 0x0000000088f00000, 0x0000000089000000|  0%| F|  |TAMS 0x0000000088f00000, 0x0000000088f00000| Untracked 
|  94|0x0000000089000000, 0x0000000089000000, 0x0000000089100000|  0%| F|  |TAMS 0x0000000089000000, 0x0000000089000000| Untracked 
|  95|0x0000000089100000, 0x0000000089100000, 0x0000000089200000|  0%| F|  |TAMS 0x0000000089100000, 0x0000000089100000| Untracked 
|  96|0x0000000089200000, 0x0000000089200000, 0x0000000089300000|  0%| F|  |TAMS 0x0000000089200000, 0x0000000089200000| Untracked 
|  97|0x0000000089300000, 0x0000000089300000, 0x0000000089400000|  0%| F|  |TAMS 0x0000000089300000, 0x0000000089300000| Untracked 
|  98|0x0000000089400000, 0x0000000089400000, 0x0000000089500000|  0%| F|  |TAMS 0x0000000089400000, 0x0000000089400000| Untracked 
|  99|0x0000000089500000, 0x0000000089500000, 0x0000000089600000|  0%| F|  |TAMS 0x0000000089500000, 0x0000000089500000| Untracked 
| 100|0x0000000089600000, 0x0000000089700000, 0x0000000089700000|100%| S|CS|TAMS 0x0000000089600000, 0x0000000089600000| Complete 
| 101|0x0000000089700000, 0x0000000089800000, 0x0000000089800000|100%| S|CS|TAMS 0x0000000089700000, 0x0000000089700000| Complete 
| 102|0x0000000089800000, 0x0000000089900000, 0x0000000089900000|100%| S|CS|TAMS 0x0000000089800000, 0x0000000089800000| Complete 
| 103|0x0000000089900000, 0x0000000089900000, 0x0000000089a00000|  0%| F|  |TAMS 0x0000000089900000, 0x0000000089900000| Untracked 
| 104|0x0000000089a00000, 0x0000000089a00000, 0x0000000089b00000|  0%| F|  |TAMS 0x0000000089a00000, 0x0000000089a00000| Untracked 
| 105|0x0000000089b00000, 0x0000000089b00000, 0x0000000089c00000|  0%| F|  |TAMS 0x0000000089b00000, 0x0000000089b00000| Untracked 
| 106|0x0000000089c00000, 0x0000000089c80000, 0x0000000089d00000| 50%| E|  |TAMS 0x0000000089c00000, 0x0000000089c00000| Complete 
| 107|0x0000000089d00000, 0x0000000089e00000, 0x0000000089e00000|100%| E|CS|TAMS 0x0000000089d00000, 0x0000000089d00000| Complete 
| 108|0x0000000089e00000, 0x0000000089f00000, 0x0000000089f00000|100%| E|CS|TAMS 0x0000000089e00000, 0x0000000089e00000| Complete 
| 109|0x0000000089f00000, 0x000000008a000000, 0x000000008a000000|100%| E|CS|TAMS 0x0000000089f00000, 0x0000000089f00000| Complete 
| 110|0x000000008a000000, 0x000000008a100000, 0x000000008a100000|100%| E|CS|TAMS 0x000000008a000000, 0x000000008a000000| Complete 
| 111|0x000000008a100000, 0x000000008a200000, 0x000000008a200000|100%| E|CS|TAMS 0x000000008a100000, 0x000000008a100000| Complete 
| 112|0x000000008a200000, 0x000000008a300000, 0x000000008a300000|100%| E|CS|TAMS 0x000000008a200000, 0x000000008a200000| Complete 
| 113|0x000000008a300000, 0x000000008a400000, 0x000000008a400000|100%| E|CS|TAMS 0x000000008a300000, 0x000000008a300000| Complete 
| 114|0x000000008a400000, 0x000000008a500000, 0x000000008a500000|100%| E|CS|TAMS 0x000000008a400000, 0x000000008a400000| Complete 
| 115|0x000000008a500000, 0x000000008a600000, 0x000000008a600000|100%| E|CS|TAMS 0x000000008a500000, 0x000000008a500000| Complete 
| 116|0x000000008a600000, 0x000000008a700000, 0x000000008a700000|100%| E|CS|TAMS 0x000000008a600000, 0x000000008a600000| Complete 
| 117|0x000000008a700000, 0x000000008a800000, 0x000000008a800000|100%| E|CS|TAMS 0x000000008a700000, 0x000000008a700000| Complete 
| 118|0x000000008a800000, 0x000000008a900000, 0x000000008a900000|100%| E|CS|TAMS 0x000000008a800000, 0x000000008a800000| Complete 
| 119|0x000000008a900000, 0x000000008aa00000, 0x000000008aa00000|100%| E|CS|TAMS 0x000000008a900000, 0x000000008a900000| Complete 
| 120|0x000000008aa00000, 0x000000008ab00000, 0x000000008ab00000|100%| E|CS|TAMS 0x000000008aa00000, 0x000000008aa00000| Complete 
| 121|0x000000008ab00000, 0x000000008ac00000, 0x000000008ac00000|100%| E|CS|TAMS 0x000000008ab00000, 0x000000008ab00000| Complete 
| 122|0x000000008ac00000, 0x000000008ad00000, 0x000000008ad00000|100%| E|CS|TAMS 0x000000008ac00000, 0x000000008ac00000| Complete 
| 123|0x000000008ad00000, 0x000000008ae00000, 0x000000008ae00000|100%| E|CS|TAMS 0x000000008ad00000, 0x000000008ad00000| Complete 
| 124|0x000000008ae00000, 0x000000008af00000, 0x000000008af00000|100%| E|CS|TAMS 0x000000008ae00000, 0x000000008ae00000| Complete 
| 125|0x000000008af00000, 0x000000008b000000, 0x000000008b000000|100%| E|CS|TAMS 0x000000008af00000, 0x000000008af00000| Complete 

Card table byte_map: [0x0000021c60180000,0x0000021c60570000] _byte_map_base: 0x0000021c5fd67000

Marking Bits (Prev, Next): (CMBitMap*) 0x0000021c48f4cee0, (CMBitMap*) 0x0000021c48f4cf20
 Prev Bits: [0x0000021c60960000, 0x0000021c62898000)
 Next Bits: [0x0000021c628a0000, 0x0000021c647d8000)

Polling page: 0x0000021c486b0000

Metaspace:

Usage:
  Non-class:      6.14 MB used.
      Class:    856.14 KB used.
       Both:      6.98 MB used.

Virtual space:
  Non-class space:       64.00 MB reserved,       6.25 MB ( 10%) committed,  1 nodes.
      Class space:        1.00 GB reserved,     960.00 KB ( <1%) committed,  1 nodes.
             Both:        1.06 GB reserved,       7.19 MB ( <1%) committed. 

Chunk freelists:
   Non-Class:  8.09 MB
       Class:  15.11 MB
        Both:  23.20 MB

MaxMetaspaceSize: unlimited
CompressedClassSpaceSize: 1.00 GB
Initial GC threshold: 21.00 MB
Current GC threshold: 21.00 MB
CDS: on
MetaspaceReclaimPolicy: balanced
 - commit_granule_bytes: 65536.
 - commit_granule_words: 8192.
 - virtual_space_node_default_size: 8388608.
 - enlarge_chunks_in_place: 1.
 - new_chunks_are_fully_committed: 0.
 - uncommit_free_chunks: 1.
 - use_allocation_guard: 0.
 - handle_deallocations: 1.


Internal statistics:

num_allocs_failed_limit: 0.
num_arena_births: 48.
num_arena_deaths: 0.
num_vsnodes_births: 2.
num_vsnodes_deaths: 0.
num_space_committed: 115.
num_space_uncommitted: 0.
num_chunks_returned_to_freelist: 0.
num_chunks_taken_from_freelist: 273.
num_chunk_merges: 0.
num_chunk_splits: 175.
num_chunks_enlarged: 141.
num_inconsistent_stats: 0.

CodeHeap 'non-profiled nmethods': size=120000Kb used=552Kb max_used=552Kb free=119447Kb
 bounds [0x0000021c58530000, 0x0000021c587a0000, 0x0000021c5fa60000]
CodeHeap 'profiled nmethods': size=120000Kb used=2903Kb max_used=2903Kb free=117096Kb
 bounds [0x0000021c50a60000, 0x0000021c50d40000, 0x0000021c57f90000]
CodeHeap 'non-nmethods': size=5760Kb used=1161Kb max_used=1184Kb free=4599Kb
 bounds [0x0000021c57f90000, 0x0000021c58200000, 0x0000021c58530000]
 total_blobs=1916 nmethods=1478 adapters=351
 compilation: enabled
              stopped_count=0, restarted_count=0
 full_count=0

Compilation events (20 events):
Event: 0.931 Thread 0x0000021c67257cc0 1452   !   3       sun.reflect.annotation.AnnotationParser::parseAnnotation2 (271 bytes)
Event: 0.933 Thread 0x0000021c67257cc0 nmethod 1452 0x0000021c50d15410 code [0x0000021c50d15820, 0x0000021c50d17508]
Event: 0.933 Thread 0x0000021c67257cc0 1455       3       java.nio.HeapCharBuffer::<init> (21 bytes)
Event: 0.933 Thread 0x0000021c67257cc0 nmethod 1455 0x0000021c50d17f10 code [0x0000021c50d180c0, 0x0000021c50d182e8]
Event: 0.933 Thread 0x0000021c67257cc0 1453       3       java.util.concurrent.atomic.AtomicReferenceArray::get (12 bytes)
Event: 0.934 Thread 0x0000021c67257cc0 nmethod 1453 0x0000021c50d18410 code [0x0000021c50d186a0, 0x0000021c50d19488]
Event: 0.934 Thread 0x0000021c67257cc0 1454       3       java.lang.invoke.VarHandleGuards::guard_LI_L (89 bytes)
Event: 0.936 Thread 0x0000021c67257cc0 nmethod 1454 0x0000021c50d19810 code [0x0000021c50d19bc0, 0x0000021c50d1bc18]
Event: 0.936 Thread 0x0000021c67257cc0 1458       3       jdk.internal.loader.AbstractClassLoaderValue::<init> (5 bytes)
Event: 0.936 Thread 0x0000021c67257cc0 nmethod 1458 0x0000021c50d1c610 code [0x0000021c50d1c7c0, 0x0000021c50d1c918]
Event: 0.937 Thread 0x0000021c67257cc0 1459       3       java.util.AbstractQueue::add (20 bytes)
Event: 0.937 Thread 0x0000021c67257cc0 nmethod 1459 0x0000021c50d1ca10 code [0x0000021c50d1cbe0, 0x0000021c50d1ceb8]
Event: 0.938 Thread 0x0000021c67257cc0 1460       3       java.lang.Class::isAnnotation (17 bytes)
Event: 0.938 Thread 0x0000021c67257cc0 nmethod 1460 0x0000021c50d1cf90 code [0x0000021c50d1d140, 0x0000021c50d1d2d8]
Event: 0.938 Thread 0x0000021c67257cc0 1464       3       sun.nio.fs.NativeBuffers::releaseNativeBuffer (97 bytes)
Event: 0.939 Thread 0x0000021c67257cc0 nmethod 1464 0x0000021c50d1d390 code [0x0000021c50d1d680, 0x0000021c50d1e998]
Event: 0.939 Thread 0x0000021c67257cc0 1463       3       sun.nio.fs.NativeBuffer::release (5 bytes)
Event: 0.939 Thread 0x0000021c67257cc0 nmethod 1463 0x0000021c50d1ef10 code [0x0000021c50d1f0c0, 0x0000021c50d1f1e8]
Event: 0.939 Thread 0x0000021c67257cc0 1465       3       jdk.internal.loader.AbstractClassLoaderValue::sub (10 bytes)
Event: 0.940 Thread 0x0000021c67257cc0 nmethod 1465 0x0000021c50d1f290 code [0x0000021c50d1f440, 0x0000021c50d1f778]

GC Heap History (2 events):
Event: 0.641 GC heap before
{Heap before GC invocations=0 (full 0):
 garbage-first heap   total 129024K, used 22528K [0x0000000083200000, 0x0000000100000000)
  region size 1024K, 23 young (23552K), 0 survivors (0K)
 Metaspace       used 5454K, committed 5632K, reserved 1114112K
  class space    used 656K, committed 768K, reserved 1048576K
}
Event: 0.647 GC heap after
{Heap after GC invocations=1 (full 0):
 garbage-first heap   total 129024K, used 3663K [0x0000000083200000, 0x0000000100000000)
  region size 1024K, 3 young (3072K), 3 survivors (3072K)
 Metaspace       used 5454K, committed 5632K, reserved 1114112K
  class space    used 656K, committed 768K, reserved 1048576K
}

Dll operation events (8 events):
Event: 0.009 Loaded shared library C:\Program Files\Eclipse Adoptium\jdk-17.0.18.8-hotspot\bin\java.dll
Event: 0.026 Loaded shared library C:\Program Files\Eclipse Adoptium\jdk-17.0.18.8-hotspot\bin\jsvml.dll
Event: 0.053 Loaded shared library C:\Program Files\Eclipse Adoptium\jdk-17.0.18.8-hotspot\bin\net.dll
Event: 0.055 Loaded shared library C:\Program Files\Eclipse Adoptium\jdk-17.0.18.8-hotspot\bin\nio.dll
Event: 0.058 Loaded shared library C:\Program Files\Eclipse Adoptium\jdk-17.0.18.8-hotspot\bin\zip.dll
Event: 0.205 Loaded shared library C:\Program Files\Eclipse Adoptium\jdk-17.0.18.8-hotspot\bin\jimage.dll
Event: 0.206 Loaded shared library C:\Program Files\JetBrains\IntelliJ IDEA 2025.2.2\plugins\maven\lib\maven3\lib\jansi-native\Windows\x86_64\jansi.dll
Event: 0.215 Loaded shared library C:\Program Files\Eclipse Adoptium\jdk-17.0.18.8-hotspot\bin\verify.dll

Deoptimization events (20 events):
Event: 0.794 Thread 0x0000021c48ef0fe0 DEOPT PACKING pc=0x0000021c585a7634 sp=0x000000855f1fb7e0
Event: 0.794 Thread 0x0000021c48ef0fe0 DEOPT UNPACKING pc=0x0000021c57fea1a3 sp=0x000000855f1fb768 mode 2
Event: 0.795 Thread 0x0000021c48ef0fe0 Uncommon trap: trap_request=0xffffffde fr.pc=0x0000021c585a7634 relative=0x0000000000000114
Event: 0.795 Thread 0x0000021c48ef0fe0 Uncommon trap: reason=class_check action=maybe_recompile pc=0x0000021c585a7634 method=jdk.internal.misc.Unsafe.allocateUninitializedArray(Ljava/lang/Class;I)Ljava/lang/Object; @ 51 c2
Event: 0.795 Thread 0x0000021c48ef0fe0 DEOPT PACKING pc=0x0000021c585a7634 sp=0x000000855f1fd8e0
Event: 0.795 Thread 0x0000021c48ef0fe0 DEOPT UNPACKING pc=0x0000021c57fea1a3 sp=0x000000855f1fd868 mode 2
Event: 0.823 Thread 0x0000021c48ef0fe0 Uncommon trap: trap_request=0xffffff45 fr.pc=0x0000021c585a6f8c relative=0x00000000000006cc
Event: 0.823 Thread 0x0000021c48ef0fe0 Uncommon trap: reason=unstable_if action=reinterpret pc=0x0000021c585a6f8c method=java.lang.String.<init>([CIILjava/lang/Void;)V @ 5 c2
Event: 0.823 Thread 0x0000021c48ef0fe0 DEOPT PACKING pc=0x0000021c585a6f8c sp=0x000000855f1fdbd0
Event: 0.823 Thread 0x0000021c48ef0fe0 DEOPT UNPACKING pc=0x0000021c57fea1a3 sp=0x000000855f1fda70 mode 2
Event: 0.861 Thread 0x0000021c48ef0fe0 DEOPT PACKING pc=0x0000021c50c9c908 sp=0x000000855f1fddc0
Event: 0.861 Thread 0x0000021c48ef0fe0 DEOPT UNPACKING pc=0x0000021c57feace3 sp=0x000000855f1fd230 mode 0
Event: 0.865 Thread 0x0000021c48ef0fe0 DEOPT PACKING pc=0x0000021c50c9c908 sp=0x000000855f1fddc0
Event: 0.865 Thread 0x0000021c48ef0fe0 DEOPT UNPACKING pc=0x0000021c57feace3 sp=0x000000855f1fd230 mode 0
Event: 0.867 Thread 0x0000021c48ef0fe0 Uncommon trap: trap_request=0xffffff45 fr.pc=0x0000021c585a3aa8 relative=0x0000000000000408
Event: 0.867 Thread 0x0000021c48ef0fe0 Uncommon trap: reason=unstable_if action=reinterpret pc=0x0000021c585a3aa8 method=java.lang.String.<init>([CIILjava/lang/Void;)V @ 5 c2
Event: 0.867 Thread 0x0000021c48ef0fe0 DEOPT PACKING pc=0x0000021c585a3aa8 sp=0x000000855f1fdb80
Event: 0.867 Thread 0x0000021c48ef0fe0 DEOPT UNPACKING pc=0x0000021c57fea1a3 sp=0x000000855f1fdac8 mode 2
Event: 0.871 Thread 0x0000021c48ef0fe0 DEOPT PACKING pc=0x0000021c50c9c908 sp=0x000000855f1fddc0
Event: 0.871 Thread 0x0000021c48ef0fe0 DEOPT UNPACKING pc=0x0000021c57feace3 sp=0x000000855f1fd230 mode 0

Classes loaded (20 events):
Event: 0.762 Loading class jdk/internal/reflect/ByteVector done
Event: 0.762 Loading class jdk/internal/reflect/ByteVectorImpl done
Event: 0.762 Loading class jdk/internal/reflect/ClassFileAssembler
Event: 0.763 Loading class jdk/internal/reflect/ClassFileAssembler done
Event: 0.763 Loading class jdk/internal/reflect/UTF8
Event: 0.763 Loading class jdk/internal/reflect/UTF8 done
Event: 0.763 Loading class jdk/internal/reflect/Label
Event: 0.764 Loading class jdk/internal/reflect/Label done
Event: 0.764 Loading class jdk/internal/reflect/Label$PatchInfo
Event: 0.764 Loading class jdk/internal/reflect/Label$PatchInfo done
Event: 0.764 Loading class jdk/internal/reflect/MethodAccessorGenerator$1
Event: 0.764 Loading class jdk/internal/reflect/MethodAccessorGenerator$1 done
Event: 0.764 Loading class jdk/internal/reflect/ClassDefiner
Event: 0.764 Loading class jdk/internal/reflect/ClassDefiner done
Event: 0.764 Loading class jdk/internal/reflect/ClassDefiner$1
Event: 0.764 Loading class jdk/internal/reflect/ClassDefiner$1 done
Event: 0.764 Loading class jdk/internal/reflect/BootstrapConstructorAccessorImpl
Event: 0.764 Loading class jdk/internal/reflect/BootstrapConstructorAccessorImpl done
Event: 0.911 Loading class java/lang/Deprecated
Event: 0.911 Loading class java/lang/Deprecated done

Classes unloaded (0 events):
No events

Classes redefined (0 events):
No events

Internal exceptions (20 events):
Event: 0.209 Thread 0x0000021c48ef0fe0 Exception <a 'java/lang/NullPointerException'{0x000000008ab6dcb8}> (0x000000008ab6dcb8) 
thrown [s\src\hotspot\share\interpreter\linkResolver.cpp, line 1350]
Event: 0.209 Thread 0x0000021c48ef0fe0 Exception <a 'java/lang/NullPointerException'{0x000000008ab6df90}> (0x000000008ab6df90) 
thrown [s\src\hotspot\share\interpreter\linkResolver.cpp, line 1350]
Event: 0.214 Thread 0x0000021c48ef0fe0 Exception <a 'sun/nio/fs/WindowsException'{0x000000008aa14a10}> (0x000000008aa14a10) 
thrown [s\src\hotspot\share\prims\jni.cpp, line 516]
Event: 0.214 Thread 0x0000021c48ef0fe0 Exception <a 'sun/nio/fs/WindowsException'{0x000000008aa150b8}> (0x000000008aa150b8) 
thrown [s\src\hotspot\share\prims\jni.cpp, line 516]
Event: 0.214 Thread 0x0000021c48ef0fe0 Exception <a 'sun/nio/fs/WindowsException'{0x000000008aa15618}> (0x000000008aa15618) 
thrown [s\src\hotspot\share\prims\jni.cpp, line 516]
Event: 0.214 Thread 0x0000021c48ef0fe0 Exception <a 'sun/nio/fs/WindowsException'{0x000000008aa15b28}> (0x000000008aa15b28) 
thrown [s\src\hotspot\share\prims\jni.cpp, line 516]
Event: 0.214 Thread 0x0000021c48ef0fe0 Exception <a 'sun/nio/fs/WindowsException'{0x000000008aa15ff0}> (0x000000008aa15ff0) 
thrown [s\src\hotspot\share\prims\jni.cpp, line 516]
Event: 0.224 Thread 0x0000021c48ef0fe0 Exception <a 'java/lang/NoSuchMethodError'{0x000000008aa69ea0}: 'void java.lang.invoke.DirectMethodHandle$Holder.invokeStatic(java.lang.Object, java.lang.Object)'> (0x000000008aa69ea0) 
thrown [s\src\hotspot\share\interpreter\linkResolver.cpp, line 759]
Event: 0.225 Thread 0x0000021c48ef0fe0 Exception <a 'java/lang/NoSuchMethodError'{0x000000008aa6d7b8}: 'void java.lang.invoke.DirectMethodHandle$Holder.invokeStaticInit(java.lang.Object, java.lang.Object)'> (0x000000008aa6d7b8) 
thrown [s\src\hotspot\share\interpreter\linkResolver.cpp, line 759]
Event: 0.233 Thread 0x0000021c48ef0fe0 Exception <a 'java/lang/NoSuchMethodError'{0x000000008aabe798}: 'void java.lang.invoke.DirectMethodHandle$Holder.invokeStatic(java.lang.Object, java.lang.Object, java.lang.Object)'> (0x000000008aabe798) 
thrown [s\src\hotspot\share\interpreter\linkResolver.cpp, line 759]
Event: 0.260 Thread 0x0000021c48ef0fe0 Exception <a 'java/lang/NullPointerException'{0x000000008a96d510}> (0x000000008a96d510) 
thrown [s\src\hotspot\share\interpreter\linkResolver.cpp, line 1350]
Event: 0.260 Thread 0x0000021c48ef0fe0 Exception <a 'java/lang/NullPointerException'{0x000000008a975ae0}> (0x000000008a975ae0) 
thrown [s\src\hotspot\share\interpreter\linkResolver.cpp, line 1350]
Event: 0.286 Thread 0x0000021c48ef0fe0 Exception <a 'java/lang/NoSuchMethodError'{0x000000008a868228}: 'java.lang.Object java.lang.invoke.DirectMethodHandle$Holder.invokeSpecialIFC(java.lang.Object, java.lang.Object, java.lang.Object, java.lang.Object)'> (0x000000008a868228) 
thrown [s\src\hotspot\share\interpreter\linkResolver.cpp, line 759]
Event: 0.443 Thread 0x0000021c48ef0fe0 Exception <a 'java/lang/NoSuchMethodError'{0x000000008a2691d8}: 'void java.lang.invoke.DirectMethodHandle$Holder.invokeSpecial(java.lang.Object, java.lang.Object, java.lang.Object)'> (0x000000008a2691d8) 
thrown [s\src\hotspot\share\interpreter\linkResolver.cpp, line 759]
Event: 0.485 Thread 0x0000021c48ef0fe0 Exception <a 'java/lang/NoSuchMethodError'{0x000000008a1d0978}: 'java.lang.Object java.lang.invoke.DirectMethodHandle$Holder.invokeInterface(java.lang.Object, java.lang.Object)'> (0x000000008a1d0978) 
thrown [s\src\hotspot\share\interpreter\linkResolver.cpp, line 759]
Event: 0.500 Thread 0x0000021c48ef0fe0 Exception <a 'java/lang/NoSuchMethodError'{0x000000008a07f420}: 'java.lang.Object java.lang.invoke.Invokers$Holder.invokeExact_MT(java.lang.Object, java.lang.Object, java.lang.Object, java.lang.Object, java.lang.Object, java.lang.Object)'> (0x000000008a07f420) 
thrown [s\src\hotspot\share\interpreter\linkResolver.cpp, line 759]
Event: 0.502 Thread 0x0000021c48ef0fe0 Exception <a 'java/lang/NoSuchMethodError'{0x000000008a0908a0}: 'int java.lang.invoke.DirectMethodHandle$Holder.invokeSpecialIFC(java.lang.Object, java.lang.Object, java.lang.Object, java.lang.Object, java.lang.Object)'> (0x000000008a0908a0) 
thrown [s\src\hotspot\share\interpreter\linkResolver.cpp, line 759]
Event: 0.558 Thread 0x0000021c48ef0fe0 Exception <a 'java/lang/NoSuchMethodError'{0x0000000089e40a48}: 'java.lang.Object java.lang.invoke.DirectMethodHandle$Holder.newInvokeSpecial(java.lang.Object, java.lang.Object, java.lang.Object, java.lang.Object, java.lang.Object)'> (0x0000000089e40a48) 
thrown [s\src\hotspot\share\interpreter\linkResolver.cpp, line 759]
Event: 0.582 Thread 0x0000021c48ef0fe0 Exception <a 'java/lang/NoSuchMethodError'{0x0000000089d4ce58}: 'int java.lang.invoke.DirectMethodHandle$Holder.invokeStaticInit(java.lang.Object, java.lang.Object)'> (0x0000000089d4ce58) 
thrown [s\src\hotspot\share\interpreter\linkResolver.cpp, line 759]
Event: 0.591 Thread 0x0000021c48ef0fe0 Exception <a 'java/lang/NoClassDefFoundError'{0x0000000089d86308}: javax/enterprise/inject/Typed> (0x0000000089d86308) 
thrown [s\src\hotspot\share\classfile\systemDictionary.cpp, line 245]

VM Operations (12 events):
Event: 0.059 Executing VM operation: HandshakeAllThreads
Event: 0.059 Executing VM operation: HandshakeAllThreads done
Event: 0.201 Executing VM operation: HandshakeAllThreads
Event: 0.201 Executing VM operation: HandshakeAllThreads done
Event: 0.208 Executing VM operation: HandshakeAllThreads
Event: 0.208 Executing VM operation: HandshakeAllThreads done
Event: 0.303 Executing VM operation: HandshakeAllThreads
Event: 0.303 Executing VM operation: HandshakeAllThreads done
Event: 0.623 Executing VM operation: ICBufferFull
Event: 0.624 Executing VM operation: ICBufferFull done
Event: 0.640 Executing VM operation: G1CollectForAllocation
Event: 0.647 Executing VM operation: G1CollectForAllocation done

Memory protections (0 events):
No events

Nmethod flushes (0 events):
No events

Events (14 events):
Event: 0.027 Thread 0x0000021c48ef0fe0 Thread added: 0x0000021c48ef0fe0
Event: 0.029 Thread 0x0000021c48ef0fe0 Thread added: 0x0000021c67238460
Event: 0.029 Thread 0x0000021c48ef0fe0 Thread added: 0x0000021c67238f30
Event: 0.036 Thread 0x0000021c48ef0fe0 Thread added: 0x0000021c6724d790
Event: 0.036 Thread 0x0000021c48ef0fe0 Thread added: 0x0000021c67250270
Event: 0.036 Thread 0x0000021c48ef0fe0 Thread added: 0x0000021c67252b50
Event: 0.036 Thread 0x0000021c48ef0fe0 Thread added: 0x0000021c67255430
Event: 0.036 Thread 0x0000021c48ef0fe0 Thread added: 0x0000021c672560e0
Event: 0.036 Thread 0x0000021c48ef0fe0 Thread added: 0x0000021c67257cc0
Event: 0.036 Thread 0x0000021c48ef0fe0 Thread added: 0x0000021c6725d850
Event: 0.048 Thread 0x0000021c48ef0fe0 Thread added: 0x0000021c674c8870
Event: 0.050 Thread 0x0000021c48ef0fe0 Thread added: 0x0000021c674c9290
Event: 0.203 Thread 0x0000021c48ef0fe0 Thread added: 0x0000021c674c5ae0
Event: 0.210 Thread 0x0000021c674c5ae0 Thread exited: 0x0000021c674c5ae0


Dynamic libraries:
0x00007ff680280000 - 0x00007ff68028e000 	C:\Program Files\Eclipse Adoptium\jdk-17.0.18.8-hotspot\bin\java.exe
0x00007fff3d830000 - 0x00007fff3da28000 	C:\WINDOWS\SYSTEM32\ntdll.dll
0x00007fff3cf90000 - 0x00007fff3d052000 	C:\WINDOWS\System32\KERNEL32.DLL
0x00007fff3b370000 - 0x00007fff3b666000 	C:\WINDOWS\System32\KERNELBASE.dll
0x00007fff3aec0000 - 0x00007fff3afc0000 	C:\WINDOWS\System32\ucrtbase.dll
0x00007fff36b40000 - 0x00007fff36b58000 	C:\Program Files\Eclipse Adoptium\jdk-17.0.18.8-hotspot\bin\jli.dll
0x00007fff3d2e0000 - 0x00007fff3d481000 	C:\WINDOWS\System32\USER32.dll
0x00007fff36b60000 - 0x00007fff36b7e000 	C:\Program Files\Eclipse Adoptium\jdk-17.0.18.8-hotspot\bin\VCRUNTIME140.dll
0x00007fff25c50000 - 0x00007fff25eeb000 	C:\WINDOWS\WinSxS\amd64_microsoft.windows.common-controls_6595b64144ccf1df_6.0.19041.6456_none_60b8a6cb71f64256\COMCTL32.dll
0x00007fff3b050000 - 0x00007fff3b072000 	C:\WINDOWS\System32\win32u.dll
0x00007fff3d240000 - 0x00007fff3d2de000 	C:\WINDOWS\System32\msvcrt.dll
0x00007fff3cf60000 - 0x00007fff3cf8b000 	C:\WINDOWS\System32\GDI32.dll
0x00007fff3b080000 - 0x00007fff3b199000 	C:\WINDOWS\System32\gdi32full.dll
0x00007fff3b2d0000 - 0x00007fff3b36d000 	C:\WINDOWS\System32\msvcp_win.dll
0x00007fff3d060000 - 0x00007fff3d08f000 	C:\WINDOWS\System32\IMM32.DLL
0x00007fff36b30000 - 0x00007fff36b3c000 	C:\Program Files\Eclipse Adoptium\jdk-17.0.18.8-hotspot\bin\vcruntime140_1.dll
0x00007fff25f00000 - 0x00007fff25f8d000 	C:\Program Files\Eclipse Adoptium\jdk-17.0.18.8-hotspot\bin\msvcp140.dll
0x00007ffeea320000 - 0x00007ffeeaf8b000 	C:\Program Files\Eclipse Adoptium\jdk-17.0.18.8-hotspot\bin\server\jvm.dll
0x00007fff3cd50000 - 0x00007fff3ce01000 	C:\WINDOWS\System32\ADVAPI32.dll
0x00007fff3c290000 - 0x00007fff3c32f000 	C:\WINDOWS\System32\sechost.dll
0x00007fff3c170000 - 0x00007fff3c290000 	C:\WINDOWS\System32\RPCRT4.dll
0x00007fff3b670000 - 0x00007fff3b697000 	C:\WINDOWS\System32\bcrypt.dll
0x00007fff3c100000 - 0x00007fff3c16b000 	C:\WINDOWS\System32\WS2_32.dll
0x00007fff3a450000 - 0x00007fff3a49b000 	C:\WINDOWS\SYSTEM32\POWRPROF.dll
0x00007fff26f80000 - 0x00007fff26fa7000 	C:\WINDOWS\SYSTEM32\WINMM.dll
0x00007fff32b80000 - 0x00007fff32b8a000 	C:\WINDOWS\SYSTEM32\VERSION.dll
0x00007fff3a2c0000 - 0x00007fff3a2d2000 	C:\WINDOWS\SYSTEM32\UMPDC.dll
0x00007fff38ef0000 - 0x00007fff38f02000 	C:\WINDOWS\SYSTEM32\kernel.appcore.dll
0x00007fff36b20000 - 0x00007fff36b2a000 	C:\Program Files\Eclipse Adoptium\jdk-17.0.18.8-hotspot\bin\jimage.dll
0x00007fff38a90000 - 0x00007fff38c91000 	C:\WINDOWS\SYSTEM32\DBGHELP.DLL
0x00007fff22e70000 - 0x00007fff22ea4000 	C:\WINDOWS\SYSTEM32\dbgcore.DLL
0x00007fff3afc0000 - 0x00007fff3b042000 	C:\WINDOWS\System32\bcryptPrimitives.dll
0x00007fff30010000 - 0x00007fff30035000 	C:\Program Files\Eclipse Adoptium\jdk-17.0.18.8-hotspot\bin\java.dll
0x00007fff1e350000 - 0x00007fff1e427000 	C:\Program Files\Eclipse Adoptium\jdk-17.0.18.8-hotspot\bin\jsvml.dll
0x00007fff3c4b0000 - 0x00007fff3cc20000 	C:\WINDOWS\System32\SHELL32.dll
0x00007fff38f30000 - 0x00007fff396d5000 	C:\WINDOWS\SYSTEM32\windows.storage.dll
0x00007fff3d490000 - 0x00007fff3d7e4000 	C:\WINDOWS\System32\combase.dll
0x00007fff3a8f0000 - 0x00007fff3a91b000 	C:\WINDOWS\SYSTEM32\Wldp.dll
0x00007fff3cc80000 - 0x00007fff3cd4d000 	C:\WINDOWS\System32\OLEAUT32.dll
0x00007fff3bf10000 - 0x00007fff3bfbd000 	C:\WINDOWS\System32\SHCORE.dll
0x00007fff3cc20000 - 0x00007fff3cc7b000 	C:\WINDOWS\System32\shlwapi.dll
0x00007fff3adf0000 - 0x00007fff3ae14000 	C:\WINDOWS\SYSTEM32\profapi.dll
0x00007fff36b00000 - 0x00007fff36b1a000 	C:\Program Files\Eclipse Adoptium\jdk-17.0.18.8-hotspot\bin\net.dll
0x00007fff37160000 - 0x00007fff3726a000 	C:\WINDOWS\SYSTEM32\WINHTTP.dll
0x00007fff3a650000 - 0x00007fff3a6ba000 	C:\WINDOWS\system32\mswsock.dll
0x00007fff320b0000 - 0x00007fff320c6000 	C:\Program Files\Eclipse Adoptium\jdk-17.0.18.8-hotspot\bin\nio.dll
0x00007fff2fff0000 - 0x00007fff30008000 	C:\Program Files\Eclipse Adoptium\jdk-17.0.18.8-hotspot\bin\zip.dll
0x00007fff250f0000 - 0x00007fff25114000 	C:\Program Files\JetBrains\IntelliJ IDEA 2025.2.2\plugins\maven\lib\maven3\lib\jansi-native\Windows\x86_64\jansi.dll
0x00007fff212e0000 - 0x00007fff212f0000 	C:\Program Files\Eclipse Adoptium\jdk-17.0.18.8-hotspot\bin\verify.dll

dbghelp: loaded successfully - version: 4.0.5 - missing functions: none
symbol engine: initialized successfully - sym options: 0x614 - pdb path: .;C:\Program Files\Eclipse Adoptium\jdk-17.0.18.8-hotspot\bin;C:\WINDOWS\SYSTEM32;C:\WINDOWS\WinSxS\amd64_microsoft.windows.common-controls_6595b64144ccf1df_6.0.19041.6456_none_60b8a6cb71f64256;C:\Program Files\Eclipse Adoptium\jdk-17.0.18.8-hotspot\bin\server;C:\Program Files\JetBrains\IntelliJ IDEA 2025.2.2\plugins\maven\lib\maven3\lib\jansi-native\Windows\x86_64

VM Arguments:
jvm_args: -Dclassworlds.conf=C:\Program Files\JetBrains\IntelliJ IDEA 2025.2.2\plugins\maven\lib\maven3\bin\m2.conf -Dmaven.home=C:\Program Files\JetBrains\IntelliJ IDEA 2025.2.2\plugins\maven\lib\maven3 -Dlibrary.jansi.path=C:\Program Files\JetBrains\IntelliJ IDEA 2025.2.2\plugins\maven\lib\maven3\lib\jansi-native -Dmaven.multiModuleProjectDirectory=C:\Users\STAR\Desktop\Esprit-PIDEV-3A26-2526-Rehla 
java_command: org.codehaus.plexus.classworlds.launcher.Launcher -Didea.version=2025.2.2 -Dmaven.ext.class.path=C:\Program Files\JetBrains\IntelliJ IDEA 2025.2.2\plugins\maven\lib\maven-event-listener.jar -Djansi.passthrough=true -Dstyle.color=always -Dmaven.repo.local=C:\Users\STAR\.m2\repository org.apache.maven.plugins:maven-clean-plugin:3.2.0:clean -f pom.xml
java_class_path (initial): C:\Program Files\JetBrains\IntelliJ IDEA 2025.2.2\plugins\maven\lib\maven3\boot\plexus-classworlds-2.8.0.jar
Launcher Type: SUN_STANDARD

[Global flags]
     intx CICompilerCount                          = 4                                         {product} {ergonomic}
     uint ConcGCThreads                            = 2                                         {product} {ergonomic}
     uint G1ConcRefinementThreads                  = 8                                         {product} {ergonomic}
   size_t G1HeapRegionSize                         = 1048576                                   {product} {ergonomic}
    uintx GCDrainStackTargetSize                   = 64                                        {product} {ergonomic}
   size_t InitialHeapSize                          = 132120576                                 {product} {ergonomic}
   size_t MarkStackSize                            = 4194304                                   {product} {ergonomic}
   size_t MaxHeapSize                              = 2095054848                                {product} {ergonomic}
   size_t MaxNewSize                               = 1256194048                                {product} {ergonomic}
   size_t MinHeapDeltaBytes                        = 1048576                                   {product} {ergonomic}
   size_t MinHeapSize                              = 8388608                                   {product} {ergonomic}
    uintx NonNMethodCodeHeapSize                   = 5839372                                {pd product} {ergonomic}
    uintx NonProfiledCodeHeapSize                  = 122909434                              {pd product} {ergonomic}
    uintx ProfiledCodeHeapSize                     = 122909434                              {pd product} {ergonomic}
    uintx ReservedCodeCacheSize                    = 251658240                              {pd product} {ergonomic}
     bool SegmentedCodeCache                       = true                                      {product} {ergonomic}
   size_t SoftMaxHeapSize                          = 2095054848                             {manageable} {ergonomic}
     bool UseCompressedClassPointers               = true                           {product lp64_product} {ergonomic}
     bool UseCompressedOops                        = true                           {product lp64_product} {ergonomic}
     bool UseG1GC                                  = true                                      {product} {ergonomic}
     bool UseLargePagesIndividualAllocation        = false                                  {pd product} {ergonomic}

Logging:
Log output configuration:
 #0: stdout all=warning uptime,level,tags
 #1: stderr all=off uptime,level,tags

Environment Variables:
JAVA_HOME=C:\Program Files\Eclipse Adoptium\jdk-17.0.18.8-hotspot
PATH=C:\Program Files\Eclipse Adoptium\jdk-17.0.18.8-hotspot\bin;C:\Program Files\Eclipse Adoptium\jdk-21.0.8.9-hotspot\bin;c:\Users\STAR\AppData\Local\Programs\cursor\resources\app\bin;C:\Program Files\Google\Chrome\Application;C:\oraclexe\app\oracle\product\11.2.0\server\bin;;C:\WINDOWS\system32;C:\WINDOWS;C:\WINDOWS\System32\Wbem;C:\WINDOWS\System32\WindowsPowerShell\v1.0\;C:\WINDOWS\System32\OpenSSH\;C:\Program Files\Git\cmd;C:\Program Files\dotnet\;C:\Program Files (x86)\NVIDIA Corporation\PhysX\Common;C:\Program Files\NVIDIA Corporation\NVIDIA NvDLISR;C:\Program Files\Calibre2\;C:\Users\STAR\AppData\Local\Programs\Python\Python313\;C:\Users\STAR\AppData\Local\Programs\Python\Launcher\;C:\Users\STAR\AppData\Local\Programs\Python\Python313\Scripts\;C:\Users\STAR\AppData\Local\Microsoft\WindowsApps;C:\Users\STAR\AppData\Local\GitHubDesktop\bin;C:\Users\STAR\AppData\Local\Programs\Windsurf\bin;c:\Users\STAR\AppData\Local\Programs\cursor\resources\app\bin;C:\Program Files\MySQL\MySQL Shell 8.0\bin\;C:\composer;C:\xampp\php;C:\Users\STAR\AppData\Local\Microsoft\WindowsApps;C:\Users\STAR\AppData\Local\Programs\Microsoft VS Code\bin;C:\Users\STAR\AppData\Local\GitHubDesktop\bin;C:\Program Files\JetBrains\IntelliJ IDEA 2025.2.2\bin;C:\Users\STAR\AppData\Local\Programs\Windsurf\bin
USERNAME=STAR
OS=Windows_NT
PROCESSOR_IDENTIFIER=Intel64 Family 6 Model 140 Stepping 1, GenuineIntel
TMP=C:\Users\STAR\AppData\Local\Temp
TEMP=C:\Users\STAR\AppData\Local\Temp



Periodic native trim disabled


---------------  S Y S T E M  ---------------

OS:
 Windows 10 , 64 bit Build 19041 (10.0.19041.5915)
OS uptime: 0 days 18:27 hours

CPU: total 8 (initial active 8) (4 cores per cpu, 2 threads per core) family 6 model 140 stepping 1 microcode 0x9a, cx8, cmov, fxsr, ht, mmx, 3dnowpref, sse, sse2, sse3, ssse3, sse4.1, sse4.2, popcnt, lzcnt, tsc, tscinvbit, avx, avx2, aes, erms, clmul, bmi1, bmi2, adx, avx512f, avx512dq, avx512cd, avx512bw, avx512vl, sha, fma, vzeroupper, avx512_vpopcntdq, avx512_vpclmulqdq, avx512_vaes, avx512_vnni, clflush, clflushopt, clwb, avx512_vbmi2, avx512_vbmi
Processor Information for all 8 processors :
  Max Mhz: 2419, Current Mhz: 2419, Mhz Limit: 2419

Memory: 4k page, system-wide physical 7991M (268M free)
TotalPageFile size 31991M (AvailPageFile size 3M)
current process WorkingSet (physical memory assigned to process): 81M, peak: 81M
current process commit charge ("private bytes"): 226M, peak: 227M

vm_info: OpenJDK 64-Bit Server VM (17.0.18+8) for windows-amd64 JRE (17.0.18+8), built on Jan 20 2026 22:28:22 by "admin" with MS VC++ 17.12 (VS2022)

END.
