#
# There is insufficient memory for the Java Runtime Environment to continue.
# Native memory allocation (malloc) failed to allocate 976496 bytes. Error detail: Chunk::new
# Possible reasons:
#   The system is out of physical RAM or swap space
#   This process is running with CompressedOops enabled, and the Java Heap may be blocking the growth of the native heap
# Possible solutions:
#   Reduce memory load on the system
#   Increase physical memory or swap space
#   Check if swap backing store is full
#   Decrease Java heap size (-Xmx/-Xms)
#   Decrease number of Java threads
#   Decrease Java thread stack sizes (-Xss)
#   Set larger code cache with -XX:ReservedCodeCacheSize=
#   JVM is running with Unscaled Compressed Oops mode in which the Java heap is
#     placed in the first 4GB address space. The Java Heap base address is the
#     maximum limit for the native heap growth. Please use -XX:HeapBaseMinAddress
#     to set the Java Heap base and to place the Java Heap above 4GB virtual address.
# This output file may be truncated or incomplete.
#
#  Out of Memory Error (arena.cpp:191), pid=6044, tid=16432
#
# JRE version: OpenJDK Runtime Environment Temurin-17.0.18+8 (17.0.18+8) (build 17.0.18+8)
# Java VM: OpenJDK 64-Bit Server VM Temurin-17.0.18+8 (17.0.18+8, mixed mode, sharing, tiered, compressed oops, compressed class ptrs, g1 gc, windows-amd64)
# No core dump will be written. Minidumps are not enabled by default on client versions of Windows
#

---------------  S U M M A R Y ------------

Command Line: --module-path=C:\Users\STAR\.m2\repository\org\openjfx\javafx-base\21.0.2\javafx-base-21.0.2-win.jar;C:\Users\STAR\.m2\repository\org\openjfx\javafx-base\21.0.2\javafx-base-21.0.2.jar;C:\Users\STAR\.m2\repository\org\openjfx\javafx-controls\21.0.2\javafx-controls-21.0.2-win.jar;C:\Users\STAR\.m2\repository\org\openjfx\javafx-controls\21.0.2\javafx-controls-21.0.2.jar;C:\Users\STAR\.m2\repository\org\openjfx\javafx-fxml\21.0.2\javafx-fxml-21.0.2-win.jar;C:\Users\STAR\.m2\repository\org\openjfx\javafx-fxml\21.0.2\javafx-fxml-21.0.2.jar;C:\Users\STAR\.m2\repository\org\openjfx\javafx-graphics\21.0.2\javafx-graphics-21.0.2-win.jar;C:\Users\STAR\.m2\repository\org\openjfx\javafx-graphics\21.0.2\javafx-graphics-21.0.2.jar;C:\Users\STAR\.m2\repository\org\openjfx\javafx-swing\21.0.2\javafx-swing-21.0.2-win.jar;C:\Users\STAR\.m2\repository\org\openjfx\javafx-swing\21.0.2\javafx-swing-21.0.2.jar --add-modules=javafx.base,javafx.controls,javafx.fxml,javafx.graphics,javafx.swing rehla.MainFx

Host: 11th Gen Intel(R) Core(TM) i5-1135G7 @ 2.40GHz, 8 cores, 7G,  Windows 10 , 64 bit Build 19041 (10.0.19041.5915)
Time: Mon May 11 12:49:16 2026 Europe de l , 64 bit Build 19041 (10.0.19041.5915) elapsed time: 16.333524 seconds (0d 0h 0m 16s)

---------------  T H R E A D  ---------------

Current thread (0x000001d4a03046e0):  JavaThread "C2 CompilerThread0" daemon [_thread_in_native, id=16432, stack(0x000000279a800000,0x000000279a900000)]


Current CompileTask:
C2:16333 5264       4       com.sun.javafx.css.StyleManager$Cache::getStyleMap (400 bytes)

Stack: [0x000000279a800000,0x000000279a900000]
Native frames: (J=compiled Java code, j=interpreted, Vv=VM code, C=native code)
V  [jvm.dll+0x6846f9]
V  [jvm.dll+0x839ea5]
V  [jvm.dll+0x83b91e]
V  [jvm.dll+0x83bfa3]
V  [jvm.dll+0x248eff]
V  [jvm.dll+0xad496]
V  [jvm.dll+0xadb3c]
V  [jvm.dll+0x368bcf]
V  [jvm.dll+0x333055]
V  [jvm.dll+0x3324ba]
V  [jvm.dll+0x219db9]
V  [jvm.dll+0x219200]
V  [jvm.dll+0x1a4920]
V  [jvm.dll+0x22989a]
V  [jvm.dll+0x227a4b]
V  [jvm.dll+0x7f0658]
V  [jvm.dll+0x7eaaec]
V  [jvm.dll+0x6835c7]
C  [ucrtbase.dll+0x21bb2]
C  [KERNEL32.DLL+0x17374]
C  [ntdll.dll+0x4cc91]


---------------  P R O C E S S  ---------------

Threads class SMR info:
_java_thread_list=0x000001d4e6367f60, length=22, elements={
0x000001d481fefc80, 0x000001d4a02e5570, 0x000001d4a02e6130, 0x000001d4a02fda90,
0x000001d4a02fe650, 0x000001d4a0303030, 0x000001d4a03039f0, 0x000001d4a03046e0,
0x000001d4a0318b20, 0x000001d4a0323130, 0x000001d4a054f310, 0x000001d4a0550750,
0x000001d4a0551170, 0x000001d4a0550c60, 0x000001d4a054f820, 0x000001d4a054fd30,
0x000001d4a054e3e0, 0x000001d4a0551b90, 0x000001d4a0550240, 0x000001d4a054e8f0,
0x000001d4a054ee00, 0x000001d4eccdf7c0
}

Java Threads: ( => current thread )
  0x000001d481fefc80 JavaThread "main" [_thread_blocked, id=13532, stack(0x0000002799b00000,0x0000002799c00000)]
  0x000001d4a02e5570 JavaThread "Reference Handler" daemon [_thread_blocked, id=15208, stack(0x000000279a200000,0x000000279a300000)]
  0x000001d4a02e6130 JavaThread "Finalizer" daemon [_thread_blocked, id=16256, stack(0x000000279a300000,0x000000279a400000)]
  0x000001d4a02fda90 JavaThread "Signal Dispatcher" daemon [_thread_blocked, id=16580, stack(0x000000279a400000,0x000000279a500000)]
  0x000001d4a02fe650 JavaThread "Attach Listener" daemon [_thread_blocked, id=13776, stack(0x000000279a500000,0x000000279a600000)]
  0x000001d4a0303030 JavaThread "Service Thread" daemon [_thread_blocked, id=17332, stack(0x000000279a600000,0x000000279a700000)]
  0x000001d4a03039f0 JavaThread "Monitor Deflation Thread" daemon [_thread_blocked, id=8176, stack(0x000000279a700000,0x000000279a800000)]
=>0x000001d4a03046e0 JavaThread "C2 CompilerThread0" daemon [_thread_in_native, id=16432, stack(0x000000279a800000,0x000000279a900000)]
  0x000001d4a0318b20 JavaThread "C1 CompilerThread0" daemon [_thread_blocked, id=3280, stack(0x000000279a900000,0x000000279aa00000)]
  0x000001d4a0323130 JavaThread "Sweeper thread" daemon [_thread_blocked, id=2332, stack(0x000000279aa00000,0x000000279ab00000)]
  0x000001d4a054f310 JavaThread "Common-Cleaner" daemon [_thread_blocked, id=13488, stack(0x000000279ab00000,0x000000279ac00000)]
  0x000001d4a0550750 JavaThread "Notification Thread" daemon [_thread_blocked, id=14572, stack(0x000000279ad00000,0x000000279ae00000)]
  0x000001d4a0551170 JavaThread "QuantumRenderer-0" daemon [_thread_blocked, id=17268, stack(0x000000279af00000,0x000000279b000000)]
  0x000001d4a0550c60 JavaThread "InvokeLaterDispatcher" daemon [_thread_blocked, id=4276, stack(0x000000279ac00000,0x000000279ad00000)]
  0x000001d4a054f820 JavaThread "JavaFX Application Thread" [_thread_in_native, id=16440, stack(0x000000279b000000,0x000000279b100000)]
  0x000001d4a054fd30 JavaThread "JavaFX-Launcher" [_thread_blocked, id=16464, stack(0x000000279b500000,0x000000279b600000)]
  0x000001d4a054e3e0 JavaThread "Thread-2" daemon [_thread_in_native, id=16828, stack(0x000000279b400000,0x000000279b500000)]
  0x000001d4a0551b90 JavaThread "mysql-cj-abandoned-connection-cleanup" daemon [_thread_blocked, id=17092, stack(0x000000279bc00000,0x000000279bd00000)]
  0x000001d4a0550240 JavaThread "pool-2-thread-1" [_thread_blocked, id=16892, stack(0x000000279bd00000,0x000000279be00000)]
  0x000001d4a054e8f0 JavaThread "Prism Font Disposer" daemon [_thread_blocked, id=17260, stack(0x000000279c500000,0x000000279c600000)]
  0x000001d4a054ee00 JavaThread "Cleaner-0" daemon [_thread_blocked, id=7436, stack(0x000000279bb00000,0x000000279bc00000)]
  0x000001d4eccdf7c0 JavaThread "C2 CompilerThread1" daemon [_thread_in_native, id=4108, stack(0x000000279c600000,0x000000279c700000)]

Other Threads:
  0x000001d4a02e2040 VMThread "VM Thread" [stack: 0x000000279a100000,0x000000279a200000] [id=16144]
  0x000001d4a05724f0 WatcherThread [stack: 0x000000279ae00000,0x000000279af00000] [id=1952]
  0x000001d482049590 GCTaskThread "GC Thread#0" [stack: 0x0000002799c00000,0x0000002799d00000] [id=13656]
  0x000001d4e66086e0 GCTaskThread "GC Thread#1" [stack: 0x000000279b600000,0x000000279b700000] [id=16904]
  0x000001d4e66089a0 GCTaskThread "GC Thread#2" [stack: 0x000000279b700000,0x000000279b800000] [id=15864]
  0x000001d4e6601cc0 GCTaskThread "GC Thread#3" [stack: 0x000000279b800000,0x000000279b900000] [id=8648]
  0x000001d4e6601f80 GCTaskThread "GC Thread#4" [stack: 0x000000279b900000,0x000000279ba00000] [id=6256]
  0x000001d4e6613d30 GCTaskThread "GC Thread#5" [stack: 0x000000279ba00000,0x000000279bb00000] [id=5580]
  0x000001d4ebcad9e0 GCTaskThread "GC Thread#6" [stack: 0x000000279be00000,0x000000279bf00000] [id=9316]
  0x000001d4ebf9b4a0 GCTaskThread "GC Thread#7" [stack: 0x000000279bf00000,0x000000279c000000] [id=15748]
  0x000001d482059ea0 ConcurrentGCThread "G1 Main Marker" [stack: 0x0000002799d00000,0x0000002799e00000] [id=17160]
  0x000001d48205a8c0 ConcurrentGCThread "G1 Conc#0" [stack: 0x0000002799e00000,0x0000002799f00000] [id=8876]
  0x000001d4ec7903f0 ConcurrentGCThread "G1 Conc#1" [stack: 0x000000279c100000,0x000000279c200000] [id=2032]
  0x000001d48209dd00 ConcurrentGCThread "G1 Refine#0" [stack: 0x0000002799f00000,0x000000279a000000] [id=16620]
  0x000001d48209e730 ConcurrentGCThread "G1 Service" [stack: 0x000000279a000000,0x000000279a100000] [id=17348]

Threads with active compile tasks:
C2 CompilerThread0  16360 5264       4       com.sun.javafx.css.StyleManager$Cache::getStyleMap (400 bytes)
C2 CompilerThread1  16360 5269       4       javafx.scene.CssStyleHelper::resolveRef (134 bytes)

VM state: not at safepoint (normal execution)

VM Mutex/Monitor currently owned by a thread: None

Heap address: 0x0000000083200000, size: 1998 MB, Compressed Oops mode: 32-bit

CDS archive(s) mapped at: [0x000001d4a1000000-0x000001d4a1bb0000-0x000001d4a1bb0000), size 12255232, SharedBaseAddress: 0x000001d4a1000000, ArchiveRelocationMode: 1.
Compressed class space mapped at: 0x000001d4a2000000-0x000001d4e2000000, reserved size: 1073741824
Narrow klass base: 0x000001d4a1000000, Narrow klass shift: 0, Narrow klass range: 0x100000000

GC Precious Log:
 CPUs: 8 total, 8 available
 Memory: 7991M
 Large Page Support: Disabled
 NUMA Support: Disabled
 Compressed Oops: Enabled (32-bit)
 Heap Region Size: 1M
 Heap Min Capacity: 8M
 Heap Initial Capacity: 126M
 Heap Max Capacity: 1998M
 Pre-touch: Disabled
 Parallel Workers: 8
 Concurrent Workers: 2
 Concurrent Refinement Workers: 8
 Periodic GC: Disabled

Heap:
 garbage-first heap   total 233472K, used 154172K [0x0000000083200000, 0x0000000100000000)
  region size 1024K, 15 young (15360K), 1 survivors (1024K)
 Metaspace       used 29092K, committed 29376K, reserved 1114112K
  class space    used 3848K, committed 3968K, reserved 1048576K

Heap Regions: E=young(eden), S=young(survivor), O=old, HS=humongous(starts), HC=humongous(continues), CS=collection set, F=free, OA=open archive, CA=closed archive, TAMS=top-at-mark-start (previous, next)
|   0|0x0000000083200000, 0x0000000083300000, 0x0000000083300000|100%|HS|  |TAMS 0x0000000083300000, 0x0000000083200000| Complete 
|   1|0x0000000083300000, 0x0000000083400000, 0x0000000083400000|100%| O|  |TAMS 0x0000000083400000, 0x0000000083300000| Untracked 
|   2|0x0000000083400000, 0x0000000083500000, 0x0000000083500000|100%| O|  |TAMS 0x0000000083500000, 0x0000000083400000| Untracked 
|   3|0x0000000083500000, 0x0000000083600000, 0x0000000083600000|100%| O|  |TAMS 0x0000000083600000, 0x0000000083500000| Untracked 
|   4|0x0000000083600000, 0x0000000083700000, 0x0000000083700000|100%| O|  |TAMS 0x0000000083700000, 0x0000000083600000| Untracked 
|   5|0x0000000083700000, 0x0000000083800000, 0x0000000083800000|100%| O|  |TAMS 0x0000000083800000, 0x0000000083700000| Untracked 
|   6|0x0000000083800000, 0x0000000083900000, 0x0000000083900000|100%| O|  |TAMS 0x0000000083900000, 0x0000000083800000| Untracked 
|   7|0x0000000083900000, 0x0000000083a00000, 0x0000000083a00000|100%| O|  |TAMS 0x0000000083a00000, 0x0000000083900000| Untracked 
|   8|0x0000000083a00000, 0x0000000083b00000, 0x0000000083b00000|100%|HS|  |TAMS 0x0000000083b00000, 0x0000000083a00000| Complete 
|   9|0x0000000083b00000, 0x0000000083c00000, 0x0000000083c00000|100%|HC|  |TAMS 0x0000000083c00000, 0x0000000083b00000| Complete 
|  10|0x0000000083c00000, 0x0000000083d00000, 0x0000000083d00000|100%|HC|  |TAMS 0x0000000083d00000, 0x0000000083c00000| Complete 
|  11|0x0000000083d00000, 0x0000000083e00000, 0x0000000083e00000|100%|HC|  |TAMS 0x0000000083e00000, 0x0000000083d00000| Complete 
|  12|0x0000000083e00000, 0x0000000083f00000, 0x0000000083f00000|100%|HC|  |TAMS 0x0000000083f00000, 0x0000000083e00000| Complete 
|  13|0x0000000083f00000, 0x0000000084000000, 0x0000000084000000|100%|HC|  |TAMS 0x0000000084000000, 0x0000000083f00000| Complete 
|  14|0x0000000084000000, 0x0000000084100000, 0x0000000084100000|100%|HC|  |TAMS 0x0000000084100000, 0x0000000084000000| Complete 
|  15|0x0000000084100000, 0x0000000084200000, 0x0000000084200000|100%|HC|  |TAMS 0x0000000084200000, 0x0000000084100000| Complete 
|  16|0x0000000084200000, 0x0000000084300000, 0x0000000084300000|100%|HC|  |TAMS 0x0000000084300000, 0x0000000084200000| Complete 
|  17|0x0000000084300000, 0x0000000084400000, 0x0000000084400000|100%|HC|  |TAMS 0x0000000084400000, 0x0000000084300000| Complete 
|  18|0x0000000084400000, 0x0000000084500000, 0x0000000084500000|100%|HC|  |TAMS 0x0000000084500000, 0x0000000084400000| Complete 
|  19|0x0000000084500000, 0x0000000084600000, 0x0000000084600000|100%|HC|  |TAMS 0x0000000084600000, 0x0000000084500000| Complete 
|  20|0x0000000084600000, 0x0000000084700000, 0x0000000084700000|100%|HC|  |TAMS 0x0000000084700000, 0x0000000084600000| Complete 
|  21|0x0000000084700000, 0x0000000084800000, 0x0000000084800000|100%|HC|  |TAMS 0x0000000084800000, 0x0000000084700000| Complete 
|  22|0x0000000084800000, 0x0000000084900000, 0x0000000084900000|100%|HC|  |TAMS 0x0000000084900000, 0x0000000084800000| Complete 
|  23|0x0000000084900000, 0x0000000084a00000, 0x0000000084a00000|100%|HC|  |TAMS 0x0000000084a00000, 0x0000000084900000| Complete 
|  24|0x0000000084a00000, 0x0000000084b00000, 0x0000000084b00000|100%|HC|  |TAMS 0x0000000084b00000, 0x0000000084a00000| Complete 
|  25|0x0000000084b00000, 0x0000000084c00000, 0x0000000084c00000|100%|HC|  |TAMS 0x0000000084c00000, 0x0000000084b00000| Complete 
|  26|0x0000000084c00000, 0x0000000084d00000, 0x0000000084d00000|100%|HC|  |TAMS 0x0000000084d00000, 0x0000000084c00000| Complete 
|  27|0x0000000084d00000, 0x0000000084e00000, 0x0000000084e00000|100%|HC|  |TAMS 0x0000000084e00000, 0x0000000084d00000| Complete 
|  28|0x0000000084e00000, 0x0000000084f00000, 0x0000000084f00000|100%|HC|  |TAMS 0x0000000084f00000, 0x0000000084e00000| Complete 
|  29|0x0000000084f00000, 0x0000000085000000, 0x0000000085000000|100%|HC|  |TAMS 0x0000000085000000, 0x0000000084f00000| Complete 
|  30|0x0000000085000000, 0x0000000085100000, 0x0000000085100000|100%|HC|  |TAMS 0x0000000085100000, 0x0000000085000000| Complete 
|  31|0x0000000085100000, 0x0000000085200000, 0x0000000085200000|100%|HC|  |TAMS 0x0000000085200000, 0x0000000085100000| Complete 
|  32|0x0000000085200000, 0x0000000085300000, 0x0000000085300000|100%|HC|  |TAMS 0x0000000085300000, 0x0000000085200000| Complete 
|  33|0x0000000085300000, 0x0000000085400000, 0x0000000085400000|100%|HC|  |TAMS 0x0000000085400000, 0x0000000085300000| Complete 
|  34|0x0000000085400000, 0x0000000085500000, 0x0000000085500000|100%|HC|  |TAMS 0x0000000085500000, 0x0000000085400000| Complete 
|  35|0x0000000085500000, 0x0000000085600000, 0x0000000085600000|100%|HC|  |TAMS 0x0000000085600000, 0x0000000085500000| Complete 
|  36|0x0000000085600000, 0x0000000085700000, 0x0000000085700000|100%|HC|  |TAMS 0x0000000085700000, 0x0000000085600000| Complete 
|  37|0x0000000085700000, 0x0000000085800000, 0x0000000085800000|100%|HC|  |TAMS 0x0000000085800000, 0x0000000085700000| Complete 
|  38|0x0000000085800000, 0x0000000085900000, 0x0000000085900000|100%|HC|  |TAMS 0x0000000085900000, 0x0000000085800000| Complete 
|  39|0x0000000085900000, 0x0000000085a00000, 0x0000000085a00000|100%|HC|  |TAMS 0x0000000085a00000, 0x0000000085900000| Complete 
|  40|0x0000000085a00000, 0x0000000085b00000, 0x0000000085b00000|100%|HC|  |TAMS 0x0000000085b00000, 0x0000000085a00000| Complete 
|  41|0x0000000085b00000, 0x0000000085c00000, 0x0000000085c00000|100%|HC|  |TAMS 0x0000000085c00000, 0x0000000085b00000| Complete 
|  42|0x0000000085c00000, 0x0000000085d00000, 0x0000000085d00000|100%|HC|  |TAMS 0x0000000085d00000, 0x0000000085c00000| Complete 
|  43|0x0000000085d00000, 0x0000000085e00000, 0x0000000085e00000|100%|HC|  |TAMS 0x0000000085e00000, 0x0000000085d00000| Complete 
|  44|0x0000000085e00000, 0x0000000085f00000, 0x0000000085f00000|100%|HC|  |TAMS 0x0000000085f00000, 0x0000000085e00000| Complete 
|  45|0x0000000085f00000, 0x0000000086000000, 0x0000000086000000|100%|HC|  |TAMS 0x0000000086000000, 0x0000000085f00000| Complete 
|  46|0x0000000086000000, 0x0000000086100000, 0x0000000086100000|100%|HC|  |TAMS 0x0000000086100000, 0x0000000086000000| Complete 
|  47|0x0000000086100000, 0x0000000086200000, 0x0000000086200000|100%|HC|  |TAMS 0x0000000086200000, 0x0000000086100000| Complete 
|  48|0x0000000086200000, 0x0000000086300000, 0x0000000086300000|100%|HC|  |TAMS 0x0000000086300000, 0x0000000086200000| Complete 
|  49|0x0000000086300000, 0x0000000086400000, 0x0000000086400000|100%|HC|  |TAMS 0x0000000086400000, 0x0000000086300000| Complete 
|  50|0x0000000086400000, 0x0000000086500000, 0x0000000086500000|100%|HC|  |TAMS 0x0000000086500000, 0x0000000086400000| Complete 
|  51|0x0000000086500000, 0x0000000086600000, 0x0000000086600000|100%|HC|  |TAMS 0x0000000086600000, 0x0000000086500000| Complete 
|  52|0x0000000086600000, 0x0000000086700000, 0x0000000086700000|100%|HC|  |TAMS 0x0000000086700000, 0x0000000086600000| Complete 
|  53|0x0000000086700000, 0x0000000086800000, 0x0000000086800000|100%|HC|  |TAMS 0x0000000086800000, 0x0000000086700000| Complete 
|  54|0x0000000086800000, 0x0000000086900000, 0x0000000086900000|100%| O|  |TAMS 0x0000000086900000, 0x0000000086800000| Untracked 
|  55|0x0000000086900000, 0x0000000086a00000, 0x0000000086a00000|100%| O|  |TAMS 0x0000000086a00000, 0x0000000086900000| Untracked 
|  56|0x0000000086a00000, 0x0000000086a00000, 0x0000000086b00000|  0%| F|  |TAMS 0x0000000086a00000, 0x0000000086a00000| Untracked 
|  57|0x0000000086b00000, 0x0000000086c00000, 0x0000000086c00000|100%| O|  |TAMS 0x0000000086b59200, 0x0000000086b00000| Untracked 
|  58|0x0000000086c00000, 0x0000000086d00000, 0x0000000086d00000|100%|HS|  |TAMS 0x0000000086d00000, 0x0000000086c00000| Complete 
|  59|0x0000000086d00000, 0x0000000086e00000, 0x0000000086e00000|100%|HC|  |TAMS 0x0000000086e00000, 0x0000000086d00000| Complete 
|  60|0x0000000086e00000, 0x0000000086f00000, 0x0000000086f00000|100%|HC|  |TAMS 0x0000000086f00000, 0x0000000086e00000| Complete 
|  61|0x0000000086f00000, 0x0000000087000000, 0x0000000087000000|100%|HC|  |TAMS 0x0000000087000000, 0x0000000086f00000| Complete 
|  62|0x0000000087000000, 0x0000000087100000, 0x0000000087100000|100%|HC|  |TAMS 0x0000000087100000, 0x0000000087000000| Complete 
|  63|0x0000000087100000, 0x0000000087200000, 0x0000000087200000|100%|HC|  |TAMS 0x0000000087200000, 0x0000000087100000| Complete 
|  64|0x0000000087200000, 0x0000000087300000, 0x0000000087300000|100%|HC|  |TAMS 0x0000000087300000, 0x0000000087200000| Complete 
|  65|0x0000000087300000, 0x0000000087400000, 0x0000000087400000|100%|HC|  |TAMS 0x0000000087400000, 0x0000000087300000| Complete 
|  66|0x0000000087400000, 0x0000000087500000, 0x0000000087500000|100%|HC|  |TAMS 0x0000000087500000, 0x0000000087400000| Complete 
|  67|0x0000000087500000, 0x0000000087600000, 0x0000000087600000|100%|HC|  |TAMS 0x0000000087600000, 0x0000000087500000| Complete 
|  68|0x0000000087600000, 0x0000000087700000, 0x0000000087700000|100%|HC|  |TAMS 0x0000000087700000, 0x0000000087600000| Complete 
|  69|0x0000000087700000, 0x0000000087800000, 0x0000000087800000|100%|HC|  |TAMS 0x0000000087800000, 0x0000000087700000| Complete 
|  70|0x0000000087800000, 0x0000000087900000, 0x0000000087900000|100%|HC|  |TAMS 0x0000000087900000, 0x0000000087800000| Complete 
|  71|0x0000000087900000, 0x0000000087a00000, 0x0000000087a00000|100%|HC|  |TAMS 0x0000000087a00000, 0x0000000087900000| Complete 
|  72|0x0000000087a00000, 0x0000000087b00000, 0x0000000087b00000|100%|HC|  |TAMS 0x0000000087b00000, 0x0000000087a00000| Complete 
|  73|0x0000000087b00000, 0x0000000087c00000, 0x0000000087c00000|100%|HC|  |TAMS 0x0000000087c00000, 0x0000000087b00000| Complete 
|  74|0x0000000087c00000, 0x0000000087d00000, 0x0000000087d00000|100%|HC|  |TAMS 0x0000000087d00000, 0x0000000087c00000| Complete 
|  75|0x0000000087d00000, 0x0000000087e00000, 0x0000000087e00000|100%|HC|  |TAMS 0x0000000087e00000, 0x0000000087d00000| Complete 
|  76|0x0000000087e00000, 0x0000000087f00000, 0x0000000087f00000|100%|HC|  |TAMS 0x0000000087f00000, 0x0000000087e00000| Complete 
|  77|0x0000000087f00000, 0x0000000088000000, 0x0000000088000000|100%|HC|  |TAMS 0x0000000088000000, 0x0000000087f00000| Complete 
|  78|0x0000000088000000, 0x0000000088100000, 0x0000000088100000|100%|HC|  |TAMS 0x0000000088100000, 0x0000000088000000| Complete 
|  79|0x0000000088100000, 0x0000000088200000, 0x0000000088200000|100%|HC|  |TAMS 0x0000000088200000, 0x0000000088100000| Complete 
|  80|0x0000000088200000, 0x0000000088300000, 0x0000000088300000|100%|HC|  |TAMS 0x0000000088300000, 0x0000000088200000| Complete 
|  81|0x0000000088300000, 0x0000000088400000, 0x0000000088400000|100%| O|  |TAMS 0x0000000088300000, 0x0000000088300000| Untracked 
|  82|0x0000000088400000, 0x0000000088500000, 0x0000000088500000|100%| O|  |TAMS 0x0000000088400000, 0x0000000088400000| Untracked 
|  83|0x0000000088500000, 0x0000000088600000, 0x0000000088600000|100%| O|  |TAMS 0x0000000088500000, 0x0000000088500000| Untracked 
|  84|0x0000000088600000, 0x0000000088700000, 0x0000000088700000|100%| O|  |TAMS 0x0000000088600000, 0x0000000088600000| Untracked 
|  85|0x0000000088700000, 0x00000000887dbc00, 0x0000000088800000| 85%| O|  |TAMS 0x0000000088700000, 0x0000000088700000| Untracked 
|  86|0x0000000088800000, 0x0000000088800000, 0x0000000088900000|  0%| F|  |TAMS 0x0000000088800000, 0x0000000088800000| Untracked 
|  87|0x0000000088900000, 0x0000000088900000, 0x0000000088a00000|  0%| F|  |TAMS 0x0000000088900000, 0x0000000088900000| Untracked 
|  88|0x0000000088a00000, 0x0000000088a00000, 0x0000000088b00000|  0%| F|  |TAMS 0x0000000088a00000, 0x0000000088a00000| Untracked 
|  89|0x0000000088b00000, 0x0000000088b00000, 0x0000000088c00000|  0%| F|  |TAMS 0x0000000088b00000, 0x0000000088b00000| Untracked 
|  90|0x0000000088c00000, 0x0000000088c00000, 0x0000000088d00000|  0%| F|  |TAMS 0x0000000088c00000, 0x0000000088c00000| Untracked 
|  91|0x0000000088d00000, 0x0000000088d00000, 0x0000000088e00000|  0%| F|  |TAMS 0x0000000088d00000, 0x0000000088d00000| Untracked 
|  92|0x0000000088e00000, 0x0000000088e00000, 0x0000000088f00000|  0%| F|  |TAMS 0x0000000088e00000, 0x0000000088e00000| Untracked 
|  93|0x0000000088f00000, 0x0000000088f00000, 0x0000000089000000|  0%| F|  |TAMS 0x0000000088f00000, 0x0000000088f00000| Untracked 
|  94|0x0000000089000000, 0x0000000089000000, 0x0000000089100000|  0%| F|  |TAMS 0x0000000089000000, 0x0000000089000000| Untracked 
|  95|0x0000000089100000, 0x0000000089100000, 0x0000000089200000|  0%| F|  |TAMS 0x0000000089100000, 0x0000000089100000| Untracked 
|  96|0x0000000089200000, 0x0000000089200000, 0x0000000089300000|  0%| F|  |TAMS 0x0000000089200000, 0x0000000089200000| Untracked 
|  97|0x0000000089300000, 0x0000000089300000, 0x0000000089400000|  0%| F|  |TAMS 0x0000000089300000, 0x0000000089300000| Untracked 
|  98|0x0000000089400000, 0x0000000089400000, 0x0000000089500000|  0%| F|  |TAMS 0x0000000089400000, 0x0000000089400000| Untracked 
|  99|0x0000000089500000, 0x0000000089500000, 0x0000000089600000|  0%| F|  |TAMS 0x0000000089500000, 0x0000000089500000| Untracked 
| 100|0x0000000089600000, 0x0000000089600000, 0x0000000089700000|  0%| F|  |TAMS 0x0000000089600000, 0x0000000089600000| Untracked 
| 101|0x0000000089700000, 0x0000000089700000, 0x0000000089800000|  0%| F|  |TAMS 0x0000000089700000, 0x0000000089700000| Untracked 
| 102|0x0000000089800000, 0x0000000089800000, 0x0000000089900000|  0%| F|  |TAMS 0x0000000089800000, 0x0000000089800000| Untracked 
| 103|0x0000000089900000, 0x0000000089900000, 0x0000000089a00000|  0%| F|  |TAMS 0x0000000089900000, 0x0000000089900000| Untracked 
| 104|0x0000000089a00000, 0x0000000089b00000, 0x0000000089b00000|100%|HS|  |TAMS 0x0000000089a00000, 0x0000000089a00000| Complete 
| 105|0x0000000089b00000, 0x0000000089c00000, 0x0000000089c00000|100%|HC|  |TAMS 0x0000000089b00000, 0x0000000089b00000| Complete 
| 106|0x0000000089c00000, 0x0000000089d00000, 0x0000000089d00000|100%| O|  |TAMS 0x0000000089c00000, 0x0000000089c00000| Untracked 
| 107|0x0000000089d00000, 0x0000000089e00000, 0x0000000089e00000|100%| O|  |TAMS 0x0000000089d00000, 0x0000000089d00000| Untracked 
| 108|0x0000000089e00000, 0x0000000089f00000, 0x0000000089f00000|100%| O|  |TAMS 0x0000000089e00000, 0x0000000089e00000| Untracked 
| 109|0x0000000089f00000, 0x000000008a000000, 0x000000008a000000|100%| O|  |TAMS 0x0000000089f00000, 0x0000000089f00000| Untracked 
| 110|0x000000008a000000, 0x000000008a000000, 0x000000008a100000|  0%| F|  |TAMS 0x000000008a000000, 0x000000008a000000| Untracked 
| 111|0x000000008a100000, 0x000000008a100000, 0x000000008a200000|  0%| F|  |TAMS 0x000000008a100000, 0x000000008a100000| Untracked 
| 112|0x000000008a200000, 0x000000008a200000, 0x000000008a300000|  0%| F|  |TAMS 0x000000008a200000, 0x000000008a200000| Untracked 
| 113|0x000000008a300000, 0x000000008a300000, 0x000000008a400000|  0%| F|  |TAMS 0x000000008a300000, 0x000000008a300000| Untracked 
| 114|0x000000008a400000, 0x000000008a400000, 0x000000008a500000|  0%| F|  |TAMS 0x000000008a400000, 0x000000008a400000| Untracked 
| 115|0x000000008a500000, 0x000000008a500000, 0x000000008a600000|  0%| F|  |TAMS 0x000000008a500000, 0x000000008a500000| Untracked 
| 116|0x000000008a600000, 0x000000008a600000, 0x000000008a700000|  0%| F|  |TAMS 0x000000008a600000, 0x000000008a600000| Untracked 
| 117|0x000000008a700000, 0x000000008a700000, 0x000000008a800000|  0%| F|  |TAMS 0x000000008a700000, 0x000000008a700000| Untracked 
| 118|0x000000008a800000, 0x000000008a800000, 0x000000008a900000|  0%| F|  |TAMS 0x000000008a800000, 0x000000008a800000| Untracked 
| 119|0x000000008a900000, 0x000000008a900000, 0x000000008aa00000|  0%| F|  |TAMS 0x000000008a900000, 0x000000008a900000| Untracked 
| 120|0x000000008aa00000, 0x000000008aa00000, 0x000000008ab00000|  0%| F|  |TAMS 0x000000008aa00000, 0x000000008aa00000| Untracked 
| 121|0x000000008ab00000, 0x000000008ab00000, 0x000000008ac00000|  0%| F|  |TAMS 0x000000008ab00000, 0x000000008ab00000| Untracked 
| 122|0x000000008ac00000, 0x000000008ac00000, 0x000000008ad00000|  0%| F|  |TAMS 0x000000008ac00000, 0x000000008ac00000| Untracked 
| 123|0x000000008ad00000, 0x000000008ad00000, 0x000000008ae00000|  0%| F|  |TAMS 0x000000008ad00000, 0x000000008ad00000| Untracked 
| 124|0x000000008ae00000, 0x000000008ae00000, 0x000000008af00000|  0%| F|  |TAMS 0x000000008ae00000, 0x000000008ae00000| Untracked 
| 125|0x000000008af00000, 0x000000008af00000, 0x000000008b000000|  0%| F|  |TAMS 0x000000008af00000, 0x000000008af00000| Untracked 
| 126|0x000000008b000000, 0x000000008b000000, 0x000000008b100000|  0%| F|  |TAMS 0x000000008b000000, 0x000000008b000000| Untracked 
| 127|0x000000008b100000, 0x000000008b100000, 0x000000008b200000|  0%| F|  |TAMS 0x000000008b100000, 0x000000008b100000| Untracked 
| 128|0x000000008b200000, 0x000000008b200000, 0x000000008b300000|  0%| F|  |TAMS 0x000000008b200000, 0x000000008b200000| Untracked 
| 129|0x000000008b300000, 0x000000008b300000, 0x000000008b400000|  0%| F|  |TAMS 0x000000008b300000, 0x000000008b300000| Untracked 
| 130|0x000000008b400000, 0x000000008b400000, 0x000000008b500000|  0%| F|  |TAMS 0x000000008b400000, 0x000000008b400000| Untracked 
| 131|0x000000008b500000, 0x000000008b500000, 0x000000008b600000|  0%| F|  |TAMS 0x000000008b500000, 0x000000008b500000| Untracked 
| 132|0x000000008b600000, 0x000000008b600000, 0x000000008b700000|  0%| F|  |TAMS 0x000000008b600000, 0x000000008b600000| Untracked 
| 133|0x000000008b700000, 0x000000008b700000, 0x000000008b800000|  0%| F|  |TAMS 0x000000008b700000, 0x000000008b700000| Untracked 
| 134|0x000000008b800000, 0x000000008b800000, 0x000000008b900000|  0%| F|  |TAMS 0x000000008b800000, 0x000000008b800000| Untracked 
| 135|0x000000008b900000, 0x000000008b900000, 0x000000008ba00000|  0%| F|  |TAMS 0x000000008b900000, 0x000000008b900000| Untracked 
| 136|0x000000008ba00000, 0x000000008ba00000, 0x000000008bb00000|  0%| F|  |TAMS 0x000000008ba00000, 0x000000008ba00000| Untracked 
| 137|0x000000008bb00000, 0x000000008bb00000, 0x000000008bc00000|  0%| F|  |TAMS 0x000000008bb00000, 0x000000008bb00000| Untracked 
| 138|0x000000008bc00000, 0x000000008bc00000, 0x000000008bd00000|  0%| F|  |TAMS 0x000000008bc00000, 0x000000008bc00000| Untracked 
| 139|0x000000008bd00000, 0x000000008bd00000, 0x000000008be00000|  0%| F|  |TAMS 0x000000008bd00000, 0x000000008bd00000| Untracked 
| 140|0x000000008be00000, 0x000000008be00000, 0x000000008bf00000|  0%| F|  |TAMS 0x000000008be00000, 0x000000008be00000| Untracked 
| 141|0x000000008bf00000, 0x000000008bf00000, 0x000000008c000000|  0%| F|  |TAMS 0x000000008bf00000, 0x000000008bf00000| Untracked 
| 142|0x000000008c000000, 0x000000008c000000, 0x000000008c100000|  0%| F|  |TAMS 0x000000008c000000, 0x000000008c000000| Untracked 
| 143|0x000000008c100000, 0x000000008c100000, 0x000000008c200000|  0%| F|  |TAMS 0x000000008c100000, 0x000000008c100000| Untracked 
| 144|0x000000008c200000, 0x000000008c200000, 0x000000008c300000|  0%| F|  |TAMS 0x000000008c200000, 0x000000008c200000| Untracked 
| 145|0x000000008c300000, 0x000000008c300000, 0x000000008c400000|  0%| F|  |TAMS 0x000000008c300000, 0x000000008c300000| Untracked 
| 146|0x000000008c400000, 0x000000008c400000, 0x000000008c500000|  0%| F|  |TAMS 0x000000008c400000, 0x000000008c400000| Untracked 
| 147|0x000000008c500000, 0x000000008c500000, 0x000000008c600000|  0%| F|  |TAMS 0x000000008c500000, 0x000000008c500000| Untracked 
| 148|0x000000008c600000, 0x000000008c600000, 0x000000008c700000|  0%| F|  |TAMS 0x000000008c600000, 0x000000008c600000| Untracked 
| 149|0x000000008c700000, 0x000000008c700000, 0x000000008c800000|  0%| F|  |TAMS 0x000000008c700000, 0x000000008c700000| Untracked 
| 150|0x000000008c800000, 0x000000008c800000, 0x000000008c900000|  0%| F|  |TAMS 0x000000008c800000, 0x000000008c800000| Untracked 
| 151|0x000000008c900000, 0x000000008c900000, 0x000000008ca00000|  0%| F|  |TAMS 0x000000008c900000, 0x000000008c900000| Untracked 
| 152|0x000000008ca00000, 0x000000008ca00000, 0x000000008cb00000|  0%| F|  |TAMS 0x000000008ca00000, 0x000000008ca00000| Untracked 
| 153|0x000000008cb00000, 0x000000008cb00000, 0x000000008cc00000|  0%| F|  |TAMS 0x000000008cb00000, 0x000000008cb00000| Untracked 
| 154|0x000000008cc00000, 0x000000008cc00000, 0x000000008cd00000|  0%| F|  |TAMS 0x000000008cc00000, 0x000000008cc00000| Untracked 
| 155|0x000000008cd00000, 0x000000008cd00000, 0x000000008ce00000|  0%| F|  |TAMS 0x000000008cd00000, 0x000000008cd00000| Untracked 
| 156|0x000000008ce00000, 0x000000008ce00000, 0x000000008cf00000|  0%| F|  |TAMS 0x000000008ce00000, 0x000000008ce00000| Untracked 
| 157|0x000000008cf00000, 0x000000008cf00000, 0x000000008d000000|  0%| F|  |TAMS 0x000000008cf00000, 0x000000008cf00000| Untracked 
| 158|0x000000008d000000, 0x000000008d000000, 0x000000008d100000|  0%| F|  |TAMS 0x000000008d000000, 0x000000008d000000| Untracked 
| 159|0x000000008d100000, 0x000000008d100000, 0x000000008d200000|  0%| F|  |TAMS 0x000000008d100000, 0x000000008d100000| Untracked 
| 160|0x000000008d200000, 0x000000008d200000, 0x000000008d300000|  0%| F|  |TAMS 0x000000008d200000, 0x000000008d200000| Untracked 
| 161|0x000000008d300000, 0x000000008d300000, 0x000000008d400000|  0%| F|  |TAMS 0x000000008d300000, 0x000000008d300000| Untracked 
| 162|0x000000008d400000, 0x000000008d400000, 0x000000008d500000|  0%| F|  |TAMS 0x000000008d400000, 0x000000008d400000| Untracked 
| 163|0x000000008d500000, 0x000000008d500000, 0x000000008d600000|  0%| F|  |TAMS 0x000000008d500000, 0x000000008d500000| Untracked 
| 164|0x000000008d600000, 0x000000008d600000, 0x000000008d700000|  0%| F|  |TAMS 0x000000008d600000, 0x000000008d600000| Untracked 
| 165|0x000000008d700000, 0x000000008d700000, 0x000000008d800000|  0%| F|  |TAMS 0x000000008d700000, 0x000000008d700000| Untracked 
| 166|0x000000008d800000, 0x000000008d800000, 0x000000008d900000|  0%| F|  |TAMS 0x000000008d800000, 0x000000008d800000| Untracked 
| 167|0x000000008d900000, 0x000000008d9c9388, 0x000000008da00000| 78%| E|  |TAMS 0x000000008d900000, 0x000000008d900000| Complete 
| 168|0x000000008da00000, 0x000000008db00000, 0x000000008db00000|100%| E|CS|TAMS 0x000000008da00000, 0x000000008da00000| Complete 
| 169|0x000000008db00000, 0x000000008dc00000, 0x000000008dc00000|100%| E|CS|TAMS 0x000000008db00000, 0x000000008db00000| Complete 
| 170|0x000000008dc00000, 0x000000008dd00000, 0x000000008dd00000|100%| E|CS|TAMS 0x000000008dc00000, 0x000000008dc00000| Complete 
| 171|0x000000008dd00000, 0x000000008de00000, 0x000000008de00000|100%| E|CS|TAMS 0x000000008dd00000, 0x000000008dd00000| Complete 
| 172|0x000000008de00000, 0x000000008df00000, 0x000000008df00000|100%| E|CS|TAMS 0x000000008de00000, 0x000000008de00000| Complete 
| 173|0x000000008df00000, 0x000000008e000000, 0x000000008e000000|100%| E|CS|TAMS 0x000000008df00000, 0x000000008df00000| Complete 
| 174|0x000000008e000000, 0x000000008e100000, 0x000000008e100000|100%| E|CS|TAMS 0x000000008e000000, 0x000000008e000000| Complete 
| 175|0x000000008e100000, 0x000000008e200000, 0x000000008e200000|100%| E|CS|TAMS 0x000000008e100000, 0x000000008e100000| Complete 
| 176|0x000000008e200000, 0x000000008e2b3650, 0x000000008e300000| 70%| S|CS|TAMS 0x000000008e200000, 0x000000008e200000| Complete 
| 177|0x000000008e300000, 0x000000008e400000, 0x000000008e400000|100%| E|CS|TAMS 0x000000008e300000, 0x000000008e300000| Complete 
| 178|0x000000008e400000, 0x000000008e500000, 0x000000008e500000|100%| E|CS|TAMS 0x000000008e400000, 0x000000008e400000| Complete 
| 179|0x000000008e500000, 0x000000008e600000, 0x000000008e600000|100%| E|CS|TAMS 0x000000008e500000, 0x000000008e500000| Complete 
| 180|0x000000008e600000, 0x000000008e700000, 0x000000008e700000|100%| E|CS|TAMS 0x000000008e600000, 0x000000008e600000| Complete 
| 181|0x000000008e700000, 0x000000008e800000, 0x000000008e800000|100%| E|CS|TAMS 0x000000008e700000, 0x000000008e700000| Complete 
| 182|0x000000008e800000, 0x000000008e900000, 0x000000008e900000|100%|HS|  |TAMS 0x000000008e800000, 0x000000008e800000| Complete 
| 183|0x000000008e900000, 0x000000008ea00000, 0x000000008ea00000|100%|HC|  |TAMS 0x000000008e900000, 0x000000008e900000| Complete 
| 184|0x000000008ea00000, 0x000000008eb00000, 0x000000008eb00000|100%|HC|  |TAMS 0x000000008ea00000, 0x000000008ea00000| Complete 
| 185|0x000000008eb00000, 0x000000008ec00000, 0x000000008ec00000|100%|HC|  |TAMS 0x000000008eb00000, 0x000000008eb00000| Complete 
| 186|0x000000008ec00000, 0x000000008ed00000, 0x000000008ed00000|100%|HC|  |TAMS 0x000000008ec00000, 0x000000008ec00000| Complete 
| 187|0x000000008ed00000, 0x000000008ee00000, 0x000000008ee00000|100%|HC|  |TAMS 0x000000008ed00000, 0x000000008ed00000| Complete 
| 188|0x000000008ee00000, 0x000000008ef00000, 0x000000008ef00000|100%|HC|  |TAMS 0x000000008ee00000, 0x000000008ee00000| Complete 
| 189|0x000000008ef00000, 0x000000008f000000, 0x000000008f000000|100%|HC|  |TAMS 0x000000008ef00000, 0x000000008ef00000| Complete 
| 190|0x000000008f000000, 0x000000008f100000, 0x000000008f100000|100%|HC|  |TAMS 0x000000008f000000, 0x000000008f000000| Complete 
| 191|0x000000008f100000, 0x000000008f200000, 0x000000008f200000|100%|HC|  |TAMS 0x000000008f100000, 0x000000008f100000| Complete 
| 192|0x000000008f200000, 0x000000008f300000, 0x000000008f300000|100%|HC|  |TAMS 0x000000008f200000, 0x000000008f200000| Complete 
| 193|0x000000008f300000, 0x000000008f400000, 0x000000008f400000|100%|HC|  |TAMS 0x000000008f300000, 0x000000008f300000| Complete 
| 194|0x000000008f400000, 0x000000008f500000, 0x000000008f500000|100%|HC|  |TAMS 0x000000008f400000, 0x000000008f400000| Complete 
| 195|0x000000008f500000, 0x000000008f600000, 0x000000008f600000|100%|HC|  |TAMS 0x000000008f500000, 0x000000008f500000| Complete 
| 196|0x000000008f600000, 0x000000008f700000, 0x000000008f700000|100%|HC|  |TAMS 0x000000008f600000, 0x000000008f600000| Complete 
| 197|0x000000008f700000, 0x000000008f800000, 0x000000008f800000|100%|HC|  |TAMS 0x000000008f700000, 0x000000008f700000| Complete 
| 198|0x000000008f800000, 0x000000008f900000, 0x000000008f900000|100%|HC|  |TAMS 0x000000008f800000, 0x000000008f800000| Complete 
| 199|0x000000008f900000, 0x000000008fa00000, 0x000000008fa00000|100%|HC|  |TAMS 0x000000008f900000, 0x000000008f900000| Complete 
| 200|0x000000008fa00000, 0x000000008fb00000, 0x000000008fb00000|100%|HC|  |TAMS 0x000000008fa00000, 0x000000008fa00000| Complete 
| 201|0x000000008fb00000, 0x000000008fc00000, 0x000000008fc00000|100%|HC|  |TAMS 0x000000008fb00000, 0x000000008fb00000| Complete 
| 202|0x000000008fc00000, 0x000000008fd00000, 0x000000008fd00000|100%|HC|  |TAMS 0x000000008fc00000, 0x000000008fc00000| Complete 
| 203|0x000000008fd00000, 0x000000008fe00000, 0x000000008fe00000|100%|HC|  |TAMS 0x000000008fd00000, 0x000000008fd00000| Complete 
| 204|0x000000008fe00000, 0x000000008ff00000, 0x000000008ff00000|100%|HC|  |TAMS 0x000000008fe00000, 0x000000008fe00000| Complete 
| 205|0x000000008ff00000, 0x0000000090000000, 0x0000000090000000|100%|HC|  |TAMS 0x000000008ff00000, 0x000000008ff00000| Complete 
| 206|0x0000000090000000, 0x0000000090100000, 0x0000000090100000|100%|HC|  |TAMS 0x0000000090000000, 0x0000000090000000| Complete 
| 207|0x0000000090100000, 0x0000000090200000, 0x0000000090200000|100%|HC|  |TAMS 0x0000000090100000, 0x0000000090100000| Complete 
| 208|0x0000000090200000, 0x0000000090300000, 0x0000000090300000|100%|HC|  |TAMS 0x0000000090200000, 0x0000000090200000| Complete 
| 209|0x0000000090300000, 0x0000000090400000, 0x0000000090400000|100%|HC|  |TAMS 0x0000000090300000, 0x0000000090300000| Complete 
| 210|0x0000000090400000, 0x0000000090500000, 0x0000000090500000|100%|HC|  |TAMS 0x0000000090400000, 0x0000000090400000| Complete 
| 211|0x0000000090500000, 0x0000000090600000, 0x0000000090600000|100%|HC|  |TAMS 0x0000000090500000, 0x0000000090500000| Complete 
| 212|0x0000000090600000, 0x0000000090700000, 0x0000000090700000|100%|HC|  |TAMS 0x0000000090600000, 0x0000000090600000| Complete 
| 213|0x0000000090700000, 0x0000000090800000, 0x0000000090800000|100%|HC|  |TAMS 0x0000000090700000, 0x0000000090700000| Complete 
| 214|0x0000000090800000, 0x0000000090900000, 0x0000000090900000|100%|HC|  |TAMS 0x0000000090800000, 0x0000000090800000| Complete 
| 215|0x0000000090900000, 0x0000000090a00000, 0x0000000090a00000|100%|HC|  |TAMS 0x0000000090900000, 0x0000000090900000| Complete 
| 216|0x0000000090a00000, 0x0000000090b00000, 0x0000000090b00000|100%|HC|  |TAMS 0x0000000090a00000, 0x0000000090a00000| Complete 
| 217|0x0000000090b00000, 0x0000000090c00000, 0x0000000090c00000|100%|HC|  |TAMS 0x0000000090b00000, 0x0000000090b00000| Complete 
| 218|0x0000000090c00000, 0x0000000090d00000, 0x0000000090d00000|100%|HC|  |TAMS 0x0000000090c00000, 0x0000000090c00000| Complete 
| 219|0x0000000090d00000, 0x0000000090e00000, 0x0000000090e00000|100%|HC|  |TAMS 0x0000000090d00000, 0x0000000090d00000| Complete 
| 220|0x0000000090e00000, 0x0000000090f00000, 0x0000000090f00000|100%|HC|  |TAMS 0x0000000090e00000, 0x0000000090e00000| Complete 
| 221|0x0000000090f00000, 0x0000000091000000, 0x0000000091000000|100%|HC|  |TAMS 0x0000000090f00000, 0x0000000090f00000| Complete 
| 222|0x0000000091000000, 0x0000000091100000, 0x0000000091100000|100%|HC|  |TAMS 0x0000000091000000, 0x0000000091000000| Complete 
| 223|0x0000000091100000, 0x0000000091200000, 0x0000000091200000|100%|HC|  |TAMS 0x0000000091100000, 0x0000000091100000| Complete 
| 224|0x0000000091200000, 0x0000000091300000, 0x0000000091300000|100%|HC|  |TAMS 0x0000000091200000, 0x0000000091200000| Complete 
| 225|0x0000000091300000, 0x0000000091400000, 0x0000000091400000|100%|HC|  |TAMS 0x0000000091300000, 0x0000000091300000| Complete 
| 226|0x0000000091400000, 0x0000000091500000, 0x0000000091500000|100%|HC|  |TAMS 0x0000000091400000, 0x0000000091400000| Complete 
| 227|0x0000000091500000, 0x0000000091600000, 0x0000000091600000|100%|HC|  |TAMS 0x0000000091500000, 0x0000000091500000| Complete 

Card table byte_map: [0x000001d499270000,0x000001d499660000] _byte_map_base: 0x000001d498e57000

Marking Bits (Prev, Next): (CMBitMap*) 0x000001d482049bb0, (CMBitMap*) 0x000001d482049bf0
 Prev Bits: [0x000001d499a50000, 0x000001d49b988000)
 Next Bits: [0x000001d49b990000, 0x000001d49d8c8000)

Polling page: 0x000001d4817a0000

Metaspace:

Usage:
  Non-class:     24.65 MB used.
      Class:      3.76 MB used.
       Both:     28.41 MB used.

Virtual space:
  Non-class space:       64.00 MB reserved,      24.81 MB ( 39%) committed,  1 nodes.
      Class space:        1.00 GB reserved,       3.88 MB ( <1%) committed,  1 nodes.
             Both:        1.06 GB reserved,      28.69 MB (  3%) committed. 

Chunk freelists:
   Non-Class:  6.28 MB
       Class:  12.03 MB
        Both:  18.31 MB

MaxMetaspaceSize: unlimited
CompressedClassSpaceSize: 1.00 GB
Initial GC threshold: 21.00 MB
Current GC threshold: 37.50 MB
CDS: on
MetaspaceReclaimPolicy: balanced
 - commit_granule_bytes: 65536.
 - commit_granule_words: 8192.
 - virtual_space_node_default_size: 8388608.
 - enlarge_chunks_in_place: 1.
 - new_chunks_are_fully_committed: 0.
 - uncommit_free_chunks: 1.
 - use_allocation_guard: 0.
 - handle_deallocations: 1.


Internal statistics:

num_allocs_failed_limit: 0.
num_arena_births: 292.
num_arena_deaths: 0.
num_vsnodes_births: 2.
num_vsnodes_deaths: 0.
num_space_committed: 459.
num_space_uncommitted: 0.
num_chunks_returned_to_freelist: 0.
num_chunks_taken_from_freelist: 1121.
num_chunk_merges: 0.
num_chunk_splits: 762.
num_chunks_enlarged: 581.
num_inconsistent_stats: 0.

CodeHeap 'non-profiled nmethods': size=120000Kb used=2394Kb max_used=2394Kb free=117606Kb
 bounds [0x000001d491620000, 0x000001d491890000, 0x000001d498b50000]
CodeHeap 'profiled nmethods': size=120000Kb used=11424Kb max_used=11424Kb free=108575Kb
 bounds [0x000001d489b50000, 0x000001d48a680000, 0x000001d491080000]
CodeHeap 'non-nmethods': size=5760Kb used=1550Kb max_used=1582Kb free=4209Kb
 bounds [0x000001d491080000, 0x000001d4912f0000, 0x000001d491620000]
 total_blobs=6284 nmethods=5362 adapters=834
 compilation: enabled
              stopped_count=0, restarted_count=0
 full_count=0

Compilation events (20 events):
Event: 16.313 Thread 0x000001d4eccdf7c0 nmethod 5360 0x000001d491872f10 code [0x000001d491873080, 0x000001d4918732f8]
Event: 16.313 Thread 0x000001d4eccdf7c0 5343       4       com.sun.javafx.font.PrismFontFile::isColorGlyph (27 bytes)
Event: 16.314 Thread 0x000001d4eccdf7c0 nmethod 5343 0x000001d491873390 code [0x000001d491873520, 0x000001d491873718]
Event: 16.314 Thread 0x000001d4eccdf7c0 5346  s    4       com.sun.javafx.font.PrismFontFile::fontSupportsColorGlyphs (51 bytes)
Event: 16.314 Thread 0x000001d4eccdf7c0 nmethod 5346 0x000001d491873810 code [0x000001d4918739a0, 0x000001d491873b78]
Event: 16.314 Thread 0x000001d4eccdf7c0 5351       4       com.sun.javafx.font.LogicalFont::getGlyphMapper (24 bytes)
Event: 16.315 Thread 0x000001d4eccdf7c0 nmethod 5351 0x000001d491873c90 code [0x000001d491873e20, 0x000001d491873eb8]
Event: 16.315 Thread 0x000001d4eccdf7c0 5340       4       jdk.internal.icu.text.UTF16::charAt (116 bytes)
Event: 16.316 Thread 0x000001d4eccdf7c0 nmethod 5340 0x000001d491873f90 code [0x000001d491874140, 0x000001d491874330]
Event: 16.316 Thread 0x000001d4eccdf7c0 5341       4       jdk.internal.icu.impl.Trie2_16::get (170 bytes)
Event: 16.317 Thread 0x000001d4eccdf7c0 nmethod 5341 0x000001d491874590 code [0x000001d491874720, 0x000001d4918749d8]
Event: 16.317 Thread 0x000001d4eccdf7c0 5352   !   4       com.sun.javafx.text.GlyphLayout::isIdeographic (36 bytes)
Event: 16.321 Thread 0x000001d4eccdf7c0 nmethod 5352 0x000001d491874c10 code [0x000001d491874e20, 0x000001d4918754d8]
Event: 16.322 Thread 0x000001d4eccdf7c0 5353   !   4       jdk.internal.reflect.GeneratedMethodAccessor6::invoke (126 bytes)
Event: 16.323 Thread 0x000001d4eccdf7c0 nmethod 5353 0x000001d491875990 code [0x000001d491875b40, 0x000001d491875d78]
Event: 16.323 Thread 0x000001d4eccdf7c0 5293       4       javafx.beans.property.ObjectPropertyBase::isBound (13 bytes)
Event: 16.323 Thread 0x000001d4eccdf7c0 nmethod 5293 0x000001d491876010 code [0x000001d491876180, 0x000001d491876218]
Event: 16.323 Thread 0x000001d4eccdf7c0 5339       4       javafx.beans.property.StringPropertyBase::get (5 bytes)
Event: 16.324 Thread 0x000001d4eccdf7c0 nmethod 5339 0x000001d491876310 code [0x000001d4918764a0, 0x000001d491876688]
Event: 16.324 Thread 0x000001d4eccdf7c0 5269       4       javafx.scene.CssStyleHelper::resolveRef (134 bytes)

GC Heap History (12 events):
Event: 0.571 GC heap before
{Heap before GC invocations=0 (full 0):
 garbage-first heap   total 129024K, used 23552K [0x0000000083200000, 0x0000000100000000)
  region size 1024K, 23 young (23552K), 0 survivors (0K)
 Metaspace       used 4433K, committed 4672K, reserved 1114112K
  class space    used 513K, committed 640K, reserved 1048576K
}
Event: 0.574 GC heap after
{Heap after GC invocations=1 (full 0):
 garbage-first heap   total 129024K, used 5615K [0x0000000083200000, 0x0000000100000000)
  region size 1024K, 3 young (3072K), 3 survivors (3072K)
 Metaspace       used 4433K, committed 4672K, reserved 1114112K
  class space    used 513K, committed 640K, reserved 1048576K
}
Event: 1.192 GC heap before
{Heap before GC invocations=1 (full 0):
 garbage-first heap   total 129024K, used 38383K [0x0000000083200000, 0x0000000100000000)
  region size 1024K, 34 young (34816K), 3 survivors (3072K)
 Metaspace       used 17503K, committed 17728K, reserved 1114112K
  class space    used 2177K, committed 2304K, reserved 1048576K
}
Event: 1.196 GC heap after
{Heap after GC invocations=2 (full 0):
 garbage-first heap   total 129024K, used 11549K [0x0000000083200000, 0x0000000100000000)
  region size 1024K, 5 young (5120K), 5 survivors (5120K)
 Metaspace       used 17503K, committed 17728K, reserved 1114112K
  class space    used 2177K, committed 2304K, reserved 1048576K
}
Event: 1.333 GC heap before
{Heap before GC invocations=2 (full 0):
 garbage-first heap   total 129024K, used 68893K [0x0000000083200000, 0x0000000100000000)
  region size 1024K, 16 young (16384K), 5 survivors (5120K)
 Metaspace       used 19536K, committed 19840K, reserved 1114112K
  class space    used 2549K, committed 2688K, reserved 1048576K
}
Event: 1.338 GC heap after
{Heap after GC invocations=3 (full 0):
 garbage-first heap   total 129024K, used 60657K [0x0000000083200000, 0x0000000100000000)
  region size 1024K, 2 young (2048K), 2 survivors (2048K)
 Metaspace       used 19536K, committed 19840K, reserved 1114112K
  class space    used 2549K, committed 2688K, reserved 1048576K
}
Event: 2.071 GC heap before
{Heap before GC invocations=4 (full 0):
 garbage-first heap   total 143360K, used 100593K [0x0000000083200000, 0x0000000100000000)
  region size 1024K, 19 young (19456K), 2 survivors (2048K)
 Metaspace       used 22771K, committed 23040K, reserved 1114112K
  class space    used 3225K, committed 3392K, reserved 1048576K
}
Event: 2.073 GC heap after
{Heap after GC invocations=5 (full 0):
 garbage-first heap   total 143360K, used 86291K [0x0000000083200000, 0x0000000100000000)
  region size 1024K, 4 young (4096K), 4 survivors (4096K)
 Metaspace       used 22771K, committed 23040K, reserved 1114112K
  class space    used 3225K, committed 3392K, reserved 1048576K
}
Event: 15.842 GC heap before
{Heap before GC invocations=6 (full 0):
 garbage-first heap   total 186368K, used 136467K [0x0000000083200000, 0x0000000100000000)
  region size 1024K, 29 young (29696K), 4 survivors (4096K)
 Metaspace       used 28079K, committed 28352K, reserved 1114112K
  class space    used 3717K, committed 3840K, reserved 1048576K
}
Event: 15.857 GC heap after
{Heap after GC invocations=7 (full 0):
 garbage-first heap   total 186368K, used 92835K [0x0000000083200000, 0x0000000100000000)
  region size 1024K, 4 young (4096K), 4 survivors (4096K)
 Metaspace       used 28079K, committed 28352K, reserved 1114112K
  class space    used 3717K, committed 3840K, reserved 1048576K
}
Event: 16.164 GC heap before
{Heap before GC invocations=7 (full 0):
 garbage-first heap   total 233472K, used 145059K [0x0000000083200000, 0x0000000100000000)
  region size 1024K, 9 young (9216K), 4 survivors (4096K)
 Metaspace       used 28412K, committed 28672K, reserved 1114112K
  class space    used 3774K, committed 3904K, reserved 1048576K
}
Event: 16.168 GC heap after
{Heap after GC invocations=8 (full 0):
 garbage-first heap   total 233472K, used 140860K [0x0000000083200000, 0x0000000100000000)
  region size 1024K, 1 young (1024K), 1 survivors (1024K)
 Metaspace       used 28412K, committed 28672K, reserved 1114112K
  class space    used 3774K, committed 3904K, reserved 1048576K
}

Dll operation events (20 events):
Event: 0.235 Loaded shared library C:\Users\STAR\.openjfx\cache\21.0.2+5\amd64\api-ms-win-crt-private-l1-1-0.dll
Event: 0.237 Loaded shared library C:\Users\STAR\.openjfx\cache\21.0.2+5\amd64\api-ms-win-crt-process-l1-1-0.dll
Event: 0.238 Loaded shared library C:\Users\STAR\.openjfx\cache\21.0.2+5\amd64\api-ms-win-crt-runtime-l1-1-0.dll
Event: 0.240 Loaded shared library C:\Users\STAR\.openjfx\cache\21.0.2+5\amd64\api-ms-win-crt-stdio-l1-1-0.dll
Event: 0.242 Loaded shared library C:\Users\STAR\.openjfx\cache\21.0.2+5\amd64\api-ms-win-crt-string-l1-1-0.dll
Event: 0.244 Loaded shared library C:\Users\STAR\.openjfx\cache\21.0.2+5\amd64\api-ms-win-crt-time-l1-1-0.dll
Event: 0.246 Loaded shared library C:\Users\STAR\.openjfx\cache\21.0.2+5\amd64\api-ms-win-crt-utility-l1-1-0.dll
Event: 0.257 Loaded shared library C:\Users\STAR\.openjfx\cache\21.0.2+5\amd64\ucrtbase.dll
Event: 0.261 Loaded shared library C:\Users\STAR\.openjfx\cache\21.0.2+5\amd64\vcruntime140.dll
Event: 0.264 Loaded shared library C:\Users\STAR\.openjfx\cache\21.0.2+5\amd64\vcruntime140_1.dll
Event: 0.273 Loaded shared library C:\Users\STAR\.openjfx\cache\21.0.2+5\amd64\msvcp140.dll
Event: 0.276 Loaded shared library C:\Users\STAR\.openjfx\cache\21.0.2+5\amd64\msvcp140_1.dll
Event: 0.281 Loaded shared library C:\Users\STAR\.openjfx\cache\21.0.2+5\amd64\msvcp140_2.dll
Event: 0.352 Loaded shared library C:\Users\STAR\.openjfx\cache\21.0.2+5\amd64\prism_d3d.dll
Event: 0.441 Loaded shared library C:\Users\STAR\.openjfx\cache\21.0.2+5\amd64\glass.dll
Event: 0.548 Loaded shared library C:\Program Files\Eclipse Adoptium\jdk-17.0.18.8-hotspot\bin\jimage.dll
Event: 0.679 Loaded shared library C:\Program Files\Eclipse Adoptium\jdk-17.0.18.8-hotspot\bin\extnet.dll
Event: 0.858 Loaded shared library C:\Program Files\Eclipse Adoptium\jdk-17.0.18.8-hotspot\bin\sunmscapi.dll
Event: 1.181 Loaded shared library C:\Users\STAR\.openjfx\cache\21.0.2+5\amd64\javafx_font.dll
Event: 1.275 Loaded shared library C:\Users\STAR\.openjfx\cache\21.0.2+5\amd64\javafx_iio.dll

Deoptimization events (20 events):
Event: 16.261 Thread 0x000001d4a054f820 Uncommon trap: trap_request=0xffffff45 fr.pc=0x000001d4917a4f2c relative=0x00000000000000ec
Event: 16.261 Thread 0x000001d4a054f820 Uncommon trap: reason=unstable_if action=reinterpret pc=0x000001d4917a4f2c method=java.lang.StrictMath.floorOrCeil(DDDD)D @ 24 c2
Event: 16.261 Thread 0x000001d4a054f820 DEOPT PACKING pc=0x000001d4917a4f2c sp=0x000000279b0fa190
Event: 16.261 Thread 0x000001d4a054f820 DEOPT UNPACKING pc=0x000001d4910da1a3 sp=0x000000279b0fa0b8 mode 2
Event: 16.307 Thread 0x000001d4a054f820 Uncommon trap: trap_request=0xffffffde fr.pc=0x000001d4917bab68 relative=0x0000000000001048
Event: 16.307 Thread 0x000001d4a054f820 Uncommon trap: reason=class_check action=maybe_recompile pc=0x000001d4917bab68 method=javafx.scene.Node.updateLocalToParentTransform()V @ 11 c2
Event: 16.307 Thread 0x000001d4a054f820 DEOPT PACKING pc=0x000001d4917bab68 sp=0x000000279b0f9980
Event: 16.307 Thread 0x000001d4a054f820 DEOPT UNPACKING pc=0x000001d4910da1a3 sp=0x000000279b0f9940 mode 2
Event: 16.307 Thread 0x000001d4a054f820 Uncommon trap: trap_request=0xffffffde fr.pc=0x000001d4917bab68 relative=0x0000000000001048
Event: 16.307 Thread 0x000001d4a054f820 Uncommon trap: reason=class_check action=maybe_recompile pc=0x000001d4917bab68 method=javafx.scene.Node.updateLocalToParentTransform()V @ 11 c2
Event: 16.307 Thread 0x000001d4a054f820 DEOPT PACKING pc=0x000001d4917bab68 sp=0x000000279b0f9890
Event: 16.307 Thread 0x000001d4a054f820 DEOPT UNPACKING pc=0x000001d4910da1a3 sp=0x000000279b0f9850 mode 2
Event: 16.307 Thread 0x000001d4a054f820 Uncommon trap: trap_request=0xffffffde fr.pc=0x000001d4917bab68 relative=0x0000000000001048
Event: 16.307 Thread 0x000001d4a054f820 Uncommon trap: reason=class_check action=maybe_recompile pc=0x000001d4917bab68 method=javafx.scene.Node.updateLocalToParentTransform()V @ 11 c2
Event: 16.307 Thread 0x000001d4a054f820 DEOPT PACKING pc=0x000001d4917bab68 sp=0x000000279b0f98e0
Event: 16.307 Thread 0x000001d4a054f820 DEOPT UNPACKING pc=0x000001d4910da1a3 sp=0x000000279b0f98a0 mode 2
Event: 16.307 Thread 0x000001d4a054f820 Uncommon trap: trap_request=0xffffffde fr.pc=0x000001d4917bab68 relative=0x0000000000001048
Event: 16.307 Thread 0x000001d4a054f820 Uncommon trap: reason=class_check action=maybe_recompile pc=0x000001d4917bab68 method=javafx.scene.Node.updateLocalToParentTransform()V @ 11 c2
Event: 16.307 Thread 0x000001d4a054f820 DEOPT PACKING pc=0x000001d4917bab68 sp=0x000000279b0f9890
Event: 16.307 Thread 0x000001d4a054f820 DEOPT UNPACKING pc=0x000001d4910da1a3 sp=0x000000279b0f9850 mode 2

Classes loaded (20 events):
Event: 16.264 Loading class sun/util/locale/provider/BreakIteratorProviderImpl
Event: 16.264 Loading class sun/util/locale/provider/BreakIteratorProviderImpl done
Event: 16.264 Loading class sun/util/locale/provider/BaseLocaleDataMetaInfo
Event: 16.264 Loading class sun/util/locale/provider/BaseLocaleDataMetaInfo done
Event: 16.265 Loading class sun/text/resources/BreakIteratorInfo
Event: 16.265 Loading class sun/text/resources/BreakIteratorInfo done
Event: 16.265 Loading class sun/text/resources/BreakIteratorResources
Event: 16.265 Loading class sun/util/resources/BreakIteratorResourceBundle
Event: 16.265 Loading class sun/util/resources/BreakIteratorResourceBundle done
Event: 16.265 Loading class sun/text/resources/BreakIteratorResources done
Event: 16.266 Loading class sun/text/RuleBasedBreakIterator
Event: 16.266 Loading class sun/text/RuleBasedBreakIterator done
Event: 16.266 Loading class sun/text/CompactByteArray
Event: 16.266 Loading class sun/text/CompactByteArray done
Event: 16.266 Loading class sun/text/SupplementaryCharacterData
Event: 16.266 Loading class sun/text/SupplementaryCharacterData done
Event: 16.266 Loading class java/text/BreakIterator$BreakIteratorCache
Event: 16.266 Loading class java/text/BreakIterator$BreakIteratorCache done
Event: 16.266 Loading class java/text/StringCharacterIterator
Event: 16.266 Loading class java/text/StringCharacterIterator done

Classes unloaded (0 events):
No events

Classes redefined (0 events):
No events

Internal exceptions (20 events):
Event: 2.056 Thread 0x000001d4a054f820 Exception <a 'java/lang/NoSuchMethodError'{0x000000008ad54298}: 'java.lang.Object java.lang.invoke.DirectMethodHandle$Holder.newInvokeSpecial(java.lang.Object, java.lang.Object, int)'> (0x000000008ad54298) 
thrown [s\src\hotspot\share\interpreter\linkResolver.cpp, line 759]
Event: 2.193 Thread 0x000001d4a0551170 Exception <a 'java/lang/NoSuchMethodError'{0x000000008e631790}: 'java.lang.Object java.lang.invoke.DirectMethodHandle$Holder.invokeStaticInit(java.lang.Object, int)'> (0x000000008e631790) 
thrown [s\src\hotspot\share\interpreter\linkResolver.cpp, line 759]
Event: 3.440 Thread 0x000001d4a054f820 Exception <a 'java/lang/NoSuchMethodError'{0x000000008e23d8e8}: 'long java.lang.invoke.DirectMethodHandle$Holder.invokeStatic(java.lang.Object, java.lang.Object, java.lang.Object)'> (0x000000008e23d8e8) 
thrown [s\src\hotspot\share\interpreter\linkResolver.cpp, line 759]
Event: 3.441 Thread 0x000001d4a054f820 Exception <a 'java/lang/NoSuchMethodError'{0x000000008e241090}: 'long java.lang.invoke.DirectMethodHandle$Holder.invokeStaticInit(java.lang.Object, java.lang.Object, java.lang.Object)'> (0x000000008e241090) 
thrown [s\src\hotspot\share\interpreter\linkResolver.cpp, line 759]
Event: 3.444 Thread 0x000001d4a054f820 Exception <a 'java/lang/NoSuchMethodError'{0x000000008e258c10}: 'java.lang.Object java.lang.invoke.DirectMethodHandle$Holder.newInvokeSpecial(java.lang.Object, java.lang.Object, long)'> (0x000000008e258c10) 
thrown [s\src\hotspot\share\interpreter\linkResolver.cpp, line 759]
Event: 3.446 Thread 0x000001d4a054f820 Exception <a 'java/lang/NoSuchMethodError'{0x000000008e25c780}: 'java.lang.Object java.lang.invoke.Invokers$Holder.linkToTargetMethod(java.lang.Object, long, java.lang.Object)'> (0x000000008e25c780) 
thrown [s\src\hotspot\share\interpreter\linkResolver.cpp, line 759]
Event: 11.646 Thread 0x000001d4a0551170 Implicit null exception at 0x000001d4917aa71b to 0x000001d4917aae60
Event: 15.664 Thread 0x000001d4a054f820 Exception <a 'java/lang/ClassNotFoundException'{0x000000008d6f9da8}: sun/util/logging/resources/spi/loggingProvider> (0x000000008d6f9da8) 
thrown [s\src\hotspot\share\classfile\systemDictionary.cpp, line 256]
Event: 15.697 Thread 0x000001d4a054f820 Implicit null exception at 0x000001d4917a58d0 to 0x000001d4917a5934
Event: 15.731 Thread 0x000001d4a054f820 Exception <a 'java/lang/NoSuchMethodError'{0x000000008d259ea8}: 'int java.lang.invoke.DirectMethodHandle$Holder.invokeVirtual(java.lang.Object, java.lang.Object)'> (0x000000008d259ea8) 
thrown [s\src\hotspot\share\interpreter\linkResolver.cpp, line 759]
Event: 15.733 Thread 0x000001d4a054f820 Exception <a 'java/lang/NoSuchMethodError'{0x000000008d271688}: 'java.lang.Object java.lang.invoke.Invokers$Holder.invokeExact_MT(java.lang.Object, java.lang.Object, java.lang.Object, java.lang.Object, java.lang.Object, java.lang.Object)'> (0x000000008d271688) 
thrown [s\src\hotspot\share\interpreter\linkResolver.cpp, line 759]
Event: 15.824 Thread 0x000001d4a054f820 Exception <a 'java/io/FileNotFoundException'{0x000000008d029850}> (0x000000008d029850) 
thrown [s\src\hotspot\share\prims\jni.cpp, line 516]
Event: 15.833 Thread 0x000001d4a054f820 Exception <a 'java/io/FileNotFoundException'{0x000000008d064d38}> (0x000000008d064d38) 
thrown [s\src\hotspot\share\prims\jni.cpp, line 516]
Event: 15.874 Thread 0x000001d4a054f820 Exception <a 'java/lang/ClassNotFoundException'{0x000000008e7f0da8}: com/sun/javafx/scene/control/skin/resources/controls-nt> (0x000000008e7f0da8) 
thrown [s\src\hotspot\share\prims\jni.cpp, line 535]
Event: 15.875 Thread 0x000001d4a054f820 Exception <a 'java/lang/ClassNotFoundException'{0x000000008e7fc088}: com/sun/javafx/scene/control/skin/resources/controls-nt_fr> (0x000000008e7fc088) 
thrown [s\src\hotspot\share\prims\jni.cpp, line 535]
Event: 15.875 Thread 0x000001d4a054f820 Exception <a 'java/lang/ClassNotFoundException'{0x000000008e7fe900}: com/sun/javafx/scene/control/skin/resources/controls-nt_fr_FR> (0x000000008e7fe900) 
thrown [s\src\hotspot\share\prims\jni.cpp, line 535]
Event: 16.246 Thread 0x000001d4a054f820 Exception <a 'java/io/FileNotFoundException'{0x000000008de66c18}> (0x000000008de66c18) 
thrown [s\src\hotspot\share\prims\jni.cpp, line 516]
Event: 16.246 Thread 0x000001d4a054f820 Exception <a 'java/io/FileNotFoundException'{0x000000008de691e8}> (0x000000008de691e8) 
thrown [s\src\hotspot\share\prims\jni.cpp, line 516]
Event: 16.246 Thread 0x000001d4a054f820 Exception <a 'java/io/FileNotFoundException'{0x000000008de6b7d0}> (0x000000008de6b7d0) 
thrown [s\src\hotspot\share\prims\jni.cpp, line 516]
Event: 16.246 Thread 0x000001d4a054f820 Exception <a 'java/io/FileNotFoundException'{0x000000008de6dd98}> (0x000000008de6dd98) 
thrown [s\src\hotspot\share\prims\jni.cpp, line 516]

VM Operations (20 events):
Event: 14.209 Executing VM operation: Cleanup
Event: 14.209 Executing VM operation: Cleanup done
Event: 15.209 Executing VM operation: Cleanup
Event: 15.209 Executing VM operation: Cleanup done
Event: 15.449 Executing VM operation: HandshakeAllThreads
Event: 15.449 Executing VM operation: HandshakeAllThreads done
Event: 15.602 Executing VM operation: HandshakeAllThreads
Event: 15.602 Executing VM operation: HandshakeAllThreads done
Event: 15.842 Executing VM operation: G1CollectForAllocation
Event: 15.857 Executing VM operation: G1CollectForAllocation done
Event: 15.865 Executing VM operation: HandshakeAllThreads
Event: 15.865 Executing VM operation: HandshakeAllThreads done
Event: 16.164 Executing VM operation: G1CollectForAllocation
Event: 16.168 Executing VM operation: G1CollectForAllocation done
Event: 16.178 Executing VM operation: HandshakeAllThreads
Event: 16.178 Executing VM operation: HandshakeAllThreads done
Event: 16.181 Executing VM operation: HandshakeAllThreads
Event: 16.181 Executing VM operation: HandshakeAllThreads done
Event: 16.263 Executing VM operation: ICBufferFull
Event: 16.263 Executing VM operation: ICBufferFull done

Memory protections (0 events):
No events

Nmethod flushes (0 events):
No events

Events (20 events):
Event: 0.046 Thread 0x000001d481fefc80 Thread added: 0x000001d4a054f310
Event: 0.072 Thread 0x000001d4a0318b20 Thread added: 0x000001d4a05f0950
Event: 0.094 Thread 0x000001d481fefc80 Thread added: 0x000001d4a0550750
Event: 0.312 Thread 0x000001d481fefc80 Thread added: 0x000001d4a0551170
Event: 0.425 Thread 0x000001d4a05f0950 Thread exited: 0x000001d4a05f0950
Event: 0.443 Thread 0x000001d481fefc80 Thread added: 0x000001d4a0550c60
Event: 0.445 Thread 0x000001d481fefc80 Thread added: 0x000001d4a054f820
Event: 0.525 Thread 0x000001d481fefc80 Thread added: 0x000001d4a054fd30
Event: 0.539 Thread 0x000001d4a054e3e0 Thread added: 0x000001d4a054e3e0
Event: 0.588 Thread 0x000001d4a0318b20 Thread added: 0x000001d4e661e400
Event: 0.589 Thread 0x000001d4a054f820 Thread added: 0x000001d4a0551b90
Event: 1.003 Thread 0x000001d4a054f820 Thread added: 0x000001d4a0550240
Event: 1.258 Thread 0x000001d4a054f820 Thread added: 0x000001d4a0551680
Event: 1.623 Thread 0x000001d4a054f820 Thread added: 0x000001d4a054e8f0
Event: 2.312 Thread 0x000001d4e661e400 Thread exited: 0x000001d4e661e400
Event: 2.317 Thread 0x000001d4a0551170 Thread added: 0x000001d4a054ee00
Event: 2.650 Thread 0x000001d4a0551680 Thread exited: 0x000001d4a0551680
Event: 15.460 Thread 0x000001d4a0318b20 Thread added: 0x000001d4eccdf7c0
Event: 15.549 Thread 0x000001d4a054f820 Thread added: 0x000001d4ed19f880
Event: 15.549 Thread 0x000001d4ed19f880 Thread exited: 0x000001d4ed19f880


Dynamic libraries:
0x00007ff695dd0000 - 0x00007ff695dde000 	C:\Program Files\Eclipse Adoptium\jdk-17.0.18.8-hotspot\bin\java.exe
0x00007ffddb410000 - 0x00007ffddb608000 	C:\WINDOWS\SYSTEM32\ntdll.dll
0x00007ffdd9520000 - 0x00007ffdd95e2000 	C:\WINDOWS\System32\KERNEL32.DLL
0x00007ffdd8f40000 - 0x00007ffdd9236000 	C:\WINDOWS\System32\KERNELBASE.dll
0x00007ffdd8da0000 - 0x00007ffdd8ea0000 	C:\WINDOWS\System32\ucrtbase.dll
0x00007ffdb9660000 - 0x00007ffdb9678000 	C:\Program Files\Eclipse Adoptium\jdk-17.0.18.8-hotspot\bin\jli.dll
0x00007ffdbd950000 - 0x00007ffdbd96e000 	C:\Program Files\Eclipse Adoptium\jdk-17.0.18.8-hotspot\bin\VCRUNTIME140.dll
0x00007ffddaa00000 - 0x00007ffddaba1000 	C:\WINDOWS\System32\USER32.dll
0x00007ffdc2710000 - 0x00007ffdc29ab000 	C:\WINDOWS\WinSxS\amd64_microsoft.windows.common-controls_6595b64144ccf1df_6.0.19041.6456_none_60b8a6cb71f64256\COMCTL32.dll
0x00007ffdd9370000 - 0x00007ffdd9392000 	C:\WINDOWS\System32\win32u.dll
0x00007ffddb290000 - 0x00007ffddb2bb000 	C:\WINDOWS\System32\GDI32.dll
0x00007ffddae40000 - 0x00007ffddaede000 	C:\WINDOWS\System32\msvcrt.dll
0x00007ffdd8aa0000 - 0x00007ffdd8bb9000 	C:\WINDOWS\System32\gdi32full.dll
0x00007ffdd8ea0000 - 0x00007ffdd8f3d000 	C:\WINDOWS\System32\msvcp_win.dll
0x00007ffddaee0000 - 0x00007ffddaf0f000 	C:\WINDOWS\System32\IMM32.DLL
0x00007ffdbfc80000 - 0x00007ffdbfc8c000 	C:\Program Files\Eclipse Adoptium\jdk-17.0.18.8-hotspot\bin\vcruntime140_1.dll
0x00007ffdb95d0000 - 0x00007ffdb965d000 	C:\Program Files\Eclipse Adoptium\jdk-17.0.18.8-hotspot\bin\msvcp140.dll
0x00007ffd84890000 - 0x00007ffd854fb000 	C:\Program Files\Eclipse Adoptium\jdk-17.0.18.8-hotspot\bin\server\jvm.dll
0x00007ffddaf10000 - 0x00007ffddafc1000 	C:\WINDOWS\System32\ADVAPI32.dll
0x00007ffddb0c0000 - 0x00007ffddb15f000 	C:\WINDOWS\System32\sechost.dll
0x00007ffdda3a0000 - 0x00007ffdda4c0000 	C:\WINDOWS\System32\RPCRT4.dll
0x00007ffdd8d70000 - 0x00007ffdd8d97000 	C:\WINDOWS\System32\bcrypt.dll
0x00007ffdda930000 - 0x00007ffdda99b000 	C:\WINDOWS\System32\WS2_32.dll
0x00007ffdd8070000 - 0x00007ffdd80bb000 	C:\WINDOWS\SYSTEM32\POWRPROF.dll
0x00007ffdc6710000 - 0x00007ffdc6737000 	C:\WINDOWS\SYSTEM32\WINMM.dll
0x00007ffdd0750000 - 0x00007ffdd075a000 	C:\WINDOWS\SYSTEM32\VERSION.dll
0x00007ffdd7ee0000 - 0x00007ffdd7ef2000 	C:\WINDOWS\SYSTEM32\UMPDC.dll
0x00007ffdd72b0000 - 0x00007ffdd72c2000 	C:\WINDOWS\SYSTEM32\kernel.appcore.dll
0x00007ffdbe170000 - 0x00007ffdbe17a000 	C:\Program Files\Eclipse Adoptium\jdk-17.0.18.8-hotspot\bin\jimage.dll
0x00007ffdd67e0000 - 0x00007ffdd69e1000 	C:\WINDOWS\SYSTEM32\DBGHELP.DLL
0x00007ffdc1d90000 - 0x00007ffdc1dc4000 	C:\WINDOWS\SYSTEM32\dbgcore.DLL
0x00007ffdd93a0000 - 0x00007ffdd9422000 	C:\WINDOWS\System32\bcryptPrimitives.dll
0x00007ffdb95a0000 - 0x00007ffdb95c5000 	C:\Program Files\Eclipse Adoptium\jdk-17.0.18.8-hotspot\bin\java.dll
0x00007ffd9b7d0000 - 0x00007ffd9b8a7000 	C:\Program Files\Eclipse Adoptium\jdk-17.0.18.8-hotspot\bin\jsvml.dll
0x00007ffdd9710000 - 0x00007ffdd9e80000 	C:\WINDOWS\System32\SHELL32.dll
0x00007ffdd6af0000 - 0x00007ffdd7295000 	C:\WINDOWS\SYSTEM32\windows.storage.dll
0x00007ffdd9f10000 - 0x00007ffdda264000 	C:\WINDOWS\System32\combase.dll
0x00007ffdd8510000 - 0x00007ffdd853b000 	C:\WINDOWS\SYSTEM32\Wldp.dll
0x00007ffddaff0000 - 0x00007ffddb0bd000 	C:\WINDOWS\System32\OLEAUT32.dll
0x00007ffddb2c0000 - 0x00007ffddb36d000 	C:\WINDOWS\System32\SHCORE.dll
0x00007ffddabd0000 - 0x00007ffddac2b000 	C:\WINDOWS\System32\shlwapi.dll
0x00007ffdd89d0000 - 0x00007ffdd89f4000 	C:\WINDOWS\SYSTEM32\profapi.dll
0x00007ffdb9580000 - 0x00007ffdb959a000 	C:\Program Files\Eclipse Adoptium\jdk-17.0.18.8-hotspot\bin\net.dll
0x00007ffdd5500000 - 0x00007ffdd560a000 	C:\WINDOWS\SYSTEM32\WINHTTP.dll
0x00007ffdd8270000 - 0x00007ffdd82da000 	C:\WINDOWS\system32\mswsock.dll
0x00007ffdb8420000 - 0x00007ffdb8436000 	C:\Program Files\Eclipse Adoptium\jdk-17.0.18.8-hotspot\bin\nio.dll
0x00007ffd9b750000 - 0x00007ffd9b768000 	C:\Program Files\Eclipse Adoptium\jdk-17.0.18.8-hotspot\bin\zip.dll
0x000001d4a0880000 - 0x000001d4a0883000 	C:\Users\STAR\.openjfx\cache\21.0.2+5\amd64\api-ms-win-core-console-l1-1-0.dll
0x000001d4a0890000 - 0x000001d4a0893000 	C:\Users\STAR\.openjfx\cache\21.0.2+5\amd64\api-ms-win-core-console-l1-2-0.dll
0x000001d4a08a0000 - 0x000001d4a08a3000 	C:\Users\STAR\.openjfx\cache\21.0.2+5\amd64\api-ms-win-core-datetime-l1-1-0.dll
0x000001d4a08b0000 - 0x000001d4a08b3000 	C:\Users\STAR\.openjfx\cache\21.0.2+5\amd64\api-ms-win-core-debug-l1-1-0.dll
0x000001d4a08c0000 - 0x000001d4a08c3000 	C:\Users\STAR\.openjfx\cache\21.0.2+5\amd64\api-ms-win-core-errorhandling-l1-1-0.dll
0x000001d4a08d0000 - 0x000001d4a08d4000 	C:\Users\STAR\.openjfx\cache\21.0.2+5\amd64\api-ms-win-core-file-l1-1-0.dll
0x000001d4a08e0000 - 0x000001d4a08e3000 	C:\Users\STAR\.openjfx\cache\21.0.2+5\amd64\api-ms-win-core-file-l1-2-0.dll
0x000001d4a08f0000 - 0x000001d4a08f3000 	C:\Users\STAR\.openjfx\cache\21.0.2+5\amd64\api-ms-win-core-file-l2-1-0.dll
0x000001d4a0900000 - 0x000001d4a0903000 	C:\Users\STAR\.openjfx\cache\21.0.2+5\amd64\api-ms-win-core-handle-l1-1-0.dll
0x000001d4a0910000 - 0x000001d4a0913000 	C:\Users\STAR\.openjfx\cache\21.0.2+5\amd64\api-ms-win-core-heap-l1-1-0.dll
0x000001d4a0920000 - 0x000001d4a0923000 	C:\Users\STAR\.openjfx\cache\21.0.2+5\amd64\api-ms-win-core-interlocked-l1-1-0.dll
0x000001d4a0930000 - 0x000001d4a0933000 	C:\Users\STAR\.openjfx\cache\21.0.2+5\amd64\api-ms-win-core-libraryloader-l1-1-0.dll
0x000001d4a0940000 - 0x000001d4a0943000 	C:\Users\STAR\.openjfx\cache\21.0.2+5\amd64\api-ms-win-core-localization-l1-2-0.dll
0x000001d4a0950000 - 0x000001d4a0953000 	C:\Users\STAR\.openjfx\cache\21.0.2+5\amd64\api-ms-win-core-memory-l1-1-0.dll
0x000001d4a0960000 - 0x000001d4a0963000 	C:\Users\STAR\.openjfx\cache\21.0.2+5\amd64\api-ms-win-core-namedpipe-l1-1-0.dll
0x000001d4a0970000 - 0x000001d4a0973000 	C:\Users\STAR\.openjfx\cache\21.0.2+5\amd64\api-ms-win-core-processenvironment-l1-1-0.dll
0x000001d4a0980000 - 0x000001d4a0983000 	C:\Users\STAR\.openjfx\cache\21.0.2+5\amd64\api-ms-win-core-processthreads-l1-1-0.dll
0x000001d4a0990000 - 0x000001d4a0993000 	C:\Users\STAR\.openjfx\cache\21.0.2+5\amd64\api-ms-win-core-processthreads-l1-1-1.dll
0x000001d4a09a0000 - 0x000001d4a09a3000 	C:\Users\STAR\.openjfx\cache\21.0.2+5\amd64\api-ms-win-core-profile-l1-1-0.dll
0x000001d4a09b0000 - 0x000001d4a09b3000 	C:\Users\STAR\.openjfx\cache\21.0.2+5\amd64\api-ms-win-core-rtlsupport-l1-1-0.dll
0x000001d4a09c0000 - 0x000001d4a09c3000 	C:\Users\STAR\.openjfx\cache\21.0.2+5\amd64\api-ms-win-core-string-l1-1-0.dll
0x000001d4a09d0000 - 0x000001d4a09d3000 	C:\Users\STAR\.openjfx\cache\21.0.2+5\amd64\api-ms-win-core-synch-l1-1-0.dll
0x000001d4a09e0000 - 0x000001d4a09e3000 	C:\Users\STAR\.openjfx\cache\21.0.2+5\amd64\api-ms-win-core-synch-l1-2-0.dll
0x000001d4a09f0000 - 0x000001d4a09f3000 	C:\Users\STAR\.openjfx\cache\21.0.2+5\amd64\api-ms-win-core-sysinfo-l1-1-0.dll
0x000001d4a0a00000 - 0x000001d4a0a03000 	C:\Users\STAR\.openjfx\cache\21.0.2+5\amd64\api-ms-win-core-timezone-l1-1-0.dll
0x000001d4a0a10000 - 0x000001d4a0a13000 	C:\Users\STAR\.openjfx\cache\21.0.2+5\amd64\api-ms-win-core-util-l1-1-0.dll
0x000001d4a0a20000 - 0x000001d4a0a23000 	C:\Users\STAR\.openjfx\cache\21.0.2+5\amd64\api-ms-win-crt-conio-l1-1-0.dll
0x000001d4a0a30000 - 0x000001d4a0a34000 	C:\Users\STAR\.openjfx\cache\21.0.2+5\amd64\api-ms-win-crt-convert-l1-1-0.dll
0x000001d4a0a40000 - 0x000001d4a0a43000 	C:\Users\STAR\.openjfx\cache\21.0.2+5\amd64\api-ms-win-crt-environment-l1-1-0.dll
0x000001d4a0a50000 - 0x000001d4a0a53000 	C:\Users\STAR\.openjfx\cache\21.0.2+5\amd64\api-ms-win-crt-filesystem-l1-1-0.dll
0x000001d4a0a60000 - 0x000001d4a0a63000 	C:\Users\STAR\.openjfx\cache\21.0.2+5\amd64\api-ms-win-crt-heap-l1-1-0.dll
0x000001d4a0a70000 - 0x000001d4a0a73000 	C:\Users\STAR\.openjfx\cache\21.0.2+5\amd64\api-ms-win-crt-locale-l1-1-0.dll
0x000001d4a0a80000 - 0x000001d4a0a85000 	C:\Users\STAR\.openjfx\cache\21.0.2+5\amd64\api-ms-win-crt-math-l1-1-0.dll
0x000001d4a0a90000 - 0x000001d4a0a95000 	C:\Users\STAR\.openjfx\cache\21.0.2+5\amd64\api-ms-win-crt-multibyte-l1-1-0.dll
0x000001d4a0aa0000 - 0x000001d4a0ab0000 	C:\Users\STAR\.openjfx\cache\21.0.2+5\amd64\api-ms-win-crt-private-l1-1-0.dll
0x000001d4a0ab0000 - 0x000001d4a0ab3000 	C:\Users\STAR\.openjfx\cache\21.0.2+5\amd64\api-ms-win-crt-process-l1-1-0.dll
0x000001d4a0ac0000 - 0x000001d4a0ac4000 	C:\Users\STAR\.openjfx\cache\21.0.2+5\amd64\api-ms-win-crt-runtime-l1-1-0.dll
0x000001d4a0ad0000 - 0x000001d4a0ad4000 	C:\Users\STAR\.openjfx\cache\21.0.2+5\amd64\api-ms-win-crt-stdio-l1-1-0.dll
0x000001d4a0ae0000 - 0x000001d4a0ae4000 	C:\Users\STAR\.openjfx\cache\21.0.2+5\amd64\api-ms-win-crt-string-l1-1-0.dll
0x000001d4a0af0000 - 0x000001d4a0af3000 	C:\Users\STAR\.openjfx\cache\21.0.2+5\amd64\api-ms-win-crt-time-l1-1-0.dll
0x000001d4a0b00000 - 0x000001d4a0b03000 	C:\Users\STAR\.openjfx\cache\21.0.2+5\amd64\api-ms-win-crt-utility-l1-1-0.dll
0x00007ffd9af60000 - 0x00007ffd9b05c000 	C:\Users\STAR\.openjfx\cache\21.0.2+5\amd64\ucrtbase.dll
0x00007ffd9b700000 - 0x00007ffd9b71b000 	C:\Users\STAR\.openjfx\cache\21.0.2+5\amd64\vcruntime140.dll
0x00007ffdbd940000 - 0x00007ffdbd94c000 	C:\Users\STAR\.openjfx\cache\21.0.2+5\amd64\vcruntime140_1.dll
0x00007ffd9a060000 - 0x00007ffd9a0ee000 	C:\Users\STAR\.openjfx\cache\21.0.2+5\amd64\msvcp140.dll
0x00007ffdb9e40000 - 0x00007ffdb9e49000 	C:\Users\STAR\.openjfx\cache\21.0.2+5\amd64\msvcp140_1.dll
0x00007ffd9b3c0000 - 0x00007ffd9b401000 	C:\Users\STAR\.openjfx\cache\21.0.2+5\amd64\msvcp140_2.dll
0x00007ffd9af30000 - 0x00007ffd9af60000 	C:\Users\STAR\.openjfx\cache\21.0.2+5\amd64\prism_d3d.dll
0x00007ffd88680000 - 0x00007ffd88851000 	C:\WINDOWS\system32\d3d9.dll
0x00007ffdd6120000 - 0x00007ffdd614e000 	C:\WINDOWS\SYSTEM32\dwmapi.dll
0x00007ffdd5f40000 - 0x00007ffdd5fde000 	C:\WINDOWS\system32\uxtheme.dll
0x00007ffd820b0000 - 0x00007ffd8225b000 	C:\WINDOWS\System32\DriverStore\FileRepository\iigd_dch.inf_amd64_9b41cef4891594fc\igdumdim64.dll
0x00007ffdda270000 - 0x00007ffdda39b000 	C:\WINDOWS\System32\ole32.dll
0x00007ffd68840000 - 0x00007ffd6c4b5000 	C:\WINDOWS\System32\DriverStore\FileRepository\iigd_dch.inf_amd64_9b41cef4891594fc\igd9dxva64.dll
0x00007ffdda4c0000 - 0x00007ffdda930000 	C:\WINDOWS\System32\SETUPAPI.dll
0x00007ffdd8d20000 - 0x00007ffdd8d6e000 	C:\WINDOWS\System32\cfgmgr32.dll
0x00007ffdca100000 - 0x00007ffdca4e9000 	C:\WINDOWS\System32\DriverStore\FileRepository\iigd_dch.inf_amd64_9b41cef4891594fc\igdgmm64.dll
0x00007ffd9a1e0000 - 0x00007ffd9a222000 	C:\Users\STAR\.openjfx\cache\21.0.2+5\amd64\glass.dll
0x00007ffdd9430000 - 0x00007ffdd950a000 	C:\WINDOWS\System32\COMDLG32.dll
0x00007ffdd95f0000 - 0x00007ffdd9705000 	C:\WINDOWS\System32\MSCTF.dll
0x00007ffd460b0000 - 0x00007ffd460d7000 	C:\WINDOWS\System32\DriverStore\FileRepository\iigd_dch.inf_amd64_9b41cef4891594fc\igdinfo64.dll
0x00007ffdd8460000 - 0x00007ffdd8478000 	C:\WINDOWS\SYSTEM32\CRYPTSP.dll
0x00007ffdd7b20000 - 0x00007ffdd7b58000 	C:\WINDOWS\system32\rsaenh.dll
0x00007ffdd8480000 - 0x00007ffdd848c000 	C:\WINDOWS\SYSTEM32\CRYPTBASE.dll
0x00007ffdc69c0000 - 0x00007ffdca0f7000 	C:\WINDOWS\System32\DriverStore\FileRepository\iigd_dch.inf_amd64_9b41cef4891594fc\igc64.dll
0x00007ffdcddf0000 - 0x00007ffdcde2b000 	C:\WINDOWS\SYSTEM32\dxcore.dll
0x00007ffdb9e00000 - 0x00007ffdb9e09000 	C:\Program Files\Eclipse Adoptium\jdk-17.0.18.8-hotspot\bin\extnet.dll
0x00007ffdd8990000 - 0x00007ffdd89be000 	C:\WINDOWS\SYSTEM32\USERENV.dll
0x00007ffdd7f00000 - 0x00007ffdd7f3b000 	C:\WINDOWS\SYSTEM32\IPHLPAPI.DLL
0x00007ffddabc0000 - 0x00007ffddabc8000 	C:\WINDOWS\System32\NSI.dll
0x00007ffdd1390000 - 0x00007ffdd13a7000 	C:\WINDOWS\SYSTEM32\dhcpcsvc6.DLL
0x00007ffdd1c60000 - 0x00007ffdd1c7d000 	C:\WINDOWS\SYSTEM32\dhcpcsvc.DLL
0x00007ffdd7f50000 - 0x00007ffdd801a000 	C:\WINDOWS\SYSTEM32\DNSAPI.dll
0x00007ffd9b6f0000 - 0x00007ffd9b6fe000 	C:\Program Files\Eclipse Adoptium\jdk-17.0.18.8-hotspot\bin\sunmscapi.dll
0x00007ffdd8bc0000 - 0x00007ffdd8d1d000 	C:\WINDOWS\System32\CRYPT32.dll
0x00007ffdd8580000 - 0x00007ffdd85a7000 	C:\WINDOWS\SYSTEM32\ncrypt.dll
0x00007ffdd8540000 - 0x00007ffdd857b000 	C:\WINDOWS\SYSTEM32\NTASN1.dll
0x00007ffd9a720000 - 0x00007ffd9a734000 	C:\Users\STAR\.openjfx\cache\21.0.2+5\amd64\javafx_font.dll
0x00007ffd9a030000 - 0x00007ffd9a05d000 	C:\Users\STAR\.openjfx\cache\21.0.2+5\amd64\javafx_iio.dll
0x00007ffdc6480000 - 0x00007ffdc66ff000 	C:\WINDOWS\SYSTEM32\dwrite.dll
0x00007ffddb1e0000 - 0x00007ffddb289000 	C:\WINDOWS\System32\clbcatq.dll

dbghelp: loaded successfully - version: 4.0.5 - missing functions: none
symbol engine: initialized successfully - sym options: 0x614 - pdb path: .;C:\Program Files\Eclipse Adoptium\jdk-17.0.18.8-hotspot\bin;C:\WINDOWS\SYSTEM32;C:\WINDOWS\WinSxS\amd64_microsoft.windows.common-controls_6595b64144ccf1df_6.0.19041.6456_none_60b8a6cb71f64256;C:\Program Files\Eclipse Adoptium\jdk-17.0.18.8-hotspot\bin\server;C:\Users\STAR\.openjfx\cache\21.0.2+5\amd64;C:\WINDOWS\System32\DriverStore\FileRepository\iigd_dch.inf_amd64_9b41cef4891594fc;C:\Program Files\Common Files\Microsoft Shared\Ink;C:\Program Files\Bonjour

VM Arguments:
jvm_args: --module-path=C:\Users\STAR\.m2\repository\org\openjfx\javafx-base\21.0.2\javafx-base-21.0.2-win.jar;C:\Users\STAR\.m2\repository\org\openjfx\javafx-base\21.0.2\javafx-base-21.0.2.jar;C:\Users\STAR\.m2\repository\org\openjfx\javafx-controls\21.0.2\javafx-controls-21.0.2-win.jar;C:\Users\STAR\.m2\repository\org\openjfx\javafx-controls\21.0.2\javafx-controls-21.0.2.jar;C:\Users\STAR\.m2\repository\org\openjfx\javafx-fxml\21.0.2\javafx-fxml-21.0.2-win.jar;C:\Users\STAR\.m2\repository\org\openjfx\javafx-fxml\21.0.2\javafx-fxml-21.0.2.jar;C:\Users\STAR\.m2\repository\org\openjfx\javafx-graphics\21.0.2\javafx-graphics-21.0.2-win.jar;C:\Users\STAR\.m2\repository\org\openjfx\javafx-graphics\21.0.2\javafx-graphics-21.0.2.jar;C:\Users\STAR\.m2\repository\org\openjfx\javafx-swing\21.0.2\javafx-swing-21.0.2-win.jar;C:\Users\STAR\.m2\repository\org\openjfx\javafx-swing\21.0.2\javafx-swing-21.0.2.jar --add-modules=javafx.base,javafx.controls,javafx.fxml,javafx.graphics,javafx.swing 
java_command: rehla.MainFx
java_class_path (initial): C:\Users\STAR\Desktop\Esprit-PIDEV-3A26-2526-Rehla\target\classes;C:\Users\STAR\.m2\repository\com\beust\jcommander\1.82\jcommander-1.82.jar;C:\Users\STAR\.m2\repository\com\fasterxml\jackson\core\jackson-annotations\2.14.0\jackson-annotations-2.14.0.jar;C:\Users\STAR\.m2\repository\com\fasterxml\jackson\core\jackson-core\2.14.0\jackson-core-2.14.0.jar;C:\Users\STAR\.m2\repository\com\fasterxml\jackson\core\jackson-databind\2.14.0\jackson-databind-2.14.0.jar;C:\Users\STAR\.m2\repository\com\fasterxml\jackson\dataformat\jackson-dataformat-xml\2.14.0\jackson-dataformat-xml-2.14.0.jar;C:\Users\STAR\.m2\repository\com\fasterxml\jackson\datatype\jackson-datatype-jsr310\2.14.0\jackson-datatype-jsr310-2.14.0.jar;C:\Users\STAR\.m2\repository\com\fasterxml\woodstox\woodstox-core\6.4.0\woodstox-core-6.4.0.jar;C:\Users\STAR\.m2\repository\com\github\jai-imageio\jai-imageio-core\1.4.0\jai-imageio-core-1.4.0.jar;C:\Users\STAR\.m2\repository\com\github\sarxos\webcam-capture\0.3.12\webcam-capture-0.3.12.jar;C:\Users\STAR\.m2\repository\com\google\code\gson\gson\2.11.0\gson-2.11.0.jar;C:\Users\STAR\.m2\repository\com\google\errorprone\error_prone_annotations\2.27.0\error_prone_annotations-2.27.0.jar;C:\Users\STAR\.m2\repository\com\google\protobuf\protobuf-java\3.21.9\protobuf-java-3.21.9.jar;C:\Users\STAR\.m2\repository\com\google\zxing\core\3.5.1\core-3.5.1.jar;C:\Users\STAR\.m2\repository\com\google\zxing\javase\3.5.1\javase-3.5.1.jar;C:\Users\STAR\.m2\repository\com\itextpdf\barcodes\7.2.5\barcodes-7.2.5.jar;C:\Users\STAR\.m2\repository\com\itextpdf\commons\7.2.5\commons-7.2.5.jar;C:\Users\STAR\.m2\repository\com\itextpdf\font-asian\7.2.5\font-asian-7.2.5.jar;C:\Users\STAR\.m2\repository\com\itextpdf\forms\7.2.5\forms-7.2.5.jar;C:\Users\STAR\.m2\repository\com\itextpdf\hyph\7.2.5\hyph-7.2.5.jar;C:\Users\STAR\.m2\repository\com\itextpdf\io\7.2.5\io-7.2.5.jar;C:\Users\STAR\.m2\repository\com\itextpdf\kernel\7.2.5\kernel-7.2.5.jar;C:\Users\STAR\.m2\rep
Launcher Type: SUN_STANDARD

[Global flags]
     intx CICompilerCount                          = 4                                         {product} {ergonomic}
     uint ConcGCThreads                            = 2                                         {product} {ergonomic}
     uint G1ConcRefinementThreads                  = 8                                         {product} {ergonomic}
   size_t G1HeapRegionSize                         = 1048576                                   {product} {ergonomic}
    uintx GCDrainStackTargetSize                   = 64                                        {product} {ergonomic}
   size_t InitialHeapSize                          = 132120576                                 {product} {ergonomic}
   size_t MarkStackSize                            = 4194304                                   {product} {ergonomic}
   size_t MaxHeapSize                              = 2095054848                                {product} {ergonomic}
   size_t MaxNewSize                               = 1256194048                                {product} {ergonomic}
   size_t MinHeapDeltaBytes                        = 1048576                                   {product} {ergonomic}
   size_t MinHeapSize                              = 8388608                                   {product} {ergonomic}
    uintx NonNMethodCodeHeapSize                   = 5839372                                {pd product} {ergonomic}
    uintx NonProfiledCodeHeapSize                  = 122909434                              {pd product} {ergonomic}
    uintx ProfiledCodeHeapSize                     = 122909434                              {pd product} {ergonomic}
    uintx ReservedCodeCacheSize                    = 251658240                              {pd product} {ergonomic}
     bool SegmentedCodeCache                       = true                                      {product} {ergonomic}
   size_t SoftMaxHeapSize                          = 2095054848                             {manageable} {ergonomic}
     bool UseCompressedClassPointers               = true                           {product lp64_product} {ergonomic}
     bool UseCompressedOops                        = true                           {product lp64_product} {ergonomic}
     bool UseG1GC                                  = true                                      {product} {ergonomic}
     bool UseLargePagesIndividualAllocation        = false                                  {pd product} {ergonomic}

Logging:
Log output configuration:
 #0: stdout all=warning uptime,level,tags
 #1: stderr all=off uptime,level,tags

Environment Variables:
JAVA_HOME=C:\Program Files\Eclipse Adoptium\jdk-17.0.18.8-hotspot
PATH=C:\Program Files\Eclipse Adoptium\jdk-17.0.18.8-hotspot\bin;C:\Program Files\Eclipse Adoptium\jdk-21.0.8.9-hotspot\bin;c:\Users\STAR\AppData\Local\Programs\cursor\resources\app\bin;C:\Program Files\Google\Chrome\Application;C:\oraclexe\app\oracle\product\11.2.0\server\bin;;C:\WINDOWS\system32;C:\WINDOWS;C:\WINDOWS\System32\Wbem;C:\WINDOWS\System32\WindowsPowerShell\v1.0\;C:\WINDOWS\System32\OpenSSH\;C:\Program Files\Git\cmd;C:\Program Files\dotnet\;C:\Program Files (x86)\NVIDIA Corporation\PhysX\Common;C:\Program Files\NVIDIA Corporation\NVIDIA NvDLISR;C:\Program Files\Calibre2\;C:\Users\STAR\AppData\Local\Programs\Python\Python313\;C:\Users\STAR\AppData\Local\Programs\Python\Launcher\;C:\Users\STAR\AppData\Local\Programs\Python\Python313\Scripts\;C:\Users\STAR\AppData\Local\Microsoft\WindowsApps;C:\Users\STAR\AppData\Local\GitHubDesktop\bin;C:\Users\STAR\AppData\Local\Programs\Windsurf\bin;c:\Users\STAR\AppData\Local\Programs\cursor\resources\app\bin;C:\Program Files\MySQL\MySQL Shell 8.0\bin\;C:\composer;C:\xampp\php;C:\Users\STAR\AppData\Local\Microsoft\WindowsApps;C:\Users\STAR\AppData\Local\Programs\Microsoft VS Code\bin;C:\Users\STAR\AppData\Local\GitHubDesktop\bin;C:\Program Files\JetBrains\IntelliJ IDEA 2025.2.2\bin;C:\Users\STAR\AppData\Local\Programs\Windsurf\bin
USERNAME=STAR
OS=Windows_NT
PROCESSOR_IDENTIFIER=Intel64 Family 6 Model 140 Stepping 1, GenuineIntel
TMP=C:\Users\STAR\AppData\Local\Temp
TEMP=C:\Users\STAR\AppData\Local\Temp



Periodic native trim disabled


---------------  S Y S T E M  ---------------

OS:
 Windows 10 , 64 bit Build 19041 (10.0.19041.5915)
OS uptime: 0 days 3:56 hours

CPU: total 8 (initial active 8) (4 cores per cpu, 2 threads per core) family 6 model 140 stepping 1 microcode 0x9a, cx8, cmov, fxsr, ht, mmx, 3dnowpref, sse, sse2, sse3, ssse3, sse4.1, sse4.2, popcnt, lzcnt, tsc, tscinvbit, avx, avx2, aes, erms, clmul, bmi1, bmi2, adx, avx512f, avx512dq, avx512cd, avx512bw, avx512vl, sha, fma, vzeroupper, avx512_vpopcntdq, avx512_vpclmulqdq, avx512_vaes, avx512_vnni, clflush, clflushopt, clwb, avx512_vbmi2, avx512_vbmi
Processor Information for all 8 processors :
  Max Mhz: 2419, Current Mhz: 2419, Mhz Limit: 2419

Memory: 4k page, system-wide physical 7991M (398M free)
TotalPageFile size 32567M (AvailPageFile size 4M)
current process WorkingSet (physical memory assigned to process): 519M, peak: 526M
current process commit charge ("private bytes"): 720M, peak: 724M

vm_info: OpenJDK 64-Bit Server VM (17.0.18+8) for windows-amd64 JRE (17.0.18+8), built on Jan 20 2026 22:28:22 by "admin" with MS VC++ 17.12 (VS2022)

END.
