#
# There is insufficient memory for the Java Runtime Environment to continue.
# Native memory allocation (mmap) failed to map 31457280 bytes. Error detail: G1 virtual space
# Possible reasons:
#   The system is out of physical RAM or swap space
#   This process is running with CompressedOops enabled, and the Java Heap may be blocking the growth of the native heap
# Possible solutions:
#   Reduce memory load on the system
#   Increase physical memory or swap space
#   Check if swap backing store is full
#   Decrease Java heap size (-Xmx/-Xms)
#   Decrease number of Java threads
#   Decrease Java thread stack sizes (-Xss)
#   Set larger code cache with -XX:ReservedCodeCacheSize=
#   JVM is running with Unscaled Compressed Oops mode in which the Java heap is
#     placed in the first 4GB address space. The Java Heap base address is the
#     maximum limit for the native heap growth. Please use -XX:HeapBaseMinAddress
#     to set the Java Heap base and to place the Java Heap above 4GB virtual address.
# This output file may be truncated or incomplete.
#
#  Out of Memory Error (os_windows.cpp:3618), pid=2448, tid=21356
#
# JRE version: OpenJDK Runtime Environment Temurin-17.0.18+8 (17.0.18+8) (build 17.0.18+8)
# Java VM: OpenJDK 64-Bit Server VM Temurin-17.0.18+8 (17.0.18+8, mixed mode, sharing, tiered, compressed oops, compressed class ptrs, g1 gc, windows-amd64)
# No core dump will be written. Minidumps are not enabled by default on client versions of Windows
#

---------------  S U M M A R Y ------------

Command Line: -Dclassworlds.conf=C:\Program Files\JetBrains\IntelliJ IDEA 2025.2.2\plugins\maven\lib\maven3\bin\m2.conf -Dmaven.home=C:\Program Files\JetBrains\IntelliJ IDEA 2025.2.2\plugins\maven\lib\maven3 -Dlibrary.jansi.path=C:\Program Files\JetBrains\IntelliJ IDEA 2025.2.2\plugins\maven\lib\maven3\lib\jansi-native -Dmaven.multiModuleProjectDirectory=C:\Users\STAR\Desktop\Esprit-PIDEV-3A26-2526-Rehla org.codehaus.plexus.classworlds.launcher.Launcher -Didea.version=2025.2.2 -Dmaven.ext.class.path=C:\Program Files\JetBrains\IntelliJ IDEA 2025.2.2\plugins\maven\lib\maven-event-listener.jar -Djansi.passthrough=true -Dstyle.color=always -Dmaven.repo.local=C:\Users\STAR\.m2\repository org.openjfx:javafx-maven-plugin:0.0.8:run -f pom.xml

Host: 11th Gen Intel(R) Core(TM) i5-1135G7 @ 2.40GHz, 8 cores, 7G,  Windows 10 , 64 bit Build 19041 (10.0.19041.5915)
Time: Mon May 11 23:23:31 2026 Europe de l , 64 bit Build 19041 (10.0.19041.5915) elapsed time: 3.965186 seconds (0d 0h 0m 3s)

---------------  T H R E A D  ---------------

Current thread (0x000001ff7ed209e0):  VMThread "VM Thread" [stack: 0x000000f936f00000,0x000000f937000000] [id=21356]

Stack: [0x000000f936f00000,0x000000f937000000]
Native frames: (J=compiled Java code, j=interpreted, Vv=VM code, C=native code)
V  [jvm.dll+0x6846f9]
V  [jvm.dll+0x839ea5]
V  [jvm.dll+0x83b91e]
V  [jvm.dll+0x83bfa3]
V  [jvm.dll+0x248eff]
V  [jvm.dll+0x6814b9]
V  [jvm.dll+0x6762ba]
V  [jvm.dll+0x309257]
V  [jvm.dll+0x310826]
V  [jvm.dll+0x360d9e]
V  [jvm.dll+0x360fdd]
V  [jvm.dll+0x2e02dc]
V  [jvm.dll+0x2de6b2]
V  [jvm.dll+0x2dde4c]
V  [jvm.dll+0x320aeb]
V  [jvm.dll+0x8407bd]
V  [jvm.dll+0x8414f3]
V  [jvm.dll+0x841a1f]
V  [jvm.dll+0x841e05]
V  [jvm.dll+0x841ece]
V  [jvm.dll+0x7eaaec]
V  [jvm.dll+0x6835c7]
C  [ucrtbase.dll+0x21bb2]
C  [KERNEL32.DLL+0x17374]
C  [ntdll.dll+0x4cc91]

VM_Operation (0x000000f9369fab20): G1CollectForAllocation, mode: safepoint, requested by thread 0x000001ff64921fa0


---------------  P R O C E S S  ---------------

Threads class SMR info:
_java_thread_list=0x000001ff4c9ff0c0, length=15, elements={
0x000001ff64921fa0, 0x000001ff7ed245c0, 0x000001ff7ed25090, 0x000001ff7ed3aa30,
0x000001ff7ed3d410, 0x000001ff7ed3fcf0, 0x000001ff7ed40d60, 0x000001ff7ed441c0,
0x000001ff7ed45320, 0x000001ff7ed47110, 0x000001ff4b0e0aa0, 0x000001ff4b0e3640,
0x000001ff4b94dca0, 0x000001ff4c2fbd60, 0x000001ff4c9ff420
}

Java Threads: ( => current thread )
  0x000001ff64921fa0 JavaThread "main" [_thread_blocked, id=17172, stack(0x000000f936900000,0x000000f936a00000)]
  0x000001ff7ed245c0 JavaThread "Reference Handler" daemon [_thread_blocked, id=14116, stack(0x000000f937000000,0x000000f937100000)]
  0x000001ff7ed25090 JavaThread "Finalizer" daemon [_thread_blocked, id=18088, stack(0x000000f937100000,0x000000f937200000)]
  0x000001ff7ed3aa30 JavaThread "Signal Dispatcher" daemon [_thread_blocked, id=15344, stack(0x000000f937200000,0x000000f937300000)]
  0x000001ff7ed3d410 JavaThread "Attach Listener" daemon [_thread_blocked, id=12200, stack(0x000000f937300000,0x000000f937400000)]
  0x000001ff7ed3fcf0 JavaThread "Service Thread" daemon [_thread_blocked, id=8824, stack(0x000000f937400000,0x000000f937500000)]
  0x000001ff7ed40d60 JavaThread "Monitor Deflation Thread" daemon [_thread_blocked, id=21436, stack(0x000000f937500000,0x000000f937600000)]
  0x000001ff7ed441c0 JavaThread "C2 CompilerThread0" daemon [_thread_blocked, id=13800, stack(0x000000f937600000,0x000000f937700000)]
  0x000001ff7ed45320 JavaThread "C1 CompilerThread0" daemon [_thread_blocked, id=20840, stack(0x000000f937700000,0x000000f937800000)]
  0x000001ff7ed47110 JavaThread "Sweeper thread" daemon [_thread_blocked, id=16232, stack(0x000000f937800000,0x000000f937900000)]
  0x000001ff4b0e0aa0 JavaThread "Notification Thread" daemon [_thread_blocked, id=20524, stack(0x000000f937900000,0x000000f937a00000)]
  0x000001ff4b0e3640 JavaThread "Common-Cleaner" daemon [_thread_blocked, id=7232, stack(0x000000f937b00000,0x000000f937c00000)]
  0x000001ff4b94dca0 JavaThread "C2 CompilerThread1" daemon [_thread_blocked, id=19632, stack(0x000000f937c00000,0x000000f937d00000)]
  0x000001ff4c2fbd60 JavaThread "Thread-1" daemon [_thread_blocked, id=9572, stack(0x000000f938400000,0x000000f938500000)]
  0x000001ff4c9ff420 JavaThread "C2 CompilerThread2" daemon [_thread_blocked, id=9444, stack(0x000000f938600000,0x000000f938700000)]

Other Threads:
=>0x000001ff7ed209e0 VMThread "VM Thread" [stack: 0x000000f936f00000,0x000000f937000000] [id=21356]
  0x000001ff4b0e0f80 WatcherThread [stack: 0x000000f937a00000,0x000000f937b00000] [id=8488]
  0x000001ff6497e280 GCTaskThread "GC Thread#0" [stack: 0x000000f936a00000,0x000000f936b00000] [id=12300]
  0x000001ff4bbc2c50 GCTaskThread "GC Thread#1" [stack: 0x000000f937d00000,0x000000f937e00000] [id=21160]
  0x000001ff4bb4c040 GCTaskThread "GC Thread#2" [stack: 0x000000f937e00000,0x000000f937f00000] [id=8896]
  0x000001ff4bb4c300 GCTaskThread "GC Thread#3" [stack: 0x000000f937f00000,0x000000f938000000] [id=10564]
  0x000001ff4b8f2ee0 GCTaskThread "GC Thread#4" [stack: 0x000000f938000000,0x000000f938100000] [id=2940]
  0x000001ff4b901350 GCTaskThread "GC Thread#5" [stack: 0x000000f938100000,0x000000f938200000] [id=16176]
  0x000001ff4ba68a20 GCTaskThread "GC Thread#6" [stack: 0x000000f938200000,0x000000f938300000] [id=14492]
  0x000001ff4bb84290 GCTaskThread "GC Thread#7" [stack: 0x000000f938300000,0x000000f938400000] [id=19980]
  0x000001ff6498eaa0 ConcurrentGCThread "G1 Main Marker" [stack: 0x000000f936b00000,0x000000f936c00000] [id=7828]
  0x000001ff649903e0 ConcurrentGCThread "G1 Conc#0" [stack: 0x000000f936c00000,0x000000f936d00000] [id=21148]
  0x000001ff4bfaeb50 ConcurrentGCThread "G1 Conc#1" [stack: 0x000000f938500000,0x000000f938600000] [id=5472]
  0x000001ff649ddc00 ConcurrentGCThread "G1 Refine#0" [stack: 0x000000f936d00000,0x000000f936e00000] [id=20720]
  0x000001ff4bf6aa70 ConcurrentGCThread "G1 Refine#1" [stack: 0x000000f938700000,0x000000f938800000] [id=11072]
  0x000001ff649de540 ConcurrentGCThread "G1 Service" [stack: 0x000000f936e00000,0x000000f936f00000] [id=16864]

Threads with active compile tasks:
C2 CompilerThread0  3980 6389       4       com.sun.tools.javac.file.JavacFileManager::inferBinaryName (57 bytes)
C2 CompilerThread1  3980 6407       4       jdk.nio.zipfs.ZipPath::equals (38 bytes)
C2 CompilerThread2  3980 6405       4       jdk.nio.zipfs.ZipPath::relativize (314 bytes)

VM state: at safepoint (normal execution)

VM Mutex/Monitor currently owned by a thread:  ([mutex/lock_event])
[0x000001ff6491e390] Threads_lock - owner thread: 0x000001ff7ed209e0
[0x000001ff6491d7c0] Heap_lock - owner thread: 0x000001ff64921fa0

Heap address: 0x0000000083200000, size: 1998 MB, Compressed Oops mode: 32-bit

CDS archive(s) mapped at: [0x000001ff06000000-0x000001ff06bb0000-0x000001ff06bb0000), size 12255232, SharedBaseAddress: 0x000001ff06000000, ArchiveRelocationMode: 1.
Compressed class space mapped at: 0x000001ff07000000-0x000001ff47000000, reserved size: 1073741824
Narrow klass base: 0x000001ff06000000, Narrow klass shift: 0, Narrow klass range: 0x100000000

GC Precious Log:
 CPUs: 8 total, 8 available
 Memory: 7991M
 Large Page Support: Disabled
 NUMA Support: Disabled
 Compressed Oops: Enabled (32-bit)
 Heap Region Size: 1M
 Heap Min Capacity: 8M
 Heap Initial Capacity: 126M
 Heap Max Capacity: 1998M
 Pre-touch: Disabled
 Parallel Workers: 8
 Concurrent Workers: 2
 Concurrent Refinement Workers: 8
 Periodic GC: Disabled

Heap:
 garbage-first heap   total 132096K, used 55500K [0x0000000083200000, 0x0000000100000000)
  region size 1024K, 2 young (2048K), 2 survivors (2048K)
 Metaspace       used 26460K, committed 26688K, reserved 1114112K
  class space    used 3036K, committed 3136K, reserved 1048576K

Heap Regions: E=young(eden), S=young(survivor), O=old, HS=humongous(starts), HC=humongous(continues), CS=collection set, F=free, OA=open archive, CA=closed archive, TAMS=top-at-mark-start (previous, next)
|   0|0x0000000083200000, 0x0000000083300000, 0x0000000083300000|100%| O|  |TAMS 0x0000000083300000, 0x0000000083300000| Untracked 
|   1|0x0000000083300000, 0x0000000083400000, 0x0000000083400000|100%| O|  |TAMS 0x0000000083400000, 0x0000000083400000| Untracked 
|   2|0x0000000083400000, 0x0000000083500000, 0x0000000083500000|100%| O|  |TAMS 0x0000000083500000, 0x0000000083500000| Untracked 
|   3|0x0000000083500000, 0x0000000083600000, 0x0000000083600000|100%| O|  |TAMS 0x0000000083600000, 0x0000000083600000| Untracked 
|   4|0x0000000083600000, 0x0000000083700000, 0x0000000083700000|100%|HS|  |TAMS 0x0000000083700000, 0x0000000083700000| Complete 
|   5|0x0000000083700000, 0x0000000083800000, 0x0000000083800000|100%| O|  |TAMS 0x0000000083800000, 0x0000000083800000| Untracked 
|   6|0x0000000083800000, 0x00000000838e9600, 0x0000000083900000| 91%| O|  |TAMS 0x00000000838e9600, 0x00000000838e9600| Untracked 
|   7|0x0000000083900000, 0x0000000083a00000, 0x0000000083a00000|100%| O|  |TAMS 0x0000000083a00000, 0x0000000083a00000| Untracked 
|   8|0x0000000083a00000, 0x0000000083b00000, 0x0000000083b00000|100%| O|  |TAMS 0x0000000083b00000, 0x0000000083b00000| Untracked 
|   9|0x0000000083b00000, 0x0000000083c00000, 0x0000000083c00000|100%| O|  |TAMS 0x0000000083c00000, 0x0000000083c00000| Untracked 
|  10|0x0000000083c00000, 0x0000000083d00000, 0x0000000083d00000|100%| O|  |TAMS 0x0000000083d00000, 0x0000000083d00000| Untracked 
|  11|0x0000000083d00000, 0x0000000083e00000, 0x0000000083e00000|100%| O|  |TAMS 0x0000000083e00000, 0x0000000083e00000| Untracked 
|  12|0x0000000083e00000, 0x0000000083f00000, 0x0000000083f00000|100%| O|  |TAMS 0x0000000083f00000, 0x0000000083f00000| Untracked 
|  13|0x0000000083f00000, 0x0000000084000000, 0x0000000084000000|100%| O|  |TAMS 0x0000000084000000, 0x0000000084000000| Untracked 
|  14|0x0000000084000000, 0x0000000084100000, 0x0000000084100000|100%| O|  |TAMS 0x0000000084100000, 0x0000000084100000| Untracked 
|  15|0x0000000084100000, 0x0000000084200000, 0x0000000084200000|100%| O|  |TAMS 0x0000000084200000, 0x0000000084200000| Untracked 
|  16|0x0000000084200000, 0x0000000084300000, 0x0000000084300000|100%| O|  |TAMS 0x0000000084300000, 0x0000000084300000| Untracked 
|  17|0x0000000084300000, 0x0000000084400000, 0x0000000084400000|100%| O|  |TAMS 0x0000000084400000, 0x0000000084400000| Untracked 
|  18|0x0000000084400000, 0x0000000084500000, 0x0000000084500000|100%| O|  |TAMS 0x0000000084500000, 0x0000000084500000| Untracked 
|  19|0x0000000084500000, 0x0000000084600000, 0x0000000084600000|100%| O|  |TAMS 0x0000000084600000, 0x0000000084600000| Untracked 
|  20|0x0000000084600000, 0x0000000084700000, 0x0000000084700000|100%| O|  |TAMS 0x0000000084700000, 0x0000000084700000| Untracked 
|  21|0x0000000084700000, 0x0000000084800000, 0x0000000084800000|100%| O|  |TAMS 0x0000000084800000, 0x0000000084800000| Untracked 
|  22|0x0000000084800000, 0x0000000084900000, 0x0000000084900000|100%| O|  |TAMS 0x0000000084900000, 0x0000000084900000| Untracked 
|  23|0x0000000084900000, 0x0000000084a00000, 0x0000000084a00000|100%| O|  |TAMS 0x0000000084a00000, 0x0000000084a00000| Untracked 
|  24|0x0000000084a00000, 0x0000000084b00000, 0x0000000084b00000|100%| O|  |TAMS 0x0000000084b00000, 0x0000000084b00000| Untracked 
|  25|0x0000000084b00000, 0x0000000084c00000, 0x0000000084c00000|100%| O|  |TAMS 0x0000000084c00000, 0x0000000084c00000| Untracked 
|  26|0x0000000084c00000, 0x0000000084d00000, 0x0000000084d00000|100%|HS|  |TAMS 0x0000000084d00000, 0x0000000084d00000| Complete 
|  27|0x0000000084d00000, 0x0000000084e00000, 0x0000000084e00000|100%| O|  |TAMS 0x0000000084e00000, 0x0000000084e00000| Untracked 
|  28|0x0000000084e00000, 0x0000000084f00000, 0x0000000084f00000|100%| O|  |TAMS 0x0000000084f00000, 0x0000000084f00000| Untracked 
|  29|0x0000000084f00000, 0x0000000085000000, 0x0000000085000000|100%| O|  |TAMS 0x0000000085000000, 0x0000000085000000| Untracked 
|  30|0x0000000085000000, 0x0000000085100000, 0x0000000085100000|100%| O|  |TAMS 0x0000000085100000, 0x0000000085100000| Untracked 
|  31|0x0000000085100000, 0x0000000085200000, 0x0000000085200000|100%| O|  |TAMS 0x0000000085200000, 0x0000000085200000| Untracked 
|  32|0x0000000085200000, 0x0000000085300000, 0x0000000085300000|100%| O|  |TAMS 0x0000000085300000, 0x0000000085300000| Untracked 
|  33|0x0000000085300000, 0x0000000085400000, 0x0000000085400000|100%| O|  |TAMS 0x0000000085400000, 0x0000000085400000| Untracked 
|  34|0x0000000085400000, 0x0000000085500000, 0x0000000085500000|100%| O|  |TAMS 0x0000000085500000, 0x0000000085500000| Untracked 
|  35|0x0000000085500000, 0x0000000085600000, 0x0000000085600000|100%| O|  |TAMS 0x00000000855b2200, 0x0000000085600000| Untracked 
|  36|0x0000000085600000, 0x0000000085700000, 0x0000000085700000|100%| O|  |TAMS 0x0000000085600000, 0x0000000085700000| Untracked 
|  37|0x0000000085700000, 0x0000000085800000, 0x0000000085800000|100%| O|  |TAMS 0x0000000085700000, 0x0000000085800000| Untracked 
|  38|0x0000000085800000, 0x0000000085900000, 0x0000000085900000|100%| O|  |TAMS 0x0000000085800000, 0x0000000085900000| Untracked 
|  39|0x0000000085900000, 0x0000000085a00000, 0x0000000085a00000|100%| O|  |TAMS 0x0000000085900000, 0x0000000085a00000| Untracked 
|  40|0x0000000085a00000, 0x0000000085b00000, 0x0000000085b00000|100%| O|  |TAMS 0x0000000085a00000, 0x0000000085b00000| Untracked 
|  41|0x0000000085b00000, 0x0000000085c00000, 0x0000000085c00000|100%| O|  |TAMS 0x0000000085b00000, 0x0000000085c00000| Untracked 
|  42|0x0000000085c00000, 0x0000000085d00000, 0x0000000085d00000|100%| O|  |TAMS 0x0000000085c00000, 0x0000000085d00000| Untracked 
|  43|0x0000000085d00000, 0x0000000085e00000, 0x0000000085e00000|100%| O|  |TAMS 0x0000000085d00000, 0x0000000085d00000| Untracked 
|  44|0x0000000085e00000, 0x0000000085f00000, 0x0000000085f00000|100%| O|  |TAMS 0x0000000085e00000, 0x0000000085e00000| Untracked 
|  45|0x0000000085f00000, 0x0000000086000000, 0x0000000086000000|100%| O|  |TAMS 0x0000000085f00000, 0x0000000085f00000| Untracked 
|  46|0x0000000086000000, 0x0000000086100000, 0x0000000086100000|100%| O|  |TAMS 0x0000000086000000, 0x0000000086000000| Untracked 
|  47|0x0000000086100000, 0x0000000086200000, 0x0000000086200000|100%| O|  |TAMS 0x0000000086100000, 0x0000000086100000| Untracked 
|  48|0x0000000086200000, 0x0000000086300000, 0x0000000086300000|100%| O|  |TAMS 0x0000000086200000, 0x0000000086200000| Untracked 
|  49|0x0000000086300000, 0x0000000086349a00, 0x0000000086400000| 28%| O|  |TAMS 0x0000000086300000, 0x0000000086300000| Untracked 
|  50|0x0000000086400000, 0x0000000086400000, 0x0000000086500000|  0%| F|  |TAMS 0x0000000086400000, 0x0000000086400000| Untracked 
|  51|0x0000000086500000, 0x0000000086500000, 0x0000000086600000|  0%| F|  |TAMS 0x0000000086500000, 0x0000000086500000| Untracked 
|  52|0x0000000086600000, 0x0000000086600000, 0x0000000086700000|  0%| F|  |TAMS 0x0000000086600000, 0x0000000086600000| Untracked 
|  53|0x0000000086700000, 0x0000000086700000, 0x0000000086800000|  0%| F|  |TAMS 0x0000000086700000, 0x0000000086700000| Untracked 
|  54|0x0000000086800000, 0x0000000086800000, 0x0000000086900000|  0%| F|  |TAMS 0x0000000086800000, 0x0000000086800000| Untracked 
|  55|0x0000000086900000, 0x0000000086900000, 0x0000000086a00000|  0%| F|  |TAMS 0x0000000086900000, 0x0000000086900000| Untracked 
|  56|0x0000000086a00000, 0x0000000086a00000, 0x0000000086b00000|  0%| F|  |TAMS 0x0000000086a00000, 0x0000000086a00000| Untracked 
|  57|0x0000000086b00000, 0x0000000086b00000, 0x0000000086c00000|  0%| F|  |TAMS 0x0000000086b00000, 0x0000000086b00000| Untracked 
|  58|0x0000000086c00000, 0x0000000086c00000, 0x0000000086d00000|  0%| F|  |TAMS 0x0000000086c00000, 0x0000000086c00000| Untracked 
|  59|0x0000000086d00000, 0x0000000086d00000, 0x0000000086e00000|  0%| F|  |TAMS 0x0000000086d00000, 0x0000000086d00000| Untracked 
|  60|0x0000000086e00000, 0x0000000086e00000, 0x0000000086f00000|  0%| F|  |TAMS 0x0000000086e00000, 0x0000000086e00000| Untracked 
|  61|0x0000000086f00000, 0x0000000086f00000, 0x0000000087000000|  0%| F|  |TAMS 0x0000000086f00000, 0x0000000086f00000| Untracked 
|  62|0x0000000087000000, 0x0000000087000000, 0x0000000087100000|  0%| F|  |TAMS 0x0000000087000000, 0x0000000087000000| Untracked 
|  63|0x0000000087100000, 0x0000000087100000, 0x0000000087200000|  0%| F|  |TAMS 0x0000000087100000, 0x0000000087100000| Untracked 
|  64|0x0000000087200000, 0x0000000087300000, 0x0000000087300000|100%| S|CS|TAMS 0x0000000087200000, 0x0000000087200000| Complete 
|  65|0x0000000087300000, 0x0000000087400000, 0x0000000087400000|100%| S|CS|TAMS 0x0000000087300000, 0x0000000087300000| Complete 
|  66|0x0000000087400000, 0x0000000087400000, 0x0000000087500000|  0%| F|  |TAMS 0x0000000087400000, 0x0000000087400000| Untracked 
|  67|0x0000000087500000, 0x0000000087500000, 0x0000000087600000|  0%| F|  |TAMS 0x0000000087500000, 0x0000000087500000| Untracked 
|  68|0x0000000087600000, 0x0000000087600000, 0x0000000087700000|  0%| F|  |TAMS 0x0000000087600000, 0x0000000087600000| Untracked 
|  69|0x0000000087700000, 0x0000000087700000, 0x0000000087800000|  0%| F|  |TAMS 0x0000000087700000, 0x0000000087700000| Untracked 
|  70|0x0000000087800000, 0x0000000087800000, 0x0000000087900000|  0%| F|  |TAMS 0x0000000087800000, 0x0000000087800000| Untracked 
|  71|0x0000000087900000, 0x0000000087900000, 0x0000000087a00000|  0%| F|  |TAMS 0x0000000087900000, 0x0000000087900000| Untracked 
|  72|0x0000000087a00000, 0x0000000087a00000, 0x0000000087b00000|  0%| F|  |TAMS 0x0000000087a00000, 0x0000000087a00000| Untracked 
|  73|0x0000000087b00000, 0x0000000087b00000, 0x0000000087c00000|  0%| F|  |TAMS 0x0000000087b00000, 0x0000000087b00000| Untracked 
|  74|0x0000000087c00000, 0x0000000087c00000, 0x0000000087d00000|  0%| F|  |TAMS 0x0000000087c00000, 0x0000000087c00000| Untracked 
|  75|0x0000000087d00000, 0x0000000087d00000, 0x0000000087e00000|  0%| F|  |TAMS 0x0000000087d00000, 0x0000000087d00000| Untracked 
|  76|0x0000000087e00000, 0x0000000087e00000, 0x0000000087f00000|  0%| F|  |TAMS 0x0000000087e00000, 0x0000000087e00000| Untracked 
|  77|0x0000000087f00000, 0x0000000087f00000, 0x0000000088000000|  0%| F|  |TAMS 0x0000000087f00000, 0x0000000087f00000| Untracked 
|  78|0x0000000088000000, 0x0000000088000000, 0x0000000088100000|  0%| F|  |TAMS 0x0000000088000000, 0x0000000088000000| Untracked 
|  79|0x0000000088100000, 0x0000000088100000, 0x0000000088200000|  0%| F|  |TAMS 0x0000000088100000, 0x0000000088100000| Untracked 
|  80|0x0000000088200000, 0x0000000088200000, 0x0000000088300000|  0%| F|  |TAMS 0x0000000088200000, 0x0000000088200000| Untracked 
|  81|0x0000000088300000, 0x0000000088300000, 0x0000000088400000|  0%| F|  |TAMS 0x0000000088300000, 0x0000000088300000| Untracked 
|  82|0x0000000088400000, 0x0000000088400000, 0x0000000088500000|  0%| F|  |TAMS 0x0000000088400000, 0x0000000088400000| Untracked 
|  83|0x0000000088500000, 0x0000000088500000, 0x0000000088600000|  0%| F|  |TAMS 0x0000000088500000, 0x0000000088500000| Untracked 
|  84|0x0000000088600000, 0x0000000088600000, 0x0000000088700000|  0%| F|  |TAMS 0x0000000088600000, 0x0000000088600000| Untracked 
|  85|0x0000000088700000, 0x0000000088700000, 0x0000000088800000|  0%| F|  |TAMS 0x0000000088700000, 0x0000000088700000| Untracked 
|  86|0x0000000088800000, 0x0000000088800000, 0x0000000088900000|  0%| F|  |TAMS 0x0000000088800000, 0x0000000088800000| Untracked 
|  87|0x0000000088900000, 0x0000000088900000, 0x0000000088a00000|  0%| F|  |TAMS 0x0000000088900000, 0x0000000088900000| Untracked 
|  88|0x0000000088a00000, 0x0000000088a00000, 0x0000000088b00000|  0%| F|  |TAMS 0x0000000088a00000, 0x0000000088a00000| Untracked 
|  89|0x0000000088b00000, 0x0000000088b00000, 0x0000000088c00000|  0%| F|  |TAMS 0x0000000088b00000, 0x0000000088b00000| Untracked 
|  90|0x0000000088c00000, 0x0000000088c00000, 0x0000000088d00000|  0%| F|  |TAMS 0x0000000088c00000, 0x0000000088c00000| Untracked 
|  91|0x0000000088d00000, 0x0000000088d00000, 0x0000000088e00000|  0%| F|  |TAMS 0x0000000088d00000, 0x0000000088d00000| Untracked 
|  92|0x0000000088e00000, 0x0000000088e00000, 0x0000000088f00000|  0%| F|  |TAMS 0x0000000088e00000, 0x0000000088e00000| Untracked 
|  93|0x0000000088f00000, 0x0000000088f00000, 0x0000000089000000|  0%| F|  |TAMS 0x0000000088f00000, 0x0000000088f00000| Untracked 
|  94|0x0000000089000000, 0x0000000089000000, 0x0000000089100000|  0%| F|  |TAMS 0x0000000089000000, 0x0000000089000000| Untracked 
|  95|0x0000000089100000, 0x0000000089100000, 0x0000000089200000|  0%| F|  |TAMS 0x0000000089100000, 0x0000000089100000| Untracked 
|  96|0x0000000089200000, 0x0000000089200000, 0x0000000089300000|  0%| F|  |TAMS 0x0000000089200000, 0x0000000089200000| Untracked 
|  97|0x0000000089300000, 0x0000000089300000, 0x0000000089400000|  0%| F|  |TAMS 0x0000000089300000, 0x0000000089300000| Untracked 
|  98|0x0000000089400000, 0x0000000089400000, 0x0000000089500000|  0%| F|  |TAMS 0x0000000089400000, 0x0000000089400000| Untracked 
|  99|0x0000000089500000, 0x0000000089500000, 0x0000000089600000|  0%| F|  |TAMS 0x0000000089500000, 0x0000000089500000| Untracked 
| 100|0x0000000089600000, 0x0000000089600000, 0x0000000089700000|  0%| F|  |TAMS 0x0000000089600000, 0x0000000089600000| Untracked 
| 101|0x0000000089700000, 0x0000000089700000, 0x0000000089800000|  0%| F|  |TAMS 0x0000000089700000, 0x0000000089700000| Untracked 
| 102|0x0000000089800000, 0x0000000089800000, 0x0000000089900000|  0%| F|  |TAMS 0x0000000089800000, 0x0000000089800000| Untracked 
| 103|0x0000000089900000, 0x0000000089900000, 0x0000000089a00000|  0%| F|  |TAMS 0x0000000089900000, 0x0000000089900000| Untracked 
| 104|0x0000000089a00000, 0x0000000089a00000, 0x0000000089b00000|  0%| F|  |TAMS 0x0000000089a00000, 0x0000000089a00000| Untracked 
| 105|0x0000000089b00000, 0x0000000089b00000, 0x0000000089c00000|  0%| F|  |TAMS 0x0000000089b00000, 0x0000000089b00000| Untracked 
| 106|0x0000000089c00000, 0x0000000089c00000, 0x0000000089d00000|  0%| F|  |TAMS 0x0000000089c00000, 0x0000000089c00000| Untracked 
| 107|0x0000000089d00000, 0x0000000089d00000, 0x0000000089e00000|  0%| F|  |TAMS 0x0000000089d00000, 0x0000000089d00000| Untracked 
| 108|0x0000000089e00000, 0x0000000089e00000, 0x0000000089f00000|  0%| F|  |TAMS 0x0000000089e00000, 0x0000000089e00000| Untracked 
| 109|0x0000000089f00000, 0x0000000089f00000, 0x000000008a000000|  0%| F|  |TAMS 0x0000000089f00000, 0x0000000089f00000| Untracked 
| 110|0x000000008a000000, 0x000000008a000000, 0x000000008a100000|  0%| F|  |TAMS 0x000000008a000000, 0x000000008a000000| Untracked 
| 111|0x000000008a100000, 0x000000008a100000, 0x000000008a200000|  0%| F|  |TAMS 0x000000008a100000, 0x000000008a100000| Untracked 
| 112|0x000000008a200000, 0x000000008a200000, 0x000000008a300000|  0%| F|  |TAMS 0x000000008a200000, 0x000000008a200000| Untracked 
| 113|0x000000008a300000, 0x000000008a300000, 0x000000008a400000|  0%| F|  |TAMS 0x000000008a300000, 0x000000008a300000| Untracked 
| 114|0x000000008a400000, 0x000000008a400000, 0x000000008a500000|  0%| F|  |TAMS 0x000000008a400000, 0x000000008a400000| Untracked 
| 115|0x000000008a500000, 0x000000008a500000, 0x000000008a600000|  0%| F|  |TAMS 0x000000008a500000, 0x000000008a500000| Untracked 
| 116|0x000000008a600000, 0x000000008a600000, 0x000000008a700000|  0%| F|  |TAMS 0x000000008a600000, 0x000000008a600000| Untracked 
| 117|0x000000008a700000, 0x000000008a700000, 0x000000008a800000|  0%| F|  |TAMS 0x000000008a700000, 0x000000008a700000| Untracked 
| 118|0x000000008a800000, 0x000000008a800000, 0x000000008a900000|  0%| F|  |TAMS 0x000000008a800000, 0x000000008a800000| Untracked 
| 119|0x000000008a900000, 0x000000008a900000, 0x000000008aa00000|  0%| F|  |TAMS 0x000000008a900000, 0x000000008a900000| Untracked 
| 120|0x000000008aa00000, 0x000000008aa00000, 0x000000008ab00000|  0%| F|  |TAMS 0x000000008aa00000, 0x000000008aa00000| Untracked 
| 121|0x000000008ab00000, 0x000000008ab00000, 0x000000008ac00000|  0%| F|  |TAMS 0x000000008ab00000, 0x000000008ab00000| Untracked 
| 122|0x000000008ac00000, 0x000000008ac00000, 0x000000008ad00000|  0%| F|  |TAMS 0x000000008ac00000, 0x000000008ac00000| Untracked 
| 123|0x000000008ad00000, 0x000000008ad00000, 0x000000008ae00000|  0%| F|  |TAMS 0x000000008ad00000, 0x000000008ad00000| Untracked 
| 124|0x000000008ae00000, 0x000000008ae00000, 0x000000008af00000|  0%| F|  |TAMS 0x000000008ae00000, 0x000000008ae00000| Untracked 
| 125|0x000000008af00000, 0x000000008af00000, 0x000000008b000000|  0%| F|  |TAMS 0x000000008af00000, 0x000000008af00000| Untracked 
|1995|0x00000000ffd00000, 0x00000000ffe00000, 0x00000000ffe00000|100%| O|  |TAMS 0x00000000ffe00000, 0x00000000ffe00000| Untracked 
|1996|0x00000000ffe00000, 0x00000000fff00000, 0x00000000fff00000|100%| O|  |TAMS 0x00000000fff00000, 0x00000000fff00000| Untracked 
|1997|0x00000000fff00000, 0x0000000100000000, 0x0000000100000000|100%| O|  |TAMS 0x0000000100000000, 0x0000000100000000| Untracked 

Card table byte_map: [0x000001ff7dab0000,0x000001ff7dea0000] _byte_map_base: 0x000001ff7d697000

Marking Bits (Prev, Next): (CMBitMap*) 0x000001ff6497e7f0, (CMBitMap*) 0x000001ff6497e7b0
 Prev Bits: [0x000001ff01f40000, 0x000001ff03e78000)
 Next Bits: [0x000001ff00000000, 0x000001ff01f38000)

Polling page: 0x000001ff64790000

Metaspace:

Usage:
  Non-class:     22.87 MB used.
      Class:      2.97 MB used.
       Both:     25.84 MB used.

Virtual space:
  Non-class space:       64.00 MB reserved,      23.00 MB ( 36%) committed,  1 nodes.
      Class space:        1.00 GB reserved,       3.06 MB ( <1%) committed,  1 nodes.
             Both:        1.06 GB reserved,      26.06 MB (  2%) committed. 

Chunk freelists:
   Non-Class:  8.73 MB
       Class:  12.88 MB
        Both:  21.61 MB

MaxMetaspaceSize: unlimited
CompressedClassSpaceSize: 1.00 GB
Initial GC threshold: 21.00 MB
Current GC threshold: 43.25 MB
CDS: on
MetaspaceReclaimPolicy: balanced
 - commit_granule_bytes: 65536.
 - commit_granule_words: 8192.
 - virtual_space_node_default_size: 8388608.
 - enlarge_chunks_in_place: 1.
 - new_chunks_are_fully_committed: 0.
 - uncommit_free_chunks: 1.
 - use_allocation_guard: 0.
 - handle_deallocations: 1.


Internal statistics:

num_allocs_failed_limit: 3.
num_arena_births: 166.
num_arena_deaths: 0.
num_vsnodes_births: 2.
num_vsnodes_deaths: 0.
num_space_committed: 417.
num_space_uncommitted: 0.
num_chunks_returned_to_freelist: 3.
num_chunks_taken_from_freelist: 1122.
num_chunk_merges: 3.
num_chunk_splits: 766.
num_chunks_enlarged: 598.
num_inconsistent_stats: 0.

CodeHeap 'non-profiled nmethods': size=120000Kb used=3095Kb max_used=3095Kb free=116904Kb
 bounds [0x000001ff75720000, 0x000001ff75a30000, 0x000001ff7cc50000]
CodeHeap 'profiled nmethods': size=120000Kb used=11261Kb max_used=11261Kb free=108738Kb
 bounds [0x000001ff6dc50000, 0x000001ff6e760000, 0x000001ff75180000]
CodeHeap 'non-nmethods': size=5760Kb used=1217Kb max_used=1278Kb free=4542Kb
 bounds [0x000001ff75180000, 0x000001ff753f0000, 0x000001ff75720000]
 total_blobs=6129 nmethods=5624 adapters=417
 compilation: enabled
              stopped_count=0, restarted_count=0
 full_count=0

Compilation events (20 events):
Event: 3.935 Thread 0x000001ff4b94dca0 nmethod 6344 0x000001ff75a18910 code [0x000001ff75a18b60, 0x000001ff75a1a138]
Event: 3.935 Thread 0x000001ff4b94dca0 6385   !   4       java.nio.file.Files::isDirectory (43 bytes)
Event: 3.937 Thread 0x000001ff4b94dca0 nmethod 6385 0x000001ff75a1ab90 code [0x000001ff75a1ad60, 0x000001ff75a1b0a8]
Event: 3.937 Thread 0x000001ff4b94dca0 6388       4       com.sun.tools.javac.file.Locations::getHandler (35 bytes)
Event: 3.938 Thread 0x000001ff7ed441c0 nmethod 6310 0x000001ff75a1b490 code [0x000001ff75a1bac0, 0x000001ff75a1f628]
Event: 3.939 Thread 0x000001ff7ed441c0 6389       4       com.sun.tools.javac.file.JavacFileManager::inferBinaryName (57 bytes)
Event: 3.944 Thread 0x000001ff4b94dca0 nmethod 6388 0x000001ff75a21290 code [0x000001ff75a21460, 0x000001ff75a21b18]
Event: 3.944 Thread 0x000001ff4b94dca0 6402   !   4       java.util.ImmutableCollections$ListItr::next (34 bytes)
Event: 3.946 Thread 0x000001ff4b94dca0 nmethod 6402 0x000001ff75a21f90 code [0x000001ff75a22140, 0x000001ff75a22308]
Event: 3.946 Thread 0x000001ff4b94dca0 6390       4       com.sun.tools.javac.code.Scope$ScopeImpl::findFirst (10 bytes)
Event: 3.947 Thread 0x000001ff4c9ff420 nmethod 6387 0x000001ff75a22490 code [0x000001ff75a22780, 0x000001ff75a23b40]
Event: 3.947 Thread 0x000001ff4c9ff420 6400       4       java.lang.Enum::hashCode (5 bytes)
Event: 3.948 Thread 0x000001ff4c9ff420 nmethod 6400 0x000001ff75a24790 code [0x000001ff75a24920, 0x000001ff75a249e8]
Event: 3.948 Thread 0x000001ff4c9ff420 6401       4       com.sun.tools.javac.code.Type$ClassType::<init> (38 bytes)
Event: 3.950 Thread 0x000001ff4b94dca0 nmethod 6390 0x000001ff75a24a90 code [0x000001ff75a24c40, 0x000001ff75a24fa8]
Event: 3.950 Thread 0x000001ff4b94dca0 6408       4       jdk.nio.zipfs.ZipPath::compareTo (87 bytes)
Event: 3.950 Thread 0x000001ff4c9ff420 nmethod 6401 0x000001ff75a25310 code [0x000001ff75a254a0, 0x000001ff75a259b8]
Event: 3.950 Thread 0x000001ff4c9ff420 6405       4       jdk.nio.zipfs.ZipPath::relativize (314 bytes)
Event: 3.952 Thread 0x000001ff4b94dca0 nmethod 6408 0x000001ff75a25a90 code [0x000001ff75a25c20, 0x000001ff75a25dd8]
Event: 3.952 Thread 0x000001ff4b94dca0 6407       4       jdk.nio.zipfs.ZipPath::equals (38 bytes)

GC Heap History (20 events):
Event: 2.578 GC heap after
{Heap after GC invocations=4 (full 0):
 garbage-first heap   total 129024K, used 12169K [0x0000000083200000, 0x0000000100000000)
  region size 1024K, 7 young (7168K), 7 survivors (7168K)
 Metaspace       used 21254K, committed 21504K, reserved 1114112K
  class space    used 2545K, committed 2624K, reserved 1048576K
}
Event: 2.865 GC heap before
{Heap before GC invocations=5 (full 0):
 garbage-first heap   total 45056K, used 32649K [0x0000000083200000, 0x0000000100000000)
  region size 1024K, 27 young (27648K), 7 survivors (7168K)
 Metaspace       used 24721K, committed 25024K, reserved 1114112K
  class space    used 2893K, committed 3072K, reserved 1048576K
}
Event: 2.880 GC heap after
{Heap after GC invocations=6 (full 0):
 garbage-first heap   total 50176K, used 20530K [0x0000000083200000, 0x0000000100000000)
  region size 1024K, 10 young (10240K), 10 survivors (10240K)
 Metaspace       used 24721K, committed 25024K, reserved 1114112K
  class space    used 2893K, committed 3072K, reserved 1048576K
}
Event: 2.973 GC heap before
{Heap before GC invocations=6 (full 0):
 garbage-first heap   total 50176K, used 32818K [0x0000000083200000, 0x0000000100000000)
  region size 1024K, 23 young (23552K), 10 survivors (10240K)
 Metaspace       used 24752K, committed 25088K, reserved 1114112K
  class space    used 2894K, committed 3072K, reserved 1048576K
}
Event: 2.984 GC heap after
{Heap after GC invocations=7 (full 0):
 garbage-first heap   total 50176K, used 23461K [0x0000000083200000, 0x0000000100000000)
  region size 1024K, 3 young (3072K), 3 survivors (3072K)
 Metaspace       used 24752K, committed 25088K, reserved 1114112K
  class space    used 2894K, committed 3072K, reserved 1048576K
}
Event: 3.117 GC heap before
{Heap before GC invocations=7 (full 0):
 garbage-first heap   total 50176K, used 36773K [0x0000000083200000, 0x0000000100000000)
  region size 1024K, 16 young (16384K), 3 survivors (3072K)
 Metaspace       used 24899K, committed 25216K, reserved 1114112K
  class space    used 2910K, committed 3072K, reserved 1048576K
}
Event: 3.125 GC heap after
{Heap after GC invocations=8 (full 0):
 garbage-first heap   total 50176K, used 27045K [0x0000000083200000, 0x0000000100000000)
  region size 1024K, 2 young (2048K), 2 survivors (2048K)
 Metaspace       used 24899K, committed 25216K, reserved 1114112K
  class space    used 2910K, committed 3072K, reserved 1048576K
}
Event: 3.250 GC heap before
{Heap before GC invocations=8 (full 0):
 garbage-first heap   total 50176K, used 37285K [0x0000000083200000, 0x0000000100000000)
  region size 1024K, 13 young (13312K), 2 survivors (2048K)
 Metaspace       used 25458K, committed 25664K, reserved 1114112K
  class space    used 2968K, committed 3072K, reserved 1048576K
}
Event: 3.259 GC heap after
{Heap after GC invocations=9 (full 0):
 garbage-first heap   total 80896K, used 31653K [0x0000000083200000, 0x0000000100000000)
  region size 1024K, 2 young (2048K), 2 survivors (2048K)
 Metaspace       used 25458K, committed 25664K, reserved 1114112K
  class space    used 2968K, committed 3072K, reserved 1048576K
}
Event: 3.491 GC heap before
{Heap before GC invocations=10 (full 0):
 garbage-first heap   total 80896K, used 56229K [0x0000000083200000, 0x0000000100000000)
  region size 1024K, 25 young (25600K), 2 survivors (2048K)
 Metaspace       used 25625K, committed 25920K, reserved 1114112K
  class space    used 2985K, committed 3136K, reserved 1048576K
}
Event: 3.497 GC heap after
{Heap after GC invocations=11 (full 0):
 garbage-first heap   total 80896K, used 38167K [0x0000000083200000, 0x0000000100000000)
  region size 1024K, 4 young (4096K), 4 survivors (4096K)
 Metaspace       used 25625K, committed 25920K, reserved 1114112K
  class space    used 2985K, committed 3136K, reserved 1048576K
}
Event: 3.595 GC heap before
{Heap before GC invocations=11 (full 0):
 garbage-first heap   total 80896K, used 56599K [0x0000000083200000, 0x0000000100000000)
  region size 1024K, 22 young (22528K), 4 survivors (4096K)
 Metaspace       used 25941K, committed 26176K, reserved 1114112K
  class space    used 3014K, committed 3136K, reserved 1048576K
}
Event: 3.602 GC heap after
{Heap after GC invocations=12 (full 0):
 garbage-first heap   total 80896K, used 42606K [0x0000000083200000, 0x0000000100000000)
  region size 1024K, 3 young (3072K), 3 survivors (3072K)
 Metaspace       used 25941K, committed 26176K, reserved 1114112K
  class space    used 3014K, committed 3136K, reserved 1048576K
}
Event: 3.726 GC heap before
{Heap before GC invocations=12 (full 0):
 garbage-first heap   total 80896K, used 60014K [0x0000000083200000, 0x0000000100000000)
  region size 1024K, 20 young (20480K), 3 survivors (3072K)
 Metaspace       used 26282K, committed 26560K, reserved 1114112K
  class space    used 3028K, committed 3136K, reserved 1048576K
}
Event: 3.735 GC heap after
{Heap after GC invocations=13 (full 0):
 garbage-first heap   total 80896K, used 46757K [0x0000000083200000, 0x0000000100000000)
  region size 1024K, 3 young (3072K), 3 survivors (3072K)
 Metaspace       used 26282K, committed 26560K, reserved 1114112K
  class space    used 3028K, committed 3136K, reserved 1048576K
}
Event: 3.862 GC heap before
{Heap before GC invocations=14 (full 0):
 garbage-first heap   total 83968K, used 62117K [0x0000000083200000, 0x0000000100000000)
  region size 1024K, 18 young (18432K), 3 survivors (3072K)
 Metaspace       used 26430K, committed 26624K, reserved 1114112K
  class space    used 3036K, committed 3136K, reserved 1048576K
}
Event: 3.872 GC heap after
{Heap after GC invocations=15 (full 0):
 garbage-first heap   total 83968K, used 50085K [0x0000000083200000, 0x0000000100000000)
  region size 1024K, 3 young (3072K), 3 survivors (3072K)
 Metaspace       used 26430K, committed 26624K, reserved 1114112K
  class space    used 3036K, committed 3136K, reserved 1048576K
}
Event: 3.926 GC heap before
{Heap before GC invocations=15 (full 0):
 garbage-first heap   total 83968K, used 65445K [0x0000000083200000, 0x0000000100000000)
  region size 1024K, 18 young (18432K), 3 survivors (3072K)
 Metaspace       used 26460K, committed 26688K, reserved 1114112K
  class space    used 3036K, committed 3136K, reserved 1048576K
}
Event: 3.934 GC heap after
{Heap after GC invocations=16 (full 0):
 garbage-first heap   total 83968K, used 53104K [0x0000000083200000, 0x0000000100000000)
  region size 1024K, 3 young (3072K), 3 survivors (3072K)
 Metaspace       used 26460K, committed 26688K, reserved 1114112K
  class space    used 3036K, committed 3136K, reserved 1048576K
}
Event: 3.952 GC heap before
{Heap before GC invocations=16 (full 0):
 garbage-first heap   total 83968K, used 66416K [0x0000000083200000, 0x0000000100000000)
  region size 1024K, 16 young (16384K), 3 survivors (3072K)
 Metaspace       used 26460K, committed 26688K, reserved 1114112K
  class space    used 3036K, committed 3136K, reserved 1048576K
}

Dll operation events (8 events):
Event: 0.008 Loaded shared library C:\Program Files\Eclipse Adoptium\jdk-17.0.18.8-hotspot\bin\java.dll
Event: 0.022 Loaded shared library C:\Program Files\Eclipse Adoptium\jdk-17.0.18.8-hotspot\bin\jsvml.dll
Event: 0.045 Loaded shared library C:\Program Files\Eclipse Adoptium\jdk-17.0.18.8-hotspot\bin\net.dll
Event: 0.046 Loaded shared library C:\Program Files\Eclipse Adoptium\jdk-17.0.18.8-hotspot\bin\nio.dll
Event: 0.048 Loaded shared library C:\Program Files\Eclipse Adoptium\jdk-17.0.18.8-hotspot\bin\zip.dll
Event: 0.139 Loaded shared library C:\Program Files\JetBrains\IntelliJ IDEA 2025.2.2\plugins\maven\lib\maven3\lib\jansi-native\Windows\x86_64\jansi.dll
Event: 0.140 Loaded shared library C:\Program Files\Eclipse Adoptium\jdk-17.0.18.8-hotspot\bin\jimage.dll
Event: 0.147 Loaded shared library C:\Program Files\Eclipse Adoptium\jdk-17.0.18.8-hotspot\bin\verify.dll

Deoptimization events (20 events):
Event: 3.782 Thread 0x000001ff64921fa0 DEOPT PACKING pc=0x000001ff759ebcb0 sp=0x000000f9369fa680
Event: 3.782 Thread 0x000001ff64921fa0 DEOPT UNPACKING pc=0x000001ff751da1a3 sp=0x000000f9369fa640 mode 2
Event: 3.782 Thread 0x000001ff64921fa0 Uncommon trap: trap_request=0xffffffde fr.pc=0x000001ff757af500 relative=0x0000000000000060
Event: 3.782 Thread 0x000001ff64921fa0 Uncommon trap: reason=class_check action=maybe_recompile pc=0x000001ff757af500 method=com.sun.tools.javac.code.Symbol.flatName()Lcom/sun/tools/javac/util/Name; @ 1 c2
Event: 3.782 Thread 0x000001ff64921fa0 DEOPT PACKING pc=0x000001ff757af500 sp=0x000000f9369fa640
Event: 3.782 Thread 0x000001ff64921fa0 DEOPT UNPACKING pc=0x000001ff751da1a3 sp=0x000000f9369fa5d0 mode 2
Event: 3.812 Thread 0x000001ff64921fa0 DEOPT PACKING pc=0x000001ff6e6d1a19 sp=0x000000f9369fbd10
Event: 3.812 Thread 0x000001ff64921fa0 DEOPT UNPACKING pc=0x000001ff751dace3 sp=0x000000f9369fb188 mode 0
Event: 3.849 Thread 0x000001ff64921fa0 Uncommon trap: trap_request=0xffffffde fr.pc=0x000001ff759991b8 relative=0x0000000000000278
Event: 3.849 Thread 0x000001ff64921fa0 Uncommon trap: reason=class_check action=maybe_recompile pc=0x000001ff759991b8 method=com.sun.tools.javac.code.Scope$ScopeImpl.lookup(Lcom/sun/tools/javac/util/Name;Ljava/util/function/Predicate;)Lcom/sun/tools/javac/code/Scope$Entry; @ 53 c2
Event: 3.849 Thread 0x000001ff64921fa0 DEOPT PACKING pc=0x000001ff759991b8 sp=0x000000f9369fc300
Event: 3.849 Thread 0x000001ff64921fa0 DEOPT UNPACKING pc=0x000001ff751da1a3 sp=0x000000f9369fc2a8 mode 2
Event: 3.850 Thread 0x000001ff64921fa0 Uncommon trap: trap_request=0xffffffde fr.pc=0x000001ff759991b8 relative=0x0000000000000278
Event: 3.850 Thread 0x000001ff64921fa0 Uncommon trap: reason=class_check action=maybe_recompile pc=0x000001ff759991b8 method=com.sun.tools.javac.code.Scope$ScopeImpl.lookup(Lcom/sun/tools/javac/util/Name;Ljava/util/function/Predicate;)Lcom/sun/tools/javac/code/Scope$Entry; @ 53 c2
Event: 3.850 Thread 0x000001ff64921fa0 DEOPT PACKING pc=0x000001ff759991b8 sp=0x000000f9369fc300
Event: 3.850 Thread 0x000001ff64921fa0 DEOPT UNPACKING pc=0x000001ff751da1a3 sp=0x000000f9369fc2a8 mode 2
Event: 3.850 Thread 0x000001ff64921fa0 Uncommon trap: trap_request=0xffffffde fr.pc=0x000001ff759991b8 relative=0x0000000000000278
Event: 3.850 Thread 0x000001ff64921fa0 Uncommon trap: reason=class_check action=maybe_recompile pc=0x000001ff759991b8 method=com.sun.tools.javac.code.Scope$ScopeImpl.lookup(Lcom/sun/tools/javac/util/Name;Ljava/util/function/Predicate;)Lcom/sun/tools/javac/code/Scope$Entry; @ 53 c2
Event: 3.850 Thread 0x000001ff64921fa0 DEOPT PACKING pc=0x000001ff759991b8 sp=0x000000f9369fc300
Event: 3.850 Thread 0x000001ff64921fa0 DEOPT UNPACKING pc=0x000001ff751da1a3 sp=0x000000f9369fc2a8 mode 2

Classes loaded (20 events):
Event: 3.167 Loading class java/nio/file/ClosedDirectoryStreamException
Event: 3.167 Loading class java/nio/file/ClosedDirectoryStreamException done
Event: 3.167 Loading class java/nio/file/DirectoryIteratorException
Event: 3.167 Loading class java/nio/file/DirectoryIteratorException done
Event: 3.167 Loading class java/nio/file/Files$3
Event: 3.167 Loading class java/nio/file/Files$3 done
Event: 3.167 Loading class java/nio/file/FileVisitResult
Event: 3.167 Loading class java/nio/file/FileVisitResult done
Event: 3.167 Loading class sun/nio/fs/BasicFileAttributesHolder
Event: 3.168 Loading class sun/nio/fs/BasicFileAttributesHolder done
Event: 3.474 Loading class java/util/ComparableTimSort
Event: 3.475 Loading class java/util/ComparableTimSort done
Event: 3.477 Loading class java/nio/file/Files$2
Event: 3.477 Loading class java/nio/file/Files$2 done
Event: 3.477 Loading class sun/nio/fs/WindowsPath$WindowsPathWithAttributes
Event: 3.477 Loading class sun/nio/fs/WindowsPath$WindowsPathWithAttributes done
Event: 3.517 Loading class java/nio/file/FileTreeWalker$1
Event: 3.517 Loading class java/nio/file/FileTreeWalker$1 done
Event: 3.566 Loading class jdk/internal/jimage/ImageReader$LinkNode
Event: 3.567 Loading class jdk/internal/jimage/ImageReader$LinkNode done

Classes unloaded (0 events):
No events

Classes redefined (0 events):
No events

Internal exceptions (20 events):
Event: 3.911 Thread 0x000001ff64921fa0 Exception <a 'sun/nio/fs/WindowsException'{0x000000008896e378}> (0x000000008896e378) 
thrown [s\src\hotspot\share\prims\jni.cpp, line 516]
Event: 3.911 Thread 0x000001ff64921fa0 Exception <a 'sun/nio/fs/WindowsException'{0x000000008896f310}> (0x000000008896f310) 
thrown [s\src\hotspot\share\prims\jni.cpp, line 516]
Event: 3.912 Thread 0x000001ff64921fa0 Exception <a 'sun/nio/fs/WindowsException'{0x000000008898d300}> (0x000000008898d300) 
thrown [s\src\hotspot\share\prims\jni.cpp, line 516]
Event: 3.912 Thread 0x000001ff64921fa0 Exception <a 'sun/nio/fs/WindowsException'{0x0000000088997928}> (0x0000000088997928) 
thrown [s\src\hotspot\share\prims\jni.cpp, line 516]
Event: 3.912 Thread 0x000001ff64921fa0 Exception <a 'sun/nio/fs/WindowsException'{0x00000000889aeb20}> (0x00000000889aeb20) 
thrown [s\src\hotspot\share\prims\jni.cpp, line 516]
Event: 3.912 Thread 0x000001ff64921fa0 Exception <a 'sun/nio/fs/WindowsException'{0x00000000889afa30}> (0x00000000889afa30) 
thrown [s\src\hotspot\share\prims\jni.cpp, line 516]
Event: 3.915 Thread 0x000001ff64921fa0 Exception <a 'sun/nio/fs/WindowsException'{0x00000000889e48c0}> (0x00000000889e48c0) 
thrown [s\src\hotspot\share\prims\jni.cpp, line 516]
Event: 3.915 Thread 0x000001ff64921fa0 Exception <a 'sun/nio/fs/WindowsException'{0x00000000889e7750}> (0x00000000889e7750) 
thrown [s\src\hotspot\share\prims\jni.cpp, line 516]
Event: 3.915 Thread 0x000001ff64921fa0 Exception <a 'sun/nio/fs/WindowsException'{0x00000000889eb2a8}> (0x00000000889eb2a8) 
thrown [s\src\hotspot\share\prims\jni.cpp, line 516]
Event: 3.915 Thread 0x000001ff64921fa0 Exception <a 'sun/nio/fs/WindowsException'{0x00000000889ebf08}> (0x00000000889ebf08) 
thrown [s\src\hotspot\share\prims\jni.cpp, line 516]
Event: 3.916 Thread 0x000001ff64921fa0 Exception <a 'sun/nio/fs/WindowsException'{0x00000000889f5418}> (0x00000000889f5418) 
thrown [s\src\hotspot\share\prims\jni.cpp, line 516]
Event: 3.916 Thread 0x000001ff64921fa0 Exception <a 'sun/nio/fs/WindowsException'{0x00000000888d8058}> (0x00000000888d8058) 
thrown [s\src\hotspot\share\prims\jni.cpp, line 516]
Event: 3.919 Thread 0x000001ff64921fa0 Exception <a 'sun/nio/fs/WindowsException'{0x000000008763fd88}> (0x000000008763fd88) 
thrown [s\src\hotspot\share\prims\jni.cpp, line 516]
Event: 3.919 Thread 0x000001ff64921fa0 Exception <a 'sun/nio/fs/WindowsException'{0x0000000087640a00}> (0x0000000087640a00) 
thrown [s\src\hotspot\share\prims\jni.cpp, line 516]
Event: 3.919 Thread 0x000001ff64921fa0 Exception <a 'sun/nio/fs/WindowsException'{0x0000000087642088}> (0x0000000087642088) 
thrown [s\src\hotspot\share\prims\jni.cpp, line 516]
Event: 3.920 Thread 0x000001ff64921fa0 Exception <a 'sun/nio/fs/WindowsException'{0x0000000087656210}> (0x0000000087656210) 
thrown [s\src\hotspot\share\prims\jni.cpp, line 516]
Event: 3.920 Thread 0x000001ff64921fa0 Exception <a 'sun/nio/fs/WindowsException'{0x000000008768b448}> (0x000000008768b448) 
thrown [s\src\hotspot\share\prims\jni.cpp, line 516]
Event: 3.920 Thread 0x000001ff64921fa0 Exception <a 'sun/nio/fs/WindowsException'{0x000000008768c108}> (0x000000008768c108) 
thrown [s\src\hotspot\share\prims\jni.cpp, line 516]
Event: 3.922 Thread 0x000001ff64921fa0 Exception <a 'sun/nio/fs/WindowsException'{0x00000000876dcb08}> (0x00000000876dcb08) 
thrown [s\src\hotspot\share\prims\jni.cpp, line 516]
Event: 3.935 Thread 0x000001ff64921fa0 Exception <a 'sun/nio/fs/WindowsException'{0x000000008af8a0f8}> (0x000000008af8a0f8) 
thrown [s\src\hotspot\share\prims\jni.cpp, line 516]

VM Operations (20 events):
Event: 3.478 Executing VM operation: HandshakeAllThreads done
Event: 3.491 Executing VM operation: G1CollectForAllocation
Event: 3.497 Executing VM operation: G1CollectForAllocation done
Event: 3.567 Executing VM operation: HandshakeAllThreads
Event: 3.567 Executing VM operation: HandshakeAllThreads done
Event: 3.595 Executing VM operation: G1CollectForAllocation
Event: 3.602 Executing VM operation: G1CollectForAllocation done
Event: 3.710 Executing VM operation: ICBufferFull
Event: 3.710 Executing VM operation: ICBufferFull done
Event: 3.726 Executing VM operation: G1CollectForAllocation
Event: 3.735 Executing VM operation: G1CollectForAllocation done
Event: 3.762 Executing VM operation: G1PauseRemark
Event: 3.766 Executing VM operation: G1PauseRemark done
Event: 3.779 Executing VM operation: G1PauseCleanup
Event: 3.779 Executing VM operation: G1PauseCleanup done
Event: 3.862 Executing VM operation: G1CollectForAllocation
Event: 3.872 Executing VM operation: G1CollectForAllocation done
Event: 3.925 Executing VM operation: G1CollectForAllocation
Event: 3.934 Executing VM operation: G1CollectForAllocation done
Event: 3.952 Executing VM operation: G1CollectForAllocation

Memory protections (0 events):
No events

Nmethod flushes (20 events):
Event: 3.214 Thread 0x000001ff7ed47110 flushing  nmethod 0x000001ff6e6e9310
Event: 3.214 Thread 0x000001ff7ed47110 flushing  nmethod 0x000001ff6e6e9790
Event: 3.214 Thread 0x000001ff7ed47110 flushing  nmethod 0x000001ff6e6e9c90
Event: 3.214 Thread 0x000001ff7ed47110 flushing  nmethod 0x000001ff6e6ea990
Event: 3.214 Thread 0x000001ff7ed47110 flushing  nmethod 0x000001ff6e6ead90
Event: 3.214 Thread 0x000001ff7ed47110 flushing  nmethod 0x000001ff6e6ebc90
Event: 3.214 Thread 0x000001ff7ed47110 flushing  nmethod 0x000001ff6e6ec090
Event: 3.214 Thread 0x000001ff7ed47110 flushing  nmethod 0x000001ff6e6ec910
Event: 3.214 Thread 0x000001ff7ed47110 flushing  nmethod 0x000001ff6e6eda90
Event: 3.214 Thread 0x000001ff7ed47110 flushing  nmethod 0x000001ff6e6f1110
Event: 3.214 Thread 0x000001ff7ed47110 flushing  nmethod 0x000001ff6e6f1810
Event: 3.214 Thread 0x000001ff7ed47110 flushing  nmethod 0x000001ff6e6f1f90
Event: 3.214 Thread 0x000001ff7ed47110 flushing  nmethod 0x000001ff6e6f2890
Event: 3.214 Thread 0x000001ff7ed47110 flushing  nmethod 0x000001ff6e6f2d10
Event: 3.214 Thread 0x000001ff7ed47110 flushing  nmethod 0x000001ff6e6f3190
Event: 3.214 Thread 0x000001ff7ed47110 flushing  nmethod 0x000001ff6e6f5d10
Event: 3.214 Thread 0x000001ff7ed47110 flushing  nmethod 0x000001ff6e6f6190
Event: 3.214 Thread 0x000001ff7ed47110 flushing  nmethod 0x000001ff6e6f6510
Event: 3.214 Thread 0x000001ff7ed47110 flushing  nmethod 0x000001ff6e6f6b90
Event: 3.214 Thread 0x000001ff7ed47110 flushing  nmethod 0x000001ff6e6f6f90

Events (17 events):
Event: 0.022 Thread 0x000001ff64921fa0 Thread added: 0x000001ff64921fa0
Event: 0.024 Thread 0x000001ff64921fa0 Thread added: 0x000001ff7ed245c0
Event: 0.024 Thread 0x000001ff64921fa0 Thread added: 0x000001ff7ed25090
Event: 0.030 Thread 0x000001ff64921fa0 Thread added: 0x000001ff7ed3aa30
Event: 0.030 Thread 0x000001ff64921fa0 Thread added: 0x000001ff7ed3d410
Event: 0.030 Thread 0x000001ff64921fa0 Thread added: 0x000001ff7ed3fcf0
Event: 0.030 Thread 0x000001ff64921fa0 Thread added: 0x000001ff7ed40d60
Event: 0.030 Thread 0x000001ff64921fa0 Thread added: 0x000001ff7ed441c0
Event: 0.031 Thread 0x000001ff64921fa0 Thread added: 0x000001ff7ed45320
Event: 0.031 Thread 0x000001ff64921fa0 Thread added: 0x000001ff7ed47110
Event: 0.041 Thread 0x000001ff64921fa0 Thread added: 0x000001ff4b0e0aa0
Event: 0.042 Thread 0x000001ff64921fa0 Thread added: 0x000001ff4b0e3640
Event: 0.138 Thread 0x000001ff64921fa0 Thread added: 0x000001ff4b2b8570
Event: 0.144 Thread 0x000001ff4b2b8570 Thread exited: 0x000001ff4b2b8570
Event: 0.368 Thread 0x000001ff7ed45320 Thread added: 0x000001ff4b94dca0
Event: 1.022 Thread 0x000001ff64921fa0 Thread added: 0x000001ff4c2fbd60
Event: 2.736 Thread 0x000001ff7ed45320 Thread added: 0x000001ff4c9ff420


Dynamic libraries:
0x00007ff6df9d0000 - 0x00007ff6df9de000 	C:\Program Files\Eclipse Adoptium\jdk-17.0.18.8-hotspot\bin\java.exe
0x00007fffda470000 - 0x00007fffda668000 	C:\WINDOWS\SYSTEM32\ntdll.dll
0x00007fffd8660000 - 0x00007fffd8722000 	C:\WINDOWS\System32\KERNEL32.DLL
0x00007fffd7e50000 - 0x00007fffd8146000 	C:\WINDOWS\System32\KERNELBASE.dll
0x00007fffd81d0000 - 0x00007fffd82d0000 	C:\WINDOWS\System32\ucrtbase.dll
0x00007fffc5180000 - 0x00007fffc519e000 	C:\Program Files\Eclipse Adoptium\jdk-17.0.18.8-hotspot\bin\VCRUNTIME140.dll
0x00007fffc3680000 - 0x00007fffc3698000 	C:\Program Files\Eclipse Adoptium\jdk-17.0.18.8-hotspot\bin\jli.dll
0x00007fffd8490000 - 0x00007fffd8631000 	C:\WINDOWS\System32\USER32.dll
0x00007fffd7b00000 - 0x00007fffd7b22000 	C:\WINDOWS\System32\win32u.dll
0x00007fffc3890000 - 0x00007fffc3b2b000 	C:\WINDOWS\WinSxS\amd64_microsoft.windows.common-controls_6595b64144ccf1df_6.0.19041.6456_none_60b8a6cb71f64256\COMCTL32.dll
0x00007fffd9fe0000 - 0x00007fffda00b000 	C:\WINDOWS\System32\GDI32.dll
0x00007fffd95c0000 - 0x00007fffd965e000 	C:\WINDOWS\System32\msvcrt.dll
0x00007fffd7b30000 - 0x00007fffd7c49000 	C:\WINDOWS\System32\gdi32full.dll
0x00007fffd7db0000 - 0x00007fffd7e4d000 	C:\WINDOWS\System32\msvcp_win.dll
0x00007fffd96f0000 - 0x00007fffd971f000 	C:\WINDOWS\System32\IMM32.DLL
0x00007fffcc260000 - 0x00007fffcc26c000 	C:\Program Files\Eclipse Adoptium\jdk-17.0.18.8-hotspot\bin\vcruntime140_1.dll
0x00007fffc35b0000 - 0x00007fffc363d000 	C:\Program Files\Eclipse Adoptium\jdk-17.0.18.8-hotspot\bin\msvcp140.dll
0x00007fff600c0000 - 0x00007fff60d2b000 	C:\Program Files\Eclipse Adoptium\jdk-17.0.18.8-hotspot\bin\server\jvm.dll
0x00007fffd9840000 - 0x00007fffd98f1000 	C:\WINDOWS\System32\ADVAPI32.dll
0x00007fffd8f80000 - 0x00007fffd901f000 	C:\WINDOWS\System32\sechost.dll
0x00007fffda310000 - 0x00007fffda430000 	C:\WINDOWS\System32\RPCRT4.dll
0x00007fffd8320000 - 0x00007fffd8347000 	C:\WINDOWS\System32\bcrypt.dll
0x00007fffd9720000 - 0x00007fffd978b000 	C:\WINDOWS\System32\WS2_32.dll
0x00007fffd7090000 - 0x00007fffd70db000 	C:\WINDOWS\SYSTEM32\POWRPROF.dll
0x00007fffcc230000 - 0x00007fffcc257000 	C:\WINDOWS\SYSTEM32\WINMM.dll
0x00007fffcf3b0000 - 0x00007fffcf3ba000 	C:\WINDOWS\SYSTEM32\VERSION.dll
0x00007fffd6f00000 - 0x00007fffd6f12000 	C:\WINDOWS\SYSTEM32\UMPDC.dll
0x00007fffd6310000 - 0x00007fffd6322000 	C:\WINDOWS\SYSTEM32\kernel.appcore.dll
0x00007fffc5230000 - 0x00007fffc523a000 	C:\Program Files\Eclipse Adoptium\jdk-17.0.18.8-hotspot\bin\jimage.dll
0x00007fffd5ff0000 - 0x00007fffd61f1000 	C:\WINDOWS\SYSTEM32\DBGHELP.DLL
0x00007fffc5130000 - 0x00007fffc5164000 	C:\WINDOWS\SYSTEM32\dbgcore.DLL
0x00007fffd8350000 - 0x00007fffd83d2000 	C:\WINDOWS\System32\bcryptPrimitives.dll
0x00007fffc3580000 - 0x00007fffc35a5000 	C:\Program Files\Eclipse Adoptium\jdk-17.0.18.8-hotspot\bin\java.dll
0x00007fffa8b40000 - 0x00007fffa8c17000 	C:\Program Files\Eclipse Adoptium\jdk-17.0.18.8-hotspot\bin\jsvml.dll
0x00007fffd8790000 - 0x00007fffd8f00000 	C:\WINDOWS\System32\SHELL32.dll
0x00007fffd5840000 - 0x00007fffd5fe5000 	C:\WINDOWS\SYSTEM32\windows.storage.dll
0x00007fffd91b0000 - 0x00007fffd9504000 	C:\WINDOWS\System32\combase.dll
0x00007fffd7530000 - 0x00007fffd755b000 	C:\WINDOWS\SYSTEM32\Wldp.dll
0x00007fffda080000 - 0x00007fffda14d000 	C:\WINDOWS\System32\OLEAUT32.dll
0x00007fffd9790000 - 0x00007fffd983d000 	C:\WINDOWS\System32\SHCORE.dll
0x00007fffd9900000 - 0x00007fffd995b000 	C:\WINDOWS\System32\shlwapi.dll
0x00007fffd7a30000 - 0x00007fffd7a54000 	C:\WINDOWS\SYSTEM32\profapi.dll
0x00007fffc3660000 - 0x00007fffc367a000 	C:\Program Files\Eclipse Adoptium\jdk-17.0.18.8-hotspot\bin\net.dll
0x00007fffd42e0000 - 0x00007fffd43ea000 	C:\WINDOWS\SYSTEM32\WINHTTP.dll
0x00007fffd7290000 - 0x00007fffd72fa000 	C:\WINDOWS\system32\mswsock.dll
0x00007fffc3560000 - 0x00007fffc3576000 	C:\Program Files\Eclipse Adoptium\jdk-17.0.18.8-hotspot\bin\nio.dll
0x00007fffc3540000 - 0x00007fffc3558000 	C:\Program Files\Eclipse Adoptium\jdk-17.0.18.8-hotspot\bin\zip.dll
0x00007fffc3510000 - 0x00007fffc3534000 	C:\Program Files\JetBrains\IntelliJ IDEA 2025.2.2\plugins\maven\lib\maven3\lib\jansi-native\Windows\x86_64\jansi.dll
0x00007fffc5170000 - 0x00007fffc5180000 	C:\Program Files\Eclipse Adoptium\jdk-17.0.18.8-hotspot\bin\verify.dll
0x00007fffd6d90000 - 0x00007fffd6dc3000 	C:\WINDOWS\SYSTEM32\ntmarta.dll

dbghelp: loaded successfully - version: 4.0.5 - missing functions: none
symbol engine: initialized successfully - sym options: 0x614 - pdb path: .;C:\Program Files\Eclipse Adoptium\jdk-17.0.18.8-hotspot\bin;C:\WINDOWS\SYSTEM32;C:\WINDOWS\WinSxS\amd64_microsoft.windows.common-controls_6595b64144ccf1df_6.0.19041.6456_none_60b8a6cb71f64256;C:\Program Files\Eclipse Adoptium\jdk-17.0.18.8-hotspot\bin\server;C:\Program Files\JetBrains\IntelliJ IDEA 2025.2.2\plugins\maven\lib\maven3\lib\jansi-native\Windows\x86_64

VM Arguments:
jvm_args: -Dclassworlds.conf=C:\Program Files\JetBrains\IntelliJ IDEA 2025.2.2\plugins\maven\lib\maven3\bin\m2.conf -Dmaven.home=C:\Program Files\JetBrains\IntelliJ IDEA 2025.2.2\plugins\maven\lib\maven3 -Dlibrary.jansi.path=C:\Program Files\JetBrains\IntelliJ IDEA 2025.2.2\plugins\maven\lib\maven3\lib\jansi-native -Dmaven.multiModuleProjectDirectory=C:\Users\STAR\Desktop\Esprit-PIDEV-3A26-2526-Rehla 
java_command: org.codehaus.plexus.classworlds.launcher.Launcher -Didea.version=2025.2.2 -Dmaven.ext.class.path=C:\Program Files\JetBrains\IntelliJ IDEA 2025.2.2\plugins\maven\lib\maven-event-listener.jar -Djansi.passthrough=true -Dstyle.color=always -Dmaven.repo.local=C:\Users\STAR\.m2\repository org.openjfx:javafx-maven-plugin:0.0.8:run -f pom.xml
java_class_path (initial): C:\Program Files\JetBrains\IntelliJ IDEA 2025.2.2\plugins\maven\lib\maven3\boot\plexus-classworlds-2.8.0.jar
Launcher Type: SUN_STANDARD

[Global flags]
     intx CICompilerCount                          = 4                                         {product} {ergonomic}
     uint ConcGCThreads                            = 2                                         {product} {ergonomic}
     uint G1ConcRefinementThreads                  = 8                                         {product} {ergonomic}
   size_t G1HeapRegionSize                         = 1048576                                   {product} {ergonomic}
    uintx GCDrainStackTargetSize                   = 64                                        {product} {ergonomic}
   size_t InitialHeapSize                          = 132120576                                 {product} {ergonomic}
   size_t MarkStackSize                            = 4194304                                   {product} {ergonomic}
   size_t MaxHeapSize                              = 2095054848                                {product} {ergonomic}
   size_t MaxNewSize                               = 1256194048                                {product} {ergonomic}
   size_t MinHeapDeltaBytes                        = 1048576                                   {product} {ergonomic}
   size_t MinHeapSize                              = 8388608                                   {product} {ergonomic}
    uintx NonNMethodCodeHeapSize                   = 5839372                                {pd product} {ergonomic}
    uintx NonProfiledCodeHeapSize                  = 122909434                              {pd product} {ergonomic}
    uintx ProfiledCodeHeapSize                     = 122909434                              {pd product} {ergonomic}
    uintx ReservedCodeCacheSize                    = 251658240                              {pd product} {ergonomic}
     bool SegmentedCodeCache                       = true                                      {product} {ergonomic}
   size_t SoftMaxHeapSize                          = 2095054848                             {manageable} {ergonomic}
     bool UseCompressedClassPointers               = true                           {product lp64_product} {ergonomic}
     bool UseCompressedOops                        = true                           {product lp64_product} {ergonomic}
     bool UseG1GC                                  = true                                      {product} {ergonomic}
     bool UseLargePagesIndividualAllocation        = false                                  {pd product} {ergonomic}

Logging:
Log output configuration:
 #0: stdout all=warning uptime,level,tags
 #1: stderr all=off uptime,level,tags

Environment Variables:
JAVA_HOME=C:\Program Files\Eclipse Adoptium\jdk-17.0.18.8-hotspot
PATH=C:\Program Files\Eclipse Adoptium\jdk-17.0.18.8-hotspot\bin;C:\Program Files\Eclipse Adoptium\jdk-21.0.8.9-hotspot\bin;c:\Users\STAR\AppData\Local\Programs\cursor\resources\app\bin;C:\Program Files\Google\Chrome\Application;C:\oraclexe\app\oracle\product\11.2.0\server\bin;;C:\WINDOWS\system32;C:\WINDOWS;C:\WINDOWS\System32\Wbem;C:\WINDOWS\System32\WindowsPowerShell\v1.0\;C:\WINDOWS\System32\OpenSSH\;C:\Program Files\Git\cmd;C:\Program Files\dotnet\;C:\Program Files (x86)\NVIDIA Corporation\PhysX\Common;C:\Program Files\NVIDIA Corporation\NVIDIA NvDLISR;C:\Program Files\Calibre2\;C:\Users\STAR\AppData\Local\Programs\Python\Python313\;C:\Users\STAR\AppData\Local\Programs\Python\Launcher\;C:\Users\STAR\AppData\Local\Programs\Python\Python313\Scripts\;C:\Users\STAR\AppData\Local\Microsoft\WindowsApps;C:\Users\STAR\AppData\Local\GitHubDesktop\bin;C:\Users\STAR\AppData\Local\Programs\Windsurf\bin;c:\Users\STAR\AppData\Local\Programs\cursor\resources\app\bin;C:\Program Files\MySQL\MySQL Shell 8.0\bin\;C:\composer;C:\xampp\php;C:\Users\STAR\AppData\Local\Microsoft\WindowsApps;C:\Users\STAR\AppData\Local\Programs\Microsoft VS Code\bin;C:\Users\STAR\AppData\Local\GitHubDesktop\bin;C:\Program Files\JetBrains\IntelliJ IDEA 2025.2.2\bin;C:\Users\STAR\AppData\Local\Programs\Windsurf\bin
USERNAME=STAR
OS=Windows_NT
PROCESSOR_IDENTIFIER=Intel64 Family 6 Model 140 Stepping 1, GenuineIntel
TMP=C:\Users\STAR\AppData\Local\Temp
TEMP=C:\Users\STAR\AppData\Local\Temp



Periodic native trim disabled


---------------  S Y S T E M  ---------------

OS:
 Windows 10 , 64 bit Build 19041 (10.0.19041.5915)
OS uptime: 0 days 10:05 hours

CPU: total 8 (initial active 8) (4 cores per cpu, 2 threads per core) family 6 model 140 stepping 1 microcode 0x9a, cx8, cmov, fxsr, ht, mmx, 3dnowpref, sse, sse2, sse3, ssse3, sse4.1, sse4.2, popcnt, lzcnt, tsc, tscinvbit, avx, avx2, aes, erms, clmul, bmi1, bmi2, adx, avx512f, avx512dq, avx512cd, avx512bw, avx512vl, sha, fma, vzeroupper, avx512_vpopcntdq, avx512_vpclmulqdq, avx512_vaes, avx512_vnni, clflush, clflushopt, clwb, avx512_vbmi2, avx512_vbmi
Processor Information for all 8 processors :
  Max Mhz: 2419, Current Mhz: 2419, Mhz Limit: 2419

Memory: 4k page, system-wide physical 7991M (508M free)
TotalPageFile size 32567M (AvailPageFile size 5M)
current process WorkingSet (physical memory assigned to process): 221M, peak: 224M
current process commit charge ("private bytes"): 303M, peak: 333M

vm_info: OpenJDK 64-Bit Server VM (17.0.18+8) for windows-amd64 JRE (17.0.18+8), built on Jan 20 2026 22:28:22 by "admin" with MS VC++ 17.12 (VS2022)

END.
