#
# There is insufficient memory for the Java Runtime Environment to continue.
# Native memory allocation (malloc) failed to allocate 93824 bytes. Error detail: Chunk::new
# Possible reasons:
#   The system is out of physical RAM or swap space
#   This process is running with CompressedOops enabled, and the Java Heap may be blocking the growth of the native heap
# Possible solutions:
#   Reduce memory load on the system
#   Increase physical memory or swap space
#   Check if swap backing store is full
#   Decrease Java heap size (-Xmx/-Xms)
#   Decrease number of Java threads
#   Decrease Java thread stack sizes (-Xss)
#   Set larger code cache with -XX:ReservedCodeCacheSize=
#   JVM is running with Unscaled Compressed Oops mode in which the Java heap is
#     placed in the first 4GB address space. The Java Heap base address is the
#     maximum limit for the native heap growth. Please use -XX:HeapBaseMinAddress
#     to set the Java Heap base and to place the Java Heap above 4GB virtual address.
# This output file may be truncated or incomplete.
#
#  Out of Memory Error (arena.cpp:191), pid=20844, tid=15900
#
# JRE version: OpenJDK Runtime Environment Temurin-17.0.18+8 (17.0.18+8) (build 17.0.18+8)
# Java VM: OpenJDK 64-Bit Server VM Temurin-17.0.18+8 (17.0.18+8, mixed mode, sharing, tiered, compressed oops, compressed class ptrs, g1 gc, windows-amd64)
# No core dump will be written. Minidumps are not enabled by default on client versions of Windows
#

---------------  S U M M A R Y ------------

Command Line: --module-path=C:\Users\STAR\.m2\repository\org\openjfx\javafx-base\21.0.2\javafx-base-21.0.2-win.jar;C:\Users\STAR\.m2\repository\org\openjfx\javafx-base\21.0.2\javafx-base-21.0.2.jar;C:\Users\STAR\.m2\repository\org\openjfx\javafx-controls\21.0.2\javafx-controls-21.0.2-win.jar;C:\Users\STAR\.m2\repository\org\openjfx\javafx-controls\21.0.2\javafx-controls-21.0.2.jar;C:\Users\STAR\.m2\repository\org\openjfx\javafx-fxml\21.0.2\javafx-fxml-21.0.2-win.jar;C:\Users\STAR\.m2\repository\org\openjfx\javafx-fxml\21.0.2\javafx-fxml-21.0.2.jar;C:\Users\STAR\.m2\repository\org\openjfx\javafx-graphics\21.0.2\javafx-graphics-21.0.2-win.jar;C:\Users\STAR\.m2\repository\org\openjfx\javafx-graphics\21.0.2\javafx-graphics-21.0.2.jar;C:\Users\STAR\.m2\repository\org\openjfx\javafx-swing\21.0.2\javafx-swing-21.0.2-win.jar;C:\Users\STAR\.m2\repository\org\openjfx\javafx-swing\21.0.2\javafx-swing-21.0.2.jar --add-modules=javafx.base,javafx.controls,javafx.fxml,javafx.graphics,javafx.swing rehla.MainFx

Host: 11th Gen Intel(R) Core(TM) i5-1135G7 @ 2.40GHz, 8 cores, 7G,  Windows 10 , 64 bit Build 19041 (10.0.19041.5915)
Time: Tue May 12 17:16:43 2026 Europe de l , 64 bit Build 19041 (10.0.19041.5915) elapsed time: 8.324061 seconds (0d 0h 0m 8s)

---------------  T H R E A D  ---------------

Current thread (0x0000029a549bc8a0):  JavaThread "C2 CompilerThread0" daemon [_thread_in_native, id=15900, stack(0x000000fd25700000,0x000000fd25800000)]


Current CompileTask:
C2:8324 3456       4       javafx.scene.Node::localToScene (21 bytes)

Stack: [0x000000fd25700000,0x000000fd25800000]
Native frames: (J=compiled Java code, j=interpreted, Vv=VM code, C=native code)
V  [jvm.dll+0x6846f9]
V  [jvm.dll+0x839ea5]
V  [jvm.dll+0x83b91e]
V  [jvm.dll+0x83bfa3]
V  [jvm.dll+0x248eff]
V  [jvm.dll+0xad496]
V  [jvm.dll+0xadb3c]
V  [jvm.dll+0x368c1e]
V  [jvm.dll+0x333055]
V  [jvm.dll+0x3324ba]
V  [jvm.dll+0x219db9]
V  [jvm.dll+0x219200]
V  [jvm.dll+0x1a4920]
V  [jvm.dll+0x22989a]
V  [jvm.dll+0x227a4b]
V  [jvm.dll+0x7f0658]
V  [jvm.dll+0x7eaaec]
V  [jvm.dll+0x6835c7]
C  [ucrtbase.dll+0x21bb2]
C  [KERNEL32.DLL+0x17374]
C  [ntdll.dll+0x4cc91]


---------------  P R O C E S S  ---------------

Threads class SMR info:
_java_thread_list=0x0000029aa0821760, length=21, elements={
0x0000029a34707f80, 0x0000029a5499c360, 0x0000029a5499cf20, 0x0000029a549b4840,
0x0000029a549b5400, 0x0000029a549ba1e0, 0x0000029a549baba0, 0x0000029a549bc8a0,
0x0000029a549c27b0, 0x0000029a549cb1c0, 0x0000029a54985300, 0x0000029a54c31840,
0x0000029a9a2a54b0, 0x0000029a9a3212b0, 0x0000029a9a3cd180, 0x0000029a9a661d00,
0x0000029a9a603330, 0x0000029a9a6f7210, 0x0000029a9a6f8140, 0x0000029a9a6f8b60,
0x0000029a9a6f5dd0
}

Java Threads: ( => current thread )
  0x0000029a34707f80 JavaThread "main" [_thread_blocked, id=21448, stack(0x000000fd24a00000,0x000000fd24b00000)]
  0x0000029a5499c360 JavaThread "Reference Handler" daemon [_thread_blocked, id=10824, stack(0x000000fd25100000,0x000000fd25200000)]
  0x0000029a5499cf20 JavaThread "Finalizer" daemon [_thread_blocked, id=8220, stack(0x000000fd25200000,0x000000fd25300000)]
  0x0000029a549b4840 JavaThread "Signal Dispatcher" daemon [_thread_blocked, id=13916, stack(0x000000fd25300000,0x000000fd25400000)]
  0x0000029a549b5400 JavaThread "Attach Listener" daemon [_thread_blocked, id=14880, stack(0x000000fd25400000,0x000000fd25500000)]
  0x0000029a549ba1e0 JavaThread "Service Thread" daemon [_thread_blocked, id=20780, stack(0x000000fd25500000,0x000000fd25600000)]
  0x0000029a549baba0 JavaThread "Monitor Deflation Thread" daemon [_thread_blocked, id=11196, stack(0x000000fd25600000,0x000000fd25700000)]
=>0x0000029a549bc8a0 JavaThread "C2 CompilerThread0" daemon [_thread_in_native, id=15900, stack(0x000000fd25700000,0x000000fd25800000)]
  0x0000029a549c27b0 JavaThread "C1 CompilerThread0" daemon [_thread_blocked, id=21480, stack(0x000000fd25800000,0x000000fd25900000)]
  0x0000029a549cb1c0 JavaThread "Sweeper thread" daemon [_thread_blocked, id=21056, stack(0x000000fd25900000,0x000000fd25a00000)]
  0x0000029a54985300 JavaThread "Common-Cleaner" daemon [_thread_blocked, id=9628, stack(0x000000fd25a00000,0x000000fd25b00000)]
  0x0000029a54c31840 JavaThread "Notification Thread" daemon [_thread_blocked, id=16424, stack(0x000000fd25b00000,0x000000fd25c00000)]
  0x0000029a9a2a54b0 JavaThread "QuantumRenderer-0" daemon [_thread_blocked, id=18344, stack(0x000000fd25d00000,0x000000fd25e00000)]
  0x0000029a9a3212b0 JavaThread "InvokeLaterDispatcher" daemon [_thread_blocked, id=5252, stack(0x000000fd25e00000,0x000000fd25f00000)]
  0x0000029a9a3cd180 JavaThread "JavaFX Application Thread" [_thread_in_native, id=11844, stack(0x000000fd25f00000,0x000000fd26000000)]
  0x0000029a9a661d00 JavaThread "JavaFX-Launcher" [_thread_blocked, id=8380, stack(0x000000fd26400000,0x000000fd26500000)]
  0x0000029a9a603330 JavaThread "Thread-2" daemon [_thread_in_native, id=14936, stack(0x000000fd26300000,0x000000fd26400000)]
  0x0000029a9a6f7210 JavaThread "mysql-cj-abandoned-connection-cleanup" daemon [_thread_blocked, id=20548, stack(0x000000fd26a00000,0x000000fd26b00000)]
  0x0000029a9a6f8140 JavaThread "pool-2-thread-1" [_thread_blocked, id=20336, stack(0x000000fd26b00000,0x000000fd26c00000)]
  0x0000029a9a6f8b60 JavaThread "Prism Font Disposer" daemon [_thread_blocked, id=20584, stack(0x000000fd27300000,0x000000fd27400000)]
  0x0000029a9a6f5dd0 JavaThread "Cleaner-0" daemon [_thread_blocked, id=19192, stack(0x000000fd27400000,0x000000fd27500000)]

Other Threads:
  0x0000029a54998570 VMThread "VM Thread" [stack: 0x000000fd25000000,0x000000fd25100000] [id=14800]
  0x0000029a34708f40 WatcherThread [stack: 0x000000fd25c00000,0x000000fd25d00000] [id=20964]
  0x0000029a34761980 GCTaskThread "GC Thread#0" [stack: 0x000000fd24b00000,0x000000fd24c00000] [id=21380]
  0x0000029a9a635480 GCTaskThread "GC Thread#1" [stack: 0x000000fd26500000,0x000000fd26600000] [id=13988]
  0x0000029a9a73d160 GCTaskThread "GC Thread#2" [stack: 0x000000fd26600000,0x000000fd26700000] [id=14256]
  0x0000029a9a624c20 GCTaskThread "GC Thread#3" [stack: 0x000000fd26700000,0x000000fd26800000] [id=20492]
  0x0000029a9a624ee0 GCTaskThread "GC Thread#4" [stack: 0x000000fd26800000,0x000000fd26900000] [id=16200]
  0x0000029a9a6251a0 GCTaskThread "GC Thread#5" [stack: 0x000000fd26900000,0x000000fd26a00000] [id=15640]
  0x0000029aa049b7a0 GCTaskThread "GC Thread#6" [stack: 0x000000fd26c00000,0x000000fd26d00000] [id=5616]
  0x0000029aa049ba60 GCTaskThread "GC Thread#7" [stack: 0x000000fd26d00000,0x000000fd26e00000] [id=20776]
  0x0000029a34772290 ConcurrentGCThread "G1 Main Marker" [stack: 0x000000fd24c00000,0x000000fd24d00000] [id=8600]
  0x0000029a34773450 ConcurrentGCThread "G1 Conc#0" [stack: 0x000000fd24d00000,0x000000fd24e00000] [id=21368]
  0x0000029aa0a8db30 ConcurrentGCThread "G1 Conc#1" [stack: 0x000000fd26f00000,0x000000fd27000000] [id=15484]
  0x0000029a548524d0 ConcurrentGCThread "G1 Refine#0" [stack: 0x000000fd24e00000,0x000000fd24f00000] [id=21440]
  0x0000029a54852f00 ConcurrentGCThread "G1 Service" [stack: 0x000000fd24f00000,0x000000fd25000000] [id=20988]

Threads with active compile tasks:
C2 CompilerThread0  8343 3456       4       javafx.scene.Node::localToScene (21 bytes)

VM state: not at safepoint (normal execution)

VM Mutex/Monitor currently owned by a thread: None

Heap address: 0x0000000083200000, size: 1998 MB, Compressed Oops mode: 32-bit

CDS archive(s) mapped at: [0x0000029a55000000-0x0000029a55bb0000-0x0000029a55bb0000), size 12255232, SharedBaseAddress: 0x0000029a55000000, ArchiveRelocationMode: 1.
Compressed class space mapped at: 0x0000029a56000000-0x0000029a96000000, reserved size: 1073741824
Narrow klass base: 0x0000029a55000000, Narrow klass shift: 0, Narrow klass range: 0x100000000

GC Precious Log:
 CPUs: 8 total, 8 available
 Memory: 7991M
 Large Page Support: Disabled
 NUMA Support: Disabled
 Compressed Oops: Enabled (32-bit)
 Heap Region Size: 1M
 Heap Min Capacity: 8M
 Heap Initial Capacity: 126M
 Heap Max Capacity: 1998M
 Pre-touch: Disabled
 Parallel Workers: 8
 Concurrent Workers: 2
 Concurrent Refinement Workers: 8
 Periodic GC: Disabled

Heap:
 garbage-first heap   total 186368K, used 93092K [0x0000000083200000, 0x0000000100000000)
  region size 1024K, 6 young (6144K), 2 survivors (2048K)
 Metaspace       used 24481K, committed 24768K, reserved 1114112K
  class space    used 3416K, committed 3520K, reserved 1048576K

Heap Regions: E=young(eden), S=young(survivor), O=old, HS=humongous(starts), HC=humongous(continues), CS=collection set, F=free, OA=open archive, CA=closed archive, TAMS=top-at-mark-start (previous, next)
|   0|0x0000000083200000, 0x0000000083300000, 0x0000000083300000|100%|HS|  |TAMS 0x0000000083300000, 0x0000000083200000| Complete 
|   1|0x0000000083300000, 0x0000000083400000, 0x0000000083400000|100%| O|  |TAMS 0x0000000083400000, 0x0000000083300000| Untracked 
|   2|0x0000000083400000, 0x0000000083500000, 0x0000000083500000|100%| O|  |TAMS 0x0000000083500000, 0x0000000083400000| Untracked 
|   3|0x0000000083500000, 0x0000000083600000, 0x0000000083600000|100%| O|  |TAMS 0x0000000083600000, 0x0000000083500000| Untracked 
|   4|0x0000000083600000, 0x0000000083700000, 0x0000000083700000|100%| O|  |TAMS 0x0000000083700000, 0x0000000083600000| Untracked 
|   5|0x0000000083700000, 0x0000000083800000, 0x0000000083800000|100%| O|  |TAMS 0x0000000083800000, 0x0000000083700000| Untracked 
|   6|0x0000000083800000, 0x0000000083900000, 0x0000000083900000|100%| O|  |TAMS 0x0000000083900000, 0x0000000083800000| Untracked 
|   7|0x0000000083900000, 0x0000000083a00000, 0x0000000083a00000|100%| O|  |TAMS 0x0000000083a00000, 0x0000000083900000| Untracked 
|   8|0x0000000083a00000, 0x0000000083b00000, 0x0000000083b00000|100%| O|  |TAMS 0x0000000083b00000, 0x0000000083a00000| Untracked 
|   9|0x0000000083b00000, 0x0000000083c00000, 0x0000000083c00000|100%|HS|  |TAMS 0x0000000083c00000, 0x0000000083b00000| Complete 
|  10|0x0000000083c00000, 0x0000000083d00000, 0x0000000083d00000|100%|HC|  |TAMS 0x0000000083d00000, 0x0000000083c00000| Complete 
|  11|0x0000000083d00000, 0x0000000083e00000, 0x0000000083e00000|100%|HC|  |TAMS 0x0000000083e00000, 0x0000000083d00000| Complete 
|  12|0x0000000083e00000, 0x0000000083f00000, 0x0000000083f00000|100%|HC|  |TAMS 0x0000000083f00000, 0x0000000083e00000| Complete 
|  13|0x0000000083f00000, 0x0000000084000000, 0x0000000084000000|100%|HC|  |TAMS 0x0000000084000000, 0x0000000083f00000| Complete 
|  14|0x0000000084000000, 0x0000000084100000, 0x0000000084100000|100%|HC|  |TAMS 0x0000000084100000, 0x0000000084000000| Complete 
|  15|0x0000000084100000, 0x0000000084200000, 0x0000000084200000|100%|HC|  |TAMS 0x0000000084200000, 0x0000000084100000| Complete 
|  16|0x0000000084200000, 0x0000000084300000, 0x0000000084300000|100%|HC|  |TAMS 0x0000000084300000, 0x0000000084200000| Complete 
|  17|0x0000000084300000, 0x0000000084400000, 0x0000000084400000|100%|HC|  |TAMS 0x0000000084400000, 0x0000000084300000| Complete 
|  18|0x0000000084400000, 0x0000000084500000, 0x0000000084500000|100%|HC|  |TAMS 0x0000000084500000, 0x0000000084400000| Complete 
|  19|0x0000000084500000, 0x0000000084600000, 0x0000000084600000|100%|HC|  |TAMS 0x0000000084600000, 0x0000000084500000| Complete 
|  20|0x0000000084600000, 0x0000000084700000, 0x0000000084700000|100%|HC|  |TAMS 0x0000000084700000, 0x0000000084600000| Complete 
|  21|0x0000000084700000, 0x0000000084800000, 0x0000000084800000|100%|HC|  |TAMS 0x0000000084800000, 0x0000000084700000| Complete 
|  22|0x0000000084800000, 0x0000000084900000, 0x0000000084900000|100%|HC|  |TAMS 0x0000000084900000, 0x0000000084800000| Complete 
|  23|0x0000000084900000, 0x0000000084a00000, 0x0000000084a00000|100%|HC|  |TAMS 0x0000000084a00000, 0x0000000084900000| Complete 
|  24|0x0000000084a00000, 0x0000000084b00000, 0x0000000084b00000|100%|HC|  |TAMS 0x0000000084b00000, 0x0000000084a00000| Complete 
|  25|0x0000000084b00000, 0x0000000084c00000, 0x0000000084c00000|100%|HC|  |TAMS 0x0000000084c00000, 0x0000000084b00000| Complete 
|  26|0x0000000084c00000, 0x0000000084d00000, 0x0000000084d00000|100%|HC|  |TAMS 0x0000000084d00000, 0x0000000084c00000| Complete 
|  27|0x0000000084d00000, 0x0000000084e00000, 0x0000000084e00000|100%|HC|  |TAMS 0x0000000084e00000, 0x0000000084d00000| Complete 
|  28|0x0000000084e00000, 0x0000000084f00000, 0x0000000084f00000|100%|HC|  |TAMS 0x0000000084f00000, 0x0000000084e00000| Complete 
|  29|0x0000000084f00000, 0x0000000085000000, 0x0000000085000000|100%|HC|  |TAMS 0x0000000085000000, 0x0000000084f00000| Complete 
|  30|0x0000000085000000, 0x0000000085100000, 0x0000000085100000|100%|HC|  |TAMS 0x0000000085100000, 0x0000000085000000| Complete 
|  31|0x0000000085100000, 0x0000000085200000, 0x0000000085200000|100%|HC|  |TAMS 0x0000000085200000, 0x0000000085100000| Complete 
|  32|0x0000000085200000, 0x0000000085300000, 0x0000000085300000|100%|HC|  |TAMS 0x0000000085300000, 0x0000000085200000| Complete 
|  33|0x0000000085300000, 0x0000000085400000, 0x0000000085400000|100%|HC|  |TAMS 0x0000000085400000, 0x0000000085300000| Complete 
|  34|0x0000000085400000, 0x0000000085500000, 0x0000000085500000|100%|HC|  |TAMS 0x0000000085500000, 0x0000000085400000| Complete 
|  35|0x0000000085500000, 0x0000000085600000, 0x0000000085600000|100%|HC|  |TAMS 0x0000000085600000, 0x0000000085500000| Complete 
|  36|0x0000000085600000, 0x0000000085700000, 0x0000000085700000|100%|HC|  |TAMS 0x0000000085700000, 0x0000000085600000| Complete 
|  37|0x0000000085700000, 0x0000000085800000, 0x0000000085800000|100%|HC|  |TAMS 0x0000000085800000, 0x0000000085700000| Complete 
|  38|0x0000000085800000, 0x0000000085900000, 0x0000000085900000|100%|HC|  |TAMS 0x0000000085900000, 0x0000000085800000| Complete 
|  39|0x0000000085900000, 0x0000000085a00000, 0x0000000085a00000|100%|HC|  |TAMS 0x0000000085a00000, 0x0000000085900000| Complete 
|  40|0x0000000085a00000, 0x0000000085b00000, 0x0000000085b00000|100%|HC|  |TAMS 0x0000000085b00000, 0x0000000085a00000| Complete 
|  41|0x0000000085b00000, 0x0000000085c00000, 0x0000000085c00000|100%|HC|  |TAMS 0x0000000085c00000, 0x0000000085b00000| Complete 
|  42|0x0000000085c00000, 0x0000000085d00000, 0x0000000085d00000|100%|HC|  |TAMS 0x0000000085d00000, 0x0000000085c00000| Complete 
|  43|0x0000000085d00000, 0x0000000085e00000, 0x0000000085e00000|100%|HC|  |TAMS 0x0000000085e00000, 0x0000000085d00000| Complete 
|  44|0x0000000085e00000, 0x0000000085f00000, 0x0000000085f00000|100%|HC|  |TAMS 0x0000000085f00000, 0x0000000085e00000| Complete 
|  45|0x0000000085f00000, 0x0000000086000000, 0x0000000086000000|100%|HC|  |TAMS 0x0000000086000000, 0x0000000085f00000| Complete 
|  46|0x0000000086000000, 0x0000000086100000, 0x0000000086100000|100%|HC|  |TAMS 0x0000000086100000, 0x0000000086000000| Complete 
|  47|0x0000000086100000, 0x0000000086200000, 0x0000000086200000|100%|HC|  |TAMS 0x0000000086200000, 0x0000000086100000| Complete 
|  48|0x0000000086200000, 0x0000000086300000, 0x0000000086300000|100%|HC|  |TAMS 0x0000000086300000, 0x0000000086200000| Complete 
|  49|0x0000000086300000, 0x0000000086400000, 0x0000000086400000|100%|HC|  |TAMS 0x0000000086400000, 0x0000000086300000| Complete 
|  50|0x0000000086400000, 0x0000000086500000, 0x0000000086500000|100%|HC|  |TAMS 0x0000000086500000, 0x0000000086400000| Complete 
|  51|0x0000000086500000, 0x0000000086600000, 0x0000000086600000|100%|HC|  |TAMS 0x0000000086600000, 0x0000000086500000| Complete 
|  52|0x0000000086600000, 0x0000000086700000, 0x0000000086700000|100%|HC|  |TAMS 0x0000000086700000, 0x0000000086600000| Complete 
|  53|0x0000000086700000, 0x0000000086800000, 0x0000000086800000|100%|HC|  |TAMS 0x0000000086800000, 0x0000000086700000| Complete 
|  54|0x0000000086800000, 0x0000000086900000, 0x0000000086900000|100%|HC|  |TAMS 0x0000000086900000, 0x0000000086800000| Complete 
|  55|0x0000000086900000, 0x0000000086a00000, 0x0000000086a00000|100%|HS|  |TAMS 0x0000000086a00000, 0x0000000086900000| Complete 
|  56|0x0000000086a00000, 0x0000000086b00000, 0x0000000086b00000|100%|HC|  |TAMS 0x0000000086b00000, 0x0000000086a00000| Complete 
|  57|0x0000000086b00000, 0x0000000086c00000, 0x0000000086c00000|100%|HC|  |TAMS 0x0000000086c00000, 0x0000000086b00000| Complete 
|  58|0x0000000086c00000, 0x0000000086d00000, 0x0000000086d00000|100%|HC|  |TAMS 0x0000000086d00000, 0x0000000086c00000| Complete 
|  59|0x0000000086d00000, 0x0000000086e00000, 0x0000000086e00000|100%|HC|  |TAMS 0x0000000086e00000, 0x0000000086d00000| Complete 
|  60|0x0000000086e00000, 0x0000000086f00000, 0x0000000086f00000|100%|HC|  |TAMS 0x0000000086f00000, 0x0000000086e00000| Complete 
|  61|0x0000000086f00000, 0x0000000087000000, 0x0000000087000000|100%|HC|  |TAMS 0x0000000087000000, 0x0000000086f00000| Complete 
|  62|0x0000000087000000, 0x0000000087100000, 0x0000000087100000|100%|HC|  |TAMS 0x0000000087100000, 0x0000000087000000| Complete 
|  63|0x0000000087100000, 0x0000000087200000, 0x0000000087200000|100%|HC|  |TAMS 0x0000000087200000, 0x0000000087100000| Complete 
|  64|0x0000000087200000, 0x0000000087300000, 0x0000000087300000|100%|HC|  |TAMS 0x0000000087300000, 0x0000000087200000| Complete 
|  65|0x0000000087300000, 0x0000000087400000, 0x0000000087400000|100%|HC|  |TAMS 0x0000000087400000, 0x0000000087300000| Complete 
|  66|0x0000000087400000, 0x0000000087500000, 0x0000000087500000|100%|HC|  |TAMS 0x0000000087500000, 0x0000000087400000| Complete 
|  67|0x0000000087500000, 0x0000000087600000, 0x0000000087600000|100%|HC|  |TAMS 0x0000000087600000, 0x0000000087500000| Complete 
|  68|0x0000000087600000, 0x0000000087700000, 0x0000000087700000|100%|HC|  |TAMS 0x0000000087700000, 0x0000000087600000| Complete 
|  69|0x0000000087700000, 0x0000000087800000, 0x0000000087800000|100%|HC|  |TAMS 0x0000000087800000, 0x0000000087700000| Complete 
|  70|0x0000000087800000, 0x0000000087900000, 0x0000000087900000|100%|HC|  |TAMS 0x0000000087900000, 0x0000000087800000| Complete 
|  71|0x0000000087900000, 0x0000000087a00000, 0x0000000087a00000|100%|HC|  |TAMS 0x0000000087a00000, 0x0000000087900000| Complete 
|  72|0x0000000087a00000, 0x0000000087b00000, 0x0000000087b00000|100%|HC|  |TAMS 0x0000000087b00000, 0x0000000087a00000| Complete 
|  73|0x0000000087b00000, 0x0000000087c00000, 0x0000000087c00000|100%|HC|  |TAMS 0x0000000087c00000, 0x0000000087b00000| Complete 
|  74|0x0000000087c00000, 0x0000000087d00000, 0x0000000087d00000|100%|HC|  |TAMS 0x0000000087d00000, 0x0000000087c00000| Complete 
|  75|0x0000000087d00000, 0x0000000087e00000, 0x0000000087e00000|100%|HC|  |TAMS 0x0000000087e00000, 0x0000000087d00000| Complete 
|  76|0x0000000087e00000, 0x0000000087f00000, 0x0000000087f00000|100%|HC|  |TAMS 0x0000000087f00000, 0x0000000087e00000| Complete 
|  77|0x0000000087f00000, 0x0000000088000000, 0x0000000088000000|100%|HC|  |TAMS 0x0000000088000000, 0x0000000087f00000| Complete 
|  78|0x0000000088000000, 0x0000000088100000, 0x0000000088100000|100%| O|  |TAMS 0x0000000088100000, 0x0000000088000000| Untracked 
|  79|0x0000000088100000, 0x0000000088200000, 0x0000000088200000|100%| O|  |TAMS 0x0000000088200000, 0x0000000088100000| Untracked 
|  80|0x0000000088200000, 0x0000000088300000, 0x0000000088300000|100%| O|  |TAMS 0x00000000882efa08, 0x0000000088200000| Untracked 
|  81|0x0000000088300000, 0x0000000088400000, 0x0000000088400000|100%|HS|  |TAMS 0x0000000088300000, 0x0000000088300000| Complete 
|  82|0x0000000088400000, 0x0000000088500000, 0x0000000088500000|100%|HC|  |TAMS 0x0000000088400000, 0x0000000088400000| Complete 
|  83|0x0000000088500000, 0x0000000088500000, 0x0000000088600000|  0%| F|  |TAMS 0x0000000088500000, 0x0000000088500000| Untracked 
|  84|0x0000000088600000, 0x0000000088600000, 0x0000000088700000|  0%| F|  |TAMS 0x0000000088600000, 0x0000000088600000| Untracked 
|  85|0x0000000088700000, 0x0000000088700000, 0x0000000088800000|  0%| F|  |TAMS 0x0000000088700000, 0x0000000088700000| Untracked 
|  86|0x0000000088800000, 0x0000000088800000, 0x0000000088900000|  0%| F|  |TAMS 0x0000000088800000, 0x0000000088800000| Untracked 
|  87|0x0000000088900000, 0x0000000088900000, 0x0000000088a00000|  0%| F|  |TAMS 0x0000000088900000, 0x0000000088900000| Untracked 
|  88|0x0000000088a00000, 0x0000000088a00000, 0x0000000088b00000|  0%| F|  |TAMS 0x0000000088a00000, 0x0000000088a00000| Untracked 
|  89|0x0000000088b00000, 0x0000000088b00000, 0x0000000088c00000|  0%| F|  |TAMS 0x0000000088b00000, 0x0000000088b00000| Untracked 
|  90|0x0000000088c00000, 0x0000000088c00000, 0x0000000088d00000|  0%| F|  |TAMS 0x0000000088c00000, 0x0000000088c00000| Untracked 
|  91|0x0000000088d00000, 0x0000000088d00000, 0x0000000088e00000|  0%| F|  |TAMS 0x0000000088d00000, 0x0000000088d00000| Untracked 
|  92|0x0000000088e00000, 0x0000000088e00000, 0x0000000088f00000|  0%| F|  |TAMS 0x0000000088e00000, 0x0000000088e00000| Untracked 
|  93|0x0000000088f00000, 0x0000000088f00000, 0x0000000089000000|  0%| F|  |TAMS 0x0000000088f00000, 0x0000000088f00000| Untracked 
|  94|0x0000000089000000, 0x0000000089000000, 0x0000000089100000|  0%| F|  |TAMS 0x0000000089000000, 0x0000000089000000| Untracked 
|  95|0x0000000089100000, 0x0000000089100000, 0x0000000089200000|  0%| F|  |TAMS 0x0000000089100000, 0x0000000089100000| Untracked 
|  96|0x0000000089200000, 0x0000000089200000, 0x0000000089300000|  0%| F|  |TAMS 0x0000000089200000, 0x0000000089200000| Untracked 
|  97|0x0000000089300000, 0x0000000089300000, 0x0000000089400000|  0%| F|  |TAMS 0x0000000089300000, 0x0000000089300000| Untracked 
|  98|0x0000000089400000, 0x0000000089400000, 0x0000000089500000|  0%| F|  |TAMS 0x0000000089400000, 0x0000000089400000| Untracked 
|  99|0x0000000089500000, 0x0000000089500000, 0x0000000089600000|  0%| F|  |TAMS 0x0000000089500000, 0x0000000089500000| Untracked 
| 100|0x0000000089600000, 0x0000000089600000, 0x0000000089700000|  0%| F|  |TAMS 0x0000000089600000, 0x0000000089600000| Untracked 
| 101|0x0000000089700000, 0x0000000089700000, 0x0000000089800000|  0%| F|  |TAMS 0x0000000089700000, 0x0000000089700000| Untracked 
| 102|0x0000000089800000, 0x0000000089800000, 0x0000000089900000|  0%| F|  |TAMS 0x0000000089800000, 0x0000000089800000| Untracked 
| 103|0x0000000089900000, 0x0000000089900000, 0x0000000089a00000|  0%| F|  |TAMS 0x0000000089900000, 0x0000000089900000| Untracked 
| 104|0x0000000089a00000, 0x0000000089b00000, 0x0000000089b00000|100%| O|  |TAMS 0x0000000089a00000, 0x0000000089a00000| Untracked 
| 105|0x0000000089b00000, 0x0000000089c00000, 0x0000000089c00000|100%| O|  |TAMS 0x0000000089b00000, 0x0000000089b00000| Untracked 
| 106|0x0000000089c00000, 0x0000000089d00000, 0x0000000089d00000|100%| O|  |TAMS 0x0000000089c00000, 0x0000000089c00000| Untracked 
| 107|0x0000000089d00000, 0x0000000089e00000, 0x0000000089e00000|100%| O|  |TAMS 0x0000000089d00000, 0x0000000089d00000| Untracked 
| 108|0x0000000089e00000, 0x0000000089ea3c00, 0x0000000089f00000| 63%| O|  |TAMS 0x0000000089e00000, 0x0000000089e00000| Untracked 
| 109|0x0000000089f00000, 0x0000000089f00000, 0x000000008a000000|  0%| F|  |TAMS 0x0000000089f00000, 0x0000000089f00000| Untracked 
| 110|0x000000008a000000, 0x000000008a000000, 0x000000008a100000|  0%| F|  |TAMS 0x000000008a000000, 0x000000008a000000| Untracked 
| 111|0x000000008a100000, 0x000000008a100000, 0x000000008a200000|  0%| F|  |TAMS 0x000000008a100000, 0x000000008a100000| Untracked 
| 112|0x000000008a200000, 0x000000008a200000, 0x000000008a300000|  0%| F|  |TAMS 0x000000008a200000, 0x000000008a200000| Untracked 
| 113|0x000000008a300000, 0x000000008a300000, 0x000000008a400000|  0%| F|  |TAMS 0x000000008a300000, 0x000000008a300000| Untracked 
| 114|0x000000008a400000, 0x000000008a400000, 0x000000008a500000|  0%| F|  |TAMS 0x000000008a400000, 0x000000008a400000| Untracked 
| 115|0x000000008a500000, 0x000000008a500000, 0x000000008a600000|  0%| F|  |TAMS 0x000000008a500000, 0x000000008a500000| Untracked 
| 116|0x000000008a600000, 0x000000008a600000, 0x000000008a700000|  0%| F|  |TAMS 0x000000008a600000, 0x000000008a600000| Untracked 
| 117|0x000000008a700000, 0x000000008a700000, 0x000000008a800000|  0%| F|  |TAMS 0x000000008a700000, 0x000000008a700000| Untracked 
| 118|0x000000008a800000, 0x000000008a800000, 0x000000008a900000|  0%| F|  |TAMS 0x000000008a800000, 0x000000008a800000| Untracked 
| 119|0x000000008a900000, 0x000000008a900000, 0x000000008aa00000|  0%| F|  |TAMS 0x000000008a900000, 0x000000008a900000| Untracked 
| 120|0x000000008aa00000, 0x000000008aa00000, 0x000000008ab00000|  0%| F|  |TAMS 0x000000008aa00000, 0x000000008aa00000| Untracked 
| 121|0x000000008ab00000, 0x000000008ab00000, 0x000000008ac00000|  0%| F|  |TAMS 0x000000008ab00000, 0x000000008ab00000| Untracked 
| 122|0x000000008ac00000, 0x000000008ac00000, 0x000000008ad00000|  0%| F|  |TAMS 0x000000008ac00000, 0x000000008ac00000| Untracked 
| 123|0x000000008ad00000, 0x000000008ad00000, 0x000000008ae00000|  0%| F|  |TAMS 0x000000008ad00000, 0x000000008ad00000| Untracked 
| 124|0x000000008ae00000, 0x000000008ae00000, 0x000000008af00000|  0%| F|  |TAMS 0x000000008ae00000, 0x000000008ae00000| Untracked 
| 125|0x000000008af00000, 0x000000008af00000, 0x000000008b000000|  0%| F|  |TAMS 0x000000008af00000, 0x000000008af00000| Untracked 
| 126|0x000000008b000000, 0x000000008b000000, 0x000000008b100000|  0%| F|  |TAMS 0x000000008b000000, 0x000000008b000000| Untracked 
| 127|0x000000008b100000, 0x000000008b100000, 0x000000008b200000|  0%| F|  |TAMS 0x000000008b100000, 0x000000008b100000| Untracked 
| 128|0x000000008b200000, 0x000000008b200000, 0x000000008b300000|  0%| F|  |TAMS 0x000000008b200000, 0x000000008b200000| Untracked 
| 129|0x000000008b300000, 0x000000008b300000, 0x000000008b400000|  0%| F|  |TAMS 0x000000008b300000, 0x000000008b300000| Untracked 
| 130|0x000000008b400000, 0x000000008b400000, 0x000000008b500000|  0%| F|  |TAMS 0x000000008b400000, 0x000000008b400000| Untracked 
| 131|0x000000008b500000, 0x000000008b500000, 0x000000008b600000|  0%| F|  |TAMS 0x000000008b500000, 0x000000008b500000| Untracked 
| 132|0x000000008b600000, 0x000000008b600000, 0x000000008b700000|  0%| F|  |TAMS 0x000000008b600000, 0x000000008b600000| Untracked 
| 133|0x000000008b700000, 0x000000008b700000, 0x000000008b800000|  0%| F|  |TAMS 0x000000008b700000, 0x000000008b700000| Untracked 
| 134|0x000000008b800000, 0x000000008b800000, 0x000000008b900000|  0%| F|  |TAMS 0x000000008b800000, 0x000000008b800000| Untracked 
| 135|0x000000008b900000, 0x000000008b900000, 0x000000008ba00000|  0%| F|  |TAMS 0x000000008b900000, 0x000000008b900000| Untracked 
| 136|0x000000008ba00000, 0x000000008ba00000, 0x000000008bb00000|  0%| F|  |TAMS 0x000000008ba00000, 0x000000008ba00000| Untracked 
| 137|0x000000008bb00000, 0x000000008bb00000, 0x000000008bc00000|  0%| F|  |TAMS 0x000000008bb00000, 0x000000008bb00000| Untracked 
| 138|0x000000008bc00000, 0x000000008bc00000, 0x000000008bd00000|  0%| F|  |TAMS 0x000000008bc00000, 0x000000008bc00000| Untracked 
| 139|0x000000008bd00000, 0x000000008bd00000, 0x000000008be00000|  0%| F|  |TAMS 0x000000008bd00000, 0x000000008bd00000| Untracked 
| 140|0x000000008be00000, 0x000000008be00000, 0x000000008bf00000|  0%| F|  |TAMS 0x000000008be00000, 0x000000008be00000| Untracked 
| 141|0x000000008bf00000, 0x000000008bf00000, 0x000000008c000000|  0%| F|  |TAMS 0x000000008bf00000, 0x000000008bf00000| Untracked 
| 142|0x000000008c000000, 0x000000008c000000, 0x000000008c100000|  0%| F|  |TAMS 0x000000008c000000, 0x000000008c000000| Untracked 
| 143|0x000000008c100000, 0x000000008c100000, 0x000000008c200000|  0%| F|  |TAMS 0x000000008c100000, 0x000000008c100000| Untracked 
| 144|0x000000008c200000, 0x000000008c200000, 0x000000008c300000|  0%| F|  |TAMS 0x000000008c200000, 0x000000008c200000| Untracked 
| 145|0x000000008c300000, 0x000000008c300000, 0x000000008c400000|  0%| F|  |TAMS 0x000000008c300000, 0x000000008c300000| Untracked 
| 146|0x000000008c400000, 0x000000008c400000, 0x000000008c500000|  0%| F|  |TAMS 0x000000008c400000, 0x000000008c400000| Untracked 
| 147|0x000000008c500000, 0x000000008c500000, 0x000000008c600000|  0%| F|  |TAMS 0x000000008c500000, 0x000000008c500000| Untracked 
| 148|0x000000008c600000, 0x000000008c600000, 0x000000008c700000|  0%| F|  |TAMS 0x000000008c600000, 0x000000008c600000| Untracked 
| 149|0x000000008c700000, 0x000000008c700000, 0x000000008c800000|  0%| F|  |TAMS 0x000000008c700000, 0x000000008c700000| Untracked 
| 150|0x000000008c800000, 0x000000008c800000, 0x000000008c900000|  0%| F|  |TAMS 0x000000008c800000, 0x000000008c800000| Untracked 
| 151|0x000000008c900000, 0x000000008c900000, 0x000000008ca00000|  0%| F|  |TAMS 0x000000008c900000, 0x000000008c900000| Untracked 
| 152|0x000000008ca00000, 0x000000008ca00000, 0x000000008cb00000|  0%| F|  |TAMS 0x000000008ca00000, 0x000000008ca00000| Untracked 
| 153|0x000000008cb00000, 0x000000008cb00000, 0x000000008cc00000|  0%| F|  |TAMS 0x000000008cb00000, 0x000000008cb00000| Untracked 
| 154|0x000000008cc00000, 0x000000008cc00000, 0x000000008cd00000|  0%| F|  |TAMS 0x000000008cc00000, 0x000000008cc00000| Untracked 
| 155|0x000000008cd00000, 0x000000008cd00000, 0x000000008ce00000|  0%| F|  |TAMS 0x000000008cd00000, 0x000000008cd00000| Untracked 
| 156|0x000000008ce00000, 0x000000008ce00000, 0x000000008cf00000|  0%| F|  |TAMS 0x000000008ce00000, 0x000000008ce00000| Untracked 
| 157|0x000000008cf00000, 0x000000008cf00000, 0x000000008d000000|  0%| F|  |TAMS 0x000000008cf00000, 0x000000008cf00000| Untracked 
| 158|0x000000008d000000, 0x000000008d000000, 0x000000008d100000|  0%| F|  |TAMS 0x000000008d000000, 0x000000008d000000| Untracked 
| 159|0x000000008d100000, 0x000000008d100000, 0x000000008d200000|  0%| F|  |TAMS 0x000000008d100000, 0x000000008d100000| Untracked 
| 160|0x000000008d200000, 0x000000008d200000, 0x000000008d300000|  0%| F|  |TAMS 0x000000008d200000, 0x000000008d200000| Untracked 
| 161|0x000000008d300000, 0x000000008d300000, 0x000000008d400000|  0%| F|  |TAMS 0x000000008d300000, 0x000000008d300000| Untracked 
| 162|0x000000008d400000, 0x000000008d400000, 0x000000008d500000|  0%| F|  |TAMS 0x000000008d400000, 0x000000008d400000| Untracked 
| 163|0x000000008d500000, 0x000000008d500000, 0x000000008d600000|  0%| F|  |TAMS 0x000000008d500000, 0x000000008d500000| Untracked 
| 164|0x000000008d600000, 0x000000008d600000, 0x000000008d700000|  0%| F|  |TAMS 0x000000008d600000, 0x000000008d600000| Untracked 
| 165|0x000000008d700000, 0x000000008d700000, 0x000000008d800000|  0%| F|  |TAMS 0x000000008d700000, 0x000000008d700000| Untracked 
| 166|0x000000008d800000, 0x000000008d800000, 0x000000008d900000|  0%| F|  |TAMS 0x000000008d800000, 0x000000008d800000| Untracked 
| 167|0x000000008d900000, 0x000000008d900000, 0x000000008da00000|  0%| F|  |TAMS 0x000000008d900000, 0x000000008d900000| Untracked 
| 168|0x000000008da00000, 0x000000008da00000, 0x000000008db00000|  0%| F|  |TAMS 0x000000008da00000, 0x000000008da00000| Untracked 
| 169|0x000000008db00000, 0x000000008db00000, 0x000000008dc00000|  0%| F|  |TAMS 0x000000008db00000, 0x000000008db00000| Untracked 
| 170|0x000000008dc00000, 0x000000008dc00000, 0x000000008dd00000|  0%| F|  |TAMS 0x000000008dc00000, 0x000000008dc00000| Untracked 
| 171|0x000000008dd00000, 0x000000008dd00000, 0x000000008de00000|  0%| F|  |TAMS 0x000000008dd00000, 0x000000008dd00000| Untracked 
| 172|0x000000008de00000, 0x000000008de00000, 0x000000008df00000|  0%| F|  |TAMS 0x000000008de00000, 0x000000008de00000| Untracked 
| 173|0x000000008df00000, 0x000000008df00000, 0x000000008e000000|  0%| F|  |TAMS 0x000000008df00000, 0x000000008df00000| Untracked 
| 174|0x000000008e000000, 0x000000008e000000, 0x000000008e100000|  0%| F|  |TAMS 0x000000008e000000, 0x000000008e000000| Untracked 
| 175|0x000000008e100000, 0x000000008e145640, 0x000000008e200000| 27%| S|CS|TAMS 0x000000008e100000, 0x000000008e100000| Complete 
| 176|0x000000008e200000, 0x000000008e300000, 0x000000008e300000|100%| S|CS|TAMS 0x000000008e200000, 0x000000008e200000| Complete 
| 177|0x000000008e300000, 0x000000008e300000, 0x000000008e400000|  0%| F|  |TAMS 0x000000008e300000, 0x000000008e300000| Untracked 
| 178|0x000000008e400000, 0x000000008e500000, 0x000000008e500000|100%| E|  |TAMS 0x000000008e400000, 0x000000008e400000| Complete 
| 179|0x000000008e500000, 0x000000008e600000, 0x000000008e600000|100%| E|CS|TAMS 0x000000008e500000, 0x000000008e500000| Complete 
| 180|0x000000008e600000, 0x000000008e700000, 0x000000008e700000|100%| E|CS|TAMS 0x000000008e600000, 0x000000008e600000| Complete 
| 181|0x000000008e700000, 0x000000008e800000, 0x000000008e800000|100%| E|  |TAMS 0x000000008e700000, 0x000000008e700000| Complete 

Card table byte_map: [0x0000029a4d8a0000,0x0000029a4dc90000] _byte_map_base: 0x0000029a4d487000

Marking Bits (Prev, Next): (CMBitMap*) 0x0000029a34761fe0, (CMBitMap*) 0x0000029a34761fa0
 Prev Bits: [0x0000029a4ffc0000, 0x0000029a51ef8000)
 Next Bits: [0x0000029a4e080000, 0x0000029a4ffb8000)

Polling page: 0x0000029a347c0000

Metaspace:

Usage:
  Non-class:     20.57 MB used.
      Class:      3.34 MB used.
       Both:     23.91 MB used.

Virtual space:
  Non-class space:       64.00 MB reserved,      20.75 MB ( 32%) committed,  1 nodes.
      Class space:        1.00 GB reserved,       3.44 MB ( <1%) committed,  1 nodes.
             Both:        1.06 GB reserved,      24.19 MB (  2%) committed. 

Chunk freelists:
   Non-Class:  11.11 MB
       Class:  12.57 MB
        Both:  23.67 MB

MaxMetaspaceSize: unlimited
CompressedClassSpaceSize: 1.00 GB
Initial GC threshold: 21.00 MB
Current GC threshold: 39.50 MB
CDS: on
MetaspaceReclaimPolicy: balanced
 - commit_granule_bytes: 65536.
 - commit_granule_words: 8192.
 - virtual_space_node_default_size: 8388608.
 - enlarge_chunks_in_place: 1.
 - new_chunks_are_fully_committed: 0.
 - uncommit_free_chunks: 1.
 - use_allocation_guard: 0.
 - handle_deallocations: 1.


Internal statistics:

num_allocs_failed_limit: 0.
num_arena_births: 238.
num_arena_deaths: 0.
num_vsnodes_births: 2.
num_vsnodes_deaths: 0.
num_space_committed: 387.
num_space_uncommitted: 0.
num_chunks_returned_to_freelist: 0.
num_chunks_taken_from_freelist: 936.
num_chunk_merges: 0.
num_chunk_splits: 647.
num_chunks_enlarged: 505.
num_inconsistent_stats: 0.

CodeHeap 'non-profiled nmethods': size=120000Kb used=1310Kb max_used=1310Kb free=118689Kb
 bounds [0x0000029a45520000, 0x0000029a45790000, 0x0000029a4ca50000]
CodeHeap 'profiled nmethods': size=120000Kb used=6318Kb max_used=6318Kb free=113682Kb
 bounds [0x0000029a3da50000, 0x0000029a3e080000, 0x0000029a44f80000]
CodeHeap 'non-nmethods': size=5760Kb used=1522Kb max_used=1539Kb free=4238Kb
 bounds [0x0000029a44f80000, 0x0000029a451f0000, 0x0000029a45520000]
 total_blobs=4343 nmethods=3457 adapters=798
 compilation: enabled
              stopped_count=0, restarted_count=0
 full_count=0

Compilation events (20 events):
Event: 8.144 Thread 0x0000029a549bc8a0 nmethod 3446 0x0000029a45666f90 code [0x0000029a45667120, 0x0000029a45667278]
Event: 8.166 Thread 0x0000029a549c27b0 3447       3       java.util.concurrent.locks.AbstractQueuedSynchronizer$ConditionNode::<init> (5 bytes)
Event: 8.166 Thread 0x0000029a549c27b0 nmethod 3447 0x0000029a3e076e10 code [0x0000029a3e076fc0, 0x0000029a3e077178]
Event: 8.166 Thread 0x0000029a549c27b0 3448       3       java.util.concurrent.locks.AbstractQueuedSynchronizer$ConditionObject::enableWait (84 bytes)
Event: 8.166 Thread 0x0000029a549c27b0 nmethod 3448 0x0000029a3e077290 code [0x0000029a3e0774c0, 0x0000029a3e077c08]
Event: 8.182 Thread 0x0000029a549c27b0 3449       3       java.util.concurrent.ForkJoinPool::managedBlock (36 bytes)
Event: 8.182 Thread 0x0000029a549c27b0 nmethod 3449 0x0000029a3e077e90 code [0x0000029a3e0780a0, 0x0000029a3e078838]
Event: 8.182 Thread 0x0000029a549c27b0 3450       3       java.util.concurrent.ForkJoinPool::unmanagedBlock (31 bytes)
Event: 8.182 Thread 0x0000029a549c27b0 nmethod 3450 0x0000029a3e078a10 code [0x0000029a3e078be0, 0x0000029a3e079048]
Event: 8.214 Thread 0x0000029a549c27b0 3451       3       java.util.concurrent.locks.AbstractQueuedSynchronizer::enqueue (60 bytes)
Event: 8.215 Thread 0x0000029a549c27b0 nmethod 3451 0x0000029a3e079190 code [0x0000029a3e079380, 0x0000029a3e0797f8]
Event: 8.215 Thread 0x0000029a549c27b0 3452       3       java.util.concurrent.locks.ReentrantLock$NonfairSync::tryAcquire (27 bytes)
Event: 8.215 Thread 0x0000029a549c27b0 nmethod 3452 0x0000029a3e079990 code [0x0000029a3e079b40, 0x0000029a3e079dc8]
Event: 8.234 Thread 0x0000029a549c27b0 3453       3       com.sun.javafx.event.EventDispatchChainImpl::reset (44 bytes)
Event: 8.235 Thread 0x0000029a549c27b0 nmethod 3453 0x0000029a3e079e90 code [0x0000029a3e07a040, 0x0000029a3e07a3d8]
Event: 8.255 Thread 0x0000029a549c27b0 3454       3       java.util.concurrent.CopyOnWriteArrayList::size (6 bytes)
Event: 8.255 Thread 0x0000029a549c27b0 nmethod 3454 0x0000029a3e07a510 code [0x0000029a3e07a6a0, 0x0000029a3e07a7d8]
Event: 8.311 Thread 0x0000029a549bc8a0 3455       4       java.util.WeakHashMap$HashIterator::hasNext (95 bytes)
Event: 8.315 Thread 0x0000029a549bc8a0 nmethod 3455 0x0000029a45667410 code [0x0000029a456675a0, 0x0000029a45667a58]
Event: 8.318 Thread 0x0000029a549bc8a0 3456       4       javafx.scene.Node::localToScene (21 bytes)

GC Heap History (10 events):
Event: 0.593 GC heap before
{Heap before GC invocations=0 (full 0):
 garbage-first heap   total 129024K, used 23552K [0x0000000083200000, 0x0000000100000000)
  region size 1024K, 23 young (23552K), 0 survivors (0K)
 Metaspace       used 4448K, committed 4672K, reserved 1114112K
  class space    used 514K, committed 640K, reserved 1048576K
}
Event: 0.597 GC heap after
{Heap after GC invocations=1 (full 0):
 garbage-first heap   total 129024K, used 7410K [0x0000000083200000, 0x0000000100000000)
  region size 1024K, 3 young (3072K), 3 survivors (3072K)
 Metaspace       used 4448K, committed 4672K, reserved 1114112K
  class space    used 514K, committed 640K, reserved 1048576K
}
Event: 1.306 GC heap before
{Heap before GC invocations=1 (full 0):
 garbage-first heap   total 129024K, used 36082K [0x0000000083200000, 0x0000000100000000)
  region size 1024K, 30 young (30720K), 3 survivors (3072K)
 Metaspace       used 16933K, committed 17152K, reserved 1114112K
  class space    used 2090K, committed 2176K, reserved 1048576K
}
Event: 1.311 GC heap after
{Heap after GC invocations=2 (full 0):
 garbage-first heap   total 129024K, used 12210K [0x0000000083200000, 0x0000000100000000)
  region size 1024K, 4 young (4096K), 4 survivors (4096K)
 Metaspace       used 16933K, committed 17152K, reserved 1114112K
  class space    used 2090K, committed 2176K, reserved 1048576K
}
Event: 1.483 GC heap before
{Heap before GC invocations=2 (full 0):
 garbage-first heap   total 129024K, used 72626K [0x0000000083200000, 0x0000000100000000)
  region size 1024K, 18 young (18432K), 4 survivors (4096K)
 Metaspace       used 19551K, committed 19840K, reserved 1114112K
  class space    used 2553K, committed 2688K, reserved 1048576K
}
Event: 1.486 GC heap after
{Heap after GC invocations=3 (full 0):
 garbage-first heap   total 129024K, used 61726K [0x0000000083200000, 0x0000000100000000)
  region size 1024K, 7 young (7168K), 7 survivors (7168K)
 Metaspace       used 19551K, committed 19840K, reserved 1114112K
  class space    used 2553K, committed 2688K, reserved 1048576K
}
Event: 2.244 GC heap before
{Heap before GC invocations=4 (full 0):
 garbage-first heap   total 145408K, used 100638K [0x0000000083200000, 0x0000000100000000)
  region size 1024K, 24 young (24576K), 7 survivors (7168K)
 Metaspace       used 22776K, committed 23040K, reserved 1114112K
  class space    used 3230K, committed 3392K, reserved 1048576K
}
Event: 2.250 GC heap after
{Heap after GC invocations=5 (full 0):
 garbage-first heap   total 145408K, used 87874K [0x0000000083200000, 0x0000000100000000)
  region size 1024K, 5 young (5120K), 5 survivors (5120K)
 Metaspace       used 22776K, committed 23040K, reserved 1114112K
  class space    used 3230K, committed 3392K, reserved 1048576K
}
Event: 2.508 GC heap before
{Heap before GC invocations=6 (full 0):
 garbage-first heap   total 186368K, used 115522K [0x0000000083200000, 0x0000000100000000)
  region size 1024K, 10 young (10240K), 5 survivors (5120K)
 Metaspace       used 23937K, committed 24256K, reserved 1114112K
  class space    used 3376K, committed 3520K, reserved 1048576K
}
Event: 2.510 GC heap after
{Heap after GC invocations=7 (full 0):
 garbage-first heap   total 186368K, used 88996K [0x0000000083200000, 0x0000000100000000)
  region size 1024K, 2 young (2048K), 2 survivors (2048K)
 Metaspace       used 23937K, committed 24256K, reserved 1114112K
  class space    used 3376K, committed 3520K, reserved 1048576K
}

Dll operation events (20 events):
Event: 0.250 Loaded shared library C:\Users\STAR\.openjfx\cache\21.0.2+5\amd64\api-ms-win-crt-private-l1-1-0.dll
Event: 0.252 Loaded shared library C:\Users\STAR\.openjfx\cache\21.0.2+5\amd64\api-ms-win-crt-process-l1-1-0.dll
Event: 0.254 Loaded shared library C:\Users\STAR\.openjfx\cache\21.0.2+5\amd64\api-ms-win-crt-runtime-l1-1-0.dll
Event: 0.257 Loaded shared library C:\Users\STAR\.openjfx\cache\21.0.2+5\amd64\api-ms-win-crt-stdio-l1-1-0.dll
Event: 0.259 Loaded shared library C:\Users\STAR\.openjfx\cache\21.0.2+5\amd64\api-ms-win-crt-string-l1-1-0.dll
Event: 0.261 Loaded shared library C:\Users\STAR\.openjfx\cache\21.0.2+5\amd64\api-ms-win-crt-time-l1-1-0.dll
Event: 0.263 Loaded shared library C:\Users\STAR\.openjfx\cache\21.0.2+5\amd64\api-ms-win-crt-utility-l1-1-0.dll
Event: 0.275 Loaded shared library C:\Users\STAR\.openjfx\cache\21.0.2+5\amd64\ucrtbase.dll
Event: 0.278 Loaded shared library C:\Users\STAR\.openjfx\cache\21.0.2+5\amd64\vcruntime140.dll
Event: 0.281 Loaded shared library C:\Users\STAR\.openjfx\cache\21.0.2+5\amd64\vcruntime140_1.dll
Event: 0.288 Loaded shared library C:\Users\STAR\.openjfx\cache\21.0.2+5\amd64\msvcp140.dll
Event: 0.290 Loaded shared library C:\Users\STAR\.openjfx\cache\21.0.2+5\amd64\msvcp140_1.dll
Event: 0.296 Loaded shared library C:\Users\STAR\.openjfx\cache\21.0.2+5\amd64\msvcp140_2.dll
Event: 0.333 Loaded shared library C:\Users\STAR\.openjfx\cache\21.0.2+5\amd64\prism_d3d.dll
Event: 0.441 Loaded shared library C:\Users\STAR\.openjfx\cache\21.0.2+5\amd64\glass.dll
Event: 0.563 Loaded shared library C:\Program Files\Eclipse Adoptium\jdk-17.0.18.8-hotspot\bin\jimage.dll
Event: 0.719 Loaded shared library C:\Program Files\Eclipse Adoptium\jdk-17.0.18.8-hotspot\bin\extnet.dll
Event: 0.941 Loaded shared library C:\Program Files\Eclipse Adoptium\jdk-17.0.18.8-hotspot\bin\sunmscapi.dll
Event: 1.343 Loaded shared library C:\Users\STAR\.openjfx\cache\21.0.2+5\amd64\javafx_font.dll
Event: 1.426 Loaded shared library C:\Users\STAR\.openjfx\cache\21.0.2+5\amd64\javafx_iio.dll

Deoptimization events (20 events):
Event: 2.647 Thread 0x0000029a9a2a54b0 DEOPT PACKING pc=0x0000029a3dfc2fbb sp=0x000000fd25dfce90
Event: 2.647 Thread 0x0000029a9a2a54b0 DEOPT UNPACKING pc=0x0000029a44fdace3 sp=0x000000fd25dfc2f8 mode 0
Event: 2.648 Thread 0x0000029a9a2a54b0 DEOPT PACKING pc=0x0000029a3dfc2fbb sp=0x000000fd25dfce90
Event: 2.648 Thread 0x0000029a9a2a54b0 DEOPT UNPACKING pc=0x0000029a44fdace3 sp=0x000000fd25dfc2f8 mode 0
Event: 2.648 Thread 0x0000029a9a2a54b0 DEOPT PACKING pc=0x0000029a3dfc2fbb sp=0x000000fd25dfce90
Event: 2.648 Thread 0x0000029a9a2a54b0 DEOPT UNPACKING pc=0x0000029a44fdace3 sp=0x000000fd25dfc2f8 mode 0
Event: 2.648 Thread 0x0000029a9a2a54b0 DEOPT PACKING pc=0x0000029a3dfc2fbb sp=0x000000fd25dfce90
Event: 2.648 Thread 0x0000029a9a2a54b0 DEOPT UNPACKING pc=0x0000029a44fdace3 sp=0x000000fd25dfc2f8 mode 0
Event: 2.648 Thread 0x0000029a9a2a54b0 DEOPT PACKING pc=0x0000029a3dfc2fbb sp=0x000000fd25dfce90
Event: 2.648 Thread 0x0000029a9a2a54b0 DEOPT UNPACKING pc=0x0000029a44fdace3 sp=0x000000fd25dfc2f8 mode 0
Event: 2.648 Thread 0x0000029a9a2a54b0 DEOPT PACKING pc=0x0000029a3dfc2fbb sp=0x000000fd25dfce90
Event: 2.648 Thread 0x0000029a9a2a54b0 DEOPT UNPACKING pc=0x0000029a44fdace3 sp=0x000000fd25dfc2f8 mode 0
Event: 2.648 Thread 0x0000029a9a2a54b0 DEOPT PACKING pc=0x0000029a3dfc2fbb sp=0x000000fd25dfce90
Event: 2.648 Thread 0x0000029a9a2a54b0 DEOPT UNPACKING pc=0x0000029a44fdace3 sp=0x000000fd25dfc2f8 mode 0
Event: 2.648 Thread 0x0000029a9a2a54b0 DEOPT PACKING pc=0x0000029a3dfc2fbb sp=0x000000fd25dfce90
Event: 2.648 Thread 0x0000029a9a2a54b0 DEOPT UNPACKING pc=0x0000029a44fdace3 sp=0x000000fd25dfc2f8 mode 0
Event: 2.648 Thread 0x0000029a9a2a54b0 DEOPT PACKING pc=0x0000029a3dfc2fbb sp=0x000000fd25dfce90
Event: 2.648 Thread 0x0000029a9a2a54b0 DEOPT UNPACKING pc=0x0000029a44fdace3 sp=0x000000fd25dfc2f8 mode 0
Event: 2.648 Thread 0x0000029a9a2a54b0 DEOPT PACKING pc=0x0000029a3dfc2fbb sp=0x000000fd25dfce90
Event: 2.648 Thread 0x0000029a9a2a54b0 DEOPT UNPACKING pc=0x0000029a44fdace3 sp=0x000000fd25dfc2f8 mode 0

Classes loaded (20 events):
Event: 2.332 Loading class java/util/EnumMap$EnumMapIterator done
Event: 2.332 Loading class java/util/EnumMap$ValueIterator done
Event: 2.379 Loading class java/nio/ShortBuffer
Event: 2.380 Loading class java/nio/ShortBuffer done
Event: 2.380 Loading class java/nio/DoubleBuffer
Event: 2.380 Loading class java/nio/DoubleBuffer done
Event: 2.380 Loading class java/nio/DirectFloatBufferU
Event: 2.380 Loading class java/nio/DirectFloatBufferU done
Event: 2.487 Loading class jdk/internal/ref/CleanerImpl$InnocuousThreadFactory
Event: 2.488 Loading class jdk/internal/ref/CleanerImpl$InnocuousThreadFactory done
Event: 2.493 Loading class sun/misc/Unsafe
Event: 2.493 Loading class sun/misc/Unsafe done
Event: 2.493 Loading class jdk/internal/reflect/UnsafeQualifiedStaticObjectFieldAccessorImpl
Event: 2.494 Loading class jdk/internal/reflect/UnsafeQualifiedStaticFieldAccessorImpl
Event: 2.494 Loading class jdk/internal/reflect/UnsafeQualifiedStaticFieldAccessorImpl done
Event: 2.494 Loading class jdk/internal/reflect/UnsafeQualifiedStaticObjectFieldAccessorImpl done
Event: 3.331 Loading class java/lang/Throwable$WrappedPrintStream
Event: 3.331 Loading class java/lang/Throwable$PrintStreamOrWriter
Event: 3.331 Loading class java/lang/Throwable$PrintStreamOrWriter done
Event: 3.331 Loading class java/lang/Throwable$WrappedPrintStream done

Classes unloaded (0 events):
No events

Classes redefined (0 events):
No events

Internal exceptions (20 events):
Event: 1.442 Thread 0x0000029a9a3cd180 Implicit null exception at 0x0000029a455e388e to 0x0000029a455e3c58
Event: 1.443 Thread 0x0000029a9a3cd180 Implicit null exception at 0x0000029a455e420e to 0x0000029a455e45c0
Event: 1.443 Thread 0x0000029a9a3cd180 Implicit null exception at 0x0000029a455836af to 0x0000029a45583729
Event: 1.751 Thread 0x0000029a9a3cd180 Exception <a 'java/lang/NoSuchMethodError'{0x000000008bcf4c28}: 'java.lang.Object java.lang.invoke.DirectMethodHandle$Holder.invokeInterface(java.lang.Object, java.lang.Object, java.lang.Object)'> (0x000000008bcf4c28) 
thrown [s\src\hotspot\share\interpreter\linkResolver.cpp, line 759]
Event: 1.751 Thread 0x0000029a9a3cd180 Exception <a 'java/lang/IncompatibleClassChangeError'{0x000000008bcf82f0}: Found class java.lang.Object, but interface was expected> (0x000000008bcf82f0) 
thrown [s\src\hotspot\share\interpreter\linkResolver.cpp, line 826]
Event: 1.802 Thread 0x0000029a9a3cd180 Exception <a 'java/lang/ClassNotFoundException'{0x000000008b968f00}: com/sun/javafx/scene/control/skin/resources/controls> (0x000000008b968f00) 
thrown [s\src\hotspot\share\prims\jni.cpp, line 535]
Event: 1.803 Thread 0x0000029a9a3cd180 Exception <a 'java/lang/ClassNotFoundException'{0x000000008b9775c0}: com/sun/javafx/scene/control/skin/resources/controls_fr> (0x000000008b9775c0) 
thrown [s\src\hotspot\share\prims\jni.cpp, line 535]
Event: 1.804 Thread 0x0000029a9a3cd180 Exception <a 'java/lang/ClassNotFoundException'{0x000000008b9857d8}: com/sun/javafx/scene/control/skin/resources/controls_fr_FR> (0x000000008b9857d8) 
thrown [s\src\hotspot\share\prims\jni.cpp, line 535]
Event: 1.825 Thread 0x0000029a9a3cd180 Exception <a 'java/lang/NoSuchMethodError'{0x000000008b8fe978}: 'void java.lang.invoke.DirectMethodHandle$Holder.invokeSpecial(java.lang.Object, java.lang.Object, java.lang.Object, java.lang.Object, java.lang.Object, java.lang.Object)'> (0x000000008b8fe978) 
thrown [s\src\hotspot\share\interpreter\linkResolver.cpp, line 759]
Event: 1.978 Thread 0x0000029a9a3cd180 Exception <a 'java/io/FileNotFoundException'{0x000000008b37a8c0}> (0x000000008b37a8c0) 
thrown [s\src\hotspot\share\prims\jni.cpp, line 516]
Event: 2.182 Thread 0x0000029a9a3cd180 Exception <a 'java/io/FileNotFoundException'{0x000000008b2e9e98}> (0x000000008b2e9e98) 
thrown [s\src\hotspot\share\prims\jni.cpp, line 516]
Event: 2.183 Thread 0x0000029a9a3cd180 Exception <a 'java/io/FileNotFoundException'{0x000000008b2eb478}> (0x000000008b2eb478) 
thrown [s\src\hotspot\share\prims\jni.cpp, line 516]
Event: 2.187 Thread 0x0000029a9a3cd180 Exception <a 'java/io/FileNotFoundException'{0x000000008b13d4b0}> (0x000000008b13d4b0) 
thrown [s\src\hotspot\share\prims\jni.cpp, line 516]
Event: 2.187 Thread 0x0000029a9a3cd180 Exception <a 'java/io/FileNotFoundException'{0x000000008b13ea88}> (0x000000008b13ea88) 
thrown [s\src\hotspot\share\prims\jni.cpp, line 516]
Event: 2.232 Thread 0x0000029a9a3cd180 Exception <a 'java/lang/NoSuchMethodError'{0x000000008b075000}: 'java.lang.Object java.lang.invoke.DirectMethodHandle$Holder.newInvokeSpecial(java.lang.Object, java.lang.Object, int)'> (0x000000008b075000) 
thrown [s\src\hotspot\share\interpreter\linkResolver.cpp, line 759]
Event: 2.367 Thread 0x0000029a9a2a54b0 Exception <a 'java/lang/NoSuchMethodError'{0x000000008e52ac98}: 'java.lang.Object java.lang.invoke.DirectMethodHandle$Holder.invokeStaticInit(java.lang.Object, int)'> (0x000000008e52ac98) 
thrown [s\src\hotspot\share\interpreter\linkResolver.cpp, line 759]
Event: 4.729 Thread 0x0000029a9a3cd180 Exception <a 'java/lang/NoSuchMethodError'{0x000000008e6d0ec8}: 'long java.lang.invoke.DirectMethodHandle$Holder.invokeStatic(java.lang.Object, java.lang.Object, java.lang.Object)'> (0x000000008e6d0ec8) 
thrown [s\src\hotspot\share\interpreter\linkResolver.cpp, line 759]
Event: 4.732 Thread 0x0000029a9a3cd180 Exception <a 'java/lang/NoSuchMethodError'{0x000000008e6d4670}: 'long java.lang.invoke.DirectMethodHandle$Holder.invokeStaticInit(java.lang.Object, java.lang.Object, java.lang.Object)'> (0x000000008e6d4670) 
thrown [s\src\hotspot\share\interpreter\linkResolver.cpp, line 759]
Event: 4.735 Thread 0x0000029a9a3cd180 Exception <a 'java/lang/NoSuchMethodError'{0x000000008e40b420}: 'java.lang.Object java.lang.invoke.DirectMethodHandle$Holder.newInvokeSpecial(java.lang.Object, java.lang.Object, long)'> (0x000000008e40b420) 
thrown [s\src\hotspot\share\interpreter\linkResolver.cpp, line 759]
Event: 4.735 Thread 0x0000029a9a3cd180 Exception <a 'java/lang/NoSuchMethodError'{0x000000008e40ef90}: 'java.lang.Object java.lang.invoke.Invokers$Holder.linkToTargetMethod(java.lang.Object, long, java.lang.Object)'> (0x000000008e40ef90) 
thrown [s\src\hotspot\share\interpreter\linkResolver.cpp, line 759]

VM Operations (20 events):
Event: 2.255 Executing VM operation: G1PauseRemark
Event: 2.257 Executing VM operation: G1PauseRemark done
Event: 2.259 Executing VM operation: G1PauseCleanup
Event: 2.259 Executing VM operation: G1PauseCleanup done
Event: 2.326 Executing VM operation: HandshakeAllThreads
Event: 2.326 Executing VM operation: HandshakeAllThreads done
Event: 2.508 Executing VM operation: G1TryInitiateConcMark
Event: 2.510 Executing VM operation: G1TryInitiateConcMark done
Event: 2.516 Executing VM operation: G1PauseRemark
Event: 2.517 Executing VM operation: G1PauseRemark done
Event: 2.521 Executing VM operation: G1PauseCleanup
Event: 2.521 Executing VM operation: G1PauseCleanup done
Event: 4.521 Executing VM operation: Cleanup
Event: 4.521 Executing VM operation: Cleanup done
Event: 5.521 Executing VM operation: Cleanup
Event: 5.521 Executing VM operation: Cleanup done
Event: 6.522 Executing VM operation: Cleanup
Event: 6.522 Executing VM operation: Cleanup done
Event: 7.522 Executing VM operation: Cleanup
Event: 7.522 Executing VM operation: Cleanup done

Memory protections (0 events):
No events

Nmethod flushes (0 events):
No events

Events (20 events):
Event: 0.025 Thread 0x0000029a34707f80 Thread added: 0x0000029a549b4840
Event: 0.025 Thread 0x0000029a34707f80 Thread added: 0x0000029a549b5400
Event: 0.025 Thread 0x0000029a34707f80 Thread added: 0x0000029a549ba1e0
Event: 0.025 Thread 0x0000029a34707f80 Thread added: 0x0000029a549baba0
Event: 0.025 Thread 0x0000029a34707f80 Thread added: 0x0000029a549bc8a0
Event: 0.025 Thread 0x0000029a34707f80 Thread added: 0x0000029a549c27b0
Event: 0.025 Thread 0x0000029a34707f80 Thread added: 0x0000029a549cb1c0
Event: 0.046 Thread 0x0000029a34707f80 Thread added: 0x0000029a54985300
Event: 0.098 Thread 0x0000029a34707f80 Thread added: 0x0000029a54c31840
Event: 0.322 Thread 0x0000029a34707f80 Thread added: 0x0000029a9a2a54b0
Event: 0.443 Thread 0x0000029a34707f80 Thread added: 0x0000029a9a3212b0
Event: 0.445 Thread 0x0000029a34707f80 Thread added: 0x0000029a9a3cd180
Event: 0.537 Thread 0x0000029a34707f80 Thread added: 0x0000029a9a661d00
Event: 0.550 Thread 0x0000029a9a603330 Thread added: 0x0000029a9a603330
Event: 0.613 Thread 0x0000029a9a3cd180 Thread added: 0x0000029a9a6f7210
Event: 1.105 Thread 0x0000029a9a3cd180 Thread added: 0x0000029a9a6f8140
Event: 1.409 Thread 0x0000029a9a3cd180 Thread added: 0x0000029a9a6f7c30
Event: 1.746 Thread 0x0000029a9a3cd180 Thread added: 0x0000029a9a6f8b60
Event: 2.488 Thread 0x0000029a9a2a54b0 Thread added: 0x0000029a9a6f5dd0
Event: 2.718 Thread 0x0000029a9a6f7c30 Thread exited: 0x0000029a9a6f7c30


Dynamic libraries:
0x00007ff680280000 - 0x00007ff68028e000 	C:\Program Files\Eclipse Adoptium\jdk-17.0.18.8-hotspot\bin\java.exe
0x00007fff3d830000 - 0x00007fff3da28000 	C:\WINDOWS\SYSTEM32\ntdll.dll
0x00007fff3cf90000 - 0x00007fff3d052000 	C:\WINDOWS\System32\KERNEL32.DLL
0x00007fff3b370000 - 0x00007fff3b666000 	C:\WINDOWS\System32\KERNELBASE.dll
0x00007fff3aec0000 - 0x00007fff3afc0000 	C:\WINDOWS\System32\ucrtbase.dll
0x00007fff36b40000 - 0x00007fff36b58000 	C:\Program Files\Eclipse Adoptium\jdk-17.0.18.8-hotspot\bin\jli.dll
0x00007fff36b60000 - 0x00007fff36b7e000 	C:\Program Files\Eclipse Adoptium\jdk-17.0.18.8-hotspot\bin\VCRUNTIME140.dll
0x00007fff3d2e0000 - 0x00007fff3d481000 	C:\WINDOWS\System32\USER32.dll
0x00007fff3b050000 - 0x00007fff3b072000 	C:\WINDOWS\System32\win32u.dll
0x00007fff3cf60000 - 0x00007fff3cf8b000 	C:\WINDOWS\System32\GDI32.dll
0x00007fff25c50000 - 0x00007fff25eeb000 	C:\WINDOWS\WinSxS\amd64_microsoft.windows.common-controls_6595b64144ccf1df_6.0.19041.6456_none_60b8a6cb71f64256\COMCTL32.dll
0x00007fff3b080000 - 0x00007fff3b199000 	C:\WINDOWS\System32\gdi32full.dll
0x00007fff3d240000 - 0x00007fff3d2de000 	C:\WINDOWS\System32\msvcrt.dll
0x00007fff3b2d0000 - 0x00007fff3b36d000 	C:\WINDOWS\System32\msvcp_win.dll
0x00007fff3d060000 - 0x00007fff3d08f000 	C:\WINDOWS\System32\IMM32.DLL
0x00007fff36b30000 - 0x00007fff36b3c000 	C:\Program Files\Eclipse Adoptium\jdk-17.0.18.8-hotspot\bin\vcruntime140_1.dll
0x00007fff25f00000 - 0x00007fff25f8d000 	C:\Program Files\Eclipse Adoptium\jdk-17.0.18.8-hotspot\bin\msvcp140.dll
0x00007ffeea320000 - 0x00007ffeeaf8b000 	C:\Program Files\Eclipse Adoptium\jdk-17.0.18.8-hotspot\bin\server\jvm.dll
0x00007fff3cd50000 - 0x00007fff3ce01000 	C:\WINDOWS\System32\ADVAPI32.dll
0x00007fff3c290000 - 0x00007fff3c32f000 	C:\WINDOWS\System32\sechost.dll
0x00007fff3c170000 - 0x00007fff3c290000 	C:\WINDOWS\System32\RPCRT4.dll
0x00007fff3b670000 - 0x00007fff3b697000 	C:\WINDOWS\System32\bcrypt.dll
0x00007fff3c100000 - 0x00007fff3c16b000 	C:\WINDOWS\System32\WS2_32.dll
0x00007fff3a450000 - 0x00007fff3a49b000 	C:\WINDOWS\SYSTEM32\POWRPROF.dll
0x00007fff26f80000 - 0x00007fff26fa7000 	C:\WINDOWS\SYSTEM32\WINMM.dll
0x00007fff32b80000 - 0x00007fff32b8a000 	C:\WINDOWS\SYSTEM32\VERSION.dll
0x00007fff3a2c0000 - 0x00007fff3a2d2000 	C:\WINDOWS\SYSTEM32\UMPDC.dll
0x00007fff38ef0000 - 0x00007fff38f02000 	C:\WINDOWS\SYSTEM32\kernel.appcore.dll
0x00007fff36b20000 - 0x00007fff36b2a000 	C:\Program Files\Eclipse Adoptium\jdk-17.0.18.8-hotspot\bin\jimage.dll
0x00007fff38a90000 - 0x00007fff38c91000 	C:\WINDOWS\SYSTEM32\DBGHELP.DLL
0x00007fff22e70000 - 0x00007fff22ea4000 	C:\WINDOWS\SYSTEM32\dbgcore.DLL
0x00007fff3afc0000 - 0x00007fff3b042000 	C:\WINDOWS\System32\bcryptPrimitives.dll
0x00007fff30010000 - 0x00007fff30035000 	C:\Program Files\Eclipse Adoptium\jdk-17.0.18.8-hotspot\bin\java.dll
0x00007fff1e350000 - 0x00007fff1e427000 	C:\Program Files\Eclipse Adoptium\jdk-17.0.18.8-hotspot\bin\jsvml.dll
0x00007fff3c4b0000 - 0x00007fff3cc20000 	C:\WINDOWS\System32\SHELL32.dll
0x00007fff38f30000 - 0x00007fff396d5000 	C:\WINDOWS\SYSTEM32\windows.storage.dll
0x00007fff3d490000 - 0x00007fff3d7e4000 	C:\WINDOWS\System32\combase.dll
0x00007fff3a8f0000 - 0x00007fff3a91b000 	C:\WINDOWS\SYSTEM32\Wldp.dll
0x00007fff3cc80000 - 0x00007fff3cd4d000 	C:\WINDOWS\System32\OLEAUT32.dll
0x00007fff3bf10000 - 0x00007fff3bfbd000 	C:\WINDOWS\System32\SHCORE.dll
0x00007fff3cc20000 - 0x00007fff3cc7b000 	C:\WINDOWS\System32\shlwapi.dll
0x00007fff3adf0000 - 0x00007fff3ae14000 	C:\WINDOWS\SYSTEM32\profapi.dll
0x00007fff36b00000 - 0x00007fff36b1a000 	C:\Program Files\Eclipse Adoptium\jdk-17.0.18.8-hotspot\bin\net.dll
0x00007fff37160000 - 0x00007fff3726a000 	C:\WINDOWS\SYSTEM32\WINHTTP.dll
0x00007fff3a650000 - 0x00007fff3a6ba000 	C:\WINDOWS\system32\mswsock.dll
0x00007fff320b0000 - 0x00007fff320c6000 	C:\Program Files\Eclipse Adoptium\jdk-17.0.18.8-hotspot\bin\nio.dll
0x00007fff2fff0000 - 0x00007fff30008000 	C:\Program Files\Eclipse Adoptium\jdk-17.0.18.8-hotspot\bin\zip.dll
0x0000029a54f50000 - 0x0000029a54f53000 	C:\Users\STAR\.openjfx\cache\21.0.2+5\amd64\api-ms-win-core-console-l1-1-0.dll
0x0000029a54f60000 - 0x0000029a54f63000 	C:\Users\STAR\.openjfx\cache\21.0.2+5\amd64\api-ms-win-core-console-l1-2-0.dll
0x0000029a54f70000 - 0x0000029a54f73000 	C:\Users\STAR\.openjfx\cache\21.0.2+5\amd64\api-ms-win-core-datetime-l1-1-0.dll
0x0000029a54f80000 - 0x0000029a54f83000 	C:\Users\STAR\.openjfx\cache\21.0.2+5\amd64\api-ms-win-core-debug-l1-1-0.dll
0x0000029a54f90000 - 0x0000029a54f93000 	C:\Users\STAR\.openjfx\cache\21.0.2+5\amd64\api-ms-win-core-errorhandling-l1-1-0.dll
0x0000029a54fa0000 - 0x0000029a54fa4000 	C:\Users\STAR\.openjfx\cache\21.0.2+5\amd64\api-ms-win-core-file-l1-1-0.dll
0x0000029a54fb0000 - 0x0000029a54fb3000 	C:\Users\STAR\.openjfx\cache\21.0.2+5\amd64\api-ms-win-core-file-l1-2-0.dll
0x0000029a54fc0000 - 0x0000029a54fc3000 	C:\Users\STAR\.openjfx\cache\21.0.2+5\amd64\api-ms-win-core-file-l2-1-0.dll
0x0000029a54fd0000 - 0x0000029a54fd3000 	C:\Users\STAR\.openjfx\cache\21.0.2+5\amd64\api-ms-win-core-handle-l1-1-0.dll
0x0000029a54fe0000 - 0x0000029a54fe3000 	C:\Users\STAR\.openjfx\cache\21.0.2+5\amd64\api-ms-win-core-heap-l1-1-0.dll
0x0000029a54ff0000 - 0x0000029a54ff3000 	C:\Users\STAR\.openjfx\cache\21.0.2+5\amd64\api-ms-win-core-interlocked-l1-1-0.dll
0x0000029a9a800000 - 0x0000029a9a803000 	C:\Users\STAR\.openjfx\cache\21.0.2+5\amd64\api-ms-win-core-libraryloader-l1-1-0.dll
0x0000029a9a810000 - 0x0000029a9a813000 	C:\Users\STAR\.openjfx\cache\21.0.2+5\amd64\api-ms-win-core-localization-l1-2-0.dll
0x0000029a9a820000 - 0x0000029a9a823000 	C:\Users\STAR\.openjfx\cache\21.0.2+5\amd64\api-ms-win-core-memory-l1-1-0.dll
0x0000029a9a830000 - 0x0000029a9a833000 	C:\Users\STAR\.openjfx\cache\21.0.2+5\amd64\api-ms-win-core-namedpipe-l1-1-0.dll
0x0000029a9a840000 - 0x0000029a9a843000 	C:\Users\STAR\.openjfx\cache\21.0.2+5\amd64\api-ms-win-core-processenvironment-l1-1-0.dll
0x0000029a9a850000 - 0x0000029a9a853000 	C:\Users\STAR\.openjfx\cache\21.0.2+5\amd64\api-ms-win-core-processthreads-l1-1-0.dll
0x0000029a9a860000 - 0x0000029a9a863000 	C:\Users\STAR\.openjfx\cache\21.0.2+5\amd64\api-ms-win-core-processthreads-l1-1-1.dll
0x0000029a9a870000 - 0x0000029a9a873000 	C:\Users\STAR\.openjfx\cache\21.0.2+5\amd64\api-ms-win-core-profile-l1-1-0.dll
0x0000029a9a880000 - 0x0000029a9a883000 	C:\Users\STAR\.openjfx\cache\21.0.2+5\amd64\api-ms-win-core-rtlsupport-l1-1-0.dll
0x0000029a9a890000 - 0x0000029a9a893000 	C:\Users\STAR\.openjfx\cache\21.0.2+5\amd64\api-ms-win-core-string-l1-1-0.dll
0x0000029a9a8a0000 - 0x0000029a9a8a3000 	C:\Users\STAR\.openjfx\cache\21.0.2+5\amd64\api-ms-win-core-synch-l1-1-0.dll
0x0000029a9a8b0000 - 0x0000029a9a8b3000 	C:\Users\STAR\.openjfx\cache\21.0.2+5\amd64\api-ms-win-core-synch-l1-2-0.dll
0x0000029a9a8c0000 - 0x0000029a9a8c3000 	C:\Users\STAR\.openjfx\cache\21.0.2+5\amd64\api-ms-win-core-sysinfo-l1-1-0.dll
0x0000029a9a8d0000 - 0x0000029a9a8d3000 	C:\Users\STAR\.openjfx\cache\21.0.2+5\amd64\api-ms-win-core-timezone-l1-1-0.dll
0x0000029a9a8e0000 - 0x0000029a9a8e3000 	C:\Users\STAR\.openjfx\cache\21.0.2+5\amd64\api-ms-win-core-util-l1-1-0.dll
0x0000029a9a8f0000 - 0x0000029a9a8f3000 	C:\Users\STAR\.openjfx\cache\21.0.2+5\amd64\api-ms-win-crt-conio-l1-1-0.dll
0x0000029a9a900000 - 0x0000029a9a904000 	C:\Users\STAR\.openjfx\cache\21.0.2+5\amd64\api-ms-win-crt-convert-l1-1-0.dll
0x0000029a9a910000 - 0x0000029a9a913000 	C:\Users\STAR\.openjfx\cache\21.0.2+5\amd64\api-ms-win-crt-environment-l1-1-0.dll
0x0000029a9a920000 - 0x0000029a9a923000 	C:\Users\STAR\.openjfx\cache\21.0.2+5\amd64\api-ms-win-crt-filesystem-l1-1-0.dll
0x0000029a9a930000 - 0x0000029a9a933000 	C:\Users\STAR\.openjfx\cache\21.0.2+5\amd64\api-ms-win-crt-heap-l1-1-0.dll
0x0000029a9a940000 - 0x0000029a9a943000 	C:\Users\STAR\.openjfx\cache\21.0.2+5\amd64\api-ms-win-crt-locale-l1-1-0.dll
0x0000029a9a950000 - 0x0000029a9a955000 	C:\Users\STAR\.openjfx\cache\21.0.2+5\amd64\api-ms-win-crt-math-l1-1-0.dll
0x0000029a9a960000 - 0x0000029a9a965000 	C:\Users\STAR\.openjfx\cache\21.0.2+5\amd64\api-ms-win-crt-multibyte-l1-1-0.dll
0x0000029a9a970000 - 0x0000029a9a980000 	C:\Users\STAR\.openjfx\cache\21.0.2+5\amd64\api-ms-win-crt-private-l1-1-0.dll
0x0000029a9a980000 - 0x0000029a9a983000 	C:\Users\STAR\.openjfx\cache\21.0.2+5\amd64\api-ms-win-crt-process-l1-1-0.dll
0x0000029a9a990000 - 0x0000029a9a994000 	C:\Users\STAR\.openjfx\cache\21.0.2+5\amd64\api-ms-win-crt-runtime-l1-1-0.dll
0x0000029a9a9a0000 - 0x0000029a9a9a4000 	C:\Users\STAR\.openjfx\cache\21.0.2+5\amd64\api-ms-win-crt-stdio-l1-1-0.dll
0x0000029a9a9b0000 - 0x0000029a9a9b4000 	C:\Users\STAR\.openjfx\cache\21.0.2+5\amd64\api-ms-win-crt-string-l1-1-0.dll
0x0000029a9a9c0000 - 0x0000029a9a9c3000 	C:\Users\STAR\.openjfx\cache\21.0.2+5\amd64\api-ms-win-crt-time-l1-1-0.dll
0x0000029a9a9d0000 - 0x0000029a9a9d3000 	C:\Users\STAR\.openjfx\cache\21.0.2+5\amd64\api-ms-win-crt-utility-l1-1-0.dll
0x00007fff0c850000 - 0x00007fff0c94c000 	C:\Users\STAR\.openjfx\cache\21.0.2+5\amd64\ucrtbase.dll
0x00007fff2ff40000 - 0x00007fff2ff5b000 	C:\Users\STAR\.openjfx\cache\21.0.2+5\amd64\vcruntime140.dll
0x00007fff2ffe0000 - 0x00007fff2ffec000 	C:\Users\STAR\.openjfx\cache\21.0.2+5\amd64\vcruntime140_1.dll
0x00007fff25830000 - 0x00007fff258be000 	C:\Users\STAR\.openjfx\cache\21.0.2+5\amd64\msvcp140.dll
0x00007fff2fea0000 - 0x00007fff2fea9000 	C:\Users\STAR\.openjfx\cache\21.0.2+5\amd64\msvcp140_1.dll
0x00007fff251f0000 - 0x00007fff25231000 	C:\Users\STAR\.openjfx\cache\21.0.2+5\amd64\msvcp140_2.dll
0x00007fff25b60000 - 0x00007fff25b90000 	C:\Users\STAR\.openjfx\cache\21.0.2+5\amd64\prism_d3d.dll
0x00007fff0c0f0000 - 0x00007fff0c2c1000 	C:\WINDOWS\system32\d3d9.dll
0x00007fff38830000 - 0x00007fff3885e000 	C:\WINDOWS\SYSTEM32\dwmapi.dll
0x00007fff38360000 - 0x00007fff383fe000 	C:\WINDOWS\system32\uxtheme.dll
0x00007ffeedd40000 - 0x00007ffeedeeb000 	C:\WINDOWS\System32\DriverStore\FileRepository\iigd_dch.inf_amd64_9b41cef4891594fc\igdumdim64.dll
0x00007fff3b970000 - 0x00007fff3ba9b000 	C:\WINDOWS\System32\ole32.dll
0x00007ffe95e90000 - 0x00007ffe99b05000 	C:\WINDOWS\System32\DriverStore\FileRepository\iigd_dch.inf_amd64_9b41cef4891594fc\igd9dxva64.dll
0x00007fff3baa0000 - 0x00007fff3bf10000 	C:\WINDOWS\System32\SETUPAPI.dll
0x00007fff3b800000 - 0x00007fff3b84e000 	C:\WINDOWS\System32\cfgmgr32.dll
0x00007fff2c3b0000 - 0x00007fff2c799000 	C:\WINDOWS\System32\DriverStore\FileRepository\iigd_dch.inf_amd64_9b41cef4891594fc\igdgmm64.dll
0x00007fff251a0000 - 0x00007fff251e2000 	C:\Users\STAR\.openjfx\cache\21.0.2+5\amd64\glass.dll
0x00007fff3ce70000 - 0x00007fff3cf4a000 	C:\WINDOWS\System32\COMDLG32.dll
0x00007fff3c390000 - 0x00007fff3c4a5000 	C:\WINDOWS\System32\MSCTF.dll
0x00007fff356c0000 - 0x00007fff356e7000 	C:\WINDOWS\System32\DriverStore\FileRepository\iigd_dch.inf_amd64_9b41cef4891594fc\igdinfo64.dll
0x00007fff3a840000 - 0x00007fff3a858000 	C:\WINDOWS\SYSTEM32\CRYPTSP.dll
0x00007fff39f00000 - 0x00007fff39f38000 	C:\WINDOWS\system32\rsaenh.dll
0x00007fff3a860000 - 0x00007fff3a86c000 	C:\WINDOWS\SYSTEM32\CRYPTBASE.dll
0x00007fff28c70000 - 0x00007fff2c3a7000 	C:\WINDOWS\System32\DriverStore\FileRepository\iigd_dch.inf_amd64_9b41cef4891594fc\igc64.dll
0x00007fff2fd90000 - 0x00007fff2fdcb000 	C:\WINDOWS\SYSTEM32\dxcore.dll
0x00007fff2fe90000 - 0x00007fff2fe99000 	C:\Program Files\Eclipse Adoptium\jdk-17.0.18.8-hotspot\bin\extnet.dll
0x00007fff3adb0000 - 0x00007fff3adde000 	C:\WINDOWS\SYSTEM32\USERENV.dll
0x00007fff3a2e0000 - 0x00007fff3a31b000 	C:\WINDOWS\SYSTEM32\IPHLPAPI.DLL
0x00007fff3c0d0000 - 0x00007fff3c0d8000 	C:\WINDOWS\System32\NSI.dll
0x00007fff34a20000 - 0x00007fff34a37000 	C:\WINDOWS\SYSTEM32\dhcpcsvc6.DLL
0x00007fff35c80000 - 0x00007fff35c9d000 	C:\WINDOWS\SYSTEM32\dhcpcsvc.DLL
0x00007fff3a330000 - 0x00007fff3a3fa000 	C:\WINDOWS\SYSTEM32\DNSAPI.dll
0x00007fff2fd20000 - 0x00007fff2fd2e000 	C:\Program Files\Eclipse Adoptium\jdk-17.0.18.8-hotspot\bin\sunmscapi.dll
0x00007fff3b6a0000 - 0x00007fff3b7fd000 	C:\WINDOWS\System32\CRYPT32.dll
0x00007fff3a960000 - 0x00007fff3a987000 	C:\WINDOWS\SYSTEM32\ncrypt.dll
0x00007fff3a920000 - 0x00007fff3a95b000 	C:\WINDOWS\SYSTEM32\NTASN1.dll
0x00007fff25970000 - 0x00007fff25984000 	C:\Users\STAR\.openjfx\cache\21.0.2+5\amd64\javafx_font.dll
0x00007fff253c0000 - 0x00007fff253ed000 	C:\Users\STAR\.openjfx\cache\21.0.2+5\amd64\javafx_iio.dll
0x00007fff287b0000 - 0x00007fff28a2f000 	C:\WINDOWS\SYSTEM32\dwrite.dll
0x00007fff3b8b0000 - 0x00007fff3b959000 	C:\WINDOWS\System32\clbcatq.dll

dbghelp: loaded successfully - version: 4.0.5 - missing functions: none
symbol engine: initialized successfully - sym options: 0x614 - pdb path: .;C:\Program Files\Eclipse Adoptium\jdk-17.0.18.8-hotspot\bin;C:\WINDOWS\SYSTEM32;C:\WINDOWS\WinSxS\amd64_microsoft.windows.common-controls_6595b64144ccf1df_6.0.19041.6456_none_60b8a6cb71f64256;C:\Program Files\Eclipse Adoptium\jdk-17.0.18.8-hotspot\bin\server;C:\Users\STAR\.openjfx\cache\21.0.2+5\amd64;C:\WINDOWS\System32\DriverStore\FileRepository\iigd_dch.inf_amd64_9b41cef4891594fc;C:\Program Files\Common Files\Microsoft Shared\Ink

VM Arguments:
jvm_args: --module-path=C:\Users\STAR\.m2\repository\org\openjfx\javafx-base\21.0.2\javafx-base-21.0.2-win.jar;C:\Users\STAR\.m2\repository\org\openjfx\javafx-base\21.0.2\javafx-base-21.0.2.jar;C:\Users\STAR\.m2\repository\org\openjfx\javafx-controls\21.0.2\javafx-controls-21.0.2-win.jar;C:\Users\STAR\.m2\repository\org\openjfx\javafx-controls\21.0.2\javafx-controls-21.0.2.jar;C:\Users\STAR\.m2\repository\org\openjfx\javafx-fxml\21.0.2\javafx-fxml-21.0.2-win.jar;C:\Users\STAR\.m2\repository\org\openjfx\javafx-fxml\21.0.2\javafx-fxml-21.0.2.jar;C:\Users\STAR\.m2\repository\org\openjfx\javafx-graphics\21.0.2\javafx-graphics-21.0.2-win.jar;C:\Users\STAR\.m2\repository\org\openjfx\javafx-graphics\21.0.2\javafx-graphics-21.0.2.jar;C:\Users\STAR\.m2\repository\org\openjfx\javafx-swing\21.0.2\javafx-swing-21.0.2-win.jar;C:\Users\STAR\.m2\repository\org\openjfx\javafx-swing\21.0.2\javafx-swing-21.0.2.jar --add-modules=javafx.base,javafx.controls,javafx.fxml,javafx.graphics,javafx.swing 
java_command: rehla.MainFx
java_class_path (initial): C:\Users\STAR\Desktop\Esprit-PIDEV-3A26-2526-Rehla\target\classes;C:\Users\STAR\.m2\repository\com\beust\jcommander\1.82\jcommander-1.82.jar;C:\Users\STAR\.m2\repository\com\fasterxml\jackson\core\jackson-annotations\2.14.0\jackson-annotations-2.14.0.jar;C:\Users\STAR\.m2\repository\com\fasterxml\jackson\core\jackson-core\2.14.0\jackson-core-2.14.0.jar;C:\Users\STAR\.m2\repository\com\fasterxml\jackson\core\jackson-databind\2.14.0\jackson-databind-2.14.0.jar;C:\Users\STAR\.m2\repository\com\fasterxml\jackson\dataformat\jackson-dataformat-xml\2.14.0\jackson-dataformat-xml-2.14.0.jar;C:\Users\STAR\.m2\repository\com\fasterxml\jackson\datatype\jackson-datatype-jsr310\2.14.0\jackson-datatype-jsr310-2.14.0.jar;C:\Users\STAR\.m2\repository\com\fasterxml\woodstox\woodstox-core\6.4.0\woodstox-core-6.4.0.jar;C:\Users\STAR\.m2\repository\com\github\jai-imageio\jai-imageio-core\1.4.0\jai-imageio-core-1.4.0.jar;C:\Users\STAR\.m2\repository\com\github\sarxos\webcam-capture\0.3.12\webcam-capture-0.3.12.jar;C:\Users\STAR\.m2\repository\com\google\code\gson\gson\2.11.0\gson-2.11.0.jar;C:\Users\STAR\.m2\repository\com\google\errorprone\error_prone_annotations\2.27.0\error_prone_annotations-2.27.0.jar;C:\Users\STAR\.m2\repository\com\google\protobuf\protobuf-java\3.21.9\protobuf-java-3.21.9.jar;C:\Users\STAR\.m2\repository\com\google\zxing\core\3.5.1\core-3.5.1.jar;C:\Users\STAR\.m2\repository\com\google\zxing\javase\3.5.1\javase-3.5.1.jar;C:\Users\STAR\.m2\repository\com\itextpdf\barcodes\7.2.5\barcodes-7.2.5.jar;C:\Users\STAR\.m2\repository\com\itextpdf\commons\7.2.5\commons-7.2.5.jar;C:\Users\STAR\.m2\repository\com\itextpdf\font-asian\7.2.5\font-asian-7.2.5.jar;C:\Users\STAR\.m2\repository\com\itextpdf\forms\7.2.5\forms-7.2.5.jar;C:\Users\STAR\.m2\repository\com\itextpdf\hyph\7.2.5\hyph-7.2.5.jar;C:\Users\STAR\.m2\repository\com\itextpdf\io\7.2.5\io-7.2.5.jar;C:\Users\STAR\.m2\repository\com\itextpdf\kernel\7.2.5\kernel-7.2.5.jar;C:\Users\STAR\.m2\rep
Launcher Type: SUN_STANDARD

[Global flags]
     intx CICompilerCount                          = 4                                         {product} {ergonomic}
     uint ConcGCThreads                            = 2                                         {product} {ergonomic}
     uint G1ConcRefinementThreads                  = 8                                         {product} {ergonomic}
   size_t G1HeapRegionSize                         = 1048576                                   {product} {ergonomic}
    uintx GCDrainStackTargetSize                   = 64                                        {product} {ergonomic}
   size_t InitialHeapSize                          = 132120576                                 {product} {ergonomic}
   size_t MarkStackSize                            = 4194304                                   {product} {ergonomic}
   size_t MaxHeapSize                              = 2095054848                                {product} {ergonomic}
   size_t MaxNewSize                               = 1256194048                                {product} {ergonomic}
   size_t MinHeapDeltaBytes                        = 1048576                                   {product} {ergonomic}
   size_t MinHeapSize                              = 8388608                                   {product} {ergonomic}
    uintx NonNMethodCodeHeapSize                   = 5839372                                {pd product} {ergonomic}
    uintx NonProfiledCodeHeapSize                  = 122909434                              {pd product} {ergonomic}
    uintx ProfiledCodeHeapSize                     = 122909434                              {pd product} {ergonomic}
    uintx ReservedCodeCacheSize                    = 251658240                              {pd product} {ergonomic}
     bool SegmentedCodeCache                       = true                                      {product} {ergonomic}
   size_t SoftMaxHeapSize                          = 2095054848                             {manageable} {ergonomic}
     bool UseCompressedClassPointers               = true                           {product lp64_product} {ergonomic}
     bool UseCompressedOops                        = true                           {product lp64_product} {ergonomic}
     bool UseG1GC                                  = true                                      {product} {ergonomic}
     bool UseLargePagesIndividualAllocation        = false                                  {pd product} {ergonomic}

Logging:
Log output configuration:
 #0: stdout all=warning uptime,level,tags
 #1: stderr all=off uptime,level,tags

Environment Variables:
JAVA_HOME=C:\Program Files\Eclipse Adoptium\jdk-17.0.18.8-hotspot
PATH=C:\Program Files\Eclipse Adoptium\jdk-17.0.18.8-hotspot\bin;C:\Program Files\Eclipse Adoptium\jdk-21.0.8.9-hotspot\bin;c:\Users\STAR\AppData\Local\Programs\cursor\resources\app\bin;C:\Program Files\Google\Chrome\Application;C:\oraclexe\app\oracle\product\11.2.0\server\bin;;C:\WINDOWS\system32;C:\WINDOWS;C:\WINDOWS\System32\Wbem;C:\WINDOWS\System32\WindowsPowerShell\v1.0\;C:\WINDOWS\System32\OpenSSH\;C:\Program Files\Git\cmd;C:\Program Files\dotnet\;C:\Program Files (x86)\NVIDIA Corporation\PhysX\Common;C:\Program Files\NVIDIA Corporation\NVIDIA NvDLISR;C:\Program Files\Calibre2\;C:\Users\STAR\AppData\Local\Programs\Python\Python313\;C:\Users\STAR\AppData\Local\Programs\Python\Launcher\;C:\Users\STAR\AppData\Local\Programs\Python\Python313\Scripts\;C:\Users\STAR\AppData\Local\Microsoft\WindowsApps;C:\Users\STAR\AppData\Local\GitHubDesktop\bin;C:\Users\STAR\AppData\Local\Programs\Windsurf\bin;c:\Users\STAR\AppData\Local\Programs\cursor\resources\app\bin;C:\Program Files\MySQL\MySQL Shell 8.0\bin\;C:\composer;C:\xampp\php;C:\Users\STAR\AppData\Local\Microsoft\WindowsApps;C:\Users\STAR\AppData\Local\Programs\Microsoft VS Code\bin;C:\Users\STAR\AppData\Local\GitHubDesktop\bin;C:\Program Files\JetBrains\IntelliJ IDEA 2025.2.2\bin;C:\Users\STAR\AppData\Local\Programs\Windsurf\bin
USERNAME=STAR
OS=Windows_NT
PROCESSOR_IDENTIFIER=Intel64 Family 6 Model 140 Stepping 1, GenuineIntel
TMP=C:\Users\STAR\AppData\Local\Temp
TEMP=C:\Users\STAR\AppData\Local\Temp



Periodic native trim disabled


---------------  S Y S T E M  ---------------

OS:
 Windows 10 , 64 bit Build 19041 (10.0.19041.5915)
OS uptime: 0 days 17:38 hours

CPU: total 8 (initial active 8) (4 cores per cpu, 2 threads per core) family 6 model 140 stepping 1 microcode 0x9a, cx8, cmov, fxsr, ht, mmx, 3dnowpref, sse, sse2, sse3, ssse3, sse4.1, sse4.2, popcnt, lzcnt, tsc, tscinvbit, avx, avx2, aes, erms, clmul, bmi1, bmi2, adx, avx512f, avx512dq, avx512cd, avx512bw, avx512vl, sha, fma, vzeroupper, avx512_vpopcntdq, avx512_vpclmulqdq, avx512_vaes, avx512_vnni, clflush, clflushopt, clwb, avx512_vbmi2, avx512_vbmi
Processor Information for all 8 processors :
  Max Mhz: 2419, Current Mhz: 2419, Mhz Limit: 2419

Memory: 4k page, system-wide physical 7991M (492M free)
TotalPageFile size 31991M (AvailPageFile size 0M)
current process WorkingSet (physical memory assigned to process): 412M, peak: 437M
current process commit charge ("private bytes"): 631M, peak: 647M

vm_info: OpenJDK 64-Bit Server VM (17.0.18+8) for windows-amd64 JRE (17.0.18+8), built on Jan 20 2026 22:28:22 by "admin" with MS VC++ 17.12 (VS2022)

END.
